CMD: python3 firmware-v3/tools/analyse_trace.py firmware-v3/docs/research/phase1b_runtime_evidence_2026-04-27/traces/portishead_trip_hop_sparse.json --output firmware-v3/docs/research/phase1b_runtime_evidence_2026-04-27/reports/portishead_trip_hop_sparse.report.md --json firmware-v3/docs/research/phase1b_runtime_evidence_2026-04-27/reports/portishead_trip_hop_sparse.report.json --deadline-span render_frame --deadline-us 2000 --quiet

STDOUT:
… render_frame_work_us p99 = 3884 µs (no baseline supplied)

## Capture summary

| Field | Value |
|---|---|
| File | `/Users/spectrasynq/Workspace_Management/Software/Lightwave-Ledstrip/firmware-v3/docs/research/phase1b_runtime_evidence_2026-04-27/traces/portishead_trip_hop_sparse.json` |
| Events | 5490 |
| Duration | 1.174 s |
| Counters | 71 |
| Spans | 16 |
| Instants | 8 |
| Regions | 1 |

## Render frame deadline misses

_No deadline misses detected._

## Per-counter statistics

### audio_chunk_deadline_miss_total

| count | min | max | mean | p50 | p90 | p95 | p99 | p999 |
|---|---|---|---|---|---|---|---|---|
| 101 | 189350 | 189450 | 189400.0 | 189400 | 189440 | 189445 | 189449 | 189450 |

```
[  189350 ..  189356.25 ] ████████████████████████████████       7  (  6.9%)
[ 189356.25 ..  189362.50 ] ███████████████████████████▍           6  (  5.9%)
[ 189362.50 ..  189368.75 ] ███████████████████████████▍           6  (  5.9%)
[ 189368.75 ..   189375 ] ███████████████████████████▍           6  (  5.9%)
[  189375 ..  189381.25 ] ████████████████████████████████       7  (  6.9%)
[ 189381.25 ..  189387.50 ] ███████████████████████████▍           6  (  5.9%)
[ 189387.50 ..  189393.75 ] ███████████████████████████▍           6  (  5.9%)
[ 189393.75 ..   189400 ] ███████████████████████████▍           6  (  5.9%)
[  189400 ..  189406.25 ] ████████████████████████████████       7  (  6.9%)
[ 189406.25 ..  189412.50 ] ███████████████████████████▍           6  (  5.9%)
[ 189412.50 ..  189418.75 ] ███████████████████████████▍           6  (  5.9%)
[ 189418.75 ..   189425 ] ███████████████████████████▍           6  (  5.9%)
[  189425 ..  189431.25 ] ████████████████████████████████       7  (  6.9%)
[ 189431.25 ..  189437.50 ] ███████████████████████████▍           6  (  5.9%)
[ 189437.50 ..  189443.75 ] ███████████████████████████▍           6  (  5.9%)
[ 189443.75 ..   189450 ] ████████████████████████████████       7  (  6.9%)
                                                      0%  100%
```

_sparkline computed from time-ordered samples_

### audio_chunk_work_us

| count | min | max | mean | p50 | p90 | p95 | p99 | p999 |
|---|---|---|---|---|---|---|---|---|
| 101 | 7000 | 9626 | 8378.3 | 8380 | 9222 | 9356 | 9544 | 9626 |

```
[    7000 ..    7164.12 ] █████▍                                 2  (  2.0%)
[   7164.12 ..    7328.25 ] █████████████████████▍                 8  (  7.9%)
[   7328.25 ..    7492.38 ] █████████████▍                         5  (  5.0%)
[   7492.38 ..    7656.50 ] █████▍                                 2  (  2.0%)
[   7656.50 ..    7820.62 ] ██████████▋                            4  (  4.0%)
[   7820.62 ..    7984.75 ] █████████████▍                         5  (  5.0%)
[   7984.75 ..    8148.88 ] ████████████████████████               9  (  8.9%)
[   8148.88 ..     8313 ] █████████████████████▍                 8  (  7.9%)
[    8313 ..    8477.12 ] ████████████████████████████████      12  ( 11.9%)
[   8477.12 ..    8641.25 ] ██████████████████████████▋           10  (  9.9%)
[   8641.25 ..    8805.38 ] █████████████▍                         5  (  5.0%)
[   8805.38 ..    8969.50 ] ██████████████████████████▋           10  (  9.9%)
[   8969.50 ..    9133.62 ] ██████████████████▋                    7  (  6.9%)
[   9133.62 ..    9297.75 ] █████████████▍                         5  (  5.0%)
[   9297.75 ..    9461.88 ] █████████████▍                         5  (  5.0%)
[   9461.88 ..     9626 ] ██████████▋                            4  (  4.0%)
                                                      0%  100%
```

_sparkline computed from time-ordered samples_

### audio_confidence

| count | min | max | mean | p50 | p90 | p95 | p99 | p999 |
|---|---|---|---|---|---|---|---|---|
| 50 | 1000 | 1000 | 1000.0 | 1000 | 1000 | 1000 | 1000 | 1000 |

```
[    1000 ..     1000 ] ████████████████████████████████      50  (100.0%)
                                                      0%  100%
```

_sparkline computed from time-ordered samples_

### audio_hop_count

| count | min | max | mean | p50 | p90 | p95 | p99 | p999 |
|---|---|---|---|---|---|---|---|---|
| 50 | 94675 | 94724 | 94699.5 | 94699 | 94719 | 94722 | 94724 | 94724 |

```
[   94675 ..   94678.06 ] ████████████████████████████████       4  (  8.0%)
[  94678.06 ..   94681.12 ] ████████████████████████               3  (  6.0%)
[  94681.12 ..   94684.19 ] ████████████████████████               3  (  6.0%)
[  94684.19 ..   94687.25 ] ████████████████████████               3  (  6.0%)
[  94687.25 ..   94690.31 ] ████████████████████████               3  (  6.0%)
[  94690.31 ..   94693.38 ] ████████████████████████               3  (  6.0%)
[  94693.38 ..   94696.44 ] ████████████████████████               3  (  6.0%)
[  94696.44 ..   94699.50 ] ████████████████████████               3  (  6.0%)
[  94699.50 ..   94702.56 ] ████████████████████████               3  (  6.0%)
[  94702.56 ..   94705.62 ] ████████████████████████               3  (  6.0%)
[  94705.62 ..   94708.69 ] ████████████████████████               3  (  6.0%)
[  94708.69 ..   94711.75 ] ████████████████████████               3  (  6.0%)
[  94711.75 ..   94714.81 ] ████████████████████████               3  (  6.0%)
[  94714.81 ..   94717.88 ] ████████████████████████               3  (  6.0%)
[  94717.88 ..   94720.94 ] ████████████████████████               3  (  6.0%)
[  94720.94 ..    94724 ] ████████████████████████████████       4  (  8.0%)
                                                      0%  100%
```

_sparkline computed from time-ordered samples_

### audio_hop_deadline_miss_total

| count | min | max | mean | p50 | p90 | p95 | p99 | p999 |
|---|---|---|---|---|---|---|---|---|
| 50 | 94675 | 94724 | 94699.5 | 94699 | 94719 | 94722 | 94724 | 94724 |

```
[   94675 ..   94678.06 ] ████████████████████████████████       4  (  8.0%)
[  94678.06 ..   94681.12 ] ████████████████████████               3  (  6.0%)
[  94681.12 ..   94684.19 ] ████████████████████████               3  (  6.0%)
[  94684.19 ..   94687.25 ] ████████████████████████               3  (  6.0%)
[  94687.25 ..   94690.31 ] ████████████████████████               3  (  6.0%)
[  94690.31 ..   94693.38 ] ████████████████████████               3  (  6.0%)
[  94693.38 ..   94696.44 ] ████████████████████████               3  (  6.0%)
[  94696.44 ..   94699.50 ] ████████████████████████               3  (  6.0%)
[  94699.50 ..   94702.56 ] ████████████████████████               3  (  6.0%)
[  94702.56 ..   94705.62 ] ████████████████████████               3  (  6.0%)
[  94705.62 ..   94708.69 ] ████████████████████████               3  (  6.0%)
[  94708.69 ..   94711.75 ] ████████████████████████               3  (  6.0%)
[  94711.75 ..   94714.81 ] ████████████████████████               3  (  6.0%)
[  94714.81 ..   94717.88 ] ████████████████████████               3  (  6.0%)
[  94717.88 ..   94720.94 ] ████████████████████████               3  (  6.0%)
[  94720.94 ..    94724 ] ████████████████████████████████       4  (  8.0%)
                                                      0%  100%
```

_sparkline computed from time-ordered samples_

### audio_hop_freq

| count | min | max | mean | p50 | p90 | p95 | p99 | p999 |
|---|---|---|---|---|---|---|---|---|
| 50 | 3897 | 4583 | 4294.7 | 4311 | 4514 | 4566 | 4583 | 4583 |

```
[    3897 ..    3939.88 ] ████▋                                  1  (  2.0%)
[   3939.88 ..    3982.75 ] ████▋                                  1  (  2.0%)
[   3982.75 ..    4025.62 ] ████▋                                  1  (  2.0%)
[   4025.62 ..    4068.50 ] ██████████████████▎                    4  (  8.0%)
[   4068.50 ..    4111.38 ] █████████▏                             2  (  4.0%)
[   4111.38 ..    4154.25 ] █████████████▊                         3  (  6.0%)
[   4154.25 ..    4197.12 ] █████████▏                             2  (  4.0%)
[   4197.12 ..     4240 ] █████████▏                             2  (  4.0%)
[    4240 ..    4282.88 ] ███████████████████████████▍           6  ( 12.0%)
[   4282.88 ..    4325.75 ] ███████████████████████████▍           6  ( 12.0%)
[   4325.75 ..    4368.62 ] ██████████████████▎                    4  (  8.0%)
[   4368.62 ..    4411.50 ] ██████████████████▎                    4  (  8.0%)
[   4411.50 ..    4454.38 ] ████▋                                  1  (  2.0%)
[   4454.38 ..    4497.25 ] ████████████████████████████████       7  ( 14.0%)
[   4497.25 ..    4540.12 ] █████████████▊                         3  (  6.0%)
[   4540.12 ..     4583 ] █████████████▊                         3  (  6.0%)
                                                      0%  100%
```

_sparkline computed from time-ordered samples_

### audio_hop_us

| count | min | max | mean | p50 | p90 | p95 | p99 | p999 |
|---|---|---|---|---|---|---|---|---|
| 50 | 21406 | 25230 | 22887.5 | 22749 | 24277 | 24577 | 25230 | 25230 |

```
[   21406 ..    21645 ] ████████████████████                   5  ( 10.0%)
[   21645 ..    21884 ] ████████████                           3  (  6.0%)
[   21884 ..    22123 ] ████████████████████                   5  ( 10.0%)
[   22123 ..    22362 ] ████████████████████                   5  ( 10.0%)
[   22362 ..    22601 ] ████                                   1  (  2.0%)
[   22601 ..    22840 ] ████████████████████████████████       8  ( 16.0%)
[   22840 ..    23079 ] ████████████████                       4  (  8.0%)
[   23079 ..    23318 ] ████████████████                       4  (  8.0%)
[   23318 ..    23557 ] ████████                               2  (  4.0%)
[   23557 ..    23796 ] ████████████                           3  (  6.0%)
[   23796 ..    24035 ] ████████████                           3  (  6.0%)
[   24035 ..    24274 ] ████                                   1  (  2.0%)
[   24274 ..    24513 ] ████████████                           3  (  6.0%)
[   24513 ..    24752 ] ████                                   1  (  2.0%)
[   24752 ..    24991 ] ████                                   1  (  2.0%)
[   24991 ..    25230 ] ████                                   1  (  2.0%)
                                                      0%  100%
```

_sparkline computed from time-ordered samples_

### audio_rms

| count | min | max | mean | p50 | p90 | p95 | p99 | p999 |
|---|---|---|---|---|---|---|---|---|
| 50 | 5103 | 10000 | 9036.2 | 10000 | 10000 | 10000 | 10000 | 10000 |

```
[    5103 ..    5409.06 ] █████                                  5  ( 10.0%)
[   5409.06 ..    5715.12 ]                                        0  (  0.0%)
[   5715.12 ..    6021.19 ]                                        0  (  0.0%)
[   6021.19 ..    6327.25 ] █                                      1  (  2.0%)
[   6327.25 ..    6633.31 ] █                                      1  (  2.0%)
[   6633.31 ..    6939.38 ]                                        0  (  0.0%)
[   6939.38 ..    7245.44 ] █                                      1  (  2.0%)
[   7245.44 ..    7551.50 ]                                        0  (  0.0%)
[   7551.50 ..    7857.56 ]                                        0  (  0.0%)
[   7857.56 ..    8163.62 ] ███                                    3  (  6.0%)
[   8163.62 ..    8469.69 ]                                        0  (  0.0%)
[   8469.69 ..    8775.75 ] ████                                   4  (  8.0%)
[   8775.75 ..    9081.81 ] █                                      1  (  2.0%)
[   9081.81 ..    9387.88 ] █                                      1  (  2.0%)
[   9387.88 ..    9693.94 ] █                                      1  (  2.0%)
[   9693.94 ..    10000 ] ████████████████████████████████      32  ( 64.0%)
                                                      0%  100%
```

_sparkline computed from time-ordered samples_

### audio_rms_x1000

| count | min | max | mean | p50 | p90 | p95 | p99 | p999 |
|---|---|---|---|---|---|---|---|---|
| 50 | 510 | 1000 | 903.5 | 1000 | 1000 | 1000 | 1000 | 1000 |

```
[     510 ..     540.62 ] █████                                  5  ( 10.0%)
[    540.62 ..     571.25 ]                                        0  (  0.0%)
[    571.25 ..     601.88 ]                                        0  (  0.0%)
[    601.88 ..     632.50 ] █                                      1  (  2.0%)
[    632.50 ..     663.12 ] █                                      1  (  2.0%)
[    663.12 ..     693.75 ]                                        0  (  0.0%)
[    693.75 ..     724.38 ] █                                      1  (  2.0%)
[    724.38 ..      755 ]                                        0  (  0.0%)
[     755 ..     785.62 ]                                        0  (  0.0%)
[    785.62 ..     816.25 ] ███                                    3  (  6.0%)
[    816.25 ..     846.88 ]                                        0  (  0.0%)
[    846.88 ..     877.50 ] ████                                   4  (  8.0%)
[    877.50 ..     908.12 ] █                                      1  (  2.0%)
[    908.12 ..     938.75 ] █                                      1  (  2.0%)
[    938.75 ..     969.38 ] █                                      1  (  2.0%)
[    969.38 ..     1000 ] ████████████████████████████████      32  ( 64.0%)
                                                      0%  100%
```

_sparkline computed from time-ordered samples_

### audio_silence_scale

| count | min | max | mean | p50 | p90 | p95 | p99 | p999 |
|---|---|---|---|---|---|---|---|---|
| 50 | 999 | 999 | 999.0 | 999 | 999 | 999 | 999 | 999 |

```
[     999 ..      999 ] ████████████████████████████████      50  (100.0%)
                                                      0%  100%
```

_sparkline computed from time-ordered samples_

### audio_snapshot_age_us

| count | min | max | mean | p50 | p90 | p95 | p99 | p999 |
|---|---|---|---|---|---|---|---|---|
| 131 | 0 | 18097 | 7612.7 | 8859 | 17834 | 17882 | 17984 | 18097 |

```
[       0 ..    1131.06 ] ████████████████████████████████      50  ( 38.2%)
[   1131.06 ..    2262.12 ]                                        0  (  0.0%)
[   2262.12 ..    3393.19 ]                                        0  (  0.0%)
[   3393.19 ..    4524.25 ]                                        0  (  0.0%)
[   4524.25 ..    5655.31 ]                                        0  (  0.0%)
[   5655.31 ..    6786.38 ]                                        0  (  0.0%)
[   6786.38 ..    7917.44 ]                                        0  (  0.0%)
[   7917.44 ..    9048.50 ] ██████████████████████████████▊       48  ( 36.6%)
[   9048.50 ..   10179.56 ] █▎                                     2  (  1.5%)
[  10179.56 ..   11310.62 ]                                        0  (  0.0%)
[  11310.62 ..   12441.69 ]                                        0  (  0.0%)
[  12441.69 ..   13572.75 ]                                        0  (  0.0%)
[  13572.75 ..   14703.81 ]                                        0  (  0.0%)
[  14703.81 ..   15834.88 ]                                        0  (  0.0%)
[  15834.88 ..   16965.94 ]                                        0  (  0.0%)
[  16965.94 ..    18097 ] ███████████████████▉                  31  ( 23.7%)
                                                      0%  100%
```

_sparkline computed from time-ordered samples_

### audio_snapshot_copy_us

| count | min | max | mean | p50 | p90 | p95 | p99 | p999 |
|---|---|---|---|---|---|---|---|---|
| 131 | 77 | 445 | 254.9 | 254 | 349 | 369 | 444 | 445 |

```
[      77 ..      100 ] █████                                  5  (  3.8%)
[     100 ..      123 ] ██                                     2  (  1.5%)
[     123 ..      146 ] █                                      1  (  0.8%)
[     146 ..      169 ] ████████                               8  (  6.1%)
[     169 ..      192 ] ████████████                          12  (  9.2%)
[     192 ..      215 ] █████                                  5  (  3.8%)
[     215 ..      238 ] ████████████                          12  (  9.2%)
[     238 ..      261 ] ████████████████████████████████      32  ( 24.4%)
[     261 ..      284 ] ████████████                          12  (  9.2%)
[     284 ..      307 ] ████████                               8  (  6.1%)
[     307 ..      330 ] ████████████                          12  (  9.2%)
[     330 ..      353 ] ███████████                           11  (  8.4%)
[     353 ..      376 ] █████                                  5  (  3.8%)
[     376 ..      399 ] ██                                     2  (  1.5%)
[     399 ..      422 ] █                                      1  (  0.8%)
[     422 ..      445 ] ███                                    3  (  2.3%)
                                                      0%  100%
```

_sparkline computed from time-ordered samples_

### audio_snapshot_hop_seq_lag

| count | min | max | mean | p50 | p90 | p95 | p99 | p999 |
|---|---|---|---|---|---|---|---|---|
| 131 | 0 | 1 | 0.4 | 0 | 1 | 1 | 1 | 1 |

```
[       0 ..       0.06 ] ████████████████████████████████      81  ( 61.8%)
[      0.06 ..       0.12 ]                                        0  (  0.0%)
[      0.12 ..       0.19 ]                                        0  (  0.0%)
[      0.19 ..       0.25 ]                                        0  (  0.0%)
[      0.25 ..       0.31 ]                                        0  (  0.0%)
[      0.31 ..       0.38 ]                                        0  (  0.0%)
[      0.38 ..       0.44 ]                                        0  (  0.0%)
[      0.44 ..       0.50 ]                                        0  (  0.0%)
[      0.50 ..       0.56 ]                                        0  (  0.0%)
[      0.56 ..       0.62 ]                                        0  (  0.0%)
[      0.62 ..       0.69 ]                                        0  (  0.0%)
[      0.69 ..       0.75 ]                                        0  (  0.0%)
[      0.75 ..       0.81 ]                                        0  (  0.0%)
[      0.81 ..       0.88 ]                                        0  (  0.0%)
[      0.88 ..       0.94 ]                                        0  (  0.0%)
[      0.94 ..        1 ] ███████████████████▊                  50  ( 38.2%)
                                                      0%  100%
```

_sparkline computed from time-ordered samples_

### band_ratio_us

| count | min | max | mean | p50 | p90 | p95 | p99 | p999 |
|---|---|---|---|---|---|---|---|---|
| 50 | 63 | 356 | 77.3 | 66 | 92 | 96 | 356 | 356 |

```
[      63 ..      81.31 ] ████████████████████████████████      39  ( 78.0%)
[     81.31 ..      99.62 ] ████████▎                             10  ( 20.0%)
[     99.62 ..     117.94 ]                                        0  (  0.0%)
[    117.94 ..     136.25 ]                                        0  (  0.0%)
[    136.25 ..     154.56 ]                                        0  (  0.0%)
[    154.56 ..     172.88 ]                                        0  (  0.0%)
[    172.88 ..     191.19 ]                                        0  (  0.0%)
[    191.19 ..     209.50 ]                                        0  (  0.0%)
[    209.50 ..     227.81 ]                                        0  (  0.0%)
[    227.81 ..     246.12 ]                                        0  (  0.0%)
[    246.12 ..     264.44 ]                                        0  (  0.0%)
[    264.44 ..     282.75 ]                                        0  (  0.0%)
[    282.75 ..     301.06 ]                                        0  (  0.0%)
[    301.06 ..     319.38 ]                                        0  (  0.0%)
[    319.38 ..     337.69 ]                                        0  (  0.0%)
[    337.69 ..      356 ] ▉                                      1  (  2.0%)
                                                      0%  100%
```

_sparkline computed from time-ordered samples_

### br_hihat_energy

| count | min | max | mean | p50 | p90 | p95 | p99 | p999 |
|---|---|---|---|---|---|---|---|---|
| 50 | 442 | 2118 | 1543.0 | 1549 | 1928 | 2071 | 2118 | 2118 |

```
[     442 ..     546.75 ] ██▎                                    1  (  2.0%)
[    546.75 ..     651.50 ] ██▎                                    1  (  2.0%)
[    651.50 ..     756.25 ]                                        0  (  0.0%)
[    756.25 ..      861 ] ██▎                                    1  (  2.0%)
[     861 ..     965.75 ]                                        0  (  0.0%)
[    965.75 ..    1070.50 ] ██▎                                    1  (  2.0%)
[   1070.50 ..    1175.25 ]                                        0  (  0.0%)
[   1175.25 ..     1280 ] ██▎                                    1  (  2.0%)
[    1280 ..    1384.75 ] ████████████████████████████████      14  ( 28.0%)
[   1384.75 ..    1489.50 ] ████▋                                  2  (  4.0%)
[   1489.50 ..    1594.25 ] ████████████████                       7  ( 14.0%)
[   1594.25 ..     1699 ] █████████▏                             4  (  8.0%)
[    1699 ..    1803.75 ] ███████████▍                           5  ( 10.0%)
[   1803.75 ..    1908.50 ] █████████████▊                         6  ( 12.0%)
[   1908.50 ..    2013.25 ] ██████▉                                3  (  6.0%)
[   2013.25 ..     2118 ] █████████▏                             4  (  8.0%)
                                                      0%  100%
```

_sparkline computed from time-ordered samples_

### br_kick_energy

| count | min | max | mean | p50 | p90 | p95 | p99 | p999 |
|---|---|---|---|---|---|---|---|---|
| 50 | 11 | 289 | 57.7 | 33 | 88 | 214 | 289 | 289 |

```
[      11 ..      28.38 ] ████████████████████████████████      16  ( 32.0%)
[     28.38 ..      45.75 ] ████████████████████████████████      16  ( 32.0%)
[     45.75 ..      63.12 ] ██████                                 3  (  6.0%)
[     63.12 ..      80.50 ] ████                                   2  (  4.0%)
[     80.50 ..      97.88 ] ████████████████                       8  ( 16.0%)
[     97.88 ..     115.25 ]                                        0  (  0.0%)
[    115.25 ..     132.62 ] ██                                     1  (  2.0%)
[    132.62 ..      150 ]                                        0  (  0.0%)
[     150 ..     167.38 ] ██                                     1  (  2.0%)
[    167.38 ..     184.75 ]                                        0  (  0.0%)
[    184.75 ..     202.12 ]                                        0  (  0.0%)
[    202.12 ..     219.50 ] ██                                     1  (  2.0%)
[    219.50 ..     236.88 ]                                        0  (  0.0%)
[    236.88 ..     254.25 ]                                        0  (  0.0%)
[    254.25 ..     271.62 ] ██                                     1  (  2.0%)
[    271.62 ..      289 ] ██                                     1  (  2.0%)
                                                      0%  100%
```

_sparkline computed from time-ordered samples_

### br_raw_rms

| count | min | max | mean | p50 | p90 | p95 | p99 | p999 |
|---|---|---|---|---|---|---|---|---|
| 50 | 40749 | 122832 | 68153.7 | 68722 | 87840 | 97541 | 122832 | 122832 |

```
[   40749 ..   45879.19 ] ██████████████▎                        4  (  8.0%)
[  45879.19 ..   51009.38 ] ████████████████████████▉              7  ( 14.0%)
[  51009.38 ..   56139.56 ] ██████████▋                            3  (  6.0%)
[  56139.56 ..   61269.75 ] ██████████████▎                        4  (  8.0%)
[  61269.75 ..   66399.94 ] ███████▏                               2  (  4.0%)
[  66399.94 ..   71530.12 ] ████████████████████████████████       9  ( 18.0%)
[  71530.12 ..   76660.31 ] ████████████████████████▉              7  ( 14.0%)
[  76660.31 ..   81790.50 ] ██████████████▎                        4  (  8.0%)
[  81790.50 ..   86920.69 ] ██████████▋                            3  (  6.0%)
[  86920.69 ..   92050.88 ] ██████████▋                            3  (  6.0%)
[  92050.88 ..   97181.06 ] ███▌                                   1  (  2.0%)
[  97181.06 ..  102311.25 ] ███████▏                               2  (  4.0%)
[ 102311.25 ..  107441.44 ]                                        0  (  0.0%)
[ 107441.44 ..  112571.62 ]                                        0  (  0.0%)
[ 112571.62 ..  117701.81 ]                                        0  (  0.0%)
[ 117701.81 ..   122832 ] ███▌                                   1  (  2.0%)
                                                      0%  100%
```

_sparkline computed from time-ordered samples_

### br_rms_eligible

| count | min | max | mean | p50 | p90 | p95 | p99 | p999 |
|---|---|---|---|---|---|---|---|---|
| 50 | 1 | 1 | 1.0 | 1 | 1 | 1 | 1 | 1 |

```
[       1 ..        1 ] ████████████████████████████████      50  (100.0%)
                                                      0%  100%
```

_sparkline computed from time-ordered samples_

### br_snare_energy

| count | min | max | mean | p50 | p90 | p95 | p99 | p999 |
|---|---|---|---|---|---|---|---|---|
| 50 | 50 | 547 | 304.0 | 373 | 513 | 528 | 547 | 547 |

```
[      50 ..      81.06 ] ████████████████████████████████       8  ( 16.0%)
[     81.06 ..     112.12 ] ████████████████████                   5  ( 10.0%)
[    112.12 ..     143.19 ] ████████████████████████████           7  ( 14.0%)
[    143.19 ..     174.25 ] ████                                   1  (  2.0%)
[    174.25 ..     205.31 ]                                        0  (  0.0%)
[    205.31 ..     236.38 ]                                        0  (  0.0%)
[    236.38 ..     267.44 ]                                        0  (  0.0%)
[    267.44 ..     298.50 ] ████                                   1  (  2.0%)
[    298.50 ..     329.56 ]                                        0  (  0.0%)
[    329.56 ..     360.62 ] ████████                               2  (  4.0%)
[    360.62 ..     391.69 ] ████████████████                       4  (  8.0%)
[    391.69 ..     422.75 ] ████                                   1  (  2.0%)
[    422.75 ..     453.81 ] ████████████████████                   5  ( 10.0%)
[    453.81 ..     484.88 ] ████████████████████                   5  ( 10.0%)
[    484.88 ..     515.94 ] ████████████████████████               6  ( 12.0%)
[    515.94 ..      547 ] ████████████████████                   5  ( 10.0%)
                                                      0%  100%
```

_sparkline computed from time-ordered samples_

### color_correction_us

| count | min | max | mean | p50 | p90 | p95 | p99 | p999 |
|---|---|---|---|---|---|---|---|---|
| 132 | 738 | 1164 | 976.4 | 970 | 1085 | 1118 | 1161 | 1164 |

```
[     738 ..     764.62 ] █▍                                     1  (  0.8%)
[    764.62 ..     791.25 ] ████▏                                  3  (  2.3%)
[    791.25 ..     817.88 ] █▍                                     1  (  0.8%)
[    817.88 ..     844.50 ] ████▏                                  3  (  2.3%)
[    844.50 ..     871.12 ] ████▏                                  3  (  2.3%)
[    871.12 ..     897.75 ] █████████████▉                        10  (  7.6%)
[    897.75 ..     924.38 ] ████████████████████▉                 15  ( 11.4%)
[    924.38 ..      951 ] ████████████████████████████████      23  ( 17.4%)
[     951 ..     977.62 ] ███████████████▎                      11  (  8.3%)
[    977.62 ..    1004.25 ] ████████████████▊                     12  (  9.1%)
[   1004.25 ..    1030.88 ] █████████████▉                        10  (  7.6%)
[   1030.88 ..    1057.50 ] ███████████████████████▋              17  ( 12.9%)
[   1057.50 ..    1084.12 ] █████████▊                             7  (  5.3%)
[   1084.12 ..    1110.75 ] ███████████▏                           8  (  6.1%)
[   1110.75 ..    1137.38 ] ████▏                                  3  (  2.3%)
[   1137.38 ..     1164 ] ███████                                5  (  3.8%)
                                                      0%  100%
```

_sparkline computed from time-ordered samples_

### controlbus_publish_copy_us

| count | min | max | mean | p50 | p90 | p95 | p99 | p999 |
|---|---|---|---|---|---|---|---|---|
| 50 | 72 | 267 | 116.0 | 93 | 184 | 192 | 267 | 267 |

```
[      72 ..      84.19 ] ████████████████████████████████      14  ( 28.0%)
[     84.19 ..      96.38 ] ███████████████████████████▍          12  ( 24.0%)
[     96.38 ..     108.56 ] █████████████▊                         6  ( 12.0%)
[    108.56 ..     120.75 ] ██████▉                                3  (  6.0%)
[    120.75 ..     132.94 ]                                        0  (  0.0%)
[    132.94 ..     145.12 ]                                        0  (  0.0%)
[    145.12 ..     157.31 ] ████████████████                       7  ( 14.0%)
[    157.31 ..     169.50 ] ██▎                                    1  (  2.0%)
[    169.50 ..     181.69 ] ██▎                                    1  (  2.0%)
[    181.69 ..     193.88 ] █████████▏                             4  (  8.0%)
[    193.88 ..     206.06 ]                                        0  (  0.0%)
[    206.06 ..     218.25 ]                                        0  (  0.0%)
[    218.25 ..     230.44 ]                                        0  (  0.0%)
[    230.44 ..     242.62 ]                                        0  (  0.0%)
[    242.62 ..     254.81 ]                                        0  (  0.0%)
[    254.81 ..      267 ] ████▋                                  2  (  4.0%)
                                                      0%  100%
```

_sparkline computed from time-ordered samples_

### effect_id_active

| count | min | max | mean | p50 | p90 | p95 | p99 | p999 |
|---|---|---|---|---|---|---|---|---|
| 131 | 8448 | 8448 | 8448.0 | 8448 | 8448 | 8448 | 8448 | 8448 |

```
[    8448 ..     8448 ] ████████████████████████████████     131  (100.0%)
                                                      0%  100%
```

_sparkline computed from time-ordered samples_

### fps

| count | min | max | mean | p50 | p90 | p95 | p99 | p999 |
|---|---|---|---|---|---|---|---|---|
| 1 | 119 | 119 | 119.0 | 119 | 119 | 119 | 119 | 119 |

```
[     119 ..      119 ] ████████████████████████████████       1  (100.0%)
                                                      0%  100%
```

_sparkline computed from time-ordered samples_

### heap_free_internal_kb

| count | min | max | mean | p50 | p90 | p95 | p99 | p999 |
|---|---|---|---|---|---|---|---|---|
| 1 | 17 | 17 | 17.0 | 17 | 17 | 17 | 17 | 17 |

```
[      17 ..       17 ] ████████████████████████████████       1  (100.0%)
                                                      0%  100%
```

_sparkline computed from time-ordered samples_

### heap_free_psram_kb

| count | min | max | mean | p50 | p90 | p95 | p99 | p999 |
|---|---|---|---|---|---|---|---|---|
| 1 | 7812 | 7812 | 7812.0 | 7812 | 7812 | 7812 | 7812 | 7812 |

```
[    7812 ..     7812 ] ████████████████████████████████       1  (100.0%)
                                                      0%  100%
```

_sparkline computed from time-ordered samples_

### heap_largest_internal_kb

| count | min | max | mean | p50 | p90 | p95 | p99 | p999 |
|---|---|---|---|---|---|---|---|---|
| 1 | 7 | 7 | 7.0 | 7 | 7 | 7 | 7 | 7 |

```
[       7 ..        7 ] ████████████████████████████████       1  (100.0%)
                                                      0%  100%
```

_sparkline computed from time-ordered samples_

### heap_largest_psram_kb

| count | min | max | mean | p50 | p90 | p95 | p99 | p999 |
|---|---|---|---|---|---|---|---|---|
| 1 | 7807 | 7807 | 7807.0 | 7807 | 7807 | 7807 | 7807 | 7807 |

```
[    7807 ..     7807 ] ████████████████████████████████       1  (100.0%)
                                                      0%  100%
```

_sparkline computed from time-ordered samples_

### led_show_avg_us

| count | min | max | mean | p50 | p90 | p95 | p99 | p999 |
|---|---|---|---|---|---|---|---|---|
| 1 | 550 | 550 | 550.0 | 550 | 550 | 550 | 550 | 550 |

```
[     550 ..      550 ] ████████████████████████████████       1  (100.0%)
                                                      0%  100%
```

_sparkline computed from time-ordered samples_

### led_show_failures_total

| count | min | max | mean | p50 | p90 | p95 | p99 | p999 |
|---|---|---|---|---|---|---|---|---|
| 1 | 0 | 0 | 0.0 | 0 | 0 | 0 | 0 | 0 |

```
[       0 ..        0 ] ████████████████████████████████       1  (100.0%)
                                                      0%  100%
```

_sparkline computed from time-ordered samples_

### led_show_max_us

| count | min | max | mean | p50 | p90 | p95 | p99 | p999 |
|---|---|---|---|---|---|---|---|---|
| 1 | 2091 | 2091 | 2091.0 | 2091 | 2091 | 2091 | 2091 | 2091 |

```
[    2091 ..     2091 ] ████████████████████████████████       1  (100.0%)
                                                      0%  100%
```

_sparkline computed from time-ordered samples_

### led_show_skips_total

| count | min | max | mean | p50 | p90 | p95 | p99 | p999 |
|---|---|---|---|---|---|---|---|---|
| 1 | 0 | 0 | 0.0 | 0 | 0 | 0 | 0 | 0 |

```
[       0 ..        0 ] ████████████████████████████████       1  (100.0%)
                                                      0%  100%
```

_sparkline computed from time-ordered samples_

### onset_activity

| count | min | max | mean | p50 | p90 | p95 | p99 | p999 |
|---|---|---|---|---|---|---|---|---|
| 50 | 1000 | 1000 | 1000.0 | 1000 | 1000 | 1000 | 1000 | 1000 |

```
[    1000 ..     1000 ] ████████████████████████████████      50  (100.0%)
                                                      0%  100%
```

_sparkline computed from time-ordered samples_

### onset_bass_flux

| count | min | max | mean | p50 | p90 | p95 | p99 | p999 |
|---|---|---|---|---|---|---|---|---|
| 50 | 65 | 6061 | 1326.2 | 1036 | 2350 | 3065 | 6061 | 6061 |

```
[      65 ..     439.75 ] ██████████████████████▉               10  ( 20.0%)
[    439.75 ..     814.50 ] ██████████████████▎                    8  ( 16.0%)
[    814.50 ..    1189.25 ] ████████████████████████████████      14  ( 28.0%)
[   1189.25 ..     1564 ] ██▎                                    1  (  2.0%)
[    1564 ..    1938.75 ] ████████████████                       7  ( 14.0%)
[   1938.75 ..    2313.50 ] ██████▉                                3  (  6.0%)
[   2313.50 ..    2688.25 ] ████▋                                  2  (  4.0%)
[   2688.25 ..     3063 ] ████▋                                  2  (  4.0%)
[    3063 ..    3437.75 ] ██▎                                    1  (  2.0%)
[   3437.75 ..    3812.50 ]                                        0  (  0.0%)
[   3812.50 ..    4187.25 ]                                        0  (  0.0%)
[   4187.25 ..     4562 ] ██▎                                    1  (  2.0%)
[    4562 ..    4936.75 ]                                        0  (  0.0%)
[   4936.75 ..    5311.50 ]                                        0  (  0.0%)
[   5311.50 ..    5686.25 ]                                        0  (  0.0%)
[   5686.25 ..     6061 ] ██▎                                    1  (  2.0%)
                                                      0%  100%
```

_sparkline computed from time-ordered samples_

### onset_decision_us

| count | min | max | mean | p50 | p90 | p95 | p99 | p999 |
|---|---|---|---|---|---|---|---|---|
| 50 | 814 | 1270 | 951.9 | 908 | 1148 | 1196 | 1270 | 1270 |

```
[     814 ..     842.50 ] ████████████████████████████████      20  ( 40.0%)
[    842.50 ..      871 ] ███▎                                   2  (  4.0%)
[     871 ..     899.50 ] █▋                                     1  (  2.0%)
[    899.50 ..      928 ] ████▊                                  3  (  6.0%)
[     928 ..     956.50 ] █▋                                     1  (  2.0%)
[    956.50 ..      985 ] ███▎                                   2  (  4.0%)
[     985 ..    1013.50 ] ███▎                                   2  (  4.0%)
[   1013.50 ..     1042 ] ██████▍                                4  (  8.0%)
[    1042 ..    1070.50 ] ████████                               5  ( 10.0%)
[   1070.50 ..     1099 ] █▋                                     1  (  2.0%)
[    1099 ..    1127.50 ] ███▎                                   2  (  4.0%)
[   1127.50 ..     1156 ] ███▎                                   2  (  4.0%)
[    1156 ..    1184.50 ] ███▎                                   2  (  4.0%)
[   1184.50 ..     1213 ] ███▎                                   2  (  4.0%)
[    1213 ..    1241.50 ]                                        0  (  0.0%)
[   1241.50 ..     1270 ] █▋                                     1  (  2.0%)
                                                      0%  100%
```

_sparkline computed from time-ordered samples_

### onset_env

| count | min | max | mean | p50 | p90 | p95 | p99 | p999 |
|---|---|---|---|---|---|---|---|---|
| 50 | 0 | 35993 | 719.9 | 0 | 0 | 0 | 35993 | 35993 |

```
[       0 ..    2249.56 ] ████████████████████████████████      49  ( 98.0%)
[   2249.56 ..    4499.12 ]                                        0  (  0.0%)
[   4499.12 ..    6748.69 ]                                        0  (  0.0%)
[   6748.69 ..    8998.25 ]                                        0  (  0.0%)
[   8998.25 ..   11247.81 ]                                        0  (  0.0%)
[  11247.81 ..   13497.38 ]                                        0  (  0.0%)
[  13497.38 ..   15746.94 ]                                        0  (  0.0%)
[  15746.94 ..   17996.50 ]                                        0  (  0.0%)
[  17996.50 ..   20246.06 ]                                        0  (  0.0%)
[  20246.06 ..   22495.62 ]                                        0  (  0.0%)
[  22495.62 ..   24745.19 ]                                        0  (  0.0%)
[  24745.19 ..   26994.75 ]                                        0  (  0.0%)
[  26994.75 ..   29244.31 ]                                        0  (  0.0%)
[  29244.31 ..   31493.88 ]                                        0  (  0.0%)
[  31493.88 ..   33743.44 ]                                        0  (  0.0%)
[  33743.44 ..    35993 ] ▋                                      1  (  2.0%)
                                                      0%  100%
```

_sparkline computed from time-ordered samples_

### onset_event_strength

| count | min | max | mean | p50 | p90 | p95 | p99 | p999 |
|---|---|---|---|---|---|---|---|---|
| 50 | 0 | 35993 | 719.9 | 0 | 0 | 0 | 35993 | 35993 |

```
[       0 ..    2249.56 ] ████████████████████████████████      49  ( 98.0%)
[   2249.56 ..    4499.12 ]                                        0  (  0.0%)
[   4499.12 ..    6748.69 ]                                        0  (  0.0%)
[   6748.69 ..    8998.25 ]                                        0  (  0.0%)
[   8998.25 ..   11247.81 ]                                        0  (  0.0%)
[  11247.81 ..   13497.38 ]                                        0  (  0.0%)
[  13497.38 ..   15746.94 ]                                        0  (  0.0%)
[  15746.94 ..   17996.50 ]                                        0  (  0.0%)
[  17996.50 ..   20246.06 ]                                        0  (  0.0%)
[  20246.06 ..   22495.62 ]                                        0  (  0.0%)
[  22495.62 ..   24745.19 ]                                        0  (  0.0%)
[  24745.19 ..   26994.75 ]                                        0  (  0.0%)
[  26994.75 ..   29244.31 ]                                        0  (  0.0%)
[  29244.31 ..   31493.88 ]                                        0  (  0.0%)
[  31493.88 ..   33743.44 ]                                        0  (  0.0%)
[  33743.44 ..    35993 ] ▋                                      1  (  2.0%)
                                                      0%  100%
```

_sparkline computed from time-ordered samples_

### onset_fft_frontend_us

| count | min | max | mean | p50 | p90 | p95 | p99 | p999 |
|---|---|---|---|---|---|---|---|---|
| 50 | 756 | 1291 | 956.4 | 872 | 1207 | 1265 | 1291 | 1291 |

```
[     756 ..     789.44 ] ████████████████████████████▊          9  ( 18.0%)
[    789.44 ..     822.88 ] ████████████████████████████████      10  ( 20.0%)
[    822.88 ..     856.31 ] ████████████▊                          4  (  8.0%)
[    856.31 ..     889.75 ] █████████▋                             3  (  6.0%)
[    889.75 ..     923.19 ] ███▎                                   1  (  2.0%)
[    923.19 ..     956.62 ] ██████▍                                2  (  4.0%)
[    956.62 ..     990.06 ] ███▎                                   1  (  2.0%)
[    990.06 ..    1023.50 ] █████████▋                             3  (  6.0%)
[   1023.50 ..    1056.94 ] ██████▍                                2  (  4.0%)
[   1056.94 ..    1090.38 ] ███▎                                   1  (  2.0%)
[   1090.38 ..    1123.81 ] ███▎                                   1  (  2.0%)
[   1123.81 ..    1157.25 ] ███▎                                   1  (  2.0%)
[   1157.25 ..    1190.69 ] ███▎                                   1  (  2.0%)
[   1190.69 ..    1224.12 ] █████████████████████████▋             8  ( 16.0%)
[   1224.12 ..    1257.56 ]                                        0  (  0.0%)
[   1257.56 ..     1291 ] █████████▋                             3  (  6.0%)
                                                      0%  100%
```

_sparkline computed from time-ordered samples_

### onset_flux

| count | min | max | mean | p50 | p90 | p95 | p99 | p999 |
|---|---|---|---|---|---|---|---|---|
| 50 | 9813 | 86564 | 37004.2 | 36793 | 47030 | 51887 | 86564 | 86564 |

```
[    9813 ..   14609.94 ] ██▎                                    1  (  2.0%)
[  14609.94 ..   19406.88 ]                                        0  (  0.0%)
[  19406.88 ..   24203.81 ] ██▎                                    1  (  2.0%)
[  24203.81 ..   29000.75 ] ████████████████████▋                  9  ( 18.0%)
[  29000.75 ..   33797.69 ] ████████████████                       7  ( 14.0%)
[  33797.69 ..   38594.62 ] ████████████████████████████████      14  ( 28.0%)
[  38594.62 ..   43391.56 ] ██████████████████▎                    8  ( 16.0%)
[  43391.56 ..   48188.50 ] ███████████▍                           5  ( 10.0%)
[  48188.50 ..   52985.44 ] █████████▏                             4  (  8.0%)
[  52985.44 ..   57782.38 ]                                        0  (  0.0%)
[  57782.38 ..   62579.31 ]                                        0  (  0.0%)
[  62579.31 ..   67376.25 ]                                        0  (  0.0%)
[  67376.25 ..   72173.19 ]                                        0  (  0.0%)
[  72173.19 ..   76970.12 ]                                        0  (  0.0%)
[  76970.12 ..   81767.06 ]                                        0  (  0.0%)
[  81767.06 ..    86564 ] ██▎                                    1  (  2.0%)
                                                      0%  100%
```

_sparkline computed from time-ordered samples_

### onset_flux_us

| count | min | max | mean | p50 | p90 | p95 | p99 | p999 |
|---|---|---|---|---|---|---|---|---|
| 50 | 746 | 1173 | 865.1 | 809 | 1048 | 1065 | 1173 | 1173 |

```
[     746 ..     772.69 ] ████████████████████████████████      21  ( 42.0%)
[    772.69 ..     799.38 ] ████▋                                  3  (  6.0%)
[    799.38 ..     826.06 ] ████▋                                  3  (  6.0%)
[    826.06 ..     852.75 ] █▌                                     1  (  2.0%)
[    852.75 ..     879.44 ] █▌                                     1  (  2.0%)
[    879.44 ..     906.12 ]                                        0  (  0.0%)
[    906.12 ..     932.81 ]                                        0  (  0.0%)
[    932.81 ..     959.50 ] ██████████▋                            7  ( 14.0%)
[    959.50 ..     986.19 ] ███████▋                               5  ( 10.0%)
[    986.19 ..    1012.88 ] ███                                    2  (  4.0%)
[   1012.88 ..    1039.56 ] █▌                                     1  (  2.0%)
[   1039.56 ..    1066.25 ] ██████▏                                4  (  8.0%)
[   1066.25 ..    1092.94 ] █▌                                     1  (  2.0%)
[   1092.94 ..    1119.62 ]                                        0  (  0.0%)
[   1119.62 ..    1146.31 ]                                        0  (  0.0%)
[   1146.31 ..     1173 ] █▌                                     1  (  2.0%)
                                                      0%  100%
```

_sparkline computed from time-ordered samples_

### onset_gate_flags

| count | min | max | mean | p50 | p90 | p95 | p99 | p999 |
|---|---|---|---|---|---|---|---|---|
| 50 | 0 | 0 | 0.0 | 0 | 0 | 0 | 0 | 0 |

```
[       0 ..        0 ] ████████████████████████████████      50  (100.0%)
                                                      0%  100%
```

_sparkline computed from time-ordered samples_

### onset_high_flux

| count | min | max | mean | p50 | p90 | p95 | p99 | p999 |
|---|---|---|---|---|---|---|---|---|
| 50 | 0 | 228135 | 59940.1 | 55018 | 99772 | 124204 | 228135 | 228135 |

```
[       0 ..   14258.44 ] █████████████████▌                     6  ( 12.0%)
[  14258.44 ..   28516.88 ] █████████████████▌                     6  ( 12.0%)
[  28516.88 ..   42775.31 ] ███████████▋                           4  (  8.0%)
[  42775.31 ..   57033.75 ] ████████████████████████████████      11  ( 22.0%)
[  57033.75 ..   71292.19 ] ████████████████████▍                  7  ( 14.0%)
[  71292.19 ..   85550.62 ] ███████████▋                           4  (  8.0%)
[  85550.62 ..   99809.06 ] ████████████████████▍                  7  ( 14.0%)
[  99809.06 ..  114067.50 ] ██▉                                    1  (  2.0%)
[ 114067.50 ..  128325.94 ] █████▉                                 2  (  4.0%)
[ 128325.94 ..  142584.38 ]                                        0  (  0.0%)
[ 142584.38 ..  156842.81 ] ██▉                                    1  (  2.0%)
[ 156842.81 ..  171101.25 ]                                        0  (  0.0%)
[ 171101.25 ..  185359.69 ]                                        0  (  0.0%)
[ 185359.69 ..  199618.12 ]                                        0  (  0.0%)
[ 199618.12 ..  213876.56 ]                                        0  (  0.0%)
[ 213876.56 ..   228135 ] ██▉                                    1  (  2.0%)
                                                      0%  100%
```

_sparkline computed from time-ordered samples_

### onset_input_rms

| count | min | max | mean | p50 | p90 | p95 | p99 | p999 |
|---|---|---|---|---|---|---|---|---|
| 50 | 40749 | 122832 | 68153.7 | 68722 | 87840 | 97541 | 122832 | 122832 |

```
[   40749 ..   45879.19 ] ██████████████▎                        4  (  8.0%)
[  45879.19 ..   51009.38 ] ████████████████████████▉              7  ( 14.0%)
[  51009.38 ..   56139.56 ] ██████████▋                            3  (  6.0%)
[  56139.56 ..   61269.75 ] ██████████████▎                        4  (  8.0%)
[  61269.75 ..   66399.94 ] ███████▏                               2  (  4.0%)
[  66399.94 ..   71530.12 ] ████████████████████████████████       9  ( 18.0%)
[  71530.12 ..   76660.31 ] ████████████████████████▉              7  ( 14.0%)
[  76660.31 ..   81790.50 ] ██████████████▎                        4  (  8.0%)
[  81790.50 ..   86920.69 ] ██████████▋                            3  (  6.0%)
[  86920.69 ..   92050.88 ] ██████████▋                            3  (  6.0%)
[  92050.88 ..   97181.06 ] ███▌                                   1  (  2.0%)
[  97181.06 ..  102311.25 ] ███████▏                               2  (  4.0%)
[ 102311.25 ..  107441.44 ]                                        0  (  0.0%)
[ 107441.44 ..  112571.62 ]                                        0  (  0.0%)
[ 112571.62 ..  117701.81 ]                                        0  (  0.0%)
[ 117701.81 ..   122832 ] ███▌                                   1  (  2.0%)
                                                      0%  100%
```

_sparkline computed from time-ordered samples_

### onset_mid_flux

| count | min | max | mean | p50 | p90 | p95 | p99 | p999 |
|---|---|---|---|---|---|---|---|---|
| 50 | 3084 | 16904 | 6729.9 | 6073 | 9532 | 11548 | 16904 | 16904 |

```
[    3084 ..    3947.75 ] █████████████████████▍                 6  ( 12.0%)
[   3947.75 ..    4811.50 ] ████████████████████████▉              7  ( 14.0%)
[   4811.50 ..    5675.25 ] █████████████████████▍                 6  ( 12.0%)
[   5675.25 ..     6539 ] ████████████████████████████████       9  ( 18.0%)
[    6539 ..    7402.75 ] █████████████████████▍                 6  ( 12.0%)
[   7402.75 ..    8266.50 ] █████████████████▊                     5  ( 10.0%)
[   8266.50 ..    9130.25 ] ███████▏                               2  (  4.0%)
[   9130.25 ..     9994 ] ██████████████▎                        4  (  8.0%)
[    9994 ..   10857.75 ] ███████▏                               2  (  4.0%)
[  10857.75 ..   11721.50 ] ███▌                                   1  (  2.0%)
[  11721.50 ..   12585.25 ]                                        0  (  0.0%)
[  12585.25 ..    13449 ]                                        0  (  0.0%)
[   13449 ..   14312.75 ] ███▌                                   1  (  2.0%)
[  14312.75 ..   15176.50 ]                                        0  (  0.0%)
[  15176.50 ..   16040.25 ]                                        0  (  0.0%)
[  16040.25 ..    16904 ] ███▌                                   1  (  2.0%)
                                                      0%  100%
```

_sparkline computed from time-ordered samples_

### onset_noise_floor

| count | min | max | mean | p50 | p90 | p95 | p99 | p999 |
|---|---|---|---|---|---|---|---|---|
| 50 | 5384 | 5384 | 5384.0 | 5384 | 5384 | 5384 | 5384 | 5384 |

```
[    5384 ..     5384 ] ████████████████████████████████      50  (100.0%)
                                                      0%  100%
```

_sparkline computed from time-ordered samples_

### onset_process_us

| count | min | max | mean | p50 | p90 | p95 | p99 | p999 |
|---|---|---|---|---|---|---|---|---|
| 50 | 1595 | 2519 | 1927.2 | 1882 | 2361 | 2446 | 2519 | 2519 |

```
[    1595 ..    1652.75 ] ████████████████████████████████      14  ( 28.0%)
[   1652.75 ..    1710.50 ] ██████▉                                3  (  6.0%)
[   1710.50 ..    1768.25 ] █████████████▊                         6  ( 12.0%)
[   1768.25 ..     1826 ] ██▎                                    1  (  2.0%)
[    1826 ..    1883.75 ] ██▎                                    1  (  2.0%)
[   1883.75 ..    1941.50 ] █████████▏                             4  (  8.0%)
[   1941.50 ..    1999.25 ] ████▋                                  2  (  4.0%)
[   1999.25 ..     2057 ] ████▋                                  2  (  4.0%)
[    2057 ..    2114.75 ]                                        0  (  0.0%)
[   2114.75 ..    2172.50 ] █████████▏                             4  (  8.0%)
[   2172.50 ..    2230.25 ] ██████▉                                3  (  6.0%)
[   2230.25 ..     2288 ] ██████▉                                3  (  6.0%)
[    2288 ..    2345.75 ] ██▎                                    1  (  2.0%)
[   2345.75 ..    2403.50 ] ██▎                                    1  (  2.0%)
[   2403.50 ..    2461.25 ] ██████▉                                3  (  6.0%)
[   2461.25 ..     2519 ] ████▋                                  2  (  4.0%)
                                                      0%  100%
```

_sparkline computed from time-ordered samples_

### render_frame_work_us

| count | min | max | mean | p50 | p90 | p95 | p99 | p999 |
|---|---|---|---|---|---|---|---|---|
| 131 | 2749 | 3886 | 3355.8 | 3400 | 3604 | 3816 | 3884 | 3886 |

```
[    2749 ..    2820.06 ] █▏                                     1  (  0.8%)
[   2820.06 ..    2891.12 ] ████▊                                  4  (  3.1%)
[   2891.12 ..    2962.19 ] ███▌                                   3  (  2.3%)
[   2962.19 ..    3033.25 ] ███▌                                   3  (  2.3%)
[   3033.25 ..    3104.31 ] █████████████                         11  (  8.4%)
[   3104.31 ..    3175.38 ] ███████████▉                          10  (  7.6%)
[   3175.38 ..    3246.44 ] ██████████▋                            9  (  6.9%)
[   3246.44 ..    3317.50 ] ██████████████▎                       12  (  9.2%)
[   3317.50 ..    3388.56 ] ███████████▉                          10  (  7.6%)
[   3388.56 ..    3459.62 ] ████████████████████████████████      27  ( 20.6%)
[   3459.62 ..    3530.69 ] █████████████████▊                    15  ( 11.5%)
[   3530.69 ..    3601.75 ] █████████████                         11  (  8.4%)
[   3601.75 ..    3672.81 ] ██▍                                    2  (  1.5%)
[   3672.81 ..    3743.88 ] ███▌                                   3  (  2.3%)
[   3743.88 ..    3814.94 ] ███▌                                   3  (  2.3%)
[   3814.94 ..     3886 ] ████████▎                              7  (  5.3%)
                                                      0%  100%
```

_sparkline computed from time-ordered samples_

### rmt_errors_total

| count | min | max | mean | p50 | p90 | p95 | p99 | p999 |
|---|---|---|---|---|---|---|---|---|
| 1 | 0 | 0 | 0.0 | 0 | 0 | 0 | 0 | 0 |

```
[       0 ..        0 ] ████████████████████████████████       1  (100.0%)
                                                      0%  100%
```

_sparkline computed from time-ordered samples_

### rmt_underruns_total

| count | min | max | mean | p50 | p90 | p95 | p99 | p999 |
|---|---|---|---|---|---|---|---|---|
| 1 | 0 | 0 | 0.0 | 0 | 0 | 0 | 0 | 0 |

```
[       0 ..        0 ] ████████████████████████████████       1  (100.0%)
                                                      0%  100%
```

_sparkline computed from time-ordered samples_

### rts_audio_conf

| count | min | max | mean | p50 | p90 | p95 | p99 | p999 |
|---|---|---|---|---|---|---|---|---|
| 132 | 1000 | 1000 | 1000.0 | 1000 | 1000 | 1000 | 1000 | 1000 |

```
[    1000 ..     1000 ] ████████████████████████████████     132  (100.0%)
                                                      0%  100%
```

_sparkline computed from time-ordered samples_

### rts_fade_amount

| count | min | max | mean | p50 | p90 | p95 | p99 | p999 |
|---|---|---|---|---|---|---|---|---|
| 132 | 0 | 0 | 0.0 | 0 | 0 | 0 | 0 | 0 |

```
[       0 ..        0 ] ████████████████████████████████     132  (100.0%)
                                                      0%  100%
```

_sparkline computed from time-ordered samples_

### rts_fast_rms

| count | min | max | mean | p50 | p90 | p95 | p99 | p999 |
|---|---|---|---|---|---|---|---|---|
| 132 | 510 | 1000 | 898.3 | 1000 | 1000 | 1000 | 1000 | 1000 |

```
[     510 ..     540.62 ] █████▊                                15  ( 11.4%)
[    540.62 ..     571.25 ]                                        0  (  0.0%)
[    571.25 ..     601.88 ]                                        0  (  0.0%)
[    601.88 ..     632.50 ] ▊                                      2  (  1.5%)
[    632.50 ..     663.12 ] █▏                                     3  (  2.3%)
[    663.12 ..     693.75 ]                                        0  (  0.0%)
[    693.75 ..     724.38 ] █▏                                     3  (  2.3%)
[    724.38 ..      755 ]                                        0  (  0.0%)
[     755 ..     785.62 ]                                        0  (  0.0%)
[    785.62 ..     816.25 ] ██▋                                    7  (  5.3%)
[    816.25 ..     846.88 ]                                        0  (  0.0%)
[    846.88 ..     877.50 ] ████▎                                 11  (  8.3%)
[    877.50 ..     908.12 ] █▏                                     3  (  2.3%)
[    908.12 ..     938.75 ] ▊                                      2  (  1.5%)
[    938.75 ..     969.38 ] ▊                                      2  (  1.5%)
[    969.38 ..     1000 ] ████████████████████████████████      84  ( 63.6%)
                                                      0%  100%
```

_sparkline computed from time-ordered samples_

### rts_onset_env_pushed

| count | min | max | mean | p50 | p90 | p95 | p99 | p999 |
|---|---|---|---|---|---|---|---|---|
| 132 | 999 | 999 | 999.0 | 999 | 999 | 999 | 999 | 999 |

```
[     999 ..      999 ] ████████████████████████████████     132  (100.0%)
                                                      0%  100%
```

_sparkline computed from time-ordered samples_

### rts_onset_flux

| count | min | max | mean | p50 | p90 | p95 | p99 | p999 |
|---|---|---|---|---|---|---|---|---|
| 132 | 9813 | 86564 | 37458.7 | 37925 | 48560 | 51887 | 86564 | 86564 |

```
[    9813 ..   14609.94 ] ██▋                                    3  (  2.3%)
[  14609.94 ..   19406.88 ]                                        0  (  0.0%)
[  19406.88 ..   24203.81 ] ██▋                                    3  (  2.3%)
[  24203.81 ..   29000.75 ] ███████████████████▌                  22  ( 16.7%)
[  29000.75 ..   33797.69 ] ███████████████▏                      17  ( 12.9%)
[  33797.69 ..   38594.62 ] ████████████████████████████████      36  ( 27.3%)
[  38594.62 ..   43391.56 ] ██████████████████▋                   21  ( 15.9%)
[  43391.56 ..   48188.50 ] ██████████████▎                       16  ( 12.1%)
[  48188.50 ..   52985.44 ] █████████▊                            11  (  8.3%)
[  52985.44 ..   57782.38 ]                                        0  (  0.0%)
[  57782.38 ..   62579.31 ]                                        0  (  0.0%)
[  62579.31 ..   67376.25 ]                                        0  (  0.0%)
[  67376.25 ..   72173.19 ]                                        0  (  0.0%)
[  72173.19 ..   76970.12 ]                                        0  (  0.0%)
[  76970.12 ..   81767.06 ]                                        0  (  0.0%)
[  81767.06 ..    86564 ] ██▋                                    3  (  2.3%)
                                                      0%  100%
```

_sparkline computed from time-ordered samples_

### rts_push_interval_us

| count | min | max | mean | p50 | p90 | p95 | p99 | p999 |
|---|---|---|---|---|---|---|---|---|
| 132 | 33333 | 33333 | 33333.0 | 33333 | 33333 | 33333 | 33333 | 33333 |

```
[   33333 ..    33333 ] ████████████████████████████████     132  (100.0%)
                                                      0%  100%
```

_sparkline computed from time-ordered samples_

### rts_pushes

| count | min | max | mean | p50 | p90 | p95 | p99 | p999 |
|---|---|---|---|---|---|---|---|---|
| 132 | 0 | 1 | 0.3 | 0 | 1 | 1 | 1 | 1 |

```
[       0 ..       0.06 ] ████████████████████████████████      96  ( 72.7%)
[      0.06 ..       0.12 ]                                        0  (  0.0%)
[      0.12 ..       0.19 ]                                        0  (  0.0%)
[      0.19 ..       0.25 ]                                        0  (  0.0%)
[      0.25 ..       0.31 ]                                        0  (  0.0%)
[      0.31 ..       0.38 ]                                        0  (  0.0%)
[      0.38 ..       0.44 ]                                        0  (  0.0%)
[      0.44 ..       0.50 ]                                        0  (  0.0%)
[      0.50 ..       0.56 ]                                        0  (  0.0%)
[      0.56 ..       0.62 ]                                        0  (  0.0%)
[      0.62 ..       0.69 ]                                        0  (  0.0%)
[      0.69 ..       0.75 ]                                        0  (  0.0%)
[      0.75 ..       0.81 ]                                        0  (  0.0%)
[      0.81 ..       0.88 ]                                        0  (  0.0%)
[      0.88 ..       0.94 ]                                        0  (  0.0%)
[      0.94 ..        1 ] ████████████                          36  ( 27.3%)
                                                      0%  100%
```

_sparkline computed from time-ordered samples_

### rts_ring_count

| count | min | max | mean | p50 | p90 | p95 | p99 | p999 |
|---|---|---|---|---|---|---|---|---|
| 132 | 80 | 80 | 80.0 | 80 | 80 | 80 | 80 | 80 |

```
[      80 ..       80 ] ████████████████████████████████     132  (100.0%)
                                                      0%  100%
```

_sparkline computed from time-ordered samples_

### rts_silent_scale

| count | min | max | mean | p50 | p90 | p95 | p99 | p999 |
|---|---|---|---|---|---|---|---|---|
| 132 | 999 | 999 | 999.0 | 999 | 999 | 999 | 999 | 999 |

```
[     999 ..      999 ] ████████████████████████████████     132  (100.0%)
                                                      0%  100%
```

_sparkline computed from time-ordered samples_

### snapshot_read_retries_total

| count | min | max | mean | p50 | p90 | p95 | p99 | p999 |
|---|---|---|---|---|---|---|---|---|
| 131 | 3375 | 3378 | 3376.6 | 3377 | 3378 | 3378 | 3378 | 3378 |

```
[    3375 ..    3375.19 ] █████████████████████████             39  ( 29.8%)
[   3375.19 ..    3375.38 ]                                        0  (  0.0%)
[   3375.38 ..    3375.56 ]                                        0  (  0.0%)
[   3375.56 ..    3375.75 ]                                        0  (  0.0%)
[   3375.75 ..    3375.94 ]                                        0  (  0.0%)
[   3375.94 ..    3376.12 ] █████████████▌                        21  ( 16.0%)
[   3376.12 ..    3376.31 ]                                        0  (  0.0%)
[   3376.31 ..    3376.50 ]                                        0  (  0.0%)
[   3376.50 ..    3376.69 ]                                        0  (  0.0%)
[   3376.69 ..    3376.88 ]                                        0  (  0.0%)
[   3376.88 ..    3377.06 ] █████████████▌                        21  ( 16.0%)
[   3377.06 ..    3377.25 ]                                        0  (  0.0%)
[   3377.25 ..    3377.44 ]                                        0  (  0.0%)
[   3377.44 ..    3377.62 ]                                        0  (  0.0%)
[   3377.62 ..    3377.81 ]                                        0  (  0.0%)
[   3377.81 ..     3378 ] ████████████████████████████████      50  ( 38.2%)
                                                      0%  100%
```

_sparkline computed from time-ordered samples_

### spectral_novelty

| count | min | max | mean | p50 | p90 | p95 | p99 | p999 |
|---|---|---|---|---|---|---|---|---|
| 50 | 43 | 293 | 161.8 | 149 | 233 | 284 | 293 | 293 |

```
[      43 ..      58.62 ] ████▋                                  1  (  2.0%)
[     58.62 ..      74.25 ] █████████████▊                         3  (  6.0%)
[     74.25 ..      89.88 ] ██████████████████▎                    4  (  8.0%)
[     89.88 ..     105.50 ] █████████▏                             2  (  4.0%)
[    105.50 ..     121.12 ] ████████████████████████████████       7  ( 14.0%)
[    121.12 ..     136.75 ] █████████████▊                         3  (  6.0%)
[    136.75 ..     152.38 ] ██████████████████████▉                5  ( 10.0%)
[    152.38 ..      168 ] █████████████▊                         3  (  6.0%)
[     168 ..     183.62 ] ████▋                                  1  (  2.0%)
[    183.62 ..     199.25 ] ██████████████████████▉                5  ( 10.0%)
[    199.25 ..     214.88 ] ██████████████████▎                    4  (  8.0%)
[    214.88 ..     230.50 ] ██████████████████████▉                5  ( 10.0%)
[    230.50 ..     246.12 ] █████████████▊                         3  (  6.0%)
[    246.12 ..     261.75 ]                                        0  (  0.0%)
[    261.75 ..     277.38 ] ████▋                                  1  (  2.0%)
[    277.38 ..      293 ] █████████████▊                         3  (  6.0%)
                                                      0%  100%
```

_sparkline computed from time-ordered samples_

### task_stack_hwm_audio

| count | min | max | mean | p50 | p90 | p95 | p99 | p999 |
|---|---|---|---|---|---|---|---|---|
| 1 | 8748 | 8748 | 8748.0 | 8748 | 8748 | 8748 | 8748 | 8748 |

```
[    8748 ..     8748 ] ████████████████████████████████       1  (100.0%)
                                                      0%  100%
```

_sparkline computed from time-ordered samples_

### task_stack_hwm_loop

| count | min | max | mean | p50 | p90 | p95 | p99 | p999 |
|---|---|---|---|---|---|---|---|---|
| 1 | 2064 | 2064 | 2064.0 | 2064 | 2064 | 2064 | 2064 | 2064 |

```
[    2064 ..     2064 ] ████████████████████████████████       1  (100.0%)
                                                      0%  100%
```

_sparkline computed from time-ordered samples_

### task_stack_hwm_renderer

| count | min | max | mean | p50 | p90 | p95 | p99 | p999 |
|---|---|---|---|---|---|---|---|---|
| 1 | 10256 | 10256 | 10256.0 | 10256 | 10256 | 10256 | 10256 | 10256 |

```
[   10256 ..    10256 ] ████████████████████████████████       1  (100.0%)
                                                      0%  100%
```

_sparkline computed from time-ordered samples_

### task_stack_hwm_show_director

| count | min | max | mean | p50 | p90 | p95 | p99 | p999 |
|---|---|---|---|---|---|---|---|---|
| 1 | 10544 | 10544 | 10544.0 | 10544 | 10544 | 10544 | 10544 | 10544 |

```
[   10544 ..    10544 ] ████████████████████████████████       1  (100.0%)
                                                      0%  100%
```

_sparkline computed from time-ordered samples_

### temp_celsius_x10

| count | min | max | mean | p50 | p90 | p95 | p99 | p999 |
|---|---|---|---|---|---|---|---|---|
| 1 | 737 | 737 | 737.0 | 737 | 737 | 737 | 737 | 737 |

```
[     737 ..      737 ] ████████████████████████████████       1  (100.0%)
                                                      0%  100%
```

_sparkline computed from time-ordered samples_

### trace_mode_enabled

| count | min | max | mean | p50 | p90 | p95 | p99 | p999 |
|---|---|---|---|---|---|---|---|---|
| 1 | 1 | 1 | 1.0 | 1 | 1 | 1 | 1 | 1 |

```
[       1 ..        1 ] ████████████████████████████████       1  (100.0%)
                                                      0%  100%
```

_sparkline computed from time-ordered samples_

### wifi_ap_mode

| count | min | max | mean | p50 | p90 | p95 | p99 | p999 |
|---|---|---|---|---|---|---|---|---|
| 1 | 1 | 1 | 1.0 | 1 | 1 | 1 | 1 | 1 |

```
[       1 ..        1 ] ████████████████████████████████       1  (100.0%)
                                                      0%  100%
```

_sparkline computed from time-ordered samples_

### wifi_clients

| count | min | max | mean | p50 | p90 | p95 | p99 | p999 |
|---|---|---|---|---|---|---|---|---|
| 1 | 0 | 0 | 0.0 | 0 | 0 | 0 | 0 | 0 |

```
[       0 ..        0 ] ████████████████████████████████       1  (100.0%)
                                                      0%  100%
```

_sparkline computed from time-ordered samples_

### ws_client_count

| count | min | max | mean | p50 | p90 | p95 | p99 | p999 |
|---|---|---|---|---|---|---|---|---|
| 1 | 0 | 0 | 0.0 | 0 | 0 | 0 | 0 | 0 |

```
[       0 ..        0 ] ████████████████████████████████       1  (100.0%)
                                                      0%  100%
```

_sparkline computed from time-ordered samples_

### ws_clients

| count | min | max | mean | p50 | p90 | p95 | p99 | p999 |
|---|---|---|---|---|---|---|---|---|
| 1 | 0 | 0 | 0.0 | 0 | 0 | 0 | 0 | 0 |

```
[       0 ..        0 ] ████████████████████████████████       1  (100.0%)
                                                      0%  100%
```

_sparkline computed from time-ordered samples_

### ws_dispatch_count

| count | min | max | mean | p50 | p90 | p95 | p99 | p999 |
|---|---|---|---|---|---|---|---|---|
| 1 | 0 | 0 | 0.0 | 0 | 0 | 0 | 0 | 0 |

```
[       0 ..        0 ] ████████████████████████████████       1  (100.0%)
                                                      0%  100%
```

_sparkline computed from time-ordered samples_

### ws_errors

| count | min | max | mean | p50 | p90 | p95 | p99 | p999 |
|---|---|---|---|---|---|---|---|---|
| 1 | 0 | 0 | 0.0 | 0 | 0 | 0 | 0 | 0 |

```
[       0 ..        0 ] ████████████████████████████████       1  (100.0%)
                                                      0%  100%
```

_sparkline computed from time-ordered samples_

## Per-span duration statistics

### audio_snapshot_read

| count | min | max | mean | p50 | p90 | p95 | p99 | p999 |
|---|---|---|---|---|---|---|---|---|
| 131 | 274 | 864 | 554.2 | 546 | 681 | 762 | 829 | 864 |

```
[     274 ..     310.88 µs] ██▏                                    2  (  1.5%)
[    310.88 ..     347.75 µs]                                        0  (  0.0%)
[    347.75 ..     384.62 µs] █████▍                                 5  (  3.8%)
[    384.62 ..     421.50 µs] ██████████▋                           10  (  7.6%)
[    421.50 ..     458.38 µs] ███▎                                   3  (  2.3%)
[    458.38 ..     495.25 µs] ██████████▋                           10  (  7.6%)
[    495.25 ..     532.12 µs] ██████████████████████▍               21  ( 16.0%)
[    532.12 ..      569 µs] ████████████████████████████████      30  ( 22.9%)
[     569 ..     605.88 µs] ██████████████████▏                   17  ( 13.0%)
[    605.88 ..     642.75 µs] █████████▋                             9  (  6.9%)
[    642.75 ..     679.62 µs] ██████████▋                           10  (  7.6%)
[    679.62 ..     716.50 µs] █████▍                                 5  (  3.8%)
[    716.50 ..     753.38 µs] █▏                                     1  (  0.8%)
[    753.38 ..     790.25 µs] ████▎                                  4  (  3.1%)
[    790.25 ..     827.12 µs] ██▏                                    2  (  1.5%)
[    827.12 ..      864 µs] ██▏                                    2  (  1.5%)
                                                      0%  100%
```

### band_ratio_detect

| count | min | max | mean | p50 | p90 | p95 | p99 | p999 |
|---|---|---|---|---|---|---|---|---|
| 50 | 70 | 371 | 86.5 | 74 | 99 | 107 | 371 | 371 |

```
[      70 ..      88.81 µs] ████████████████████████████████      36  ( 72.0%)
[     88.81 ..     107.62 µs] ██████████▋                           12  ( 24.0%)
[    107.62 ..     126.44 µs] ▉                                      1  (  2.0%)
[    126.44 ..     145.25 µs]                                        0  (  0.0%)
[    145.25 ..     164.06 µs]                                        0  (  0.0%)
[    164.06 ..     182.88 µs]                                        0  (  0.0%)
[    182.88 ..     201.69 µs]                                        0  (  0.0%)
[    201.69 ..     220.50 µs]                                        0  (  0.0%)
[    220.50 ..     239.31 µs]                                        0  (  0.0%)
[    239.31 ..     258.12 µs]                                        0  (  0.0%)
[    258.12 ..     276.94 µs]                                        0  (  0.0%)
[    276.94 ..     295.75 µs]                                        0  (  0.0%)
[    295.75 ..     314.56 µs]                                        0  (  0.0%)
[    314.56 ..     333.38 µs]                                        0  (  0.0%)
[    333.38 ..     352.19 µs]                                        0  (  0.0%)
[    352.19 ..      371 µs] ▉                                      1  (  2.0%)
                                                      0%  100%
```

### color_correction

| count | min | max | mean | p50 | p90 | p95 | p99 | p999 |
|---|---|---|---|---|---|---|---|---|
| 132 | 753 | 1179 | 993.9 | 989 | 1102 | 1143 | 1178 | 1179 |

```
[     753 ..     779.62 µs] █▏                                     1  (  0.8%)
[    779.62 ..     806.25 µs] ███▌                                   3  (  2.3%)
[    806.25 ..     832.88 µs]                                        0  (  0.0%)
[    832.88 ..     859.50 µs] ███▌                                   3  (  2.3%)
[    859.50 ..     886.12 µs] ███▌                                   3  (  2.3%)
[    886.12 ..     912.75 µs] ███████████▉                          10  (  7.6%)
[    912.75 ..     939.38 µs] ██████████████▎                       12  (  9.1%)
[    939.38 ..      966 µs] ████████████████████████████████      27  ( 20.5%)
[     966 ..     992.62 µs] █████████▌                             8  (  6.1%)
[    992.62 ..    1019.25 µs] ████████████████▋                     14  ( 10.6%)
[   1019.25 ..    1045.88 µs] ███████████▉                          10  (  7.6%)
[   1045.88 ..    1072.50 µs] ███████████████████                   16  ( 12.1%)
[   1072.50 ..    1099.12 µs] ███████████▉                          10  (  7.6%)
[   1099.12 ..    1125.75 µs] ████████▎                              7  (  5.3%)
[   1125.75 ..    1152.38 µs] ███▌                                   3  (  2.3%)
[   1152.38 ..     1179 µs] █████▉                                 5  (  3.8%)
                                                      0%  100%
```

### controlbus_build

| count | min | max | mean | p50 | p90 | p95 | p99 | p999 |
|---|---|---|---|---|---|---|---|---|
| 50 | 3786 | 5305 | 4487.2 | 4555 | 4904 | 5057 | 5305 | 5305 |

```
[    3786 ..    3880.94 µs] ███████▏                               2  (  4.0%)
[   3880.94 ..    3975.88 µs] ██████████▋                            3  (  6.0%)
[   3975.88 ..    4070.81 µs] █████████████████████▍                 6  ( 12.0%)
[   4070.81 ..    4165.75 µs] ██████████▋                            3  (  6.0%)
[   4165.75 ..    4260.69 µs] █████████████████████▍                 6  ( 12.0%)
[   4260.69 ..    4355.62 µs] ███▌                                   1  (  2.0%)
[   4355.62 ..    4450.56 µs] ███▌                                   1  (  2.0%)
[   4450.56 ..    4545.50 µs] ███████▏                               2  (  4.0%)
[   4545.50 ..    4640.44 µs] ██████████████▎                        4  (  8.0%)
[   4640.44 ..    4735.38 µs] ████████████████████████▉              7  ( 14.0%)
[   4735.38 ..    4830.31 µs] ███████▏                               2  (  4.0%)
[   4830.31 ..    4925.25 µs] ████████████████████████████████       9  ( 18.0%)
[   4925.25 ..    5020.19 µs] ███▌                                   1  (  2.0%)
[   5020.19 ..    5115.12 µs] ███▌                                   1  (  2.0%)
[   5115.12 ..    5210.06 µs]                                        0  (  0.0%)
[   5210.06 ..     5305 µs] ███████▏                               2  (  4.0%)
                                                      0%  100%
```

### effect_render

| count | min | max | mean | p50 | p90 | p95 | p99 | p999 |
|---|---|---|---|---|---|---|---|---|
| 132 | 318 | 489 | 408.1 | 416 | 457 | 471 | 481 | 489 |

```
[     318 ..     328.69 µs] ██████████████                         7  (  5.3%)
[    328.69 ..     339.38 µs] ████                                   2  (  1.5%)
[    339.38 ..     350.06 µs] ████████                               4  (  3.0%)
[    350.06 ..     360.75 µs] ██████████████                         7  (  5.3%)
[    360.75 ..     371.44 µs] ██████████████████                     9  (  6.8%)
[    371.44 ..     382.12 µs] ████████████████████████████          14  ( 10.6%)
[    382.12 ..     392.81 µs] ██████████████                         7  (  5.3%)
[    392.81 ..     403.50 µs] ██████                                 3  (  2.3%)
[    403.50 ..     414.19 µs] ██████████████████                     9  (  6.8%)
[    414.19 ..     424.88 µs] ████████████████████████████████      16  ( 12.1%)
[    424.88 ..     435.56 µs] ████████████████████████████████      16  ( 12.1%)
[    435.56 ..     446.25 µs] ██████████████████                     9  (  6.8%)
[    446.25 ..     456.94 µs] ████████████████████████████          14  ( 10.6%)
[    456.94 ..     467.62 µs] ████████████                           6  (  4.5%)
[    467.62 ..     478.31 µs] ██████████████                         7  (  5.3%)
[    478.31 ..      489 µs] ████                                   2  (  1.5%)
                                                      0%  100%
```

### fastled_rmt_show

| count | min | max | mean | p50 | p90 | p95 | p99 | p999 |
|---|---|---|---|---|---|---|---|---|
| 132 | 457 | 693 | 566.9 | 555 | 637 | 662 | 684 | 693 |

```
[     457 ..     471.75 µs] ███▊                                   4  (  3.0%)
[    471.75 ..     486.50 µs]                                        0  (  0.0%)
[    486.50 ..     501.25 µs] █                                      1  (  0.8%)
[    501.25 ..      516 µs]                                        0  (  0.0%)
[     516 ..     530.75 µs] ████████████▎                         13  (  9.8%)
[    530.75 ..     545.50 µs] ███████████████████████▌              25  ( 18.9%)
[    545.50 ..     560.25 µs] ████████████████████████████████      34  ( 25.8%)
[    560.25 ..      575 µs] █████████████▏                        14  ( 10.6%)
[     575 ..     589.75 µs] ██████████▍                           11  (  8.3%)
[    589.75 ..     604.50 µs] ████▊                                  5  (  3.8%)
[    604.50 ..     619.25 µs] ███▊                                   4  (  3.0%)
[    619.25 ..      634 µs] █████▋                                 6  (  4.5%)
[     634 ..     648.75 µs] ███████▌                               8  (  6.1%)
[    648.75 ..     663.50 µs] █▉                                     2  (  1.5%)
[    663.50 ..     678.25 µs] ██▉                                    3  (  2.3%)
[    678.25 ..      693 µs] █▉                                     2  (  1.5%)
                                                      0%  100%
```

### i2s_dma_read

| count | min | max | mean | p50 | p90 | p95 | p99 | p999 |
|---|---|---|---|---|---|---|---|---|
| 101 | 6990 | 9616 | 8368.5 | 8369 | 9210 | 9347 | 9536 | 9616 |

```
[    6990 ..    7154.12 µs] █████▉                                 2  (  2.0%)
[   7154.12 ..    7318.25 µs] ████████████████████▍                  7  (  6.9%)
[   7318.25 ..    7482.38 µs] █████████████████▌                     6  (  5.9%)
[   7482.38 ..    7646.50 µs] █████▉                                 2  (  2.0%)
[   7646.50 ..    7810.62 µs] ███████████▋                           4  (  4.0%)
[   7810.62 ..    7974.75 µs] ██████████████▌                        5  (  5.0%)
[   7974.75 ..    8138.88 µs] ██████████████████████████▏            9  (  8.9%)
[   8138.88 ..     8303 µs] ██████████████████████████▏            9  (  8.9%)
[    8303 ..    8467.12 µs] ████████████████████████████████      11  ( 10.9%)
[   8467.12 ..    8631.25 µs] █████████████████████████████▏        10  (  9.9%)
[   8631.25 ..    8795.38 µs] ███████████▋                           4  (  4.0%)
[   8795.38 ..    8959.50 µs] ████████████████████████████████      11  ( 10.9%)
[   8959.50 ..    9123.62 µs] ████████████████████▍                  7  (  6.9%)
[   9123.62 ..    9287.75 µs] ██████████████▌                        5  (  5.0%)
[   9287.75 ..    9451.88 µs] ██████████████▌                        5  (  5.0%)
[   9451.88 ..     9616 µs] ███████████▋                           4  (  4.0%)
                                                      0%  100%
```

### onset_decision

| count | min | max | mean | p50 | p90 | p95 | p99 | p999 |
|---|---|---|---|---|---|---|---|---|
| 50 | 814 | 1271 | 952.7 | 910 | 1150 | 1196 | 1271 | 1271 |

```
[     814 ..     842.56 µs] ████████████████████████████████      20  ( 40.0%)
[    842.56 ..     871.12 µs] ███▎                                   2  (  4.0%)
[    871.12 ..     899.69 µs] █▋                                     1  (  2.0%)
[    899.69 ..     928.25 µs] ████▊                                  3  (  6.0%)
[    928.25 ..     956.81 µs] █▋                                     1  (  2.0%)
[    956.81 ..     985.38 µs] ███▎                                   2  (  4.0%)
[    985.38 ..    1013.94 µs] ███▎                                   2  (  4.0%)
[   1013.94 ..    1042.50 µs] ██████▍                                4  (  8.0%)
[   1042.50 ..    1071.06 µs] ████████                               5  ( 10.0%)
[   1071.06 ..    1099.62 µs] █▋                                     1  (  2.0%)
[   1099.62 ..    1128.19 µs] ███▎                                   2  (  4.0%)
[   1128.19 ..    1156.75 µs] ███▎                                   2  (  4.0%)
[   1156.75 ..    1185.31 µs] █▋                                     1  (  2.0%)
[   1185.31 ..    1213.88 µs] ████▊                                  3  (  6.0%)
[   1213.88 ..    1242.44 µs]                                        0  (  0.0%)
[   1242.44 ..     1271 µs] █▋                                     1  (  2.0%)
                                                      0%  100%
```

### onset_detect

| count | min | max | mean | p50 | p90 | p95 | p99 | p999 |
|---|---|---|---|---|---|---|---|---|
| 50 | 1712 | 2664 | 2058.8 | 2001 | 2502 | 2574 | 2664 | 2664 |

```
[    1712 ..    1771.50 µs] ████████████████████████████████      13  ( 26.0%)
[   1771.50 ..     1831 µs] ████████████▎                          5  ( 10.0%)
[    1831 ..    1890.50 µs] ███████▍                               3  (  6.0%)
[   1890.50 ..     1950 µs] ███████▍                               3  (  6.0%)
[    1950 ..    2009.50 µs] ████▉                                  2  (  4.0%)
[   2009.50 ..     2069 µs] ███████▍                               3  (  6.0%)
[    2069 ..    2128.50 µs] ████▉                                  2  (  4.0%)
[   2128.50 ..     2188 µs] ████▉                                  2  (  4.0%)
[    2188 ..    2247.50 µs]                                        0  (  0.0%)
[   2247.50 ..     2307 µs] ████████████▎                          5  ( 10.0%)
[    2307 ..    2366.50 µs] ██▌                                    1  (  2.0%)
[   2366.50 ..     2426 µs] █████████▉                             4  (  8.0%)
[    2426 ..    2485.50 µs]                                        0  (  0.0%)
[   2485.50 ..     2545 µs] ████▉                                  2  (  4.0%)
[    2545 ..    2604.50 µs] █████████▉                             4  (  8.0%)
[   2604.50 ..     2664 µs] ██▌                                    1  (  2.0%)
                                                      0%  100%
```

### onset_fft_frontend

| count | min | max | mean | p50 | p90 | p95 | p99 | p999 |
|---|---|---|---|---|---|---|---|---|
| 50 | 747 | 1283 | 947.1 | 863 | 1200 | 1257 | 1283 | 1283 |

```
[     747 ..     780.50 µs] ████████████████████████████████      10  ( 20.0%)
[    780.50 ..      814 µs] ████████████████████████████▊          9  ( 18.0%)
[     814 ..     847.50 µs] ████████████▊                          4  (  8.0%)
[    847.50 ..      881 µs] █████████▋                             3  (  6.0%)
[     881 ..     914.50 µs] ███▎                                   1  (  2.0%)
[    914.50 ..      948 µs] ██████▍                                2  (  4.0%)
[     948 ..     981.50 µs] ███▎                                   1  (  2.0%)
[    981.50 ..     1015 µs] █████████▋                             3  (  6.0%)
[    1015 ..    1048.50 µs] ██████▍                                2  (  4.0%)
[   1048.50 ..     1082 µs] ███▎                                   1  (  2.0%)
[    1082 ..    1115.50 µs] ███▎                                   1  (  2.0%)
[   1115.50 ..     1149 µs] ███▎                                   1  (  2.0%)
[    1149 ..    1182.50 µs] ███▎                                   1  (  2.0%)
[   1182.50 ..     1216 µs] █████████████████████████▋             8  ( 16.0%)
[    1216 ..    1249.50 µs]                                        0  (  0.0%)
[   1249.50 ..     1283 µs] █████████▋                             3  (  6.0%)
                                                      0%  100%
```

### onset_flux

| count | min | max | mean | p50 | p90 | p95 | p99 | p999 |
|---|---|---|---|---|---|---|---|---|
| 50 | 740 | 1166 | 858.4 | 802 | 1042 | 1059 | 1166 | 1166 |

```
[     740 ..     766.62 µs] ████████████████████████████████      21  ( 42.0%)
[    766.62 ..     793.25 µs] ████▋                                  3  (  6.0%)
[    793.25 ..     819.88 µs] ████▋                                  3  (  6.0%)
[    819.88 ..     846.50 µs] █▌                                     1  (  2.0%)
[    846.50 ..     873.12 µs] █▌                                     1  (  2.0%)
[    873.12 ..     899.75 µs]                                        0  (  0.0%)
[    899.75 ..     926.38 µs] █▌                                     1  (  2.0%)
[    926.38 ..      953 µs] █████████▏                             6  ( 12.0%)
[     953 ..     979.62 µs] ███████▋                               5  ( 10.0%)
[    979.62 ..    1006.25 µs] ████▋                                  3  (  6.0%)
[   1006.25 ..    1032.88 µs]                                        0  (  0.0%)
[   1032.88 ..    1059.50 µs] ██████▏                                4  (  8.0%)
[   1059.50 ..    1086.12 µs] █▌                                     1  (  2.0%)
[   1086.12 ..    1112.75 µs]                                        0  (  0.0%)
[   1112.75 ..    1139.38 µs]                                        0  (  0.0%)
[   1139.38 ..     1166 µs] █▌                                     1  (  2.0%)
                                                      0%  100%
```

### pre_show_yield

| count | min | max | mean | p50 | p90 | p95 | p99 | p999 |
|---|---|---|---|---|---|---|---|---|
| 131 | 11 | 31 | 14.6 | 14 | 17 | 19 | 21 | 31 |

```
[      11 ..      12.25 µs] ████████▍                             10  (  7.6%)
[     12.25 ..      13.50 µs] ████████████████████████████████      38  ( 29.0%)
[     13.50 ..      14.75 µs] ██████████████████████▊               27  ( 20.6%)
[     14.75 ..       16 µs] ████████████████████▎                 24  ( 18.3%)
[      16 ..      17.25 µs] ████████████████▉                     20  ( 15.3%)
[     17.25 ..      18.50 µs] ███▍                                   4  (  3.1%)
[     18.50 ..      19.75 µs] ███▍                                   4  (  3.1%)
[     19.75 ..       21 µs] █▋                                     2  (  1.5%)
[      21 ..      22.25 µs] ▉                                      1  (  0.8%)
[     22.25 ..      23.50 µs]                                        0  (  0.0%)
[     23.50 ..      24.75 µs]                                        0  (  0.0%)
[     24.75 ..       26 µs]                                        0  (  0.0%)
[      26 ..      27.25 µs]                                        0  (  0.0%)
[     27.25 ..      28.50 µs]                                        0  (  0.0%)
[     28.50 ..      29.75 µs]                                        0  (  0.0%)
[     29.75 ..       31 µs] ▉                                      1  (  0.8%)
                                                      0%  100%
```

### render_frame

| count | min | max | mean | p50 | p90 | p95 | p99 | p999 |
|---|---|---|---|---|---|---|---|---|
| 132 | 1049 | 1972 | 1508.2 | 1520 | 1786 | 1892 | 1967 | 1972 |

```
[    1049 ..    1106.69 µs] █                                      1  (  0.8%)
[   1106.69 ..    1164.38 µs] █████▏                                 5  (  3.8%)
[   1164.38 ..    1222.06 µs] ███▏                                   3  (  2.3%)
[   1222.06 ..    1279.75 µs] ███████████▍                          11  (  8.3%)
[   1279.75 ..    1337.44 µs] ██████▎                                6  (  4.5%)
[   1337.44 ..    1395.12 µs] ████████████▍                         12  (  9.1%)
[   1395.12 ..    1452.81 µs] █████▏                                 5  (  3.8%)
[   1452.81 ..    1510.50 µs] ██████████████████▋                   18  ( 13.6%)
[   1510.50 ..    1568.19 µs] ████████████████████████████████      31  ( 23.5%)
[   1568.19 ..    1625.88 µs] ██████████████▌                       14  ( 10.6%)
[   1625.88 ..    1683.56 µs] ████▏                                  4  (  3.0%)
[   1683.56 ..    1741.25 µs] █████▏                                 5  (  3.8%)
[   1741.25 ..    1798.94 µs] █████▏                                 5  (  3.8%)
[   1798.94 ..    1856.62 µs] ███▏                                   3  (  2.3%)
[   1856.62 ..    1914.31 µs] ████▏                                  4  (  3.0%)
[   1914.31 ..     1972 µs] █████▏                                 5  (  3.8%)
                                                      0%  100%
```

### rts_render

| count | min | max | mean | p50 | p90 | p95 | p99 | p999 |
|---|---|---|---|---|---|---|---|---|
| 132 | 300 | 468 | 388.8 | 398 | 437 | 449 | 462 | 468 |

```
[     300 ..     310.50 µs] ██████████████▉                        7  (  5.3%)
[    310.50 ..      321 µs] ████▎                                  2  (  1.5%)
[     321 ..     331.50 µs] ████████▌                              4  (  3.0%)
[    331.50 ..      342 µs] ██████████▋                            5  (  3.8%)
[     342 ..     352.50 µs] █████████████████████████▋            12  (  9.1%)
[    352.50 ..      363 µs] █████████████████▏                     8  (  6.1%)
[     363 ..     373.50 µs] █████████████████████████▋            12  (  9.1%)
[    373.50 ..      384 µs] ██████▍                                3  (  2.3%)
[     384 ..     394.50 µs] ███████████████████▎                   9  (  6.8%)
[    394.50 ..      405 µs] █████████████████████████████▉        14  ( 10.6%)
[     405 ..     415.50 µs] ████████████████████████████████      15  ( 11.4%)
[    415.50 ..      426 µs] █████████████████████████████▉        14  ( 10.6%)
[     426 ..     436.50 µs] ███████████████████████████▊          13  (  9.8%)
[    436.50 ..      447 µs] ██████████▋                            5  (  3.8%)
[     447 ..     457.50 µs] ████████████▊                          6  (  4.5%)
[    457.50 ..      468 µs] ██████▍                                3  (  2.3%)
                                                      0%  100%
```

### show_leds

| count | min | max | mean | p50 | p90 | p95 | p99 | p999 |
|---|---|---|---|---|---|---|---|---|
| 132 | 662 | 945 | 823.2 | 813 | 911 | 922 | 945 | 945 |

```
[     662 ..     679.69 µs] ██▎                                    2  (  1.5%)
[    679.69 ..     697.38 µs] █▏                                     1  (  0.8%)
[    697.38 ..     715.06 µs] █▏                                     1  (  0.8%)
[    715.06 ..     732.75 µs] █▏                                     1  (  0.8%)
[    732.75 ..     750.44 µs] ███▍                                   3  (  2.3%)
[    750.44 ..     768.12 µs] ████████                               7  (  5.3%)
[    768.12 ..     785.81 µs] ██████████████▉                       13  (  9.8%)
[    785.81 ..     803.50 µs] ████████████████████████████████      28  ( 21.2%)
[    803.50 ..     821.19 µs] █████████████████▏                    15  ( 11.4%)
[    821.19 ..     838.88 µs] ██████████████████▎                   16  ( 12.1%)
[    838.88 ..     856.56 µs] ████████████▋                         11  (  8.3%)
[    856.56 ..     874.25 µs] ██████████▎                            9  (  6.8%)
[    874.25 ..     891.94 µs] ███▍                                   3  (  2.3%)
[    891.94 ..     909.62 µs] ████████                               7  (  5.3%)
[    909.62 ..     927.31 µs] ████████████▋                         11  (  8.3%)
[    927.31 ..      945 µs] ████▋                                  4  (  3.0%)
                                                      0%  100%
```

### snapshot_publish

| count | min | max | mean | p50 | p90 | p95 | p99 | p999 |
|---|---|---|---|---|---|---|---|---|
| 50 | 88 | 286 | 132.5 | 109 | 201 | 210 | 286 | 286 |

```
[      88 ..     100.38 µs] ████████████████████████████████      15  ( 30.0%)
[    100.38 ..     112.75 µs] ███████████████████████▌              11  ( 22.0%)
[    112.75 ..     125.12 µs] ████████████▊                          6  ( 12.0%)
[    125.12 ..     137.50 µs] ██████▍                                3  (  6.0%)
[    137.50 ..     149.88 µs]                                        0  (  0.0%)
[    149.88 ..     162.25 µs]                                        0  (  0.0%)
[    162.25 ..     174.62 µs] ████████████▊                          6  ( 12.0%)
[    174.62 ..      187 µs] ████▎                                  2  (  4.0%)
[     187 ..     199.38 µs] ██▏                                    1  (  2.0%)
[    199.38 ..     211.75 µs] ████████▌                              4  (  8.0%)
[    211.75 ..     224.12 µs]                                        0  (  0.0%)
[    224.12 ..     236.50 µs]                                        0  (  0.0%)
[    236.50 ..     248.88 µs]                                        0  (  0.0%)
[    248.88 ..     261.25 µs]                                        0  (  0.0%)
[    261.25 ..     273.62 µs]                                        0  (  0.0%)
[    273.62 ..      286 µs] ████▎                                  2  (  4.0%)
                                                      0%  100%
```

## Instant frequency

| Name | Count | First ts (µs) | Last ts (µs) | Mean interarrival (µs) |
|---|---|---|---|---|
| BR_HIHAT | 7 | 2168972515 | 2170090123 | 186268 |
| BR_KICK | 1 | 2170066607 | 2170066607 | — |
| BR_SNARE | 4 | 2169484349 | 2170043023 | 186225 |
| ONSET_EVENT | 1 | 2168972422 | 2168972422 | — |
| ONSET_HIHAT | 2 | 2169018813 | 2169250404 | 231591 |
| ONSET_KICK | 3 | 2169064933 | 2169971647 | 453357 |
| ONSET_SNARE | 1 | 2169459083 | 2169459083 | — |
| render_frame_deadline_miss | 131 | 2168973350 | 2170130446 | 8901 |

---
_Tool: analyse_trace v1.0 | Input: `/Users/spectrasynq/Workspace_Management/Software/Lightwave-Ledstrip/firmware-v3/docs/research/phase1b_runtime_evidence_2026-04-27/traces/portishead_trip_hop_sparse.json`_

STDERR:
