CMD: python3 firmware-v3/tools/analyse_trace.py firmware-v3/docs/research/phase1b_runtime_evidence_2026-04-27/traces/silence_idle.json --output firmware-v3/docs/research/phase1b_runtime_evidence_2026-04-27/reports/silence_idle.report.md --json firmware-v3/docs/research/phase1b_runtime_evidence_2026-04-27/reports/silence_idle.report.json --deadline-span render_frame --deadline-us 2000 --quiet

STDOUT:
… render_frame_work_us p99 = 4179 µs (no baseline supplied)

## Capture summary

| Field | Value |
|---|---|
| File | `/Users/spectrasynq/Workspace_Management/Software/Lightwave-Ledstrip/firmware-v3/docs/research/phase1b_runtime_evidence_2026-04-27/traces/silence_idle.json` |
| Events | 5487 |
| Duration | 1.174 s |
| Counters | 71 |
| Spans | 16 |
| Instants | 1 |
| Regions | 1 |

## Render frame deadline misses

| # | ts_us | dur_us | over_budget_us | effect_id | effect_hex |
|---|---|---|---|---|---|
| 1 | 2140984527 | 2015 | 15 | 8448 | 0x2100 |

## Per-counter statistics

### audio_chunk_deadline_miss_total

| count | min | max | mean | p50 | p90 | p95 | p99 | p999 |
|---|---|---|---|---|---|---|---|---|
| 104 | 186923 | 187026 | 186974.5 | 186974 | 187016 | 187021 | 187025 | 187026 |

```
[  186923 ..  186929.44 ] ████████████████████████████████       7  (  6.7%)
[ 186929.44 ..  186935.88 ] ███████████████████████████▍           6  (  5.8%)
[ 186935.88 ..  186942.31 ] ████████████████████████████████       7  (  6.7%)
[ 186942.31 ..  186948.75 ] ███████████████████████████▍           6  (  5.8%)
[ 186948.75 ..  186955.19 ] ████████████████████████████████       7  (  6.7%)
[ 186955.19 ..  186961.62 ] ███████████████████████████▍           6  (  5.8%)
[ 186961.62 ..  186968.06 ] ████████████████████████████████       7  (  6.7%)
[ 186968.06 ..  186974.50 ] ███████████████████████████▍           6  (  5.8%)
[ 186974.50 ..  186980.94 ] ███████████████████████████▍           6  (  5.8%)
[ 186980.94 ..  186987.38 ] ████████████████████████████████       7  (  6.7%)
[ 186987.38 ..  186993.81 ] ███████████████████████████▍           6  (  5.8%)
[ 186993.81 ..  187000.25 ] ████████████████████████████████       7  (  6.7%)
[ 187000.25 ..  187006.69 ] ███████████████████████████▍           6  (  5.8%)
[ 187006.69 ..  187013.12 ] ████████████████████████████████       7  (  6.7%)
[ 187013.12 ..  187019.56 ] ███████████████████████████▍           6  (  5.8%)
[ 187019.56 ..   187026 ] ████████████████████████████████       7  (  6.7%)
                                                      0%  100%
```

_sparkline computed from time-ordered samples_

### audio_chunk_work_us

| count | min | max | mean | p50 | p90 | p95 | p99 | p999 |
|---|---|---|---|---|---|---|---|---|
| 104 | 6971 | 9486 | 8346.6 | 8353 | 9111 | 9229 | 9462 | 9486 |

```
[    6971 ..    7128.19 ] ███████▍                               3  (  2.9%)
[   7128.19 ..    7285.38 ] ████████████▎                          5  (  4.8%)
[   7285.38 ..    7442.56 ] ████▉                                  2  (  1.9%)
[   7442.56 ..    7599.75 ] ███████▍                               3  (  2.9%)
[   7599.75 ..    7756.94 ] ████▉                                  2  (  1.9%)
[   7756.94 ..    7914.12 ] ████████████████████████▋             10  (  9.6%)
[   7914.12 ..    8071.31 ] ███████████████████▊                   8  (  7.7%)
[   8071.31 ..    8228.50 ] ██████████████████████▏                9  (  8.7%)
[   8228.50 ..    8385.69 ] ███████████████████████████▏          11  ( 10.6%)
[   8385.69 ..    8542.88 ] █████████████████▎                     7  (  6.7%)
[   8542.88 ..    8700.06 ] ██████████████████████▏                9  (  8.7%)
[   8700.06 ..    8857.25 ] ████████████████████████████████      13  ( 12.5%)
[   8857.25 ..    9014.44 ] ████████████▎                          5  (  4.8%)
[   9014.44 ..    9171.62 ] ████████████████████████▋             10  (  9.6%)
[   9171.62 ..    9328.81 ] █████████▉                             4  (  3.8%)
[   9328.81 ..     9486 ] ███████▍                               3  (  2.9%)
                                                      0%  100%
```

_sparkline computed from time-ordered samples_

### audio_confidence

| count | min | max | mean | p50 | p90 | p95 | p99 | p999 |
|---|---|---|---|---|---|---|---|---|
| 52 | 1000 | 1000 | 1000.0 | 1000 | 1000 | 1000 | 1000 | 1000 |

```
[    1000 ..     1000 ] ████████████████████████████████      52  (100.0%)
                                                      0%  100%
```

_sparkline computed from time-ordered samples_

### audio_hop_count

| count | min | max | mean | p50 | p90 | p95 | p99 | p999 |
|---|---|---|---|---|---|---|---|---|
| 52 | 93461 | 93512 | 93486.5 | 93486 | 93507 | 93510 | 93512 | 93512 |

```
[   93461 ..   93464.19 ] ████████████████████████████████       4  (  7.7%)
[  93464.19 ..   93467.38 ] ████████████████████████               3  (  5.8%)
[  93467.38 ..   93470.56 ] ████████████████████████               3  (  5.8%)
[  93470.56 ..   93473.75 ] ████████████████████████               3  (  5.8%)
[  93473.75 ..   93476.94 ] ████████████████████████               3  (  5.8%)
[  93476.94 ..   93480.12 ] ████████████████████████████████       4  (  7.7%)
[  93480.12 ..   93483.31 ] ████████████████████████               3  (  5.8%)
[  93483.31 ..   93486.50 ] ████████████████████████               3  (  5.8%)
[  93486.50 ..   93489.69 ] ████████████████████████               3  (  5.8%)
[  93489.69 ..   93492.88 ] ████████████████████████               3  (  5.8%)
[  93492.88 ..   93496.06 ] ████████████████████████████████       4  (  7.7%)
[  93496.06 ..   93499.25 ] ████████████████████████               3  (  5.8%)
[  93499.25 ..   93502.44 ] ████████████████████████               3  (  5.8%)
[  93502.44 ..   93505.62 ] ████████████████████████               3  (  5.8%)
[  93505.62 ..   93508.81 ] ████████████████████████               3  (  5.8%)
[  93508.81 ..    93512 ] ████████████████████████████████       4  (  7.7%)
                                                      0%  100%
```

_sparkline computed from time-ordered samples_

### audio_hop_deadline_miss_total

| count | min | max | mean | p50 | p90 | p95 | p99 | p999 |
|---|---|---|---|---|---|---|---|---|
| 52 | 93461 | 93512 | 93486.5 | 93486 | 93507 | 93510 | 93512 | 93512 |

```
[   93461 ..   93464.19 ] ████████████████████████████████       4  (  7.7%)
[  93464.19 ..   93467.38 ] ████████████████████████               3  (  5.8%)
[  93467.38 ..   93470.56 ] ████████████████████████               3  (  5.8%)
[  93470.56 ..   93473.75 ] ████████████████████████               3  (  5.8%)
[  93473.75 ..   93476.94 ] ████████████████████████               3  (  5.8%)
[  93476.94 ..   93480.12 ] ████████████████████████████████       4  (  7.7%)
[  93480.12 ..   93483.31 ] ████████████████████████               3  (  5.8%)
[  93483.31 ..   93486.50 ] ████████████████████████               3  (  5.8%)
[  93486.50 ..   93489.69 ] ████████████████████████               3  (  5.8%)
[  93489.69 ..   93492.88 ] ████████████████████████               3  (  5.8%)
[  93492.88 ..   93496.06 ] ████████████████████████████████       4  (  7.7%)
[  93496.06 ..   93499.25 ] ████████████████████████               3  (  5.8%)
[  93499.25 ..   93502.44 ] ████████████████████████               3  (  5.8%)
[  93502.44 ..   93505.62 ] ████████████████████████               3  (  5.8%)
[  93505.62 ..   93508.81 ] ████████████████████████               3  (  5.8%)
[  93508.81 ..    93512 ] ████████████████████████████████       4  (  7.7%)
                                                      0%  100%
```

_sparkline computed from time-ordered samples_

### audio_hop_freq

| count | min | max | mean | p50 | p90 | p95 | p99 | p999 |
|---|---|---|---|---|---|---|---|---|
| 52 | 3988 | 5088 | 4446.3 | 4388 | 4869 | 4915 | 5088 | 5088 |

```
[    3988 ..    4056.75 ] ███████▏                               2  (  3.8%)
[   4056.75 ..    4125.50 ] ██████████▋                            3  (  5.8%)
[   4125.50 ..    4194.25 ] ██████████▋                            3  (  5.8%)
[   4194.25 ..     4263 ] ██████████▋                            3  (  5.8%)
[    4263 ..    4331.75 ] ████████████████████████▉              7  ( 13.5%)
[   4331.75 ..    4400.50 ] ████████████████████████████████       9  ( 17.3%)
[   4400.50 ..    4469.25 ] ██████████████▎                        4  (  7.7%)
[   4469.25 ..     4538 ] █████████████████████▍                 6  ( 11.5%)
[    4538 ..    4606.75 ] ██████████▋                            3  (  5.8%)
[   4606.75 ..    4675.50 ] ██████████▋                            3  (  5.8%)
[   4675.50 ..    4744.25 ] ███████▏                               2  (  3.8%)
[   4744.25 ..     4813 ]                                        0  (  0.0%)
[    4813 ..    4881.75 ] ███████▏                               2  (  3.8%)
[   4881.75 ..    4950.50 ] ██████████▋                            3  (  5.8%)
[   4950.50 ..    5019.25 ]                                        0  (  0.0%)
[   5019.25 ..     5088 ] ███████▏                               2  (  3.8%)
                                                      0%  100%
```

_sparkline computed from time-ordered samples_

### audio_hop_us

| count | min | max | mean | p50 | p90 | p95 | p99 | p999 |
|---|---|---|---|---|---|---|---|---|
| 52 | 19233 | 24642 | 22122.9 | 22337 | 23717 | 24200 | 24642 | 24642 |

```
[   19233 ..   19571.06 ] ████████                               2  (  3.8%)
[  19571.06 ..   19909.12 ]                                        0  (  0.0%)
[  19909.12 ..   20247.19 ] ████████████████████                   5  (  9.6%)
[  20247.19 ..   20585.25 ]                                        0  (  0.0%)
[  20585.25 ..   20923.31 ] ████                                   1  (  1.9%)
[  20923.31 ..   21261.38 ] ████████████████                       4  (  7.7%)
[  21261.38 ..   21599.44 ] ████████████                           3  (  5.8%)
[  21599.44 ..   21937.50 ] ████████████████████████               6  ( 11.5%)
[  21937.50 ..   22275.56 ] ████████████████                       4  (  7.7%)
[  22275.56 ..   22613.62 ] ████████████████████████████████       8  ( 15.4%)
[  22613.62 ..   22951.69 ] ████████████████████████               6  ( 11.5%)
[  22951.69 ..   23289.75 ] ████████████████                       4  (  7.7%)
[  23289.75 ..   23627.81 ] ████████████                           3  (  5.8%)
[  23627.81 ..   23965.88 ] ████████████                           3  (  5.8%)
[  23965.88 ..   24303.94 ] ████                                   1  (  1.9%)
[  24303.94 ..    24642 ] ████████                               2  (  3.8%)
                                                      0%  100%
```

_sparkline computed from time-ordered samples_

### audio_rms

| count | min | max | mean | p50 | p90 | p95 | p99 | p999 |
|---|---|---|---|---|---|---|---|---|
| 52 | 0 | 0 | 0.0 | 0 | 0 | 0 | 0 | 0 |

```
[       0 ..        0 ] ████████████████████████████████      52  (100.0%)
                                                      0%  100%
```

_sparkline computed from time-ordered samples_

### audio_rms_x1000

| count | min | max | mean | p50 | p90 | p95 | p99 | p999 |
|---|---|---|---|---|---|---|---|---|
| 52 | 0 | 0 | 0.0 | 0 | 0 | 0 | 0 | 0 |

```
[       0 ..        0 ] ████████████████████████████████      52  (100.0%)
                                                      0%  100%
```

_sparkline computed from time-ordered samples_

### audio_silence_scale

| count | min | max | mean | p50 | p90 | p95 | p99 | p999 |
|---|---|---|---|---|---|---|---|---|
| 52 | 156 | 773 | 396.4 | 347 | 710 | 753 | 773 | 773 |

```
[     156 ..     194.56 ] ████████████████████████████████       7  ( 13.5%)
[    194.56 ..     233.12 ] ██████████████████████▉                5  (  9.6%)
[    233.12 ..     271.69 ] ██████████████████████▉                5  (  9.6%)
[    271.69 ..     310.25 ] ██████████████████▎                    4  (  7.7%)
[    310.25 ..     348.81 ] ██████████████████████▉                5  (  9.6%)
[    348.81 ..     387.38 ] █████████████▊                         3  (  5.8%)
[    387.38 ..     425.94 ] ██████████████████▎                    4  (  7.7%)
[    425.94 ..     464.50 ] █████████████▊                         3  (  5.8%)
[    464.50 ..     503.06 ] █████████▏                             2  (  3.8%)
[    503.06 ..     541.62 ] █████████▏                             2  (  3.8%)
[    541.62 ..     580.19 ] █████████▏                             2  (  3.8%)
[    580.19 ..     618.75 ] ████▋                                  1  (  1.9%)
[    618.75 ..     657.31 ] █████████▏                             2  (  3.8%)
[    657.31 ..     695.88 ] ████▋                                  1  (  1.9%)
[    695.88 ..     734.44 ] ████▋                                  1  (  1.9%)
[    734.44 ..      773 ] ██████████████████████▉                5  (  9.6%)
                                                      0%  100%
```

_sparkline computed from time-ordered samples_

### audio_snapshot_age_us

| count | min | max | mean | p50 | p90 | p95 | p99 | p999 |
|---|---|---|---|---|---|---|---|---|
| 131 | 0 | 18002 | 7209.1 | 8853 | 17796 | 17872 | 17984 | 18002 |

```
[       0 ..    1125.12 ] ████████████████████████████████      52  ( 39.7%)
[   1125.12 ..    2250.25 ]                                        0  (  0.0%)
[   2250.25 ..    3375.38 ]                                        0  (  0.0%)
[   3375.38 ..    4500.50 ]                                        0  (  0.0%)
[   4500.50 ..    5625.62 ]                                        0  (  0.0%)
[   5625.62 ..    6750.75 ]                                        0  (  0.0%)
[   6750.75 ..    7875.88 ]                                        0  (  0.0%)
[   7875.88 ..     9001 ] █████████████████████████▉            42  ( 32.1%)
[    9001 ..   10126.12 ] ██████▏                               10  (  7.6%)
[  10126.12 ..   11251.25 ]                                        0  (  0.0%)
[  11251.25 ..   12376.38 ]                                        0  (  0.0%)
[  12376.38 ..   13501.50 ]                                        0  (  0.0%)
[  13501.50 ..   14626.62 ]                                        0  (  0.0%)
[  14626.62 ..   15751.75 ]                                        0  (  0.0%)
[  15751.75 ..   16876.88 ]                                        0  (  0.0%)
[  16876.88 ..    18002 ] ████████████████▋                     27  ( 20.6%)
                                                      0%  100%
```

_sparkline computed from time-ordered samples_

### audio_snapshot_copy_us

| count | min | max | mean | p50 | p90 | p95 | p99 | p999 |
|---|---|---|---|---|---|---|---|---|
| 131 | 78 | 445 | 252.4 | 256 | 333 | 406 | 436 | 445 |

```
[      78 ..     100.94 ] ██▏                                    2  (  1.5%)
[    100.94 ..     123.88 ] ████▏                                  4  (  3.1%)
[    123.88 ..     146.81 ] ██▏                                    2  (  1.5%)
[    146.81 ..     169.75 ] █████▏                                 5  (  3.8%)
[    169.75 ..     192.69 ] █████████████▍                        13  (  9.9%)
[    192.69 ..     215.62 ] ██████▎                                6  (  4.6%)
[    215.62 ..     238.56 ] ██████████████████▋                   18  ( 13.7%)
[    238.56 ..     261.50 ] ████████████████████████████████      31  ( 23.7%)
[    261.50 ..     284.44 ] █████████████████▌                    17  ( 13.0%)
[    284.44 ..     307.38 ] ███████████▍                          11  (  8.4%)
[    307.38 ..     330.31 ] █████▏                                 5  (  3.8%)
[    330.31 ..     353.25 ] █████████▎                             9  (  6.9%)
[    353.25 ..     376.19 ] █                                      1  (  0.8%)
[    376.19 ..     399.12 ]                                        0  (  0.0%)
[    399.12 ..     422.06 ] ██▏                                    2  (  1.5%)
[    422.06 ..      445 ] █████▏                                 5  (  3.8%)
                                                      0%  100%
```

_sparkline computed from time-ordered samples_

### audio_snapshot_hop_seq_lag

| count | min | max | mean | p50 | p90 | p95 | p99 | p999 |
|---|---|---|---|---|---|---|---|---|
| 131 | 0 | 1 | 0.4 | 0 | 1 | 1 | 1 | 1 |

```
[       0 ..       0.06 ] ████████████████████████████████      79  ( 60.3%)
[      0.06 ..       0.12 ]                                        0  (  0.0%)
[      0.12 ..       0.19 ]                                        0  (  0.0%)
[      0.19 ..       0.25 ]                                        0  (  0.0%)
[      0.25 ..       0.31 ]                                        0  (  0.0%)
[      0.31 ..       0.38 ]                                        0  (  0.0%)
[      0.38 ..       0.44 ]                                        0  (  0.0%)
[      0.44 ..       0.50 ]                                        0  (  0.0%)
[      0.50 ..       0.56 ]                                        0  (  0.0%)
[      0.56 ..       0.62 ]                                        0  (  0.0%)
[      0.62 ..       0.69 ]                                        0  (  0.0%)
[      0.69 ..       0.75 ]                                        0  (  0.0%)
[      0.75 ..       0.81 ]                                        0  (  0.0%)
[      0.81 ..       0.88 ]                                        0  (  0.0%)
[      0.88 ..       0.94 ]                                        0  (  0.0%)
[      0.94 ..        1 ] █████████████████████▏                52  ( 39.7%)
                                                      0%  100%
```

_sparkline computed from time-ordered samples_

### band_ratio_us

| count | min | max | mean | p50 | p90 | p95 | p99 | p999 |
|---|---|---|---|---|---|---|---|---|
| 52 | 46 | 113 | 62.0 | 64 | 79 | 91 | 113 | 113 |

```
[      46 ..      50.19 ] ██████████████████████▋               12  ( 23.1%)
[     50.19 ..      54.38 ] █████████████████                      9  ( 17.3%)
[     54.38 ..      58.56 ] █▉                                     1  (  1.9%)
[     58.56 ..      62.75 ] █▉                                     1  (  1.9%)
[     62.75 ..      66.94 ] ████████████████████████████████      17  ( 32.7%)
[     66.94 ..      71.12 ] ███████████▎                           6  ( 11.5%)
[     71.12 ..      75.31 ]                                        0  (  0.0%)
[     75.31 ..      79.50 ] █▉                                     1  (  1.9%)
[     79.50 ..      83.69 ] █▉                                     1  (  1.9%)
[     83.69 ..      87.88 ]                                        0  (  0.0%)
[     87.88 ..      92.06 ] ███▊                                   2  (  3.8%)
[     92.06 ..      96.25 ]                                        0  (  0.0%)
[     96.25 ..     100.44 ] █▉                                     1  (  1.9%)
[    100.44 ..     104.62 ]                                        0  (  0.0%)
[    104.62 ..     108.81 ]                                        0  (  0.0%)
[    108.81 ..      113 ] █▉                                     1  (  1.9%)
                                                      0%  100%
```

_sparkline computed from time-ordered samples_

### br_hihat_energy

| count | min | max | mean | p50 | p90 | p95 | p99 | p999 |
|---|---|---|---|---|---|---|---|---|
| 52 | 1 | 98 | 36.8 | 31 | 80 | 95 | 98 | 98 |

```
[       1 ..       7.06 ] ████████████████████████████████      12  ( 23.1%)
[      7.06 ..      13.12 ] ██▋                                    1  (  1.9%)
[     13.12 ..      19.19 ] ████████                               3  (  5.8%)
[     19.19 ..      25.25 ] █████████████▍                         5  (  9.6%)
[     25.25 ..      31.31 ] █████████████▍                         5  (  9.6%)
[     31.31 ..      37.38 ] ████████████████                       6  ( 11.5%)
[     37.38 ..      43.44 ] ██████████▋                            4  (  7.7%)
[     43.44 ..      49.50 ] █████▍                                 2  (  3.8%)
[     49.50 ..      55.56 ] ██▋                                    1  (  1.9%)
[     55.56 ..      61.62 ] ██▋                                    1  (  1.9%)
[     61.62 ..      67.69 ]                                        0  (  0.0%)
[     67.69 ..      73.75 ] ██▋                                    1  (  1.9%)
[     73.75 ..      79.81 ] █████████████▍                         5  (  9.6%)
[     79.81 ..      85.88 ] █████▍                                 2  (  3.8%)
[     85.88 ..      91.94 ] ██▋                                    1  (  1.9%)
[     91.94 ..       98 ] ████████                               3  (  5.8%)
                                                      0%  100%
```

_sparkline computed from time-ordered samples_

### br_kick_energy

| count | min | max | mean | p50 | p90 | p95 | p99 | p999 |
|---|---|---|---|---|---|---|---|---|
| 52 | 0 | 36 | 4.1 | 0 | 9 | 32 | 36 | 36 |

```
[       0 ..       2.25 ] ████████████████████████████████      38  ( 73.1%)
[      2.25 ..       4.50 ] ▉                                      1  (  1.9%)
[      4.50 ..       6.75 ] ██▌                                    3  (  5.8%)
[      6.75 ..        9 ] ██▌                                    3  (  5.8%)
[       9 ..      11.25 ] █▋                                     2  (  3.8%)
[     11.25 ..      13.50 ]                                        0  (  0.0%)
[     13.50 ..      15.75 ]                                        0  (  0.0%)
[     15.75 ..       18 ] ▉                                      1  (  1.9%)
[      18 ..      20.25 ]                                        0  (  0.0%)
[     20.25 ..      22.50 ]                                        0  (  0.0%)
[     22.50 ..      24.75 ]                                        0  (  0.0%)
[     24.75 ..       27 ]                                        0  (  0.0%)
[      27 ..      29.25 ] ▉                                      1  (  1.9%)
[     29.25 ..      31.50 ]                                        0  (  0.0%)
[     31.50 ..      33.75 ] ▉                                      1  (  1.9%)
[     33.75 ..       36 ] █▋                                     2  (  3.8%)
                                                      0%  100%
```

_sparkline computed from time-ordered samples_

### br_raw_rms

| count | min | max | mean | p50 | p90 | p95 | p99 | p999 |
|---|---|---|---|---|---|---|---|---|
| 52 | 1229 | 5944 | 3083.9 | 3022 | 4348 | 5119 | 5944 | 5944 |

```
[    1229 ..    1523.69 ] ████████████████████                   5  (  9.6%)
[   1523.69 ..    1818.38 ]                                        0  (  0.0%)
[   1818.38 ..    2113.06 ] ████████████████████                   5  (  9.6%)
[   2113.06 ..    2407.75 ] ████████████████████                   5  (  9.6%)
[   2407.75 ..    2702.44 ] ████████████████████████               6  ( 11.5%)
[   2702.44 ..    2997.12 ] ████████████████                       4  (  7.7%)
[   2997.12 ..    3291.81 ] ████████████████████████████████       8  ( 15.4%)
[   3291.81 ..    3586.50 ] ████████████                           3  (  5.8%)
[   3586.50 ..    3881.19 ] ████████████████████                   5  (  9.6%)
[   3881.19 ..    4175.88 ] ████████████                           3  (  5.8%)
[   4175.88 ..    4470.56 ] ████████████                           3  (  5.8%)
[   4470.56 ..    4765.25 ]                                        0  (  0.0%)
[   4765.25 ..    5059.94 ] ████████                               2  (  3.8%)
[   5059.94 ..    5354.62 ] ████                                   1  (  1.9%)
[   5354.62 ..    5649.31 ] ████                                   1  (  1.9%)
[   5649.31 ..     5944 ] ████                                   1  (  1.9%)
                                                      0%  100%
```

_sparkline computed from time-ordered samples_

### br_rms_eligible

| count | min | max | mean | p50 | p90 | p95 | p99 | p999 |
|---|---|---|---|---|---|---|---|---|
| 52 | 0 | 1 | 0.5 | 0 | 1 | 1 | 1 | 1 |

```
[       0 ..       0.06 ] ████████████████████████████████      27  ( 51.9%)
[      0.06 ..       0.12 ]                                        0  (  0.0%)
[      0.12 ..       0.19 ]                                        0  (  0.0%)
[      0.19 ..       0.25 ]                                        0  (  0.0%)
[      0.25 ..       0.31 ]                                        0  (  0.0%)
[      0.31 ..       0.38 ]                                        0  (  0.0%)
[      0.38 ..       0.44 ]                                        0  (  0.0%)
[      0.44 ..       0.50 ]                                        0  (  0.0%)
[      0.50 ..       0.56 ]                                        0  (  0.0%)
[      0.56 ..       0.62 ]                                        0  (  0.0%)
[      0.62 ..       0.69 ]                                        0  (  0.0%)
[      0.69 ..       0.75 ]                                        0  (  0.0%)
[      0.75 ..       0.81 ]                                        0  (  0.0%)
[      0.81 ..       0.88 ]                                        0  (  0.0%)
[      0.88 ..       0.94 ]                                        0  (  0.0%)
[      0.94 ..        1 ] █████████████████████████████▋        25  ( 48.1%)
                                                      0%  100%
```

_sparkline computed from time-ordered samples_

### br_snare_energy

| count | min | max | mean | p50 | p90 | p95 | p99 | p999 |
|---|---|---|---|---|---|---|---|---|
| 52 | 0 | 53 | 18.1 | 13 | 45 | 50 | 53 | 53 |

```
[       0 ..       3.31 ] ████████████████████████████████      17  ( 32.7%)
[      3.31 ..       6.62 ] ███▊                                   2  (  3.8%)
[      6.62 ..       9.94 ] █████▋                                 3  (  5.8%)
[      9.94 ..      13.25 ] ███████▌                               4  (  7.7%)
[     13.25 ..      16.56 ] ███████▌                               4  (  7.7%)
[     16.56 ..      19.88 ] █▉                                     1  (  1.9%)
[     19.88 ..      23.19 ] ███▊                                   2  (  3.8%)
[     23.19 ..      26.50 ] █████▋                                 3  (  5.8%)
[     26.50 ..      29.81 ] ███▊                                   2  (  3.8%)
[     29.81 ..      33.12 ] █▉                                     1  (  1.9%)
[     33.12 ..      36.44 ] █████▋                                 3  (  5.8%)
[     36.44 ..      39.75 ]                                        0  (  0.0%)
[     39.75 ..      43.06 ] ███████▌                               4  (  7.7%)
[     43.06 ..      46.38 ] █▉                                     1  (  1.9%)
[     46.38 ..      49.69 ] ███▊                                   2  (  3.8%)
[     49.69 ..       53 ] █████▋                                 3  (  5.8%)
                                                      0%  100%
```

_sparkline computed from time-ordered samples_

### color_correction_us

| count | min | max | mean | p50 | p90 | p95 | p99 | p999 |
|---|---|---|---|---|---|---|---|---|
| 131 | 360 | 1479 | 877.6 | 959 | 1184 | 1247 | 1424 | 1479 |

```
[     360 ..     429.94 ] ██████▋                                5  (  3.8%)
[    429.94 ..     499.88 ] ████████████████████████              18  ( 13.7%)
[    499.88 ..     569.81 ] █████████████████████▍                16  ( 12.2%)
[    569.81 ..     639.75 ] █▍                                     1  (  0.8%)
[    639.75 ..     709.69 ]                                        0  (  0.0%)
[    709.69 ..     779.62 ]                                        0  (  0.0%)
[    779.62 ..     849.56 ] █████▍                                 4  (  3.1%)
[    849.56 ..     919.50 ] ██████████▋                            8  (  6.1%)
[    919.50 ..     989.44 ] ████████████████████████████████      24  ( 18.3%)
[    989.44 ..    1059.38 ] ██████████████████▋                   14  ( 10.7%)
[   1059.38 ..    1129.31 ] ████████████████████████████          21  ( 16.0%)
[   1129.31 ..    1199.25 ] █████████▍                             7  (  5.3%)
[   1199.25 ..    1269.19 ] ██████████▋                            8  (  6.1%)
[   1269.19 ..    1339.12 ]                                        0  (  0.0%)
[   1339.12 ..    1409.06 ] ██▋                                    2  (  1.5%)
[   1409.06 ..     1479 ] ████                                   3  (  2.3%)
                                                      0%  100%
```

_sparkline computed from time-ordered samples_

### controlbus_publish_copy_us

| count | min | max | mean | p50 | p90 | p95 | p99 | p999 |
|---|---|---|---|---|---|---|---|---|
| 52 | 70 | 236 | 106.4 | 89 | 158 | 162 | 236 | 236 |

```
[      70 ..      80.38 ] █████████████████████████▋            12  ( 23.1%)
[     80.38 ..      90.75 ] ████████████████████████████████      15  ( 28.8%)
[     90.75 ..     101.12 ] ██████████▋                            5  (  9.6%)
[    101.12 ..     111.50 ] ██████████▋                            5  (  9.6%)
[    111.50 ..     121.88 ] ██▏                                    1  (  1.9%)
[    121.88 ..     132.25 ] ██▏                                    1  (  1.9%)
[    132.25 ..     142.62 ] ██▏                                    1  (  1.9%)
[    142.62 ..      153 ] ██████▍                                3  (  5.8%)
[     153 ..     163.38 ] ██████████████▉                        7  ( 13.5%)
[    163.38 ..     173.75 ]                                        0  (  0.0%)
[    173.75 ..     184.12 ]                                        0  (  0.0%)
[    184.12 ..     194.50 ] ██▏                                    1  (  1.9%)
[    194.50 ..     204.88 ]                                        0  (  0.0%)
[    204.88 ..     215.25 ]                                        0  (  0.0%)
[    215.25 ..     225.62 ]                                        0  (  0.0%)
[    225.62 ..      236 ] ██▏                                    1  (  1.9%)
                                                      0%  100%
```

_sparkline computed from time-ordered samples_

### effect_id_active

| count | min | max | mean | p50 | p90 | p95 | p99 | p999 |
|---|---|---|---|---|---|---|---|---|
| 131 | 8448 | 8448 | 8448.0 | 8448 | 8448 | 8448 | 8448 | 8448 |

```
[    8448 ..     8448 ] ████████████████████████████████     131  (100.0%)
                                                      0%  100%
```

_sparkline computed from time-ordered samples_

### fps

| count | min | max | mean | p50 | p90 | p95 | p99 | p999 |
|---|---|---|---|---|---|---|---|---|
| 1 | 119 | 119 | 119.0 | 119 | 119 | 119 | 119 | 119 |

```
[     119 ..      119 ] ████████████████████████████████       1  (100.0%)
                                                      0%  100%
```

_sparkline computed from time-ordered samples_

### heap_free_internal_kb

| count | min | max | mean | p50 | p90 | p95 | p99 | p999 |
|---|---|---|---|---|---|---|---|---|
| 1 | 17 | 17 | 17.0 | 17 | 17 | 17 | 17 | 17 |

```
[      17 ..       17 ] ████████████████████████████████       1  (100.0%)
                                                      0%  100%
```

_sparkline computed from time-ordered samples_

### heap_free_psram_kb

| count | min | max | mean | p50 | p90 | p95 | p99 | p999 |
|---|---|---|---|---|---|---|---|---|
| 1 | 7812 | 7812 | 7812.0 | 7812 | 7812 | 7812 | 7812 | 7812 |

```
[    7812 ..     7812 ] ████████████████████████████████       1  (100.0%)
                                                      0%  100%
```

_sparkline computed from time-ordered samples_

### heap_largest_internal_kb

| count | min | max | mean | p50 | p90 | p95 | p99 | p999 |
|---|---|---|---|---|---|---|---|---|
| 1 | 7 | 7 | 7.0 | 7 | 7 | 7 | 7 | 7 |

```
[       7 ..        7 ] ████████████████████████████████       1  (100.0%)
                                                      0%  100%
```

_sparkline computed from time-ordered samples_

### heap_largest_psram_kb

| count | min | max | mean | p50 | p90 | p95 | p99 | p999 |
|---|---|---|---|---|---|---|---|---|
| 1 | 7807 | 7807 | 7807.0 | 7807 | 7807 | 7807 | 7807 | 7807 |

```
[    7807 ..     7807 ] ████████████████████████████████       1  (100.0%)
                                                      0%  100%
```

_sparkline computed from time-ordered samples_

### led_show_avg_us

| count | min | max | mean | p50 | p90 | p95 | p99 | p999 |
|---|---|---|---|---|---|---|---|---|
| 1 | 541 | 541 | 541.0 | 541 | 541 | 541 | 541 | 541 |

```
[     541 ..      541 ] ████████████████████████████████       1  (100.0%)
                                                      0%  100%
```

_sparkline computed from time-ordered samples_

### led_show_failures_total

| count | min | max | mean | p50 | p90 | p95 | p99 | p999 |
|---|---|---|---|---|---|---|---|---|
| 1 | 0 | 0 | 0.0 | 0 | 0 | 0 | 0 | 0 |

```
[       0 ..        0 ] ████████████████████████████████       1  (100.0%)
                                                      0%  100%
```

_sparkline computed from time-ordered samples_

### led_show_max_us

| count | min | max | mean | p50 | p90 | p95 | p99 | p999 |
|---|---|---|---|---|---|---|---|---|
| 1 | 2091 | 2091 | 2091.0 | 2091 | 2091 | 2091 | 2091 | 2091 |

```
[    2091 ..     2091 ] ████████████████████████████████       1  (100.0%)
                                                      0%  100%
```

_sparkline computed from time-ordered samples_

### led_show_skips_total

| count | min | max | mean | p50 | p90 | p95 | p99 | p999 |
|---|---|---|---|---|---|---|---|---|
| 1 | 0 | 0 | 0.0 | 0 | 0 | 0 | 0 | 0 |

```
[       0 ..        0 ] ████████████████████████████████       1  (100.0%)
                                                      0%  100%
```

_sparkline computed from time-ordered samples_

### onset_activity

| count | min | max | mean | p50 | p90 | p95 | p99 | p999 |
|---|---|---|---|---|---|---|---|---|
| 51 | 0 | 0 | 0.0 | 0 | 0 | 0 | 0 | 0 |

```
[       0 ..        0 ] ████████████████████████████████      51  (100.0%)
                                                      0%  100%
```

_sparkline computed from time-ordered samples_

### onset_bass_flux

| count | min | max | mean | p50 | p90 | p95 | p99 | p999 |
|---|---|---|---|---|---|---|---|---|
| 52 | 0 | 5914 | 1108.0 | 689 | 3157 | 3962 | 5914 | 5914 |

```
[       0 ..     369.62 ] ████████████████████████████████      22  ( 42.3%)
[    369.62 ..     739.25 ] ███████▎                               5  (  9.6%)
[    739.25 ..    1108.88 ] ██████████▏                            7  ( 13.5%)
[   1108.88 ..    1478.50 ] ████▍                                  3  (  5.8%)
[   1478.50 ..    1848.12 ] █▌                                     1  (  1.9%)
[   1848.12 ..    2217.75 ] █████▉                                 4  (  7.7%)
[   2217.75 ..    2587.38 ] ██▉                                    2  (  3.8%)
[   2587.38 ..     2957 ] █▌                                     1  (  1.9%)
[    2957 ..    3326.62 ] █████▉                                 4  (  7.7%)
[   3326.62 ..    3696.25 ]                                        0  (  0.0%)
[   3696.25 ..    4065.88 ] █▌                                     1  (  1.9%)
[   4065.88 ..    4435.50 ]                                        0  (  0.0%)
[   4435.50 ..    4805.12 ] █▌                                     1  (  1.9%)
[   4805.12 ..    5174.75 ]                                        0  (  0.0%)
[   5174.75 ..    5544.38 ]                                        0  (  0.0%)
[   5544.38 ..     5914 ] █▌                                     1  (  1.9%)
                                                      0%  100%
```

_sparkline computed from time-ordered samples_

### onset_decision_us

| count | min | max | mean | p50 | p90 | p95 | p99 | p999 |
|---|---|---|---|---|---|---|---|---|
| 52 | 0 | 1505 | 660.0 | 820 | 1125 | 1204 | 1505 | 1505 |

```
[       0 ..      94.06 ] ████████████████████████████████      16  ( 30.8%)
[     94.06 ..     188.12 ] ██                                     1  (  1.9%)
[    188.12 ..     282.19 ]                                        0  (  0.0%)
[    282.19 ..     376.25 ]                                        0  (  0.0%)
[    376.25 ..     470.31 ]                                        0  (  0.0%)
[    470.31 ..     564.38 ]                                        0  (  0.0%)
[    564.38 ..     658.44 ]                                        0  (  0.0%)
[    658.44 ..     752.50 ]                                        0  (  0.0%)
[    752.50 ..     846.56 ] ██████████████████████████████        15  ( 28.8%)
[    846.56 ..     940.62 ] ██████                                 3  (  5.8%)
[    940.62 ..    1034.69 ] ██████████                             5  (  9.6%)
[   1034.69 ..    1128.75 ] ██████████████                         7  ( 13.5%)
[   1128.75 ..    1222.81 ] ██████                                 3  (  5.8%)
[   1222.81 ..    1316.88 ]                                        0  (  0.0%)
[   1316.88 ..    1410.94 ] ██                                     1  (  1.9%)
[   1410.94 ..     1505 ] ██                                     1  (  1.9%)
                                                      0%  100%
```

_sparkline computed from time-ordered samples_

### onset_env

| count | min | max | mean | p50 | p90 | p95 | p99 | p999 |
|---|---|---|---|---|---|---|---|---|
| 52 | 0 | 25000 | 1404.5 | 0 | 5230 | 9389 | 25000 | 25000 |

```
[       0 ..    1562.50 ] ████████████████████████████████      45  ( 86.5%)
[   1562.50 ..     3125 ]                                        0  (  0.0%)
[    3125 ..    4687.50 ] ▊                                      1  (  1.9%)
[   4687.50 ..     6250 ] █▍                                     2  (  3.8%)
[    6250 ..    7812.50 ]                                        0  (  0.0%)
[   7812.50 ..     9375 ] ▊                                      1  (  1.9%)
[    9375 ..   10937.50 ] ▊                                      1  (  1.9%)
[  10937.50 ..    12500 ]                                        0  (  0.0%)
[   12500 ..   14062.50 ]                                        0  (  0.0%)
[  14062.50 ..    15625 ] ▊                                      1  (  1.9%)
[   15625 ..   17187.50 ]                                        0  (  0.0%)
[  17187.50 ..    18750 ]                                        0  (  0.0%)
[   18750 ..   20312.50 ]                                        0  (  0.0%)
[  20312.50 ..    21875 ]                                        0  (  0.0%)
[   21875 ..   23437.50 ]                                        0  (  0.0%)
[  23437.50 ..    25000 ] ▊                                      1  (  1.9%)
                                                      0%  100%
```

_sparkline computed from time-ordered samples_

### onset_event_strength

| count | min | max | mean | p50 | p90 | p95 | p99 | p999 |
|---|---|---|---|---|---|---|---|---|
| 52 | 0 | 0 | 0.0 | 0 | 0 | 0 | 0 | 0 |

```
[       0 ..        0 ] ████████████████████████████████      52  (100.0%)
                                                      0%  100%
```

_sparkline computed from time-ordered samples_

### onset_fft_frontend_us

| count | min | max | mean | p50 | p90 | p95 | p99 | p999 |
|---|---|---|---|---|---|---|---|---|
| 52 | 0 | 1284 | 774.9 | 806 | 1222 | 1239 | 1284 | 1284 |

```
[       0 ..      80.25 ] █████████████████████▍                10  ( 19.2%)
[     80.25 ..     160.50 ]                                        0  (  0.0%)
[    160.50 ..     240.75 ]                                        0  (  0.0%)
[    240.75 ..      321 ]                                        0  (  0.0%)
[     321 ..     401.25 ]                                        0  (  0.0%)
[    401.25 ..     481.50 ]                                        0  (  0.0%)
[    481.50 ..     561.75 ]                                        0  (  0.0%)
[    561.75 ..      642 ]                                        0  (  0.0%)
[     642 ..     722.25 ]                                        0  (  0.0%)
[    722.25 ..     802.50 ] ████████████████████████████████      15  ( 28.8%)
[    802.50 ..     882.75 ] ████████████▊                          6  ( 11.5%)
[    882.75 ..      963 ] ██████▍                                3  (  5.8%)
[     963 ..    1043.25 ] ████▎                                  2  (  3.8%)
[   1043.25 ..    1123.50 ] ████▎                                  2  (  3.8%)
[   1123.50 ..    1203.75 ] ████████████▊                          6  ( 11.5%)
[   1203.75 ..     1284 ] █████████████████▏                     8  ( 15.4%)
                                                      0%  100%
```

_sparkline computed from time-ordered samples_

### onset_flux

| count | min | max | mean | p50 | p90 | p95 | p99 | p999 |
|---|---|---|---|---|---|---|---|---|
| 52 | 0 | 74560 | 24819.3 | 25097 | 58949 | 64857 | 74560 | 74560 |

```
[       0 ..     4660 ] ████████████████████████████████      17  ( 32.7%)
[    4660 ..     9320 ] ███▊                                   2  (  3.8%)
[    9320 ..    13980 ]                                        0  (  0.0%)
[   13980 ..    18640 ] █████▋                                 3  (  5.8%)
[   18640 ..    23300 ] ███▊                                   2  (  3.8%)
[   23300 ..    27960 ] █████▋                                 3  (  5.8%)
[   27960 ..    32620 ] █████████████▏                         7  ( 13.5%)
[   32620 ..    37280 ] █████▋                                 3  (  5.8%)
[   37280 ..    41940 ] ███████▌                               4  (  7.7%)
[   41940 ..    46600 ] █▉                                     1  (  1.9%)
[   46600 ..    51260 ] █████▋                                 3  (  5.8%)
[   51260 ..    55920 ]                                        0  (  0.0%)
[   55920 ..    60580 ] ███████▌                               4  (  7.7%)
[   60580 ..    65240 ] █▉                                     1  (  1.9%)
[   65240 ..    69900 ] █▉                                     1  (  1.9%)
[   69900 ..    74560 ] █▉                                     1  (  1.9%)
                                                      0%  100%
```

_sparkline computed from time-ordered samples_

### onset_flux_us

| count | min | max | mean | p50 | p90 | p95 | p99 | p999 |
|---|---|---|---|---|---|---|---|---|
| 52 | 0 | 1402 | 597.8 | 755 | 1040 | 1080 | 1402 | 1402 |

```
[       0 ..      87.62 ] ████████████████████████████████      17  ( 32.7%)
[     87.62 ..     175.25 ]                                        0  (  0.0%)
[    175.25 ..     262.88 ]                                        0  (  0.0%)
[    262.88 ..     350.50 ]                                        0  (  0.0%)
[    350.50 ..     438.12 ]                                        0  (  0.0%)
[    438.12 ..     525.75 ]                                        0  (  0.0%)
[    525.75 ..     613.38 ]                                        0  (  0.0%)
[    613.38 ..      701 ]                                        0  (  0.0%)
[     701 ..     788.62 ] ████████████████████████████▎         15  ( 28.8%)
[    788.62 ..     876.25 ] ███████▌                               4  (  7.7%)
[    876.25 ..     963.88 ] ███████████▎                           6  ( 11.5%)
[    963.88 ..    1051.50 ] █████████▍                             5  (  9.6%)
[   1051.50 ..    1139.12 ] █████▋                                 3  (  5.8%)
[   1139.12 ..    1226.75 ]                                        0  (  0.0%)
[   1226.75 ..    1314.38 ] █▉                                     1  (  1.9%)
[   1314.38 ..     1402 ] █▉                                     1  (  1.9%)
                                                      0%  100%
```

_sparkline computed from time-ordered samples_

### onset_gate_flags

| count | min | max | mean | p50 | p90 | p95 | p99 | p999 |
|---|---|---|---|---|---|---|---|---|
| 51 | 1 | 4 | 2.1 | 2 | 4 | 4 | 4 | 4 |

```
[       1 ..       1.19 ] █████████▍                            10  ( 19.6%)
[      1.19 ..       1.38 ]                                        0  (  0.0%)
[      1.38 ..       1.56 ]                                        0  (  0.0%)
[      1.56 ..       1.75 ]                                        0  (  0.0%)
[      1.75 ..       1.94 ]                                        0  (  0.0%)
[      1.94 ..       2.12 ] ████████████████████████████████      34  ( 66.7%)
[      2.12 ..       2.31 ]                                        0  (  0.0%)
[      2.31 ..       2.50 ]                                        0  (  0.0%)
[      2.50 ..       2.69 ]                                        0  (  0.0%)
[      2.69 ..       2.88 ]                                        0  (  0.0%)
[      2.88 ..       3.06 ]                                        0  (  0.0%)
[      3.06 ..       3.25 ]                                        0  (  0.0%)
[      3.25 ..       3.44 ]                                        0  (  0.0%)
[      3.44 ..       3.62 ]                                        0  (  0.0%)
[      3.62 ..       3.81 ]                                        0  (  0.0%)
[      3.81 ..        4 ] ██████▋                                7  ( 13.7%)
                                                      0%  100%
```

_sparkline computed from time-ordered samples_

### onset_high_flux

| count | min | max | mean | p50 | p90 | p95 | p99 | p999 |
|---|---|---|---|---|---|---|---|---|
| 52 | 0 | 90335 | 37529.0 | 44715 | 71975 | 75906 | 90335 | 90335 |

```
[       0 ..    5645.94 ] ████████████████████████████████      17  ( 32.7%)
[   5645.94 ..   11291.88 ]                                        0  (  0.0%)
[  11291.88 ..   16937.81 ]                                        0  (  0.0%)
[  16937.81 ..   22583.75 ]                                        0  (  0.0%)
[  22583.75 ..   28229.69 ] ███▊                                   2  (  3.8%)
[  28229.69 ..   33875.62 ] ███▊                                   2  (  3.8%)
[  33875.62 ..   39521.56 ] █▉                                     1  (  1.9%)
[  39521.56 ..   45167.50 ] ███████▌                               4  (  7.7%)
[  45167.50 ..   50813.44 ] ███████▌                               4  (  7.7%)
[  50813.44 ..   56459.38 ] ███████████▎                           6  ( 11.5%)
[  56459.38 ..   62105.31 ] ███████▌                               4  (  7.7%)
[  62105.31 ..   67751.25 ] █████▋                                 3  (  5.8%)
[  67751.25 ..   73397.19 ] █████████▍                             5  (  9.6%)
[  73397.19 ..   79043.12 ] ███▊                                   2  (  3.8%)
[  79043.12 ..   84689.06 ] █▉                                     1  (  1.9%)
[  84689.06 ..    90335 ] █▉                                     1  (  1.9%)
                                                      0%  100%
```

_sparkline computed from time-ordered samples_

### onset_input_rms

| count | min | max | mean | p50 | p90 | p95 | p99 | p999 |
|---|---|---|---|---|---|---|---|---|
| 51 | 1229 | 5944 | 3086.0 | 3050 | 4348 | 5119 | 5944 | 5944 |

```
[    1229 ..    1523.69 ] ████████████████████                   5  (  9.8%)
[   1523.69 ..    1818.38 ]                                        0  (  0.0%)
[   1818.38 ..    2113.06 ] ████████████████████                   5  (  9.8%)
[   2113.06 ..    2407.75 ] ████████████████████                   5  (  9.8%)
[   2407.75 ..    2702.44 ] ████████████████████████               6  ( 11.8%)
[   2702.44 ..    2997.12 ] ████████████                           3  (  5.9%)
[   2997.12 ..    3291.81 ] ████████████████████████████████       8  ( 15.7%)
[   3291.81 ..    3586.50 ] ████████████                           3  (  5.9%)
[   3586.50 ..    3881.19 ] ████████████████████                   5  (  9.8%)
[   3881.19 ..    4175.88 ] ████████████                           3  (  5.9%)
[   4175.88 ..    4470.56 ] ████████████                           3  (  5.9%)
[   4470.56 ..    4765.25 ]                                        0  (  0.0%)
[   4765.25 ..    5059.94 ] ████████                               2  (  3.9%)
[   5059.94 ..    5354.62 ] ████                                   1  (  2.0%)
[   5354.62 ..    5649.31 ] ████                                   1  (  2.0%)
[   5649.31 ..     5944 ] ████                                   1  (  2.0%)
                                                      0%  100%
```

_sparkline computed from time-ordered samples_

### onset_mid_flux

| count | min | max | mean | p50 | p90 | p95 | p99 | p999 |
|---|---|---|---|---|---|---|---|---|
| 52 | 0 | 14803 | 4561.2 | 4075 | 10417 | 11609 | 14803 | 14803 |

```
[       0 ..     925.19 ] ████████████████████████████████      18  ( 34.6%)
[    925.19 ..    1850.38 ] █▊                                     1  (  1.9%)
[   1850.38 ..    2775.56 ] █▊                                     1  (  1.9%)
[   2775.56 ..    3700.75 ] ███████▏                               4  (  7.7%)
[   3700.75 ..    4625.94 ] ████████████▌                          7  ( 13.5%)
[   4625.94 ..    5551.12 ] █████▍                                 3  (  5.8%)
[   5551.12 ..    6476.31 ] █▊                                     1  (  1.9%)
[   6476.31 ..    7401.50 ] ███▌                                   2  (  3.8%)
[   7401.50 ..    8326.69 ] ███▌                                   2  (  3.8%)
[   8326.69 ..    9251.88 ] ███▌                                   2  (  3.8%)
[   9251.88 ..   10177.06 ] ████████▉                              5  (  9.6%)
[  10177.06 ..   11102.25 ] █▊                                     1  (  1.9%)
[  11102.25 ..   12027.44 ] █████▍                                 3  (  5.8%)
[  12027.44 ..   12952.62 ]                                        0  (  0.0%)
[  12952.62 ..   13877.81 ] █▊                                     1  (  1.9%)
[  13877.81 ..    14803 ] █▊                                     1  (  1.9%)
                                                      0%  100%
```

_sparkline computed from time-ordered samples_

### onset_noise_floor

| count | min | max | mean | p50 | p90 | p95 | p99 | p999 |
|---|---|---|---|---|---|---|---|---|
| 51 | 4844 | 5355 | 5089.6 | 5069 | 5308 | 5342 | 5355 | 5355 |

```
[    4844 ..    4875.94 ] █████████████████████▍                 4  (  7.8%)
[   4875.94 ..    4907.88 ] ████████████████                       3  (  5.9%)
[   4907.88 ..    4939.81 ] ██████████▋                            2  (  3.9%)
[   4939.81 ..    4971.75 ] ████████████████████████████████       6  ( 11.8%)
[   4971.75 ..    5003.69 ] ████████████████                       3  (  5.9%)
[   5003.69 ..    5035.62 ] █████████████████████▍                 4  (  7.8%)
[   5035.62 ..    5067.56 ] ████████████████                       3  (  5.9%)
[   5067.56 ..    5099.50 ] ████████████████                       3  (  5.9%)
[   5099.50 ..    5131.44 ] ██████████▋                            2  (  3.9%)
[   5131.44 ..    5163.38 ] ██████████▋                            2  (  3.9%)
[   5163.38 ..    5195.31 ] ████████████████                       3  (  5.9%)
[   5195.31 ..    5227.25 ] ████████████████                       3  (  5.9%)
[   5227.25 ..    5259.19 ] ████████████████                       3  (  5.9%)
[   5259.19 ..    5291.12 ] ████████████████                       3  (  5.9%)
[   5291.12 ..    5323.06 ] ████████████████                       3  (  5.9%)
[   5323.06 ..     5355 ] █████████████████████▍                 4  (  7.8%)
                                                      0%  100%
```

_sparkline computed from time-ordered samples_

### onset_process_us

| count | min | max | mean | p50 | p90 | p95 | p99 | p999 |
|---|---|---|---|---|---|---|---|---|
| 52 | 12 | 2669 | 1454.5 | 1614 | 2388 | 2476 | 2669 | 2669 |

```
[      12 ..     178.06 ] ██████████████████████████▋           10  ( 19.2%)
[    178.06 ..     344.12 ]                                        0  (  0.0%)
[    344.12 ..     510.19 ]                                        0  (  0.0%)
[    510.19 ..     676.25 ]                                        0  (  0.0%)
[    676.25 ..     842.31 ] █████▍                                 2  (  3.8%)
[    842.31 ..    1008.38 ] █████▍                                 2  (  3.8%)
[   1008.38 ..    1174.44 ] ██▋                                    1  (  1.9%)
[   1174.44 ..    1340.50 ]                                        0  (  0.0%)
[   1340.50 ..    1506.56 ] █████▍                                 2  (  3.8%)
[   1506.56 ..    1672.62 ] ████████████████████████████████      12  ( 23.1%)
[   1672.62 ..    1838.69 ] █████████████▍                         5  (  9.6%)
[   1838.69 ..    2004.75 ] ████████████████                       6  ( 11.5%)
[   2004.75 ..    2170.81 ]                                        0  (  0.0%)
[   2170.81 ..    2336.88 ] ████████████████                       6  ( 11.5%)
[   2336.88 ..    2502.94 ] ██████████▋                            4  (  7.7%)
[   2502.94 ..     2669 ] █████▍                                 2  (  3.8%)
                                                      0%  100%
```

_sparkline computed from time-ordered samples_

### render_frame_work_us

| count | min | max | mean | p50 | p90 | p95 | p99 | p999 |
|---|---|---|---|---|---|---|---|---|
| 131 | 2281 | 4257 | 3315.5 | 3345 | 3798 | 3994 | 4179 | 4257 |

```
[    2281 ..    2404.50 ] █▌                                     1  (  0.8%)
[   2404.50 ..     2528 ] ██▉                                    2  (  1.5%)
[    2528 ..    2651.50 ] █████▉                                 4  (  3.1%)
[   2651.50 ..     2775 ] ████████▊                              6  (  4.6%)
[    2775 ..    2898.50 ] ████████████████████▍                 14  ( 10.7%)
[   2898.50 ..     3022 ] ██████████▏                            7  (  5.3%)
[    3022 ..    3145.50 ] ███████▎                               5  (  3.8%)
[   3145.50 ..     3269 ] █████████████████▌                    12  (  9.2%)
[    3269 ..    3392.50 ] ████████████████████████████████      22  ( 16.8%)
[   3392.50 ..     3516 ] ███████████████████████▎              16  ( 12.2%)
[    3516 ..    3639.50 ] ███████████████████████▎              16  ( 12.2%)
[   3639.50 ..     3763 ] █████████████▏                         9  (  6.9%)
[    3763 ..    3886.50 ] ████████▊                              6  (  4.6%)
[   3886.50 ..     4010 ] ████████▊                              6  (  4.6%)
[    4010 ..    4133.50 ] ██▉                                    2  (  1.5%)
[   4133.50 ..     4257 ] ████▍                                  3  (  2.3%)
                                                      0%  100%
```

_sparkline computed from time-ordered samples_

### rmt_errors_total

| count | min | max | mean | p50 | p90 | p95 | p99 | p999 |
|---|---|---|---|---|---|---|---|---|
| 1 | 0 | 0 | 0.0 | 0 | 0 | 0 | 0 | 0 |

```
[       0 ..        0 ] ████████████████████████████████       1  (100.0%)
                                                      0%  100%
```

_sparkline computed from time-ordered samples_

### rmt_underruns_total

| count | min | max | mean | p50 | p90 | p95 | p99 | p999 |
|---|---|---|---|---|---|---|---|---|
| 1 | 0 | 0 | 0.0 | 0 | 0 | 0 | 0 | 0 |

```
[       0 ..        0 ] ████████████████████████████████       1  (100.0%)
                                                      0%  100%
```

_sparkline computed from time-ordered samples_

### rts_audio_conf

| count | min | max | mean | p50 | p90 | p95 | p99 | p999 |
|---|---|---|---|---|---|---|---|---|
| 131 | 1000 | 1000 | 1000.0 | 1000 | 1000 | 1000 | 1000 | 1000 |

```
[    1000 ..     1000 ] ████████████████████████████████     131  (100.0%)
                                                      0%  100%
```

_sparkline computed from time-ordered samples_

### rts_fade_amount

| count | min | max | mean | p50 | p90 | p95 | p99 | p999 |
|---|---|---|---|---|---|---|---|---|
| 131 | 0 | 0 | 0.0 | 0 | 0 | 0 | 0 | 0 |

```
[       0 ..        0 ] ████████████████████████████████     131  (100.0%)
                                                      0%  100%
```

_sparkline computed from time-ordered samples_

### rts_fast_rms

| count | min | max | mean | p50 | p90 | p95 | p99 | p999 |
|---|---|---|---|---|---|---|---|---|
| 131 | 0 | 0 | 0.0 | 0 | 0 | 0 | 0 | 0 |

```
[       0 ..        0 ] ████████████████████████████████     131  (100.0%)
                                                      0%  100%
```

_sparkline computed from time-ordered samples_

### rts_onset_env_pushed

| count | min | max | mean | p50 | p90 | p95 | p99 | p999 |
|---|---|---|---|---|---|---|---|---|
| 131 | 599 | 999 | 906.5 | 941 | 999 | 999 | 999 | 999 |

```
[     599 ..      624 ] █▎                                     2  (  1.5%)
[     624 ..      649 ] ▋                                      1  (  0.8%)
[     649 ..      674 ] █▎                                     2  (  1.5%)
[     674 ..      699 ] █▊                                     3  (  2.3%)
[     699 ..      724 ] █▊                                     3  (  2.3%)
[     724 ..      749 ] █▊                                     3  (  2.3%)
[     749 ..      774 ] ██▍                                    4  (  3.1%)
[     774 ..      799 ] ██▍                                    4  (  3.1%)
[     799 ..      824 ] ███▋                                   6  (  4.6%)
[     824 ..      849 ] ██▍                                    4  (  3.1%)
[     849 ..      874 ] ████▎                                  7  (  5.3%)
[     874 ..      899 ] ██████▋                               11  (  8.4%)
[     899 ..      924 ] █████▍                                 9  (  6.9%)
[     924 ..      949 ] █████▍                                 9  (  6.9%)
[     949 ..      974 ] ██████                                10  (  7.6%)
[     974 ..      999 ] ████████████████████████████████      53  ( 40.5%)
                                                      0%  100%
```

_sparkline computed from time-ordered samples_

### rts_onset_flux

| count | min | max | mean | p50 | p90 | p95 | p99 | p999 |
|---|---|---|---|---|---|---|---|---|
| 131 | 0 | 74560 | 24893.2 | 26059 | 58949 | 64857 | 74560 | 74560 |

```
[       0 ..     4660 ] ████████████████████████████████      42  ( 32.1%)
[    4660 ..     9320 ] ████▋                                  6  (  4.6%)
[    9320 ..    13980 ]                                        0  (  0.0%)
[   13980 ..    18640 ] █████▍                                 7  (  5.3%)
[   18640 ..    23300 ] ███                                    4  (  3.1%)
[   23300 ..    27960 ] ██████▉                                9  (  6.9%)
[   27960 ..    32620 ] █████████████                         17  ( 13.0%)
[   32620 ..    37280 ] █████▍                                 7  (  5.3%)
[   37280 ..    41940 ] ████████▍                             11  (  8.4%)
[   41940 ..    46600 ] ██▎                                    3  (  2.3%)
[   46600 ..    51260 ] ██████▏                                8  (  6.1%)
[   51260 ..    55920 ]                                        0  (  0.0%)
[   55920 ..    60580 ] ███████▋                              10  (  7.6%)
[   60580 ..    65240 ] █▌                                     2  (  1.5%)
[   65240 ..    69900 ] ██▎                                    3  (  2.3%)
[   69900 ..    74560 ] █▌                                     2  (  1.5%)
                                                      0%  100%
```

_sparkline computed from time-ordered samples_

### rts_push_interval_us

| count | min | max | mean | p50 | p90 | p95 | p99 | p999 |
|---|---|---|---|---|---|---|---|---|
| 131 | 33333 | 33333 | 33333.0 | 33333 | 33333 | 33333 | 33333 | 33333 |

```
[   33333 ..    33333 ] ████████████████████████████████     131  (100.0%)
                                                      0%  100%
```

_sparkline computed from time-ordered samples_

### rts_pushes

| count | min | max | mean | p50 | p90 | p95 | p99 | p999 |
|---|---|---|---|---|---|---|---|---|
| 131 | 0 | 1 | 0.3 | 0 | 1 | 1 | 1 | 1 |

```
[       0 ..       0.06 ] ████████████████████████████████      95  ( 72.5%)
[      0.06 ..       0.12 ]                                        0  (  0.0%)
[      0.12 ..       0.19 ]                                        0  (  0.0%)
[      0.19 ..       0.25 ]                                        0  (  0.0%)
[      0.25 ..       0.31 ]                                        0  (  0.0%)
[      0.31 ..       0.38 ]                                        0  (  0.0%)
[      0.38 ..       0.44 ]                                        0  (  0.0%)
[      0.44 ..       0.50 ]                                        0  (  0.0%)
[      0.50 ..       0.56 ]                                        0  (  0.0%)
[      0.56 ..       0.62 ]                                        0  (  0.0%)
[      0.62 ..       0.69 ]                                        0  (  0.0%)
[      0.69 ..       0.75 ]                                        0  (  0.0%)
[      0.75 ..       0.81 ]                                        0  (  0.0%)
[      0.81 ..       0.88 ]                                        0  (  0.0%)
[      0.88 ..       0.94 ]                                        0  (  0.0%)
[      0.94 ..        1 ] ████████████▏                         36  ( 27.5%)
                                                      0%  100%
```

_sparkline computed from time-ordered samples_

### rts_ring_count

| count | min | max | mean | p50 | p90 | p95 | p99 | p999 |
|---|---|---|---|---|---|---|---|---|
| 131 | 80 | 80 | 80.0 | 80 | 80 | 80 | 80 | 80 |

```
[      80 ..       80 ] ████████████████████████████████     131  (100.0%)
                                                      0%  100%
```

_sparkline computed from time-ordered samples_

### rts_silent_scale

| count | min | max | mean | p50 | p90 | p95 | p99 | p999 |
|---|---|---|---|---|---|---|---|---|
| 131 | 156 | 773 | 398.8 | 362 | 710 | 753 | 773 | 773 |

```
[     156 ..     194.56 ] ████████████████████████████████      18  ( 13.7%)
[    194.56 ..     233.12 ] ███████████████████████▏              13  (  9.9%)
[    233.12 ..     271.69 ] ███████████████████▌                  11  (  8.4%)
[    271.69 ..     310.25 ] ███████████████████▌                  11  (  8.4%)
[    310.25 ..     348.81 ] █████████████████████▍                12  (  9.2%)
[    348.81 ..     387.38 ] ████████████▌                          7  (  5.3%)
[    387.38 ..     425.94 ] █████████████████▊                    10  (  7.6%)
[    425.94 ..     464.50 ] ████████████▌                          7  (  5.3%)
[    464.50 ..     503.06 ] ██████████▋                            6  (  4.6%)
[    503.06 ..     541.62 ] ████████▉                              5  (  3.8%)
[    541.62 ..     580.19 ] ████████▉                              5  (  3.8%)
[    580.19 ..     618.75 ] █████▍                                 3  (  2.3%)
[    618.75 ..     657.31 ] ████████▉                              5  (  3.8%)
[    657.31 ..     695.88 ] ███▌                                   2  (  1.5%)
[    695.88 ..     734.44 ] █████▍                                 3  (  2.3%)
[    734.44 ..      773 ] ███████████████████████▏              13  (  9.9%)
                                                      0%  100%
```

_sparkline computed from time-ordered samples_

### snapshot_read_retries_total

| count | min | max | mean | p50 | p90 | p95 | p99 | p999 |
|---|---|---|---|---|---|---|---|---|
| 131 | 3336 | 3341 | 3338.7 | 3338 | 3341 | 3341 | 3341 | 3341 |

```
[    3336 ..    3336.31 ] ██████████████████████▎               23  ( 17.6%)
[   3336.31 ..    3336.62 ]                                        0  (  0.0%)
[   3336.62 ..    3336.94 ]                                        0  (  0.0%)
[   3336.94 ..    3337.25 ] ████████████▋                         13  (  9.9%)
[   3337.25 ..    3337.56 ]                                        0  (  0.0%)
[   3337.56 ..    3337.88 ]                                        0  (  0.0%)
[   3337.88 ..    3338.19 ] ████████████████████████████████      33  ( 25.2%)
[   3338.19 ..    3338.50 ]                                        0  (  0.0%)
[   3338.50 ..    3338.81 ]                                        0  (  0.0%)
[   3338.81 ..    3339.12 ] ██████▊                                7  (  5.3%)
[   3339.12 ..    3339.44 ]                                        0  (  0.0%)
[   3339.44 ..    3339.75 ]                                        0  (  0.0%)
[   3339.75 ..    3340.06 ] ██████████████████████▎               23  ( 17.6%)
[   3340.06 ..    3340.38 ]                                        0  (  0.0%)
[   3340.38 ..    3340.69 ]                                        0  (  0.0%)
[   3340.69 ..     3341 ] ███████████████████████████████       32  ( 24.4%)
                                                      0%  100%
```

_sparkline computed from time-ordered samples_

### spectral_novelty

| count | min | max | mean | p50 | p90 | p95 | p99 | p999 |
|---|---|---|---|---|---|---|---|---|
| 52 | 0 | 36 | 14.3 | 13 | 26 | 29 | 36 | 36 |

```
[       0 ..       2.25 ] ████████████████████████████           7  ( 13.5%)
[      2.25 ..       4.50 ] ████████                               2  (  3.8%)
[      4.50 ..       6.75 ] ████████                               2  (  3.8%)
[      6.75 ..        9 ] ████████████                           3  (  5.8%)
[       9 ..      11.25 ] ████████████████████████               6  ( 11.5%)
[     11.25 ..      13.50 ] ████████████████████████               6  ( 11.5%)
[     13.50 ..      15.75 ] ████████████                           3  (  5.8%)
[     15.75 ..       18 ] ████████                               2  (  3.8%)
[      18 ..      20.25 ] ████████████████████████████████       8  ( 15.4%)
[     20.25 ..      22.50 ] ████████████████                       4  (  7.7%)
[     22.50 ..      24.75 ] ████████                               2  (  3.8%)
[     24.75 ..       27 ] ████████                               2  (  3.8%)
[      27 ..      29.25 ] ████████████                           3  (  5.8%)
[     29.25 ..      31.50 ]                                        0  (  0.0%)
[     31.50 ..      33.75 ] ████                                   1  (  1.9%)
[     33.75 ..       36 ] ████                                   1  (  1.9%)
                                                      0%  100%
```

_sparkline computed from time-ordered samples_

### task_stack_hwm_audio

| count | min | max | mean | p50 | p90 | p95 | p99 | p999 |
|---|---|---|---|---|---|---|---|---|
| 1 | 8748 | 8748 | 8748.0 | 8748 | 8748 | 8748 | 8748 | 8748 |

```
[    8748 ..     8748 ] ████████████████████████████████       1  (100.0%)
                                                      0%  100%
```

_sparkline computed from time-ordered samples_

### task_stack_hwm_loop

| count | min | max | mean | p50 | p90 | p95 | p99 | p999 |
|---|---|---|---|---|---|---|---|---|
| 1 | 2064 | 2064 | 2064.0 | 2064 | 2064 | 2064 | 2064 | 2064 |

```
[    2064 ..     2064 ] ████████████████████████████████       1  (100.0%)
                                                      0%  100%
```

_sparkline computed from time-ordered samples_

### task_stack_hwm_renderer

| count | min | max | mean | p50 | p90 | p95 | p99 | p999 |
|---|---|---|---|---|---|---|---|---|
| 1 | 10256 | 10256 | 10256.0 | 10256 | 10256 | 10256 | 10256 | 10256 |

```
[   10256 ..    10256 ] ████████████████████████████████       1  (100.0%)
                                                      0%  100%
```

_sparkline computed from time-ordered samples_

### task_stack_hwm_show_director

| count | min | max | mean | p50 | p90 | p95 | p99 | p999 |
|---|---|---|---|---|---|---|---|---|
| 1 | 10544 | 10544 | 10544.0 | 10544 | 10544 | 10544 | 10544 | 10544 |

```
[   10544 ..    10544 ] ████████████████████████████████       1  (100.0%)
                                                      0%  100%
```

_sparkline computed from time-ordered samples_

### temp_celsius_x10

| count | min | max | mean | p50 | p90 | p95 | p99 | p999 |
|---|---|---|---|---|---|---|---|---|
| 1 | 737 | 737 | 737.0 | 737 | 737 | 737 | 737 | 737 |

```
[     737 ..      737 ] ████████████████████████████████       1  (100.0%)
                                                      0%  100%
```

_sparkline computed from time-ordered samples_

### trace_mode_enabled

| count | min | max | mean | p50 | p90 | p95 | p99 | p999 |
|---|---|---|---|---|---|---|---|---|
| 1 | 1 | 1 | 1.0 | 1 | 1 | 1 | 1 | 1 |

```
[       1 ..        1 ] ████████████████████████████████       1  (100.0%)
                                                      0%  100%
```

_sparkline computed from time-ordered samples_

### wifi_ap_mode

| count | min | max | mean | p50 | p90 | p95 | p99 | p999 |
|---|---|---|---|---|---|---|---|---|
| 1 | 1 | 1 | 1.0 | 1 | 1 | 1 | 1 | 1 |

```
[       1 ..        1 ] ████████████████████████████████       1  (100.0%)
                                                      0%  100%
```

_sparkline computed from time-ordered samples_

### wifi_clients

| count | min | max | mean | p50 | p90 | p95 | p99 | p999 |
|---|---|---|---|---|---|---|---|---|
| 1 | 0 | 0 | 0.0 | 0 | 0 | 0 | 0 | 0 |

```
[       0 ..        0 ] ████████████████████████████████       1  (100.0%)
                                                      0%  100%
```

_sparkline computed from time-ordered samples_

### ws_client_count

| count | min | max | mean | p50 | p90 | p95 | p99 | p999 |
|---|---|---|---|---|---|---|---|---|
| 1 | 0 | 0 | 0.0 | 0 | 0 | 0 | 0 | 0 |

```
[       0 ..        0 ] ████████████████████████████████       1  (100.0%)
                                                      0%  100%
```

_sparkline computed from time-ordered samples_

### ws_clients

| count | min | max | mean | p50 | p90 | p95 | p99 | p999 |
|---|---|---|---|---|---|---|---|---|
| 1 | 0 | 0 | 0.0 | 0 | 0 | 0 | 0 | 0 |

```
[       0 ..        0 ] ████████████████████████████████       1  (100.0%)
                                                      0%  100%
```

_sparkline computed from time-ordered samples_

### ws_dispatch_count

| count | min | max | mean | p50 | p90 | p95 | p99 | p999 |
|---|---|---|---|---|---|---|---|---|
| 1 | 0 | 0 | 0.0 | 0 | 0 | 0 | 0 | 0 |

```
[       0 ..        0 ] ████████████████████████████████       1  (100.0%)
                                                      0%  100%
```

_sparkline computed from time-ordered samples_

### ws_errors

| count | min | max | mean | p50 | p90 | p95 | p99 | p999 |
|---|---|---|---|---|---|---|---|---|
| 1 | 0 | 0 | 0.0 | 0 | 0 | 0 | 0 | 0 |

```
[       0 ..        0 ] ████████████████████████████████       1  (100.0%)
                                                      0%  100%
```

_sparkline computed from time-ordered samples_

## Per-span duration statistics

### audio_snapshot_read

| count | min | max | mean | p50 | p90 | p95 | p99 | p999 |
|---|---|---|---|---|---|---|---|---|
| 131 | 373 | 860 | 558.2 | 561 | 696 | 749 | 815 | 860 |

```
[     373 ..     403.44 µs] █████████▍                             7  (  5.3%)
[    403.44 ..     433.88 µs] █████████████▍                        10  (  7.6%)
[    433.88 ..     464.31 µs] █████████████▍                        10  (  7.6%)
[    464.31 ..     494.75 µs] ██████████▋                            8  (  6.1%)
[    494.75 ..     525.19 µs] ██████████████████▋                   14  ( 10.7%)
[    525.19 ..     555.62 µs] █████████████████▍                    13  (  9.9%)
[    555.62 ..     586.06 µs] ████████████████████████████████      24  ( 18.3%)
[    586.06 ..     616.50 µs] ████████████████████                  15  ( 11.5%)
[    616.50 ..     646.94 µs] ██████████████▋                       11  (  8.4%)
[    646.94 ..     677.38 µs] ██▋                                    2  (  1.5%)
[    677.38 ..     707.81 µs] ██████▋                                5  (  3.8%)
[    707.81 ..     738.25 µs] █████▍                                 4  (  3.1%)
[    738.25 ..     768.69 µs] ████                                   3  (  2.3%)
[    768.69 ..     799.12 µs] ████                                   3  (  2.3%)
[    799.12 ..     829.56 µs] █▍                                     1  (  0.8%)
[    829.56 ..      860 µs] █▍                                     1  (  0.8%)
                                                      0%  100%
```

### band_ratio_detect

| count | min | max | mean | p50 | p90 | p95 | p99 | p999 |
|---|---|---|---|---|---|---|---|---|
| 52 | 53 | 120 | 69.8 | 71 | 87 | 99 | 120 | 120 |

```
[      53 ..      57.19 µs] ████████████████████████              12  ( 23.1%)
[     57.19 ..      61.38 µs] ████████                               4  (  7.7%)
[     61.38 ..      65.56 µs] ████████                               4  (  7.7%)
[     65.56 ..      69.75 µs] ████                                   2  (  3.8%)
[     69.75 ..      73.94 µs] ████████████████████████████████      16  ( 30.8%)
[     73.94 ..      78.12 µs] ████████████████                       8  ( 15.4%)
[     78.12 ..      82.31 µs]                                        0  (  0.0%)
[     82.31 ..      86.50 µs]                                        0  (  0.0%)
[     86.50 ..      90.69 µs] ██                                     1  (  1.9%)
[     90.69 ..      94.88 µs] ██                                     1  (  1.9%)
[     94.88 ..      99.06 µs] ████                                   2  (  3.8%)
[     99.06 ..     103.25 µs]                                        0  (  0.0%)
[    103.25 ..     107.44 µs]                                        0  (  0.0%)
[    107.44 ..     111.62 µs] ██                                     1  (  1.9%)
[    111.62 ..     115.81 µs]                                        0  (  0.0%)
[    115.81 ..      120 µs] ██                                     1  (  1.9%)
                                                      0%  100%
```

### color_correction

| count | min | max | mean | p50 | p90 | p95 | p99 | p999 |
|---|---|---|---|---|---|---|---|---|
| 131 | 374 | 1499 | 894.8 | 974 | 1205 | 1268 | 1440 | 1499 |

```
[     374 ..     444.31 µs] █████▍                                 4  (  3.1%)
[    444.31 ..     514.62 µs] ██████████████████████████▋           20  ( 15.3%)
[    514.62 ..     584.94 µs] ████████████████████                  15  ( 11.5%)
[    584.94 ..     655.25 µs] █▍                                     1  (  0.8%)
[    655.25 ..     725.56 µs]                                        0  (  0.0%)
[    725.56 ..     795.88 µs]                                        0  (  0.0%)
[    795.88 ..     866.19 µs] █████▍                                 4  (  3.1%)
[    866.19 ..     936.50 µs] ██████████▋                            8  (  6.1%)
[    936.50 ..    1006.81 µs] ████████████████████████████████      24  ( 18.3%)
[   1006.81 ..    1077.12 µs] ██████████████████▋                   14  ( 10.7%)
[   1077.12 ..    1147.44 µs] ████████████████████████████          21  ( 16.0%)
[   1147.44 ..    1217.75 µs] █████████▍                             7  (  5.3%)
[   1217.75 ..    1288.06 µs] ██████████▋                            8  (  6.1%)
[   1288.06 ..    1358.38 µs]                                        0  (  0.0%)
[   1358.38 ..    1428.69 µs] ██▋                                    2  (  1.5%)
[   1428.69 ..     1499 µs] ████                                   3  (  2.3%)
                                                      0%  100%
```

### controlbus_build

| count | min | max | mean | p50 | p90 | p95 | p99 | p999 |
|---|---|---|---|---|---|---|---|---|
| 52 | 2166 | 5056 | 3916.3 | 3960 | 4825 | 4929 | 5056 | 5056 |

```
[    2166 ..    2346.62 µs] ███████████▋                           4  (  7.7%)
[   2346.62 ..    2527.25 µs] ██▉                                    1  (  1.9%)
[   2527.25 ..    2707.88 µs] ████████▊                              3  (  5.8%)
[   2707.88 ..    2888.50 µs] █████▉                                 2  (  3.8%)
[   2888.50 ..    3069.12 µs] █████▉                                 2  (  3.8%)
[   3069.12 ..    3249.75 µs]                                        0  (  0.0%)
[   3249.75 ..    3430.38 µs] ██▉                                    1  (  1.9%)
[   3430.38 ..     3611 µs] ██▉                                    1  (  1.9%)
[    3611 ..    3791.62 µs] ██▉                                    1  (  1.9%)
[   3791.62 ..    3972.25 µs] ████████████████████████████████      11  ( 21.2%)
[   3972.25 ..    4152.88 µs] ██▉                                    1  (  1.9%)
[   4152.88 ..    4333.50 µs] █████████████████▌                     6  ( 11.5%)
[   4333.50 ..    4514.12 µs] ████████▊                              3  (  5.8%)
[   4514.12 ..    4694.75 µs] ██████████████▌                        5  (  9.6%)
[   4694.75 ..    4875.38 µs] ████████████████████▍                  7  ( 13.5%)
[   4875.38 ..     5056 µs] ███████████▋                           4  (  7.7%)
                                                      0%  100%
```

### effect_render

| count | min | max | mean | p50 | p90 | p95 | p99 | p999 |
|---|---|---|---|---|---|---|---|---|
| 131 | 328 | 515 | 417.2 | 417 | 471 | 487 | 506 | 515 |

```
[     328 ..     339.69 µs] ███████▏                               4  (  3.1%)
[    339.69 ..     351.38 µs] █▊                                     1  (  0.8%)
[    351.38 ..     363.06 µs] ████████████▌                          7  (  5.3%)
[    363.06 ..     374.75 µs] ███████████████████▌                  11  (  8.4%)
[    374.75 ..     386.44 µs] ████████████████████████████████      18  ( 13.7%)
[    386.44 ..     398.12 µs] ████████████████                       9  (  6.9%)
[    398.12 ..     409.81 µs] █████████████████████▍                12  (  9.2%)
[    409.81 ..     421.50 µs] ██████████▋                            6  (  4.6%)
[    421.50 ..     433.19 µs] █████████████████▊                    10  (  7.6%)
[    433.19 ..     444.88 µs] ███████████████████████▏              13  (  9.9%)
[    444.88 ..     456.56 µs] ████████████████████████▉             14  ( 10.7%)
[    456.56 ..     468.25 µs] ███████████████████▌                  11  (  8.4%)
[    468.25 ..     479.94 µs] ████████████▌                          7  (  5.3%)
[    479.94 ..     491.62 µs] ████████▉                              5  (  3.8%)
[    491.62 ..     503.31 µs] █▊                                     1  (  0.8%)
[    503.31 ..      515 µs] ███▌                                   2  (  1.5%)
                                                      0%  100%
```

### fastled_rmt_show

| count | min | max | mean | p50 | p90 | p95 | p99 | p999 |
|---|---|---|---|---|---|---|---|---|
| 131 | 448 | 665 | 559.6 | 550 | 622 | 637 | 658 | 665 |

```
[     448 ..     461.56 µs] ████▋                                  3  (  2.3%)
[    461.56 ..     475.12 µs]                                        0  (  0.0%)
[    475.12 ..     488.69 µs]                                        0  (  0.0%)
[    488.69 ..     502.25 µs] █▌                                     1  (  0.8%)
[    502.25 ..     515.81 µs] ████████████▎                          8  (  6.1%)
[    515.81 ..     529.38 µs] █████████████████████████████         19  ( 14.5%)
[    529.38 ..     542.94 µs] ████████████████████████████████      21  ( 16.0%)
[    542.94 ..     556.50 µs] ██████████████████████████████▌       20  ( 15.3%)
[    556.50 ..     570.06 µs] ████████████████████████▍             16  ( 12.2%)
[    570.06 ..     583.62 µs] ███████████████▎                      10  (  7.6%)
[    583.62 ..     597.19 µs] █████████▏                             6  (  4.6%)
[    597.19 ..     610.75 µs] ██████████▋                            7  (  5.3%)
[    610.75 ..     624.31 µs] ████████████▎                          8  (  6.1%)
[    624.31 ..     637.88 µs] █████████▏                             6  (  4.6%)
[    637.88 ..     651.44 µs] ██████▏                                4  (  3.1%)
[    651.44 ..      665 µs] ███                                    2  (  1.5%)
                                                      0%  100%
```

### i2s_dma_read

| count | min | max | mean | p50 | p90 | p95 | p99 | p999 |
|---|---|---|---|---|---|---|---|---|
| 104 | 6961 | 9479 | 8336.8 | 8344 | 9101 | 9221 | 9453 | 9479 |

```
[    6961 ..    7118.38 µs] ████████                               3  (  2.9%)
[   7118.38 ..    7275.75 µs] █████████████▍                         5  (  4.8%)
[   7275.75 ..    7433.12 µs] █████▍                                 2  (  1.9%)
[   7433.12 ..    7590.50 µs] ████████                               3  (  2.9%)
[   7590.50 ..    7747.88 µs] █████▍                                 2  (  1.9%)
[   7747.88 ..    7905.25 µs] ██████████████████████████▋           10  (  9.6%)
[   7905.25 ..    8062.62 µs] █████████████████████▍                 8  (  7.7%)
[   8062.62 ..     8220 µs] ████████████████████████               9  (  8.7%)
[    8220 ..    8377.38 µs] █████████████████████████████▍        11  ( 10.6%)
[   8377.38 ..    8534.75 µs] ██████████████████▋                    7  (  6.7%)
[   8534.75 ..    8692.12 µs] ██████████████████████████▋           10  (  9.6%)
[   8692.12 ..    8849.50 µs] ████████████████████████████████      12  ( 11.5%)
[   8849.50 ..    9006.88 µs] █████████████▍                         5  (  4.8%)
[   9006.88 ..    9164.25 µs] █████████████████████████████▍        11  ( 10.6%)
[   9164.25 ..    9321.62 µs] ████████                               3  (  2.9%)
[   9321.62 ..     9479 µs] ████████                               3  (  2.9%)
                                                      0%  100%
```

### onset_decision

| count | min | max | mean | p50 | p90 | p95 | p99 | p999 |
|---|---|---|---|---|---|---|---|---|
| 34 | 815 | 1505 | 967.7 | 912 | 1183 | 1355 | 1505 | 1505 |

```
[     815 ..     858.12 µs] ████████████████████████████████      15  ( 44.1%)
[    858.12 ..     901.25 µs] ██▏                                    1  (  2.9%)
[    901.25 ..     944.38 µs] ████▎                                  2  (  5.9%)
[    944.38 ..     987.50 µs] ████▎                                  2  (  5.9%)
[    987.50 ..    1030.62 µs] ████▎                                  2  (  5.9%)
[   1030.62 ..    1073.75 µs] ████████▌                              4  ( 11.8%)
[   1073.75 ..    1116.88 µs] ████▎                                  2  (  5.9%)
[   1116.88 ..     1160 µs] ████▎                                  2  (  5.9%)
[    1160 ..    1203.12 µs] ████▎                                  2  (  5.9%)
[   1203.12 ..    1246.25 µs]                                        0  (  0.0%)
[   1246.25 ..    1289.38 µs]                                        0  (  0.0%)
[   1289.38 ..    1332.50 µs]                                        0  (  0.0%)
[   1332.50 ..    1375.62 µs] ██▏                                    1  (  2.9%)
[   1375.62 ..    1418.75 µs]                                        0  (  0.0%)
[   1418.75 ..    1461.88 µs]                                        0  (  0.0%)
[   1461.88 ..     1505 µs] ██▏                                    1  (  2.9%)
                                                      0%  100%
```

### onset_detect

| count | min | max | mean | p50 | p90 | p95 | p99 | p999 |
|---|---|---|---|---|---|---|---|---|
| 52 | 125 | 2812 | 1578.1 | 1731 | 2521 | 2619 | 2812 | 2812 |

```
[     125 ..     292.94 µs] ████████████████████████▋             10  ( 19.2%)
[    292.94 ..     460.88 µs]                                        0  (  0.0%)
[    460.88 ..     628.81 µs]                                        0  (  0.0%)
[    628.81 ..     796.75 µs]                                        0  (  0.0%)
[    796.75 ..     964.69 µs] ████▉                                  2  (  3.8%)
[    964.69 ..    1132.62 µs] ████▉                                  2  (  3.8%)
[   1132.62 ..    1300.56 µs] ██▌                                    1  (  1.9%)
[   1300.56 ..    1468.50 µs]                                        0  (  0.0%)
[   1468.50 ..    1636.44 µs] ████▉                                  2  (  3.8%)
[   1636.44 ..    1804.38 µs] ████████████████████████████████      13  ( 25.0%)
[   1804.38 ..    1972.31 µs] ████████████▎                          5  (  9.6%)
[   1972.31 ..    2140.25 µs] ████████████▎                          5  (  9.6%)
[   2140.25 ..    2308.19 µs]                                        0  (  0.0%)
[   2308.19 ..    2476.12 µs] ██████████████▊                        6  ( 11.5%)
[   2476.12 ..    2644.06 µs] █████████▉                             4  (  7.7%)
[   2644.06 ..     2812 µs] ████▉                                  2  (  3.8%)
                                                      0%  100%
```

### onset_fft_frontend

| count | min | max | mean | p50 | p90 | p95 | p99 | p999 |
|---|---|---|---|---|---|---|---|---|
| 41 | 739 | 1276 | 950.8 | 849 | 1220 | 1228 | 1276 | 1276 |

```
[     739 ..     772.56 µs] ████████████████████████████████      11  ( 26.8%)
[    772.56 ..     806.12 µs] █████████████████▌                     6  ( 14.6%)
[    806.12 ..     839.69 µs] ████████▊                              3  (  7.3%)
[    839.69 ..     873.25 µs] ██▉                                    1  (  2.4%)
[    873.25 ..     906.81 µs] ██▉                                    1  (  2.4%)
[    906.81 ..     940.38 µs] ██▉                                    1  (  2.4%)
[    940.38 ..     973.94 µs]                                        0  (  0.0%)
[    973.94 ..    1007.50 µs] █████▉                                 2  (  4.9%)
[   1007.50 ..    1041.06 µs]                                        0  (  0.0%)
[   1041.06 ..    1074.62 µs] █████▉                                 2  (  4.9%)
[   1074.62 ..    1108.19 µs]                                        0  (  0.0%)
[   1108.19 ..    1141.75 µs] █████▉                                 2  (  4.9%)
[   1141.75 ..    1175.31 µs] ███████████▋                           4  (  9.8%)
[   1175.31 ..    1208.88 µs]                                        0  (  0.0%)
[   1208.88 ..    1242.44 µs] █████████████████▌                     6  ( 14.6%)
[   1242.44 ..     1276 µs] █████▉                                 2  (  4.9%)
                                                      0%  100%
```

### onset_flux

| count | min | max | mean | p50 | p90 | p95 | p99 | p999 |
|---|---|---|---|---|---|---|---|---|
| 34 | 743 | 1395 | 880.4 | 807 | 1065 | 1279 | 1395 | 1395 |

```
[     743 ..     783.75 µs] ████████████████████████████████      15  ( 44.1%)
[    783.75 ..     824.50 µs] ████████▌                              4  ( 11.8%)
[    824.50 ..     865.25 µs]                                        0  (  0.0%)
[    865.25 ..      906 µs] ██▏                                    1  (  2.9%)
[     906 ..     946.75 µs] ██▏                                    1  (  2.9%)
[    946.75 ..     987.50 µs] ████████████▊                          6  ( 17.6%)
[    987.50 ..    1028.25 µs] ██▏                                    1  (  2.9%)
[   1028.25 ..     1069 µs] ██████▍                                3  (  8.8%)
[    1069 ..    1109.75 µs] ██▏                                    1  (  2.9%)
[   1109.75 ..    1150.50 µs]                                        0  (  0.0%)
[   1150.50 ..    1191.25 µs]                                        0  (  0.0%)
[   1191.25 ..     1232 µs]                                        0  (  0.0%)
[    1232 ..    1272.75 µs]                                        0  (  0.0%)
[   1272.75 ..    1313.50 µs] ██▏                                    1  (  2.9%)
[   1313.50 ..    1354.25 µs]                                        0  (  0.0%)
[   1354.25 ..     1395 µs] ██▏                                    1  (  2.9%)
                                                      0%  100%
```

### pre_show_yield

| count | min | max | mean | p50 | p90 | p95 | p99 | p999 |
|---|---|---|---|---|---|---|---|---|
| 131 | 11 | 31 | 14.8 | 14 | 18 | 20 | 30 | 31 |

```
[      11 ..      12.25 µs] ██████████████▏                       15  ( 11.5%)
[     12.25 ..      13.50 µs] ████████████████████████████████      34  ( 26.0%)
[     13.50 ..      14.75 µs] ███████████████████████████▎          29  ( 22.1%)
[     14.75 ..       16 µs] █████████████████                     18  ( 13.7%)
[      16 ..      17.25 µs] ███████████████████▊                  21  ( 16.0%)
[     17.25 ..      18.50 µs] ██▉                                    3  (  2.3%)
[     18.50 ..      19.75 µs] ██▉                                    3  (  2.3%)
[     19.75 ..       21 µs] ███▊                                   4  (  3.1%)
[      21 ..      22.25 µs] █▉                                     2  (  1.5%)
[     22.25 ..      23.50 µs]                                        0  (  0.0%)
[     23.50 ..      24.75 µs]                                        0  (  0.0%)
[     24.75 ..       26 µs]                                        0  (  0.0%)
[      26 ..      27.25 µs]                                        0  (  0.0%)
[     27.25 ..      28.50 µs]                                        0  (  0.0%)
[     28.50 ..      29.75 µs]                                        0  (  0.0%)
[     29.75 ..       31 µs] █▉                                     2  (  1.5%)
                                                      0%  100%
```

### render_frame

| count | min | max | mean | p50 | p90 | p95 | p99 | p999 |
|---|---|---|---|---|---|---|---|---|
| 131 | 1131 | 2015 | 1544.5 | 1538 | 1826 | 1899 | 1980 | 2015 |

```
[    1131 ..    1186.25 µs] █▌                                     1  (  0.8%)
[   1186.25 ..    1241.50 µs] █▌                                     1  (  0.8%)
[   1241.50 ..    1296.75 µs] ███████████▋                           8  (  6.1%)
[   1296.75 ..     1352 µs] ██████████████▌                       10  (  7.6%)
[    1352 ..    1407.25 µs] ██████████████████▉                   13  (  9.9%)
[   1407.25 ..    1462.50 µs] ████████████████████▍                 14  ( 10.7%)
[   1462.50 ..    1517.75 µs] █████████████████▌                    12  (  9.2%)
[   1517.75 ..     1573 µs] ████████████████████████████████      22  ( 16.8%)
[    1573 ..    1628.25 µs] ███████████████████████▎              16  ( 12.2%)
[   1628.25 ..    1683.50 µs] █████████████▏                         9  (  6.9%)
[   1683.50 ..    1738.75 µs] ████████▊                              6  (  4.6%)
[   1738.75 ..     1794 µs] █████▉                                 4  (  3.1%)
[    1794 ..    1849.25 µs] ███████▎                               5  (  3.8%)
[   1849.25 ..    1904.50 µs] █████▉                                 4  (  3.1%)
[   1904.50 ..    1959.75 µs] ██▉                                    2  (  1.5%)
[   1959.75 ..     2015 µs] █████▉                                 4  (  3.1%)
                                                      0%  100%
```

### rts_render

| count | min | max | mean | p50 | p90 | p95 | p99 | p999 |
|---|---|---|---|---|---|---|---|---|
| 131 | 310 | 494 | 398.0 | 397 | 451 | 465 | 485 | 494 |

```
[     310 ..     321.50 µs] █████▍                                 3  (  2.3%)
[    321.50 ..      333 µs] ███▌                                   2  (  1.5%)
[     333 ..     344.50 µs] ████████████▌                          7  (  5.3%)
[    344.50 ..      356 µs] ███████████████████▌                  11  (  8.4%)
[     356 ..     367.50 µs] ████████████████████████████████      18  ( 13.7%)
[    367.50 ..      379 µs] ████████████████                       9  (  6.9%)
[     379 ..     390.50 µs] ███████████████████▌                  11  (  8.4%)
[    390.50 ..      402 µs] ██████████████▎                        8  (  6.1%)
[     402 ..     413.50 µs] ██████████████▎                        8  (  6.1%)
[    413.50 ..      425 µs] ████████████████████████▉             14  ( 10.7%)
[     425 ..     436.50 µs] ███████████████████████▏              13  (  9.9%)
[    436.50 ..      448 µs] ███████████████████▌                  11  (  8.4%)
[     448 ..     459.50 µs] ██████████████▎                        8  (  6.1%)
[    459.50 ..      471 µs] ███████▏                               4  (  3.1%)
[     471 ..     482.50 µs] ███▌                                   2  (  1.5%)
[    482.50 ..      494 µs] ███▌                                   2  (  1.5%)
                                                      0%  100%
```

### show_leds

| count | min | max | mean | p50 | p90 | p95 | p99 | p999 |
|---|---|---|---|---|---|---|---|---|
| 131 | 690 | 1021 | 845.8 | 845 | 935 | 966 | 1004 | 1021 |

```
[     690 ..     710.69 µs] █████▍                                 3  (  2.3%)
[    710.69 ..     731.38 µs] ██████████▋                            6  (  4.6%)
[    731.38 ..     752.06 µs] █████▍                                 3  (  2.3%)
[    752.06 ..     772.75 µs] █████████████████▊                    10  (  7.6%)
[    772.75 ..     793.44 µs] ███████████████████████▏              13  (  9.9%)
[    793.44 ..     814.12 µs] ██████████████▎                        8  (  6.1%)
[    814.12 ..     834.81 µs] █████████████████████▍                12  (  9.2%)
[    834.81 ..     855.50 µs] ████████████████████████████████      18  ( 13.7%)
[    855.50 ..     876.19 µs] ███████████████████▌                  11  (  8.4%)
[    876.19 ..     896.88 µs] ████████████████████████▉             14  ( 10.7%)
[    896.88 ..     917.56 µs] █████████████████▊                    10  (  7.6%)
[    917.56 ..     938.25 µs] ███████████████████████▏              13  (  9.9%)
[    938.25 ..     958.94 µs]                                        0  (  0.0%)
[    958.94 ..     979.62 µs] ██████████▋                            6  (  4.6%)
[    979.62 ..    1000.31 µs] ███▌                                   2  (  1.5%)
[   1000.31 ..     1021 µs] ███▌                                   2  (  1.5%)
                                                      0%  100%
```

### snapshot_publish

| count | min | max | mean | p50 | p90 | p95 | p99 | p999 |
|---|---|---|---|---|---|---|---|---|
| 52 | 85 | 252 | 123.1 | 106 | 176 | 180 | 252 | 252 |

```
[      85 ..      95.44 µs] █████████████████████████▏            11  ( 21.2%)
[     95.44 ..     105.88 µs] ████████████████████████████████      14  ( 26.9%)
[    105.88 ..     116.31 µs] █████████████▊                         6  ( 11.5%)
[    116.31 ..     126.75 µs] █████████████▊                         6  ( 11.5%)
[    126.75 ..     137.19 µs] ██▎                                    1  (  1.9%)
[    137.19 ..     147.62 µs] ██▎                                    1  (  1.9%)
[    147.62 ..     158.06 µs] ██▎                                    1  (  1.9%)
[    158.06 ..     168.50 µs] ████▋                                  2  (  3.8%)
[    168.50 ..     178.94 µs] █████████████▊                         6  ( 11.5%)
[    178.94 ..     189.38 µs] ████▋                                  2  (  3.8%)
[    189.38 ..     199.81 µs]                                        0  (  0.0%)
[    199.81 ..     210.25 µs] ██▎                                    1  (  1.9%)
[    210.25 ..     220.69 µs]                                        0  (  0.0%)
[    220.69 ..     231.12 µs]                                        0  (  0.0%)
[    231.12 ..     241.56 µs]                                        0  (  0.0%)
[    241.56 ..      252 µs] ██▎                                    1  (  1.9%)
                                                      0%  100%
```

## Instant frequency

| Name | Count | First ts (µs) | Last ts (µs) | Mean interarrival (µs) |
|---|---|---|---|---|
| render_frame_deadline_miss | 131 | 2140627504 | 2141785294 | 8906 |

---
_Tool: analyse_trace v1.0 | Input: `/Users/spectrasynq/Workspace_Management/Software/Lightwave-Ledstrip/firmware-v3/docs/research/phase1b_runtime_evidence_2026-04-27/traces/silence_idle.json`_

STDERR:
