CMD: python3 firmware-v3/tools/analyse_trace.py firmware-v3/docs/research/phase1b_runtime_evidence_2026-04-27/traces/snoop_vocal_gfunk.json --output firmware-v3/docs/research/phase1b_runtime_evidence_2026-04-27/reports/snoop_vocal_gfunk.report.md --json firmware-v3/docs/research/phase1b_runtime_evidence_2026-04-27/reports/snoop_vocal_gfunk.report.json --deadline-span render_frame --deadline-us 2000 --quiet

STDOUT:
… render_frame_work_us p99 = 3624 µs (no baseline supplied)

## Capture summary

| Field | Value |
|---|---|
| File | `/Users/spectrasynq/Workspace_Management/Software/Lightwave-Ledstrip/firmware-v3/docs/research/phase1b_runtime_evidence_2026-04-27/traces/snoop_vocal_gfunk.json` |
| Events | 5490 |
| Duration | 1.171 s |
| Counters | 71 |
| Spans | 16 |
| Instants | 8 |
| Regions | 1 |

## Render frame deadline misses

_No deadline misses detected._

## Per-counter statistics

### audio_chunk_deadline_miss_total

| count | min | max | mean | p50 | p90 | p95 | p99 | p999 |
|---|---|---|---|---|---|---|---|---|
| 101 | 194199 | 194299 | 194249.0 | 194249 | 194289 | 194294 | 194298 | 194299 |

```
[  194199 ..  194205.25 ] ████████████████████████████████       7  (  6.9%)
[ 194205.25 ..  194211.50 ] ███████████████████████████▍           6  (  5.9%)
[ 194211.50 ..  194217.75 ] ███████████████████████████▍           6  (  5.9%)
[ 194217.75 ..   194224 ] ███████████████████████████▍           6  (  5.9%)
[  194224 ..  194230.25 ] ████████████████████████████████       7  (  6.9%)
[ 194230.25 ..  194236.50 ] ███████████████████████████▍           6  (  5.9%)
[ 194236.50 ..  194242.75 ] ███████████████████████████▍           6  (  5.9%)
[ 194242.75 ..   194249 ] ███████████████████████████▍           6  (  5.9%)
[  194249 ..  194255.25 ] ████████████████████████████████       7  (  6.9%)
[ 194255.25 ..  194261.50 ] ███████████████████████████▍           6  (  5.9%)
[ 194261.50 ..  194267.75 ] ███████████████████████████▍           6  (  5.9%)
[ 194267.75 ..   194274 ] ███████████████████████████▍           6  (  5.9%)
[  194274 ..  194280.25 ] ████████████████████████████████       7  (  6.9%)
[ 194280.25 ..  194286.50 ] ███████████████████████████▍           6  (  5.9%)
[ 194286.50 ..  194292.75 ] ███████████████████████████▍           6  (  5.9%)
[ 194292.75 ..   194299 ] ████████████████████████████████       7  (  6.9%)
                                                      0%  100%
```

_sparkline computed from time-ordered samples_

### audio_chunk_work_us

| count | min | max | mean | p50 | p90 | p95 | p99 | p999 |
|---|---|---|---|---|---|---|---|---|
| 101 | 6977 | 9413 | 8345.7 | 8407 | 9100 | 9157 | 9338 | 9413 |

```
[    6977 ..    7129.25 ] █████████▉                             4  (  4.0%)
[   7129.25 ..    7281.50 ] ██████████████▊                        6  (  5.9%)
[   7281.50 ..    7433.75 ] ███████▍                               3  (  3.0%)
[   7433.75 ..     7586 ] █████████▉                             4  (  4.0%)
[    7586 ..    7738.25 ] ██▌                                    1  (  1.0%)
[   7738.25 ..    7890.50 ] █████████▉                             4  (  4.0%)
[   7890.50 ..    8042.75 ] █████████████████████████████▌        12  ( 11.9%)
[   8042.75 ..     8195 ] ███████▍                               3  (  3.0%)
[    8195 ..    8347.25 ] █████████████████████████████▌        12  ( 11.9%)
[   8347.25 ..    8499.50 ] ██████████████▊                        6  (  5.9%)
[   8499.50 ..    8651.75 ] ████████████▎                          5  (  5.0%)
[   8651.75 ..     8804 ] █████████████████▎                     7  (  6.9%)
[    8804 ..    8956.25 ] ████████████████████████████████      13  ( 12.9%)
[   8956.25 ..    9108.50 ] █████████████████████████████▌        12  ( 11.9%)
[   9108.50 ..    9260.75 ] ██████████████▊                        6  (  5.9%)
[   9260.75 ..     9413 ] ███████▍                               3  (  3.0%)
                                                      0%  100%
```

_sparkline computed from time-ordered samples_

### audio_confidence

| count | min | max | mean | p50 | p90 | p95 | p99 | p999 |
|---|---|---|---|---|---|---|---|---|
| 50 | 1000 | 1000 | 1000.0 | 1000 | 1000 | 1000 | 1000 | 1000 |

```
[    1000 ..     1000 ] ████████████████████████████████      50  (100.0%)
                                                      0%  100%
```

_sparkline computed from time-ordered samples_

### audio_hop_count

| count | min | max | mean | p50 | p90 | p95 | p99 | p999 |
|---|---|---|---|---|---|---|---|---|
| 51 | 97099 | 97149 | 97124.0 | 97124 | 97144 | 97147 | 97149 | 97149 |

```
[   97099 ..   97102.12 ] ████████████████████████████████       4  (  7.8%)
[  97102.12 ..   97105.25 ] ████████████████████████               3  (  5.9%)
[  97105.25 ..   97108.38 ] ████████████████████████               3  (  5.9%)
[  97108.38 ..   97111.50 ] ████████████████████████               3  (  5.9%)
[  97111.50 ..   97114.62 ] ████████████████████████               3  (  5.9%)
[  97114.62 ..   97117.75 ] ████████████████████████               3  (  5.9%)
[  97117.75 ..   97120.88 ] ████████████████████████               3  (  5.9%)
[  97120.88 ..    97124 ] ████████████████████████               3  (  5.9%)
[   97124 ..   97127.12 ] ████████████████████████████████       4  (  7.8%)
[  97127.12 ..   97130.25 ] ████████████████████████               3  (  5.9%)
[  97130.25 ..   97133.38 ] ████████████████████████               3  (  5.9%)
[  97133.38 ..   97136.50 ] ████████████████████████               3  (  5.9%)
[  97136.50 ..   97139.62 ] ████████████████████████               3  (  5.9%)
[  97139.62 ..   97142.75 ] ████████████████████████               3  (  5.9%)
[  97142.75 ..   97145.88 ] ████████████████████████               3  (  5.9%)
[  97145.88 ..    97149 ] ████████████████████████████████       4  (  7.8%)
                                                      0%  100%
```

_sparkline computed from time-ordered samples_

### audio_hop_deadline_miss_total

| count | min | max | mean | p50 | p90 | p95 | p99 | p999 |
|---|---|---|---|---|---|---|---|---|
| 51 | 97099 | 97149 | 97124.0 | 97124 | 97144 | 97147 | 97149 | 97149 |

```
[   97099 ..   97102.12 ] ████████████████████████████████       4  (  7.8%)
[  97102.12 ..   97105.25 ] ████████████████████████               3  (  5.9%)
[  97105.25 ..   97108.38 ] ████████████████████████               3  (  5.9%)
[  97108.38 ..   97111.50 ] ████████████████████████               3  (  5.9%)
[  97111.50 ..   97114.62 ] ████████████████████████               3  (  5.9%)
[  97114.62 ..   97117.75 ] ████████████████████████               3  (  5.9%)
[  97117.75 ..   97120.88 ] ████████████████████████               3  (  5.9%)
[  97120.88 ..    97124 ] ████████████████████████               3  (  5.9%)
[   97124 ..   97127.12 ] ████████████████████████████████       4  (  7.8%)
[  97127.12 ..   97130.25 ] ████████████████████████               3  (  5.9%)
[  97130.25 ..   97133.38 ] ████████████████████████               3  (  5.9%)
[  97133.38 ..   97136.50 ] ████████████████████████               3  (  5.9%)
[  97136.50 ..   97139.62 ] ████████████████████████               3  (  5.9%)
[  97139.62 ..   97142.75 ] ████████████████████████               3  (  5.9%)
[  97142.75 ..   97145.88 ] ████████████████████████               3  (  5.9%)
[  97145.88 ..    97149 ] ████████████████████████████████       4  (  7.8%)
                                                      0%  100%
```

_sparkline computed from time-ordered samples_

### audio_hop_freq

| count | min | max | mean | p50 | p90 | p95 | p99 | p999 |
|---|---|---|---|---|---|---|---|---|
| 51 | 3964 | 4693 | 4325.6 | 4297 | 4603 | 4634 | 4693 | 4693 |

```
[    3964 ..    4009.56 ] ██████▍                                1  (  2.0%)
[   4009.56 ..    4055.12 ] █████████████████████████▋             4  (  7.8%)
[   4055.12 ..    4100.69 ] ████████████████████████████████       5  (  9.8%)
[   4100.69 ..    4146.25 ] ████████████▊                          2  (  3.9%)
[   4146.25 ..    4191.81 ] █████████████████████████▋             4  (  7.8%)
[   4191.81 ..    4237.38 ] █████████████████████████▋             4  (  7.8%)
[   4237.38 ..    4282.94 ] ███████████████████▎                   3  (  5.9%)
[   4282.94 ..    4328.50 ] ████████████████████████████████       5  (  9.8%)
[   4328.50 ..    4374.06 ] ████████████▊                          2  (  3.9%)
[   4374.06 ..    4419.62 ] ████████████▊                          2  (  3.9%)
[   4419.62 ..    4465.19 ] ███████████████████▎                   3  (  5.9%)
[   4465.19 ..    4510.75 ] ███████████████████▎                   3  (  5.9%)
[   4510.75 ..    4556.31 ] █████████████████████████▋             4  (  7.8%)
[   4556.31 ..    4601.88 ] ███████████████████▎                   3  (  5.9%)
[   4601.88 ..    4647.44 ] █████████████████████████▋             4  (  7.8%)
[   4647.44 ..     4693 ] ████████████▊                          2  (  3.9%)
                                                      0%  100%
```

_sparkline computed from time-ordered samples_

### audio_hop_us

| count | min | max | mean | p50 | p90 | p95 | p99 | p999 |
|---|---|---|---|---|---|---|---|---|
| 51 | 20890 | 24790 | 22729.3 | 22839 | 24207 | 24368 | 24790 | 24790 |

```
[   20890 ..   21133.75 ] █████████▏                             2  (  3.9%)
[  21133.75 ..   21377.50 ] ████████████████████████████████       7  ( 13.7%)
[  21377.50 ..   21621.25 ] █████████████▊                         3  (  5.9%)
[  21621.25 ..    21865 ] █████████████▊                         3  (  5.9%)
[   21865 ..   22108.75 ] ██████████████████▎                    4  (  7.8%)
[  22108.75 ..   22352.50 ] █████████▏                             2  (  3.9%)
[  22352.50 ..   22596.25 ] ████▋                                  1  (  2.0%)
[  22596.25 ..    22840 ] ██████████████████▎                    4  (  7.8%)
[   22840 ..   23083.75 ] ██████████████████▎                    4  (  7.8%)
[  23083.75 ..   23327.50 ] ██████████████████▎                    4  (  7.8%)
[  23327.50 ..   23571.25 ] ██████████████████▎                    4  (  7.8%)
[  23571.25 ..    23815 ] █████████████▊                         3  (  5.9%)
[   23815 ..   24058.75 ] █████████████▊                         3  (  5.9%)
[  24058.75 ..   24302.50 ] █████████████▊                         3  (  5.9%)
[  24302.50 ..   24546.25 ] █████████████▊                         3  (  5.9%)
[  24546.25 ..    24790 ] ████▋                                  1  (  2.0%)
                                                      0%  100%
```

_sparkline computed from time-ordered samples_

### audio_rms

| count | min | max | mean | p50 | p90 | p95 | p99 | p999 |
|---|---|---|---|---|---|---|---|---|
| 51 | 0 | 10000 | 7266.4 | 7750 | 10000 | 10000 | 10000 | 10000 |

```
[       0 ..      625 ] ███▌                                   1  (  2.0%)
[     625 ..     1250 ]                                        0  (  0.0%)
[    1250 ..     1875 ] ███▌                                   1  (  2.0%)
[    1875 ..     2500 ] ███▌                                   1  (  2.0%)
[    2500 ..     3125 ]                                        0  (  0.0%)
[    3125 ..     3750 ]                                        0  (  0.0%)
[    3750 ..     4375 ] ██████████▋                            3  (  5.9%)
[    4375 ..     5000 ] ███████▏                               2  (  3.9%)
[    5000 ..     5625 ] ██████████▋                            3  (  5.9%)
[    5625 ..     6250 ] ██████████▋                            3  (  5.9%)
[    6250 ..     6875 ] ███████▏                               2  (  3.9%)
[    6875 ..     7500 ] ████████████████████████▉              7  ( 13.7%)
[    7500 ..     8125 ] ████████████████████████████▌          8  ( 15.7%)
[    8125 ..     8750 ] █████████████████▊                     5  (  9.8%)
[    8750 ..     9375 ] █████████████████████▍                 6  ( 11.8%)
[    9375 ..    10000 ] ████████████████████████████████       9  ( 17.6%)
                                                      0%  100%
```

_sparkline computed from time-ordered samples_

### audio_rms_x1000

| count | min | max | mean | p50 | p90 | p95 | p99 | p999 |
|---|---|---|---|---|---|---|---|---|
| 51 | 0 | 1000 | 726.2 | 775 | 1000 | 1000 | 1000 | 1000 |

```
[       0 ..      62.50 ] ███▌                                   1  (  2.0%)
[     62.50 ..      125 ]                                        0  (  0.0%)
[     125 ..     187.50 ] ███▌                                   1  (  2.0%)
[    187.50 ..      250 ] ███▌                                   1  (  2.0%)
[     250 ..     312.50 ]                                        0  (  0.0%)
[    312.50 ..      375 ]                                        0  (  0.0%)
[     375 ..     437.50 ] ██████████▋                            3  (  5.9%)
[    437.50 ..      500 ] ███████▏                               2  (  3.9%)
[     500 ..     562.50 ] ██████████▋                            3  (  5.9%)
[    562.50 ..      625 ] ██████████▋                            3  (  5.9%)
[     625 ..     687.50 ] ███████▏                               2  (  3.9%)
[    687.50 ..      750 ] ████████████████████████▉              7  ( 13.7%)
[     750 ..     812.50 ] ████████████████████████████▌          8  ( 15.7%)
[    812.50 ..      875 ] █████████████████▊                     5  (  9.8%)
[     875 ..     937.50 ] █████████████████████▍                 6  ( 11.8%)
[    937.50 ..     1000 ] ████████████████████████████████       9  ( 17.6%)
                                                      0%  100%
```

_sparkline computed from time-ordered samples_

### audio_silence_scale

| count | min | max | mean | p50 | p90 | p95 | p99 | p999 |
|---|---|---|---|---|---|---|---|---|
| 51 | 999 | 999 | 999.0 | 999 | 999 | 999 | 999 | 999 |

```
[     999 ..      999 ] ████████████████████████████████      51  (100.0%)
                                                      0%  100%
```

_sparkline computed from time-ordered samples_

### audio_snapshot_age_us

| count | min | max | mean | p50 | p90 | p95 | p99 | p999 |
|---|---|---|---|---|---|---|---|---|
| 131 | 0 | 17970 | 7475.6 | 8870 | 17798 | 17883 | 17946 | 17970 |

```
[       0 ..    1123.12 ] ████████████████████████████████      51  ( 38.9%)
[   1123.12 ..    2246.25 ]                                        0  (  0.0%)
[   2246.25 ..    3369.38 ]                                        0  (  0.0%)
[   3369.38 ..    4492.50 ]                                        0  (  0.0%)
[   4492.50 ..    5615.62 ]                                        0  (  0.0%)
[   5615.62 ..    6738.75 ]                                        0  (  0.0%)
[   6738.75 ..    7861.88 ]                                        0  (  0.0%)
[   7861.88 ..     8985 ] █████████████████████████▊            41  ( 31.3%)
[    8985 ..   10108.12 ] █████▋                                 9  (  6.9%)
[  10108.12 ..   11231.25 ]                                        0  (  0.0%)
[  11231.25 ..   12354.38 ]                                        0  (  0.0%)
[  12354.38 ..   13477.50 ]                                        0  (  0.0%)
[  13477.50 ..   14600.62 ]                                        0  (  0.0%)
[  14600.62 ..   15723.75 ]                                        0  (  0.0%)
[  15723.75 ..   16846.88 ]                                        0  (  0.0%)
[  16846.88 ..    17970 ] ██████████████████▉                   30  ( 22.9%)
                                                      0%  100%
```

_sparkline computed from time-ordered samples_

### audio_snapshot_copy_us

| count | min | max | mean | p50 | p90 | p95 | p99 | p999 |
|---|---|---|---|---|---|---|---|---|
| 131 | 77 | 446 | 268.6 | 256 | 363 | 413 | 445 | 446 |

```
[      77 ..     100.06 ] ██▏                                    2  (  1.5%)
[    100.06 ..     123.12 ] █                                      1  (  0.8%)
[    123.12 ..     146.19 ] ██▏                                    2  (  1.5%)
[    146.19 ..     169.25 ] █████▏                                 5  (  3.8%)
[    169.25 ..     192.31 ] █████████▎                             9  (  6.9%)
[    192.31 ..     215.38 ] ██████████▍                           10  (  7.6%)
[    215.38 ..     238.44 ] █████████████▍                        13  (  9.9%)
[    238.44 ..     261.50 ] ████████████████████████████████      31  ( 23.7%)
[    261.50 ..     284.56 ] █████████▎                             9  (  6.9%)
[    284.56 ..     307.62 ] █████████████▍                        13  (  9.9%)
[    307.62 ..     330.69 ] █████████▎                             9  (  6.9%)
[    330.69 ..     353.75 ] ███████████▍                          11  (  8.4%)
[    353.75 ..     376.81 ] ████▏                                  4  (  3.1%)
[    376.81 ..     399.88 ] ███▏                                   3  (  2.3%)
[    399.88 ..     422.94 ] ███▏                                   3  (  2.3%)
[    422.94 ..      446 ] ██████▎                                6  (  4.6%)
                                                      0%  100%
```

_sparkline computed from time-ordered samples_

### audio_snapshot_hop_seq_lag

| count | min | max | mean | p50 | p90 | p95 | p99 | p999 |
|---|---|---|---|---|---|---|---|---|
| 131 | 0 | 1 | 0.4 | 0 | 1 | 1 | 1 | 1 |

```
[       0 ..       0.06 ] ████████████████████████████████      80  ( 61.1%)
[      0.06 ..       0.12 ]                                        0  (  0.0%)
[      0.12 ..       0.19 ]                                        0  (  0.0%)
[      0.19 ..       0.25 ]                                        0  (  0.0%)
[      0.25 ..       0.31 ]                                        0  (  0.0%)
[      0.31 ..       0.38 ]                                        0  (  0.0%)
[      0.38 ..       0.44 ]                                        0  (  0.0%)
[      0.44 ..       0.50 ]                                        0  (  0.0%)
[      0.50 ..       0.56 ]                                        0  (  0.0%)
[      0.56 ..       0.62 ]                                        0  (  0.0%)
[      0.62 ..       0.69 ]                                        0  (  0.0%)
[      0.69 ..       0.75 ]                                        0  (  0.0%)
[      0.75 ..       0.81 ]                                        0  (  0.0%)
[      0.81 ..       0.88 ]                                        0  (  0.0%)
[      0.88 ..       0.94 ]                                        0  (  0.0%)
[      0.94 ..        1 ] ████████████████████▍                 51  ( 38.9%)
                                                      0%  100%
```

_sparkline computed from time-ordered samples_

### band_ratio_us

| count | min | max | mean | p50 | p90 | p95 | p99 | p999 |
|---|---|---|---|---|---|---|---|---|
| 50 | 62 | 100 | 69.2 | 65 | 82 | 90 | 100 | 100 |

```
[      62 ..      64.38 ] █████████████████████▍                14  ( 28.0%)
[     64.38 ..      66.75 ] ████████████████████████████████      21  ( 42.0%)
[     66.75 ..      69.12 ] ████▋                                  3  (  6.0%)
[     69.12 ..      71.50 ] █▌                                     1  (  2.0%)
[     71.50 ..      73.88 ] █▌                                     1  (  2.0%)
[     73.88 ..      76.25 ] █▌                                     1  (  2.0%)
[     76.25 ..      78.62 ] ███                                    2  (  4.0%)
[     78.62 ..       81 ]                                        0  (  0.0%)
[      81 ..      83.38 ] ███                                    2  (  4.0%)
[     83.38 ..      85.75 ]                                        0  (  0.0%)
[     85.75 ..      88.12 ] ███                                    2  (  4.0%)
[     88.12 ..      90.50 ] █▌                                     1  (  2.0%)
[     90.50 ..      92.88 ]                                        0  (  0.0%)
[     92.88 ..      95.25 ] █▌                                     1  (  2.0%)
[     95.25 ..      97.62 ]                                        0  (  0.0%)
[     97.62 ..      100 ] █▌                                     1  (  2.0%)
                                                      0%  100%
```

_sparkline computed from time-ordered samples_

### br_hihat_energy

| count | min | max | mean | p50 | p90 | p95 | p99 | p999 |
|---|---|---|---|---|---|---|---|---|
| 50 | 172 | 1759 | 773.6 | 669 | 1423 | 1534 | 1759 | 1759 |

```
[     172 ..     271.19 ] █████████▋                             3  (  6.0%)
[    271.19 ..     370.38 ]                                        0  (  0.0%)
[    370.38 ..     469.56 ] ████████████████                       5  ( 10.0%)
[    469.56 ..     568.75 ] ██████████████████████▍                7  ( 14.0%)
[    568.75 ..     667.94 ] ████████████████████████████▊          9  ( 18.0%)
[    667.94 ..     767.12 ] ████████████████████████████████      10  ( 20.0%)
[    767.12 ..     866.31 ] ██████▍                                2  (  4.0%)
[    866.31 ..     965.50 ]                                        0  (  0.0%)
[    965.50 ..    1064.69 ] █████████▋                             3  (  6.0%)
[   1064.69 ..    1163.88 ] ███▎                                   1  (  2.0%)
[   1163.88 ..    1263.06 ] ████████████▊                          4  (  8.0%)
[   1263.06 ..    1362.25 ]                                        0  (  0.0%)
[   1362.25 ..    1461.44 ] ██████▍                                2  (  4.0%)
[   1461.44 ..    1560.62 ] ██████▍                                2  (  4.0%)
[   1560.62 ..    1659.81 ]                                        0  (  0.0%)
[   1659.81 ..     1759 ] ██████▍                                2  (  4.0%)
                                                      0%  100%
```

_sparkline computed from time-ordered samples_

### br_kick_energy

| count | min | max | mean | p50 | p90 | p95 | p99 | p999 |
|---|---|---|---|---|---|---|---|---|
| 50 | 105 | 422 | 192.3 | 161 | 329 | 393 | 422 | 422 |

```
[     105 ..     124.81 ] ███████████████████▊                   8  ( 16.0%)
[    124.81 ..     144.62 ] ████████████████████████████████      13  ( 26.0%)
[    144.62 ..     164.44 ] █████████▉                             4  (  8.0%)
[    164.44 ..     184.25 ] ████████████▎                          5  ( 10.0%)
[    184.25 ..     204.06 ] ██████████████▊                        6  ( 12.0%)
[    204.06 ..     223.88 ] ██▌                                    1  (  2.0%)
[    223.88 ..     243.69 ] █████████▉                             4  (  8.0%)
[    243.69 ..     263.50 ]                                        0  (  0.0%)
[    263.50 ..     283.31 ]                                        0  (  0.0%)
[    283.31 ..     303.12 ] ████▉                                  2  (  4.0%)
[    303.12 ..     322.94 ]                                        0  (  0.0%)
[    322.94 ..     342.75 ] ████▉                                  2  (  4.0%)
[    342.75 ..     362.56 ] ██▌                                    1  (  2.0%)
[    362.56 ..     382.38 ] ██▌                                    1  (  2.0%)
[    382.38 ..     402.19 ] ██▌                                    1  (  2.0%)
[    402.19 ..      422 ] ████▉                                  2  (  4.0%)
                                                      0%  100%
```

_sparkline computed from time-ordered samples_

### br_raw_rms

| count | min | max | mean | p50 | p90 | p95 | p99 | p999 |
|---|---|---|---|---|---|---|---|---|
| 50 | 30102 | 109664 | 62358.9 | 60479 | 94219 | 98233 | 109664 | 109664 |

```
[   30102 ..   35074.62 ] ████▋                                  1  (  2.0%)
[  35074.62 ..   40047.25 ] ██████████████████▎                    4  (  8.0%)
[  40047.25 ..   45019.88 ] ████████████████████████████████       7  ( 14.0%)
[  45019.88 ..   49992.50 ] ██████████████████████▉                5  ( 10.0%)
[  49992.50 ..   54965.12 ] ████▋                                  1  (  2.0%)
[  54965.12 ..   59937.75 ] ███████████████████████████▍           6  ( 12.0%)
[  59937.75 ..   64910.38 ] ███████████████████████████▍           6  ( 12.0%)
[  64910.38 ..    69883 ] ███████████████████████████▍           6  ( 12.0%)
[   69883 ..   74855.62 ] ██████████████████▎                    4  (  8.0%)
[  74855.62 ..   79828.25 ] ████▋                                  1  (  2.0%)
[  79828.25 ..   84800.88 ] ████▋                                  1  (  2.0%)
[  84800.88 ..   89773.50 ] ████▋                                  1  (  2.0%)
[  89773.50 ..   94746.12 ] █████████▏                             2  (  4.0%)
[  94746.12 ..   99718.75 ] ██████████████████▎                    4  (  8.0%)
[  99718.75 ..  104691.38 ]                                        0  (  0.0%)
[ 104691.38 ..   109664 ] ████▋                                  1  (  2.0%)
                                                      0%  100%
```

_sparkline computed from time-ordered samples_

### br_rms_eligible

| count | min | max | mean | p50 | p90 | p95 | p99 | p999 |
|---|---|---|---|---|---|---|---|---|
| 50 | 1 | 1 | 1.0 | 1 | 1 | 1 | 1 | 1 |

```
[       1 ..        1 ] ████████████████████████████████      50  (100.0%)
                                                      0%  100%
```

_sparkline computed from time-ordered samples_

### br_snare_energy

| count | min | max | mean | p50 | p90 | p95 | p99 | p999 |
|---|---|---|---|---|---|---|---|---|
| 50 | 64 | 723 | 352.8 | 358 | 642 | 708 | 723 | 723 |

```
[      64 ..     105.19 ] ████████████████████████████           7  ( 14.0%)
[    105.19 ..     146.38 ] ████████████████                       4  (  8.0%)
[    146.38 ..     187.56 ] ████                                   1  (  2.0%)
[    187.56 ..     228.75 ] ████████                               2  (  4.0%)
[    228.75 ..     269.94 ] ████                                   1  (  2.0%)
[    269.94 ..     311.12 ] ████                                   1  (  2.0%)
[    311.12 ..     352.31 ] ████████████████████████████           7  ( 14.0%)
[    352.31 ..     393.50 ] ████████████████████                   5  ( 10.0%)
[    393.50 ..     434.69 ] ████████████████████████████████       8  ( 16.0%)
[    434.69 ..     475.88 ] ████████████████████████               6  ( 12.0%)
[    475.88 ..     517.06 ]                                        0  (  0.0%)
[    517.06 ..     558.25 ] ████                                   1  (  2.0%)
[    558.25 ..     599.44 ] ████                                   1  (  2.0%)
[    599.44 ..     640.62 ]                                        0  (  0.0%)
[    640.62 ..     681.81 ] ████████                               2  (  4.0%)
[    681.81 ..      723 ] ████████████████                       4  (  8.0%)
                                                      0%  100%
```

_sparkline computed from time-ordered samples_

### color_correction_us

| count | min | max | mean | p50 | p90 | p95 | p99 | p999 |
|---|---|---|---|---|---|---|---|---|
| 131 | 557 | 908 | 750.7 | 753 | 830 | 861 | 897 | 908 |

```
[     557 ..     578.94 ] ██▋                                    2  (  1.5%)
[    578.94 ..     600.88 ]                                        0  (  0.0%)
[    600.88 ..     622.81 ] ████                                   3  (  2.3%)
[    622.81 ..     644.75 ]                                        0  (  0.0%)
[    644.75 ..     666.69 ] ██▋                                    2  (  1.5%)
[    666.69 ..     688.62 ] ██████████████████▋                   14  ( 10.7%)
[    688.62 ..     710.56 ] █████████████▍                        10  (  7.6%)
[    710.56 ..     732.50 ] ██████████████████▋                   14  ( 10.7%)
[    732.50 ..     754.44 ] ████████████████████████████████      24  ( 18.3%)
[    754.44 ..     776.38 ] ████████████████████████████████      24  ( 18.3%)
[    776.38 ..     798.31 ] █████████████████▍                    13  (  9.9%)
[    798.31 ..     820.25 ] ████████████                           9  (  6.9%)
[    820.25 ..     842.19 ] ██████████▋                            8  (  6.1%)
[    842.19 ..     864.12 ] ██▋                                    2  (  1.5%)
[    864.12 ..     886.06 ] ████                                   3  (  2.3%)
[    886.06 ..      908 ] ████                                   3  (  2.3%)
                                                      0%  100%
```

_sparkline computed from time-ordered samples_

### controlbus_publish_copy_us

| count | min | max | mean | p50 | p90 | p95 | p99 | p999 |
|---|---|---|---|---|---|---|---|---|
| 51 | 73 | 213 | 112.2 | 98 | 181 | 190 | 213 | 213 |

```
[      73 ..      81.75 ] ████████████████████████████████      11  ( 21.6%)
[     81.75 ..      90.50 ] █████████████████████████████▏        10  ( 19.6%)
[     90.50 ..      99.25 ] ████████████████████▍                  7  ( 13.7%)
[     99.25 ..      108 ] ████████████████████▍                  7  ( 13.7%)
[     108 ..     116.75 ] ██▉                                    1  (  2.0%)
[    116.75 ..     125.50 ] █████▉                                 2  (  3.9%)
[    125.50 ..     134.25 ]                                        0  (  0.0%)
[    134.25 ..      143 ] █████▉                                 2  (  3.9%)
[     143 ..     151.75 ] █████▉                                 2  (  3.9%)
[    151.75 ..     160.50 ]                                        0  (  0.0%)
[    160.50 ..     169.25 ] ██▉                                    1  (  2.0%)
[    169.25 ..      178 ] ██▉                                    1  (  2.0%)
[     178 ..     186.75 ] █████▉                                 2  (  3.9%)
[    186.75 ..     195.50 ] ████████▊                              3  (  5.9%)
[    195.50 ..     204.25 ]                                        0  (  0.0%)
[    204.25 ..      213 ] █████▉                                 2  (  3.9%)
                                                      0%  100%
```

_sparkline computed from time-ordered samples_

### effect_id_active

| count | min | max | mean | p50 | p90 | p95 | p99 | p999 |
|---|---|---|---|---|---|---|---|---|
| 131 | 8448 | 8448 | 8448.0 | 8448 | 8448 | 8448 | 8448 | 8448 |

```
[    8448 ..     8448 ] ████████████████████████████████     131  (100.0%)
                                                      0%  100%
```

_sparkline computed from time-ordered samples_

### fps

| count | min | max | mean | p50 | p90 | p95 | p99 | p999 |
|---|---|---|---|---|---|---|---|---|
| 1 | 119 | 119 | 119.0 | 119 | 119 | 119 | 119 | 119 |

```
[     119 ..      119 ] ████████████████████████████████       1  (100.0%)
                                                      0%  100%
```

_sparkline computed from time-ordered samples_

### heap_free_internal_kb

| count | min | max | mean | p50 | p90 | p95 | p99 | p999 |
|---|---|---|---|---|---|---|---|---|
| 1 | 17 | 17 | 17.0 | 17 | 17 | 17 | 17 | 17 |

```
[      17 ..       17 ] ████████████████████████████████       1  (100.0%)
                                                      0%  100%
```

_sparkline computed from time-ordered samples_

### heap_free_psram_kb

| count | min | max | mean | p50 | p90 | p95 | p99 | p999 |
|---|---|---|---|---|---|---|---|---|
| 1 | 7812 | 7812 | 7812.0 | 7812 | 7812 | 7812 | 7812 | 7812 |

```
[    7812 ..     7812 ] ████████████████████████████████       1  (100.0%)
                                                      0%  100%
```

_sparkline computed from time-ordered samples_

### heap_largest_internal_kb

| count | min | max | mean | p50 | p90 | p95 | p99 | p999 |
|---|---|---|---|---|---|---|---|---|
| 1 | 7 | 7 | 7.0 | 7 | 7 | 7 | 7 | 7 |

```
[       7 ..        7 ] ████████████████████████████████       1  (100.0%)
                                                      0%  100%
```

_sparkline computed from time-ordered samples_

### heap_largest_psram_kb

| count | min | max | mean | p50 | p90 | p95 | p99 | p999 |
|---|---|---|---|---|---|---|---|---|
| 1 | 7807 | 7807 | 7807.0 | 7807 | 7807 | 7807 | 7807 | 7807 |

```
[    7807 ..     7807 ] ████████████████████████████████       1  (100.0%)
                                                      0%  100%
```

_sparkline computed from time-ordered samples_

### led_show_avg_us

| count | min | max | mean | p50 | p90 | p95 | p99 | p999 |
|---|---|---|---|---|---|---|---|---|
| 1 | 548 | 548 | 548.0 | 548 | 548 | 548 | 548 | 548 |

```
[     548 ..      548 ] ████████████████████████████████       1  (100.0%)
                                                      0%  100%
```

_sparkline computed from time-ordered samples_

### led_show_failures_total

| count | min | max | mean | p50 | p90 | p95 | p99 | p999 |
|---|---|---|---|---|---|---|---|---|
| 1 | 0 | 0 | 0.0 | 0 | 0 | 0 | 0 | 0 |

```
[       0 ..        0 ] ████████████████████████████████       1  (100.0%)
                                                      0%  100%
```

_sparkline computed from time-ordered samples_

### led_show_max_us

| count | min | max | mean | p50 | p90 | p95 | p99 | p999 |
|---|---|---|---|---|---|---|---|---|
| 1 | 2091 | 2091 | 2091.0 | 2091 | 2091 | 2091 | 2091 | 2091 |

```
[    2091 ..     2091 ] ████████████████████████████████       1  (100.0%)
                                                      0%  100%
```

_sparkline computed from time-ordered samples_

### led_show_skips_total

| count | min | max | mean | p50 | p90 | p95 | p99 | p999 |
|---|---|---|---|---|---|---|---|---|
| 1 | 0 | 0 | 0.0 | 0 | 0 | 0 | 0 | 0 |

```
[       0 ..        0 ] ████████████████████████████████       1  (100.0%)
                                                      0%  100%
```

_sparkline computed from time-ordered samples_

### onset_activity

| count | min | max | mean | p50 | p90 | p95 | p99 | p999 |
|---|---|---|---|---|---|---|---|---|
| 50 | 1000 | 1000 | 1000.0 | 1000 | 1000 | 1000 | 1000 | 1000 |

```
[    1000 ..     1000 ] ████████████████████████████████      50  (100.0%)
                                                      0%  100%
```

_sparkline computed from time-ordered samples_

### onset_bass_flux

| count | min | max | mean | p50 | p90 | p95 | p99 | p999 |
|---|---|---|---|---|---|---|---|---|
| 50 | 0 | 5584 | 1380.8 | 1108 | 2681 | 3211 | 5584 | 5584 |

```
[       0 ..      349 ] ████████████████████████████           7  ( 14.0%)
[     349 ..      698 ] ████████████████████████████████       8  ( 16.0%)
[     698 ..     1047 ] ████████████████████████████           7  ( 14.0%)
[    1047 ..     1396 ] ████████████████████████████████       8  ( 16.0%)
[    1396 ..     1745 ] ████████████████████                   5  ( 10.0%)
[    1745 ..     2094 ] ████████████                           3  (  6.0%)
[    2094 ..     2443 ] ████████████████████                   5  ( 10.0%)
[    2443 ..     2792 ] ████████                               2  (  4.0%)
[    2792 ..     3141 ] ████████                               2  (  4.0%)
[    3141 ..     3490 ] ████████                               2  (  4.0%)
[    3490 ..     3839 ]                                        0  (  0.0%)
[    3839 ..     4188 ]                                        0  (  0.0%)
[    4188 ..     4537 ]                                        0  (  0.0%)
[    4537 ..     4886 ]                                        0  (  0.0%)
[    4886 ..     5235 ]                                        0  (  0.0%)
[    5235 ..     5584 ] ████                                   1  (  2.0%)
                                                      0%  100%
```

_sparkline computed from time-ordered samples_

### onset_decision_us

| count | min | max | mean | p50 | p90 | p95 | p99 | p999 |
|---|---|---|---|---|---|---|---|---|
| 50 | 813 | 1337 | 952.7 | 884 | 1130 | 1181 | 1337 | 1337 |

```
[     813 ..     845.75 ] ████████████████████████████████      14  ( 28.0%)
[    845.75 ..     878.50 ] ████████████████████▋                  9  ( 18.0%)
[    878.50 ..     911.25 ] ███████████▍                           5  ( 10.0%)
[    911.25 ..      944 ] ██▎                                    1  (  2.0%)
[     944 ..     976.75 ] ██▎                                    1  (  2.0%)
[    976.75 ..    1009.50 ] ████▋                                  2  (  4.0%)
[   1009.50 ..    1042.25 ] ██████▉                                3  (  6.0%)
[   1042.25 ..     1075 ] █████████▏                             4  (  8.0%)
[    1075 ..    1107.75 ] █████████▏                             4  (  8.0%)
[   1107.75 ..    1140.50 ] ████▋                                  2  (  4.0%)
[   1140.50 ..    1173.25 ] ████▋                                  2  (  4.0%)
[   1173.25 ..     1206 ] ██▎                                    1  (  2.0%)
[    1206 ..    1238.75 ]                                        0  (  0.0%)
[   1238.75 ..    1271.50 ] ██▎                                    1  (  2.0%)
[   1271.50 ..    1304.25 ]                                        0  (  0.0%)
[   1304.25 ..     1337 ] ██▎                                    1  (  2.0%)
                                                      0%  100%
```

_sparkline computed from time-ordered samples_

### onset_env

| count | min | max | mean | p50 | p90 | p95 | p99 | p999 |
|---|---|---|---|---|---|---|---|---|
| 50 | 0 | 58216 | 2792.4 | 0 | 4726 | 18950 | 58216 | 58216 |

```
[       0 ..    3638.50 ] ████████████████████████████████      44  ( 88.0%)
[   3638.50 ..     7277 ] ▊                                      1  (  2.0%)
[    7277 ..   10915.50 ]                                        0  (  0.0%)
[  10915.50 ..    14554 ] ▊                                      1  (  2.0%)
[   14554 ..   18192.50 ] ▊                                      1  (  2.0%)
[  18192.50 ..    21831 ] ▊                                      1  (  2.0%)
[   21831 ..   25469.50 ] ▊                                      1  (  2.0%)
[  25469.50 ..    29108 ]                                        0  (  0.0%)
[   29108 ..   32746.50 ]                                        0  (  0.0%)
[  32746.50 ..    36385 ]                                        0  (  0.0%)
[   36385 ..   40023.50 ]                                        0  (  0.0%)
[  40023.50 ..    43662 ]                                        0  (  0.0%)
[   43662 ..   47300.50 ]                                        0  (  0.0%)
[  47300.50 ..    50939 ]                                        0  (  0.0%)
[   50939 ..   54577.50 ]                                        0  (  0.0%)
[  54577.50 ..    58216 ] ▊                                      1  (  2.0%)
                                                      0%  100%
```

_sparkline computed from time-ordered samples_

### onset_event_strength

| count | min | max | mean | p50 | p90 | p95 | p99 | p999 |
|---|---|---|---|---|---|---|---|---|
| 50 | 0 | 58216 | 1843.7 | 0 | 0 | 13031 | 58216 | 58216 |

```
[       0 ..    3638.50 ] ████████████████████████████████      47  ( 94.0%)
[   3638.50 ..     7277 ]                                        0  (  0.0%)
[    7277 ..   10915.50 ]                                        0  (  0.0%)
[  10915.50 ..    14554 ] ▋                                      1  (  2.0%)
[   14554 ..   18192.50 ]                                        0  (  0.0%)
[  18192.50 ..    21831 ] ▋                                      1  (  2.0%)
[   21831 ..   25469.50 ]                                        0  (  0.0%)
[  25469.50 ..    29108 ]                                        0  (  0.0%)
[   29108 ..   32746.50 ]                                        0  (  0.0%)
[  32746.50 ..    36385 ]                                        0  (  0.0%)
[   36385 ..   40023.50 ]                                        0  (  0.0%)
[  40023.50 ..    43662 ]                                        0  (  0.0%)
[   43662 ..   47300.50 ]                                        0  (  0.0%)
[  47300.50 ..    50939 ]                                        0  (  0.0%)
[   50939 ..   54577.50 ]                                        0  (  0.0%)
[  54577.50 ..    58216 ] ▋                                      1  (  2.0%)
                                                      0%  100%
```

_sparkline computed from time-ordered samples_

### onset_fft_frontend_us

| count | min | max | mean | p50 | p90 | p95 | p99 | p999 |
|---|---|---|---|---|---|---|---|---|
| 50 | 757 | 1391 | 954.5 | 883 | 1234 | 1284 | 1391 | 1391 |

```
[     757 ..     796.62 ] ████████████████████████████████      16  ( 32.0%)
[    796.62 ..     836.25 ] ████████                               4  (  8.0%)
[    836.25 ..     875.88 ] ████████                               4  (  8.0%)
[    875.88 ..     915.50 ] ████                                   2  (  4.0%)
[    915.50 ..     955.12 ] ██████████                             5  ( 10.0%)
[    955.12 ..     994.75 ] ██                                     1  (  2.0%)
[    994.75 ..    1034.38 ] ██                                     1  (  2.0%)
[   1034.38 ..     1074 ] ████                                   2  (  4.0%)
[    1074 ..    1113.62 ] ██                                     1  (  2.0%)
[   1113.62 ..    1153.25 ] ██████                                 3  (  6.0%)
[   1153.25 ..    1192.88 ] ████████                               4  (  8.0%)
[   1192.88 ..    1232.50 ] ██                                     1  (  2.0%)
[   1232.50 ..    1272.12 ] ██████                                 3  (  6.0%)
[   1272.12 ..    1311.75 ] ████                                   2  (  4.0%)
[   1311.75 ..    1351.38 ]                                        0  (  0.0%)
[   1351.38 ..     1391 ] ██                                     1  (  2.0%)
                                                      0%  100%
```

_sparkline computed from time-ordered samples_

### onset_flux

| count | min | max | mean | p50 | p90 | p95 | p99 | p999 |
|---|---|---|---|---|---|---|---|---|
| 50 | 11560 | 102319 | 37392.5 | 33262 | 52972 | 75707 | 102319 | 102319 |

```
[   11560 ..   17232.44 ] █████████████████▊                     5  ( 10.0%)
[  17232.44 ..   22904.88 ] ██████████████▎                        4  (  8.0%)
[  22904.88 ..   28577.31 ] ████████████████████████████████       9  ( 18.0%)
[  28577.31 ..   34249.75 ] ████████████████████████████▌          8  ( 16.0%)
[  34249.75 ..   39922.19 ] ██████████████▎                        4  (  8.0%)
[  39922.19 ..   45594.62 ] ██████████████▎                        4  (  8.0%)
[  45594.62 ..   51267.06 ] ████████████████████████████▌          8  ( 16.0%)
[  51267.06 ..   56939.50 ] ██████████████▎                        4  (  8.0%)
[  56939.50 ..   62611.94 ]                                        0  (  0.0%)
[  62611.94 ..   68284.38 ] ███▌                                   1  (  2.0%)
[  68284.38 ..   73956.81 ]                                        0  (  0.0%)
[  73956.81 ..   79629.25 ] ███▌                                   1  (  2.0%)
[  79629.25 ..   85301.69 ] ███▌                                   1  (  2.0%)
[  85301.69 ..   90974.12 ]                                        0  (  0.0%)
[  90974.12 ..   96646.56 ]                                        0  (  0.0%)
[  96646.56 ..   102319 ] ███▌                                   1  (  2.0%)
                                                      0%  100%
```

_sparkline computed from time-ordered samples_

### onset_flux_us

| count | min | max | mean | p50 | p90 | p95 | p99 | p999 |
|---|---|---|---|---|---|---|---|---|
| 50 | 742 | 1144 | 863.3 | 814 | 1013 | 1064 | 1144 | 1144 |

```
[     742 ..     767.12 ] ████████████████████████████████      15  ( 30.0%)
[    767.12 ..     792.25 ] ██▏                                    1  (  2.0%)
[    792.25 ..     817.38 ] ███████████████████████▌              11  ( 22.0%)
[    817.38 ..     842.50 ] ████▎                                  2  (  4.0%)
[    842.50 ..     867.62 ] ██▏                                    1  (  2.0%)
[    867.62 ..     892.75 ]                                        0  (  0.0%)
[    892.75 ..     917.88 ]                                        0  (  0.0%)
[    917.88 ..      943 ] ████████▌                              4  (  8.0%)
[     943 ..     968.12 ] ██████████▋                            5  ( 10.0%)
[    968.12 ..     993.25 ] ████████▌                              4  (  8.0%)
[    993.25 ..    1018.38 ] ████▎                                  2  (  4.0%)
[   1018.38 ..    1043.50 ] ██▏                                    1  (  2.0%)
[   1043.50 ..    1068.62 ] ████▎                                  2  (  4.0%)
[   1068.62 ..    1093.75 ] ██▏                                    1  (  2.0%)
[   1093.75 ..    1118.88 ]                                        0  (  0.0%)
[   1118.88 ..     1144 ] ██▏                                    1  (  2.0%)
                                                      0%  100%
```

_sparkline computed from time-ordered samples_

### onset_gate_flags

| count | min | max | mean | p50 | p90 | p95 | p99 | p999 |
|---|---|---|---|---|---|---|---|---|
| 50 | 0 | 0 | 0.0 | 0 | 0 | 0 | 0 | 0 |

```
[       0 ..        0 ] ████████████████████████████████      50  (100.0%)
                                                      0%  100%
```

_sparkline computed from time-ordered samples_

### onset_high_flux

| count | min | max | mean | p50 | p90 | p95 | p99 | p999 |
|---|---|---|---|---|---|---|---|---|
| 50 | 10215 | 179906 | 57058.1 | 48744 | 102177 | 129122 | 179906 | 179906 |

```
[   10215 ..   20820.69 ] █████████▋                             3  (  6.0%)
[  20820.69 ..   31426.38 ] █████████████████████████▋             8  ( 16.0%)
[  31426.38 ..   42032.06 ] ████████████████████████████████      10  ( 20.0%)
[  42032.06 ..   52637.75 ] ██████████████████████▍                7  ( 14.0%)
[  52637.75 ..   63243.44 ] █████████████████████████▋             8  ( 16.0%)
[  63243.44 ..   73849.12 ] ██████▍                                2  (  4.0%)
[  73849.12 ..   84454.81 ] █████████▋                             3  (  6.0%)
[  84454.81 ..   95060.50 ]                                        0  (  0.0%)
[  95060.50 ..  105666.19 ] ████████████████                       5  ( 10.0%)
[ 105666.19 ..  116271.88 ]                                        0  (  0.0%)
[ 116271.88 ..  126877.56 ] ███▎                                   1  (  2.0%)
[ 126877.56 ..  137483.25 ] ██████▍                                2  (  4.0%)
[ 137483.25 ..  148088.94 ]                                        0  (  0.0%)
[ 148088.94 ..  158694.62 ]                                        0  (  0.0%)
[ 158694.62 ..  169300.31 ]                                        0  (  0.0%)
[ 169300.31 ..   179906 ] ███▎                                   1  (  2.0%)
                                                      0%  100%
```

_sparkline computed from time-ordered samples_

### onset_input_rms

| count | min | max | mean | p50 | p90 | p95 | p99 | p999 |
|---|---|---|---|---|---|---|---|---|
| 50 | 30102 | 109664 | 62358.9 | 60479 | 94219 | 98233 | 109664 | 109664 |

```
[   30102 ..   35074.62 ] ████▋                                  1  (  2.0%)
[  35074.62 ..   40047.25 ] ██████████████████▎                    4  (  8.0%)
[  40047.25 ..   45019.88 ] ████████████████████████████████       7  ( 14.0%)
[  45019.88 ..   49992.50 ] ██████████████████████▉                5  ( 10.0%)
[  49992.50 ..   54965.12 ] ████▋                                  1  (  2.0%)
[  54965.12 ..   59937.75 ] ███████████████████████████▍           6  ( 12.0%)
[  59937.75 ..   64910.38 ] ███████████████████████████▍           6  ( 12.0%)
[  64910.38 ..    69883 ] ███████████████████████████▍           6  ( 12.0%)
[   69883 ..   74855.62 ] ██████████████████▎                    4  (  8.0%)
[  74855.62 ..   79828.25 ] ████▋                                  1  (  2.0%)
[  79828.25 ..   84800.88 ] ████▋                                  1  (  2.0%)
[  84800.88 ..   89773.50 ] ████▋                                  1  (  2.0%)
[  89773.50 ..   94746.12 ] █████████▏                             2  (  4.0%)
[  94746.12 ..   99718.75 ] ██████████████████▎                    4  (  8.0%)
[  99718.75 ..  104691.38 ]                                        0  (  0.0%)
[ 104691.38 ..   109664 ] ████▋                                  1  (  2.0%)
                                                      0%  100%
```

_sparkline computed from time-ordered samples_

### onset_mid_flux

| count | min | max | mean | p50 | p90 | p95 | p99 | p999 |
|---|---|---|---|---|---|---|---|---|
| 50 | 668 | 20957 | 7215.2 | 6254 | 13111 | 16434 | 20957 | 20957 |

```
[     668 ..    1936.06 ] █████████▋                             3  (  6.0%)
[   1936.06 ..    3204.12 ] ████████████████                       5  ( 10.0%)
[   3204.12 ..    4472.19 ] ████████████████████████████▊          9  ( 18.0%)
[   4472.19 ..    5740.25 ] █████████▋                             3  (  6.0%)
[   5740.25 ..    7008.31 ] ██████████████████████▍                7  ( 14.0%)
[   7008.31 ..    8276.38 ] ████████████████████████████████      10  ( 20.0%)
[   8276.38 ..    9544.44 ] ██████▍                                2  (  4.0%)
[   9544.44 ..   10812.50 ] ███▎                                   1  (  2.0%)
[  10812.50 ..   12080.56 ] █████████▋                             3  (  6.0%)
[  12080.56 ..   13348.62 ] ██████▍                                2  (  4.0%)
[  13348.62 ..   14616.69 ]                                        0  (  0.0%)
[  14616.69 ..   15884.75 ] ███▎                                   1  (  2.0%)
[  15884.75 ..   17152.81 ] ██████▍                                2  (  4.0%)
[  17152.81 ..   18420.88 ]                                        0  (  0.0%)
[  18420.88 ..   19688.94 ] ███▎                                   1  (  2.0%)
[  19688.94 ..    20957 ] ███▎                                   1  (  2.0%)
                                                      0%  100%
```

_sparkline computed from time-ordered samples_

### onset_noise_floor

| count | min | max | mean | p50 | p90 | p95 | p99 | p999 |
|---|---|---|---|---|---|---|---|---|
| 50 | 6355 | 6355 | 6355.0 | 6355 | 6355 | 6355 | 6355 | 6355 |

```
[    6355 ..     6355 ] ████████████████████████████████      50  (100.0%)
                                                      0%  100%
```

_sparkline computed from time-ordered samples_

### onset_process_us

| count | min | max | mean | p50 | p90 | p95 | p99 | p999 |
|---|---|---|---|---|---|---|---|---|
| 50 | 1585 | 2745 | 1927.8 | 1798 | 2332 | 2371 | 2745 | 2745 |

```
[    1585 ..    1657.50 ] ████████████████████████████████      10  ( 20.0%)
[   1657.50 ..     1730 ] █████████████████████████▋             8  ( 16.0%)
[    1730 ..    1802.50 ] ██████████████████████▍                7  ( 14.0%)
[   1802.50 ..     1875 ] ███▎                                   1  (  2.0%)
[    1875 ..    1947.50 ] ██████▍                                2  (  4.0%)
[   1947.50 ..     2020 ] ████████████▊                          4  (  8.0%)
[    2020 ..    2092.50 ] ██████▍                                2  (  4.0%)
[   2092.50 ..     2165 ] ██████▍                                2  (  4.0%)
[    2165 ..    2237.50 ] ███████████████████▎                   6  ( 12.0%)
[   2237.50 ..     2310 ] ██████▍                                2  (  4.0%)
[    2310 ..    2382.50 ] ████████████▊                          4  (  8.0%)
[   2382.50 ..     2455 ] ███▎                                   1  (  2.0%)
[    2455 ..    2527.50 ]                                        0  (  0.0%)
[   2527.50 ..     2600 ]                                        0  (  0.0%)
[    2600 ..    2672.50 ]                                        0  (  0.0%)
[   2672.50 ..     2745 ] ███▎                                   1  (  2.0%)
                                                      0%  100%
```

_sparkline computed from time-ordered samples_

### render_frame_work_us

| count | min | max | mean | p50 | p90 | p95 | p99 | p999 |
|---|---|---|---|---|---|---|---|---|
| 131 | 2671 | 3648 | 3143.9 | 3164 | 3372 | 3579 | 3624 | 3648 |

```
[    2671 ..    2732.06 ] ██▉                                    2  (  1.5%)
[   2732.06 ..    2793.12 ] ██▉                                    2  (  1.5%)
[   2793.12 ..    2854.19 ] █████████████▏                         9  (  6.9%)
[   2854.19 ..    2915.25 ] ████████▊                              6  (  4.6%)
[   2915.25 ..    2976.31 ] █████████████████▌                    12  (  9.2%)
[   2976.31 ..    3037.38 ] █████████████████████▉                15  ( 11.5%)
[   3037.38 ..    3098.44 ] ███████████▋                           8  (  6.1%)
[   3098.44 ..    3159.50 ] ███████████▋                           8  (  6.1%)
[   3159.50 ..    3220.56 ] ████████████████████████████████      22  ( 16.8%)
[   3220.56 ..    3281.62 ] █████████████████████▉                15  ( 11.5%)
[   3281.62 ..    3342.69 ] █████████████████▌                    12  (  9.2%)
[   3342.69 ..    3403.75 ] ███████████▋                           8  (  6.1%)
[   3403.75 ..    3464.81 ] ████▍                                  3  (  2.3%)
[   3464.81 ..    3525.88 ] █▌                                     1  (  0.8%)
[   3525.88 ..    3586.94 ] ██▉                                    2  (  1.5%)
[   3586.94 ..     3648 ] ████████▊                              6  (  4.6%)
                                                      0%  100%
```

_sparkline computed from time-ordered samples_

### rmt_errors_total

| count | min | max | mean | p50 | p90 | p95 | p99 | p999 |
|---|---|---|---|---|---|---|---|---|
| 1 | 0 | 0 | 0.0 | 0 | 0 | 0 | 0 | 0 |

```
[       0 ..        0 ] ████████████████████████████████       1  (100.0%)
                                                      0%  100%
```

_sparkline computed from time-ordered samples_

### rmt_underruns_total

| count | min | max | mean | p50 | p90 | p95 | p99 | p999 |
|---|---|---|---|---|---|---|---|---|
| 1 | 0 | 0 | 0.0 | 0 | 0 | 0 | 0 | 0 |

```
[       0 ..        0 ] ████████████████████████████████       1  (100.0%)
                                                      0%  100%
```

_sparkline computed from time-ordered samples_

### rts_audio_conf

| count | min | max | mean | p50 | p90 | p95 | p99 | p999 |
|---|---|---|---|---|---|---|---|---|
| 131 | 1000 | 1000 | 1000.0 | 1000 | 1000 | 1000 | 1000 | 1000 |

```
[    1000 ..     1000 ] ████████████████████████████████     131  (100.0%)
                                                      0%  100%
```

_sparkline computed from time-ordered samples_

### rts_fade_amount

| count | min | max | mean | p50 | p90 | p95 | p99 | p999 |
|---|---|---|---|---|---|---|---|---|
| 131 | 0 | 0 | 0.0 | 0 | 0 | 0 | 0 | 0 |

```
[       0 ..        0 ] ████████████████████████████████     131  (100.0%)
                                                      0%  100%
```

_sparkline computed from time-ordered samples_

### rts_fast_rms

| count | min | max | mean | p50 | p90 | p95 | p99 | p999 |
|---|---|---|---|---|---|---|---|---|
| 131 | 0 | 1000 | 727.4 | 778 | 1000 | 1000 | 1000 | 1000 |

```
[       0 ..      62.50 ] ██▊                                    2  (  1.5%)
[     62.50 ..      125 ]                                        0  (  0.0%)
[     125 ..     187.50 ] ████▏                                  3  (  2.3%)
[    187.50 ..      250 ] ██▊                                    2  (  1.5%)
[     250 ..     312.50 ]                                        0  (  0.0%)
[    312.50 ..      375 ]                                        0  (  0.0%)
[     375 ..     437.50 ] ████████████▌                          9  (  6.9%)
[    437.50 ..      500 ] ████████▍                              6  (  4.6%)
[     500 ..     562.50 ] ███████████▏                           8  (  6.1%)
[    562.50 ..      625 ] ███████████▏                           8  (  6.1%)
[     625 ..     687.50 ] ████▏                                  3  (  2.3%)
[    687.50 ..      750 ] ███████████████████████▋              17  ( 13.0%)
[     750 ..     812.50 ] ███████████████████████████▉          20  ( 15.3%)
[    812.50 ..      875 ] ███████████████████▌                  14  ( 10.7%)
[     875 ..     937.50 ] ██████████████████████▎               16  ( 12.2%)
[    937.50 ..     1000 ] ████████████████████████████████      23  ( 17.6%)
                                                      0%  100%
```

_sparkline computed from time-ordered samples_

### rts_onset_env_pushed

| count | min | max | mean | p50 | p90 | p95 | p99 | p999 |
|---|---|---|---|---|---|---|---|---|
| 131 | 999 | 999 | 999.0 | 999 | 999 | 999 | 999 | 999 |

```
[     999 ..      999 ] ████████████████████████████████     131  (100.0%)
                                                      0%  100%
```

_sparkline computed from time-ordered samples_

### rts_onset_flux

| count | min | max | mean | p50 | p90 | p95 | p99 | p999 |
|---|---|---|---|---|---|---|---|---|
| 131 | 11560 | 102319 | 37384.4 | 34064 | 52972 | 75707 | 102319 | 102319 |

```
[   11560 ..   17232.44 ] ██████████████▋                       11  (  8.4%)
[  17232.44 ..   22904.88 ] ██████████████▋                       11  (  8.4%)
[  22904.88 ..   28577.31 ] ████████████████████████████████      24  ( 18.3%)
[  28577.31 ..   34249.75 ] ██████████████████████████▋           20  ( 15.3%)
[  34249.75 ..   39922.19 ] ██████████████▋                       11  (  8.4%)
[  39922.19 ..   45594.62 ] ████████████████                      12  (  9.2%)
[  45594.62 ..   51267.06 ] █████████████████████████████▍        22  ( 16.8%)
[  51267.06 ..   56939.50 ] ██████████████▋                       11  (  8.4%)
[  56939.50 ..   62611.94 ]                                        0  (  0.0%)
[  62611.94 ..   68284.38 ] ██▋                                    2  (  1.5%)
[  68284.38 ..   73956.81 ]                                        0  (  0.0%)
[  73956.81 ..   79629.25 ] ████                                   3  (  2.3%)
[  79629.25 ..   85301.69 ] ██▋                                    2  (  1.5%)
[  85301.69 ..   90974.12 ]                                        0  (  0.0%)
[  90974.12 ..   96646.56 ]                                        0  (  0.0%)
[  96646.56 ..   102319 ] ██▋                                    2  (  1.5%)
                                                      0%  100%
```

_sparkline computed from time-ordered samples_

### rts_push_interval_us

| count | min | max | mean | p50 | p90 | p95 | p99 | p999 |
|---|---|---|---|---|---|---|---|---|
| 131 | 33333 | 33333 | 33333.0 | 33333 | 33333 | 33333 | 33333 | 33333 |

```
[   33333 ..    33333 ] ████████████████████████████████     131  (100.0%)
                                                      0%  100%
```

_sparkline computed from time-ordered samples_

### rts_pushes

| count | min | max | mean | p50 | p90 | p95 | p99 | p999 |
|---|---|---|---|---|---|---|---|---|
| 131 | 0 | 1 | 0.3 | 0 | 1 | 1 | 1 | 1 |

```
[       0 ..       0.06 ] ████████████████████████████████      96  ( 73.3%)
[      0.06 ..       0.12 ]                                        0  (  0.0%)
[      0.12 ..       0.19 ]                                        0  (  0.0%)
[      0.19 ..       0.25 ]                                        0  (  0.0%)
[      0.25 ..       0.31 ]                                        0  (  0.0%)
[      0.31 ..       0.38 ]                                        0  (  0.0%)
[      0.38 ..       0.44 ]                                        0  (  0.0%)
[      0.44 ..       0.50 ]                                        0  (  0.0%)
[      0.50 ..       0.56 ]                                        0  (  0.0%)
[      0.56 ..       0.62 ]                                        0  (  0.0%)
[      0.62 ..       0.69 ]                                        0  (  0.0%)
[      0.69 ..       0.75 ]                                        0  (  0.0%)
[      0.75 ..       0.81 ]                                        0  (  0.0%)
[      0.81 ..       0.88 ]                                        0  (  0.0%)
[      0.88 ..       0.94 ]                                        0  (  0.0%)
[      0.94 ..        1 ] ███████████▋                          35  ( 26.7%)
                                                      0%  100%
```

_sparkline computed from time-ordered samples_

### rts_ring_count

| count | min | max | mean | p50 | p90 | p95 | p99 | p999 |
|---|---|---|---|---|---|---|---|---|
| 131 | 80 | 80 | 80.0 | 80 | 80 | 80 | 80 | 80 |

```
[      80 ..       80 ] ████████████████████████████████     131  (100.0%)
                                                      0%  100%
```

_sparkline computed from time-ordered samples_

### rts_silent_scale

| count | min | max | mean | p50 | p90 | p95 | p99 | p999 |
|---|---|---|---|---|---|---|---|---|
| 131 | 999 | 999 | 999.0 | 999 | 999 | 999 | 999 | 999 |

```
[     999 ..      999 ] ████████████████████████████████     131  (100.0%)
                                                      0%  100%
```

_sparkline computed from time-ordered samples_

### snapshot_read_retries_total

| count | min | max | mean | p50 | p90 | p95 | p99 | p999 |
|---|---|---|---|---|---|---|---|---|
| 131 | 3479 | 3481 | 3480.0 | 3480 | 3480 | 3480 | 3481 | 3481 |

```
[    3479 ..    3479.12 ] ▌                                      2  (  1.5%)
[   3479.12 ..    3479.25 ]                                        0  (  0.0%)
[   3479.25 ..    3479.38 ]                                        0  (  0.0%)
[   3479.38 ..    3479.50 ]                                        0  (  0.0%)
[   3479.50 ..    3479.62 ]                                        0  (  0.0%)
[   3479.62 ..    3479.75 ]                                        0  (  0.0%)
[   3479.75 ..    3479.88 ]                                        0  (  0.0%)
[   3479.88 ..     3480 ]                                        0  (  0.0%)
[    3480 ..    3480.12 ] ████████████████████████████████     125  ( 95.4%)
[   3480.12 ..    3480.25 ]                                        0  (  0.0%)
[   3480.25 ..    3480.38 ]                                        0  (  0.0%)
[   3480.38 ..    3480.50 ]                                        0  (  0.0%)
[   3480.50 ..    3480.62 ]                                        0  (  0.0%)
[   3480.62 ..    3480.75 ]                                        0  (  0.0%)
[   3480.75 ..    3480.88 ]                                        0  (  0.0%)
[   3480.88 ..     3481 ] █                                      4  (  3.1%)
                                                      0%  100%
```

_sparkline computed from time-ordered samples_

### spectral_novelty

| count | min | max | mean | p50 | p90 | p95 | p99 | p999 |
|---|---|---|---|---|---|---|---|---|
| 51 | 69 | 557 | 234.4 | 209 | 396 | 467 | 557 | 557 |

```
[      69 ..      99.50 ] █████████████████▊                     5  (  9.8%)
[     99.50 ..      130 ] ██████████▋                            3  (  5.9%)
[     130 ..     160.50 ] █████████████████▊                     5  (  9.8%)
[    160.50 ..      191 ] ████████████████████████████████       9  ( 17.6%)
[     191 ..     221.50 ] █████████████████████▍                 6  ( 11.8%)
[    221.50 ..      252 ] █████████████████████▍                 6  ( 11.8%)
[     252 ..     282.50 ] ███▌                                   1  (  2.0%)
[    282.50 ..      313 ] ██████████▋                            3  (  5.9%)
[     313 ..     343.50 ] █████████████████████▍                 6  ( 11.8%)
[    343.50 ..      374 ] ███▌                                   1  (  2.0%)
[     374 ..     404.50 ] ███▌                                   1  (  2.0%)
[    404.50 ..      435 ]                                        0  (  0.0%)
[     435 ..     465.50 ] ███████▏                               2  (  3.9%)
[    465.50 ..      496 ] ███▌                                   1  (  2.0%)
[     496 ..     526.50 ] ███▌                                   1  (  2.0%)
[    526.50 ..      557 ] ███▌                                   1  (  2.0%)
                                                      0%  100%
```

_sparkline computed from time-ordered samples_

### task_stack_hwm_audio

| count | min | max | mean | p50 | p90 | p95 | p99 | p999 |
|---|---|---|---|---|---|---|---|---|
| 1 | 8748 | 8748 | 8748.0 | 8748 | 8748 | 8748 | 8748 | 8748 |

```
[    8748 ..     8748 ] ████████████████████████████████       1  (100.0%)
                                                      0%  100%
```

_sparkline computed from time-ordered samples_

### task_stack_hwm_loop

| count | min | max | mean | p50 | p90 | p95 | p99 | p999 |
|---|---|---|---|---|---|---|---|---|
| 1 | 2064 | 2064 | 2064.0 | 2064 | 2064 | 2064 | 2064 | 2064 |

```
[    2064 ..     2064 ] ████████████████████████████████       1  (100.0%)
                                                      0%  100%
```

_sparkline computed from time-ordered samples_

### task_stack_hwm_renderer

| count | min | max | mean | p50 | p90 | p95 | p99 | p999 |
|---|---|---|---|---|---|---|---|---|
| 1 | 10256 | 10256 | 10256.0 | 10256 | 10256 | 10256 | 10256 | 10256 |

```
[   10256 ..    10256 ] ████████████████████████████████       1  (100.0%)
                                                      0%  100%
```

_sparkline computed from time-ordered samples_

### task_stack_hwm_show_director

| count | min | max | mean | p50 | p90 | p95 | p99 | p999 |
|---|---|---|---|---|---|---|---|---|
| 1 | 10544 | 10544 | 10544.0 | 10544 | 10544 | 10544 | 10544 | 10544 |

```
[   10544 ..    10544 ] ████████████████████████████████       1  (100.0%)
                                                      0%  100%
```

_sparkline computed from time-ordered samples_

### temp_celsius_x10

| count | min | max | mean | p50 | p90 | p95 | p99 | p999 |
|---|---|---|---|---|---|---|---|---|
| 1 | 747 | 747 | 747.0 | 747 | 747 | 747 | 747 | 747 |

```
[     747 ..      747 ] ████████████████████████████████       1  (100.0%)
                                                      0%  100%
```

_sparkline computed from time-ordered samples_

### trace_mode_enabled

| count | min | max | mean | p50 | p90 | p95 | p99 | p999 |
|---|---|---|---|---|---|---|---|---|
| 1 | 1 | 1 | 1.0 | 1 | 1 | 1 | 1 | 1 |

```
[       1 ..        1 ] ████████████████████████████████       1  (100.0%)
                                                      0%  100%
```

_sparkline computed from time-ordered samples_

### wifi_ap_mode

| count | min | max | mean | p50 | p90 | p95 | p99 | p999 |
|---|---|---|---|---|---|---|---|---|
| 1 | 1 | 1 | 1.0 | 1 | 1 | 1 | 1 | 1 |

```
[       1 ..        1 ] ████████████████████████████████       1  (100.0%)
                                                      0%  100%
```

_sparkline computed from time-ordered samples_

### wifi_clients

| count | min | max | mean | p50 | p90 | p95 | p99 | p999 |
|---|---|---|---|---|---|---|---|---|
| 1 | 0 | 0 | 0.0 | 0 | 0 | 0 | 0 | 0 |

```
[       0 ..        0 ] ████████████████████████████████       1  (100.0%)
                                                      0%  100%
```

_sparkline computed from time-ordered samples_

### ws_client_count

| count | min | max | mean | p50 | p90 | p95 | p99 | p999 |
|---|---|---|---|---|---|---|---|---|
| 1 | 0 | 0 | 0.0 | 0 | 0 | 0 | 0 | 0 |

```
[       0 ..        0 ] ████████████████████████████████       1  (100.0%)
                                                      0%  100%
```

_sparkline computed from time-ordered samples_

### ws_clients

| count | min | max | mean | p50 | p90 | p95 | p99 | p999 |
|---|---|---|---|---|---|---|---|---|
| 1 | 0 | 0 | 0.0 | 0 | 0 | 0 | 0 | 0 |

```
[       0 ..        0 ] ████████████████████████████████       1  (100.0%)
                                                      0%  100%
```

_sparkline computed from time-ordered samples_

### ws_dispatch_count

| count | min | max | mean | p50 | p90 | p95 | p99 | p999 |
|---|---|---|---|---|---|---|---|---|
| 1 | 0 | 0 | 0.0 | 0 | 0 | 0 | 0 | 0 |

```
[       0 ..        0 ] ████████████████████████████████       1  (100.0%)
                                                      0%  100%
```

_sparkline computed from time-ordered samples_

### ws_errors

| count | min | max | mean | p50 | p90 | p95 | p99 | p999 |
|---|---|---|---|---|---|---|---|---|
| 1 | 0 | 0 | 0.0 | 0 | 0 | 0 | 0 | 0 |

```
[       0 ..        0 ] ████████████████████████████████       1  (100.0%)
                                                      0%  100%
```

_sparkline computed from time-ordered samples_

## Per-span duration statistics

### audio_snapshot_read

| count | min | max | mean | p50 | p90 | p95 | p99 | p999 |
|---|---|---|---|---|---|---|---|---|
| 131 | 311 | 874 | 562.1 | 556 | 673 | 761 | 839 | 874 |

```
[     311 ..     346.19 µs] █▏                                     1  (  0.8%)
[    346.19 ..     381.38 µs] ██▍                                    2  (  1.5%)
[    381.38 ..     416.56 µs] ████████▎                              7  (  5.3%)
[    416.56 ..     451.75 µs] ████████▎                              7  (  5.3%)
[    451.75 ..     486.94 µs] ██████████▋                            9  (  6.9%)
[    486.94 ..     522.12 µs] ████████████████████▏                 17  ( 13.0%)
[    522.12 ..     557.31 µs] ███████████████████████████▎          23  ( 17.6%)
[    557.31 ..     592.50 µs] ████████████████████████████████      27  ( 20.6%)
[    592.50 ..     627.69 µs] ███████▏                               6  (  4.6%)
[    627.69 ..     662.88 µs] ███████████████▍                      13  (  9.9%)
[    662.88 ..     698.06 µs] ██████████▋                            9  (  6.9%)
[    698.06 ..     733.25 µs] ██▍                                    2  (  1.5%)
[    733.25 ..     768.44 µs] ███▌                                   3  (  2.3%)
[    768.44 ..     803.62 µs]                                        0  (  0.0%)
[    803.62 ..     838.81 µs] ███▌                                   3  (  2.3%)
[    838.81 ..      874 µs] ██▍                                    2  (  1.5%)
                                                      0%  100%
```

### band_ratio_detect

| count | min | max | mean | p50 | p90 | p95 | p99 | p999 |
|---|---|---|---|---|---|---|---|---|
| 50 | 69 | 106 | 77.5 | 73 | 91 | 102 | 106 | 106 |

```
[      69 ..      71.31 µs] ███████████████████████████▍          12  ( 24.0%)
[     71.31 ..      73.62 µs] ████████████████████████████████      14  ( 28.0%)
[     73.62 ..      75.94 µs] █████████████▊                         6  ( 12.0%)
[     75.94 ..      78.25 µs] █████████▏                             4  (  8.0%)
[     78.25 ..      80.56 µs] █████████▏                             4  (  8.0%)
[     80.56 ..      82.88 µs] ██▎                                    1  (  2.0%)
[     82.88 ..      85.19 µs] ██▎                                    1  (  2.0%)
[     85.19 ..      87.50 µs] ██▎                                    1  (  2.0%)
[     87.50 ..      89.81 µs] ██▎                                    1  (  2.0%)
[     89.81 ..      92.12 µs] ██▎                                    1  (  2.0%)
[     92.12 ..      94.44 µs]                                        0  (  0.0%)
[     94.44 ..      96.75 µs]                                        0  (  0.0%)
[     96.75 ..      99.06 µs] ██▎                                    1  (  2.0%)
[     99.06 ..     101.38 µs] ██▎                                    1  (  2.0%)
[    101.38 ..     103.69 µs] ██▎                                    1  (  2.0%)
[    103.69 ..      106 µs] ████▋                                  2  (  4.0%)
                                                      0%  100%
```

### color_correction

| count | min | max | mean | p50 | p90 | p95 | p99 | p999 |
|---|---|---|---|---|---|---|---|---|
| 131 | 574 | 926 | 767.9 | 771 | 848 | 881 | 917 | 926 |

```
[     574 ..      596 µs] ██▌                                    2  (  1.5%)
[     596 ..      618 µs]                                        0  (  0.0%)
[     618 ..      640 µs] ███▊                                   3  (  2.3%)
[     640 ..      662 µs]                                        0  (  0.0%)
[     662 ..      684 µs] ██▌                                    2  (  1.5%)
[     684 ..      706 µs] ██████████████████▌                   15  ( 11.5%)
[     706 ..      728 µs] ████████████▎                         10  (  7.6%)
[     728 ..      750 µs] █████████████████▎                    14  ( 10.7%)
[     750 ..      772 µs] ███████████████████████████▏          22  ( 16.8%)
[     772 ..      794 µs] ████████████████████████████████      26  ( 19.8%)
[     794 ..      816 µs] ██████████████▊                       12  (  9.2%)
[     816 ..      838 µs] █████████▉                             8  (  6.1%)
[     838 ..      860 µs] ███████████▏                           9  (  6.9%)
[     860 ..      882 µs] ██▌                                    2  (  1.5%)
[     882 ..      904 µs] ███▊                                   3  (  2.3%)
[     904 ..      926 µs] ███▊                                   3  (  2.3%)
                                                      0%  100%
```

### controlbus_build

| count | min | max | mean | p50 | p90 | p95 | p99 | p999 |
|---|---|---|---|---|---|---|---|---|
| 51 | 3822 | 5190 | 4434.6 | 4468 | 4790 | 4870 | 5190 | 5190 |

```
[    3822 ..    3907.50 µs] ████████                               2  (  3.9%)
[   3907.50 ..     3993 µs] ████                                   1  (  2.0%)
[    3993 ..    4078.50 µs] ████████████████████████████████       8  ( 15.7%)
[   4078.50 ..     4164 µs] ████████████████                       4  (  7.8%)
[    4164 ..    4249.50 µs] ████████                               2  (  3.9%)
[   4249.50 ..     4335 µs] ████████                               2  (  3.9%)
[    4335 ..    4420.50 µs] ████████████                           3  (  5.9%)
[   4420.50 ..     4506 µs] ████████████████████                   5  (  9.8%)
[    4506 ..    4591.50 µs] ████████████████                       4  (  7.8%)
[   4591.50 ..     4677 µs] ████████████████████████               6  ( 11.8%)
[    4677 ..    4762.50 µs] ████████████████████████               6  ( 11.8%)
[   4762.50 ..     4848 µs] ████████████████████                   5  (  9.8%)
[    4848 ..    4933.50 µs] ████████                               2  (  3.9%)
[   4933.50 ..     5019 µs]                                        0  (  0.0%)
[    5019 ..    5104.50 µs]                                        0  (  0.0%)
[   5104.50 ..     5190 µs] ████                                   1  (  2.0%)
                                                      0%  100%
```

### effect_render

| count | min | max | mean | p50 | p90 | p95 | p99 | p999 |
|---|---|---|---|---|---|---|---|---|
| 131 | 326 | 481 | 407.2 | 414 | 457 | 469 | 478 | 481 |

```
[     326 ..     335.69 µs] ████████▉                              5  (  3.8%)
[    335.69 ..     345.38 µs] ███▌                                   2  (  1.5%)
[    345.38 ..     355.06 µs] ████████████████                       9  (  6.9%)
[    355.06 ..     364.75 µs] ████████████▌                          7  (  5.3%)
[    364.75 ..     374.44 µs] ████████████████                       9  (  6.9%)
[    374.44 ..     384.12 µs] █████████████████▊                    10  (  7.6%)
[    384.12 ..     393.81 µs] █████████████████▊                    10  (  7.6%)
[    393.81 ..     403.50 µs] ██████████▋                            6  (  4.6%)
[    403.50 ..     413.19 µs] ████████████▌                          7  (  5.3%)
[    413.19 ..     422.88 µs] ████████████████                       9  (  6.9%)
[    422.88 ..     432.56 µs] ████████████████████████████████      18  ( 13.7%)
[    432.56 ..     442.25 µs] █████████████████▊                    10  (  7.6%)
[    442.25 ..     451.94 µs] ███████████████████████▏              13  (  9.9%)
[    451.94 ..     461.62 µs] ████████████▌                          7  (  5.3%)
[    461.62 ..     471.31 µs] ███████▏                               4  (  3.1%)
[    471.31 ..      481 µs] ████████▉                              5  (  3.8%)
                                                      0%  100%
```

### fastled_rmt_show

| count | min | max | mean | p50 | p90 | p95 | p99 | p999 |
|---|---|---|---|---|---|---|---|---|
| 132 | 452 | 672 | 566.7 | 560 | 619 | 633 | 666 | 672 |

```
[     452 ..     465.75 µs] ██▉                                    3  (  2.3%)
[    465.75 ..     479.50 µs]                                        0  (  0.0%)
[    479.50 ..     493.25 µs]                                        0  (  0.0%)
[    493.25 ..      507 µs] █                                      1  (  0.8%)
[     507 ..     520.75 µs] █                                      1  (  0.8%)
[    520.75 ..     534.50 µs] ███████████▎                          12  (  9.1%)
[    534.50 ..     548.25 µs] ███████████████████▊                  21  ( 15.9%)
[    548.25 ..      562 µs] ████████████████████████████████      34  ( 25.8%)
[     562 ..     575.75 µs] ██████████████████▉                   20  ( 15.2%)
[    575.75 ..     589.50 µs] ███████████▎                          12  (  9.1%)
[    589.50 ..     603.25 µs] ███▊                                   4  (  3.0%)
[    603.25 ..      617 µs] ████████▌                              9  (  6.8%)
[     617 ..     630.75 µs] ███████▌                               8  (  6.1%)
[    630.75 ..     644.50 µs] █▉                                     2  (  1.5%)
[    644.50 ..     658.25 µs] █▉                                     2  (  1.5%)
[    658.25 ..      672 µs] ██▉                                    3  (  2.3%)
                                                      0%  100%
```

### i2s_dma_read

| count | min | max | mean | p50 | p90 | p95 | p99 | p999 |
|---|---|---|---|---|---|---|---|---|
| 101 | 6966 | 9405 | 8335.7 | 8397 | 9091 | 9146 | 9328 | 9405 |

```
[    6966 ..    7118.44 µs] █████████▉                             4  (  4.0%)
[   7118.44 ..    7270.88 µs] ██████████████▊                        6  (  5.9%)
[   7270.88 ..    7423.31 µs] ███████▍                               3  (  3.0%)
[   7423.31 ..    7575.75 µs] █████████▉                             4  (  4.0%)
[   7575.75 ..    7728.19 µs] ██▌                                    1  (  1.0%)
[   7728.19 ..    7880.62 µs] █████████▉                             4  (  4.0%)
[   7880.62 ..    8033.06 µs] █████████████████████████████▌        12  ( 11.9%)
[   8033.06 ..    8185.50 µs] ███████▍                               3  (  3.0%)
[   8185.50 ..    8337.94 µs] █████████████████████████████▌        12  ( 11.9%)
[   8337.94 ..    8490.38 µs] ██████████████▊                        6  (  5.9%)
[   8490.38 ..    8642.81 µs] ████████████▎                          5  (  5.0%)
[   8642.81 ..    8795.25 µs] █████████████████▎                     7  (  6.9%)
[   8795.25 ..    8947.69 µs] ████████████████████████████████      13  ( 12.9%)
[   8947.69 ..    9100.12 µs] █████████████████████████████▌        12  ( 11.9%)
[   9100.12 ..    9252.56 µs] ██████████████▊                        6  (  5.9%)
[   9252.56 ..     9405 µs] ███████▍                               3  (  3.0%)
                                                      0%  100%
```

### onset_decision

| count | min | max | mean | p50 | p90 | p95 | p99 | p999 |
|---|---|---|---|---|---|---|---|---|
| 50 | 814 | 1336 | 953.4 | 886 | 1131 | 1182 | 1336 | 1336 |

```
[     814 ..     846.62 µs] ████████████████████████████████      14  ( 28.0%)
[    846.62 ..     879.25 µs] ████████████████████▋                  9  ( 18.0%)
[    879.25 ..     911.88 µs] ███████████▍                           5  ( 10.0%)
[    911.88 ..     944.50 µs] ██▎                                    1  (  2.0%)
[    944.50 ..     977.12 µs] ██▎                                    1  (  2.0%)
[    977.12 ..    1009.75 µs] ████▋                                  2  (  4.0%)
[   1009.75 ..    1042.38 µs] ██████▉                                3  (  6.0%)
[   1042.38 ..     1075 µs] █████████▏                             4  (  8.0%)
[    1075 ..    1107.62 µs] █████████▏                             4  (  8.0%)
[   1107.62 ..    1140.25 µs] ████▋                                  2  (  4.0%)
[   1140.25 ..    1172.88 µs] ████▋                                  2  (  4.0%)
[   1172.88 ..    1205.50 µs] ██▎                                    1  (  2.0%)
[   1205.50 ..    1238.12 µs]                                        0  (  0.0%)
[   1238.12 ..    1270.75 µs] ██▎                                    1  (  2.0%)
[   1270.75 ..    1303.38 µs]                                        0  (  0.0%)
[   1303.38 ..     1336 µs] ██▎                                    1  (  2.0%)
                                                      0%  100%
```

### onset_detect

| count | min | max | mean | p50 | p90 | p95 | p99 | p999 |
|---|---|---|---|---|---|---|---|---|
| 50 | 1705 | 2894 | 2059.2 | 1960 | 2466 | 2515 | 2894 | 2894 |

```
[    1705 ..    1779.31 µs] ████████████████████████████████       9  ( 18.0%)
[   1779.31 ..    1853.62 µs] ████████████████████████████████       9  ( 18.0%)
[   1853.62 ..    1927.94 µs] █████████████████▊                     5  ( 10.0%)
[   1927.94 ..    2002.25 µs] ██████████▋                            3  (  6.0%)
[   2002.25 ..    2076.56 µs] ███████▏                               2  (  4.0%)
[   2076.56 ..    2150.88 µs] ██████████████▎                        4  (  8.0%)
[   2150.88 ..    2225.19 µs] ███████▏                               2  (  4.0%)
[   2225.19 ..    2299.50 µs] ██████████▋                            3  (  6.0%)
[   2299.50 ..    2373.81 µs] █████████████████▊                     5  ( 10.0%)
[   2373.81 ..    2448.12 µs] ███████▏                               2  (  4.0%)
[   2448.12 ..    2522.44 µs] ██████████████▎                        4  (  8.0%)
[   2522.44 ..    2596.75 µs] ███▌                                   1  (  2.0%)
[   2596.75 ..    2671.06 µs]                                        0  (  0.0%)
[   2671.06 ..    2745.38 µs]                                        0  (  0.0%)
[   2745.38 ..    2819.69 µs]                                        0  (  0.0%)
[   2819.69 ..     2894 µs] ███▌                                   1  (  2.0%)
                                                      0%  100%
```

### onset_fft_frontend

| count | min | max | mean | p50 | p90 | p95 | p99 | p999 |
|---|---|---|---|---|---|---|---|---|
| 50 | 748 | 1384 | 946.1 | 876 | 1226 | 1275 | 1384 | 1384 |

```
[     748 ..     787.75 µs] ████████████████████████████████      14  ( 28.0%)
[    787.75 ..     827.50 µs] █████████████▊                         6  ( 12.0%)
[    827.50 ..     867.25 µs] █████████▏                             4  (  8.0%)
[    867.25 ..      907 µs] ████▋                                  2  (  4.0%)
[     907 ..     946.75 µs] ███████████▍                           5  ( 10.0%)
[    946.75 ..     986.50 µs] ██▎                                    1  (  2.0%)
[    986.50 ..    1026.25 µs] ████▋                                  2  (  4.0%)
[   1026.25 ..     1066 µs] ██▎                                    1  (  2.0%)
[    1066 ..    1105.75 µs] ████▋                                  2  (  4.0%)
[   1105.75 ..    1145.50 µs] ████▋                                  2  (  4.0%)
[   1145.50 ..    1185.25 µs] █████████▏                             4  (  8.0%)
[   1185.25 ..     1225 µs] ██▎                                    1  (  2.0%)
[    1225 ..    1264.75 µs] ██████▉                                3  (  6.0%)
[   1264.75 ..    1304.50 µs] ████▋                                  2  (  4.0%)
[   1304.50 ..    1344.25 µs]                                        0  (  0.0%)
[   1344.25 ..     1384 µs] ██▎                                    1  (  2.0%)
                                                      0%  100%
```

### onset_flux

| count | min | max | mean | p50 | p90 | p95 | p99 | p999 |
|---|---|---|---|---|---|---|---|---|
| 50 | 736 | 1138 | 856.2 | 807 | 1005 | 1056 | 1138 | 1138 |

```
[     736 ..     761.12 µs] ████████████████████████████████      15  ( 30.0%)
[    761.12 ..     786.25 µs] ██▏                                    1  (  2.0%)
[    786.25 ..     811.38 µs] ███████████████████████▌              11  ( 22.0%)
[    811.38 ..     836.50 µs] ████▎                                  2  (  4.0%)
[    836.50 ..     861.62 µs] ██▏                                    1  (  2.0%)
[    861.62 ..     886.75 µs]                                        0  (  0.0%)
[    886.75 ..     911.88 µs]                                        0  (  0.0%)
[    911.88 ..      937 µs] ████████▌                              4  (  8.0%)
[     937 ..     962.12 µs] ██████████▋                            5  ( 10.0%)
[    962.12 ..     987.25 µs] ████████▌                              4  (  8.0%)
[    987.25 ..    1012.38 µs] ████▎                                  2  (  4.0%)
[   1012.38 ..    1037.50 µs] ██▏                                    1  (  2.0%)
[   1037.50 ..    1062.62 µs] ████▎                                  2  (  4.0%)
[   1062.62 ..    1087.75 µs] ██▏                                    1  (  2.0%)
[   1087.75 ..    1112.88 µs]                                        0  (  0.0%)
[   1112.88 ..     1138 µs] ██▏                                    1  (  2.0%)
                                                      0%  100%
```

### pre_show_yield

| count | min | max | mean | p50 | p90 | p95 | p99 | p999 |
|---|---|---|---|---|---|---|---|---|
| 131 | 12 | 21 | 14.4 | 14 | 17 | 18 | 20 | 21 |

```
[      12 ..      12.56 µs] █████████▉                            12  (  9.2%)
[     12.56 ..      13.12 µs] ████████████████████████████████      39  ( 29.8%)
[     13.12 ..      13.69 µs]                                        0  (  0.0%)
[     13.69 ..      14.25 µs] █████████████████████▍                26  ( 19.8%)
[     14.25 ..      14.81 µs]                                        0  (  0.0%)
[     14.81 ..      15.38 µs] █████████████████████▍                26  ( 19.8%)
[     15.38 ..      15.94 µs]                                        0  (  0.0%)
[     15.94 ..      16.50 µs] ██████████▋                           13  (  9.9%)
[     16.50 ..      17.06 µs] █████▊                                 7  (  5.3%)
[     17.06 ..      17.62 µs]                                        0  (  0.0%)
[     17.62 ..      18.19 µs] ██▌                                    3  (  2.3%)
[     18.19 ..      18.75 µs]                                        0  (  0.0%)
[     18.75 ..      19.31 µs] ▉                                      1  (  0.8%)
[     19.31 ..      19.88 µs]                                        0  (  0.0%)
[     19.88 ..      20.44 µs] ██▌                                    3  (  2.3%)
[     20.44 ..       21 µs] ▉                                      1  (  0.8%)
                                                      0%  100%
```

### render_frame

| count | min | max | mean | p50 | p90 | p95 | p99 | p999 |
|---|---|---|---|---|---|---|---|---|
| 131 | 1148 | 1979 | 1522.3 | 1514 | 1781 | 1904 | 1973 | 1979 |

```
[    1148 ..    1199.94 µs] ██▉                                    2  (  1.5%)
[   1199.94 ..    1251.88 µs] ███████▎                               5  (  3.8%)
[   1251.88 ..    1303.81 µs] ██████████████▌                       10  (  7.6%)
[   1303.81 ..    1355.75 µs] ███████████▋                           8  (  6.1%)
[   1355.75 ..    1407.69 µs] ███████████▋                           8  (  6.1%)
[   1407.69 ..    1459.62 µs] █████████████████████▉                15  ( 11.5%)
[   1459.62 ..    1511.56 µs] ███████████████████████▎              16  ( 12.2%)
[   1511.56 ..    1563.50 µs] ████████████████████████████████      22  ( 16.8%)
[   1563.50 ..    1615.44 µs] █████████████████▌                    12  (  9.2%)
[   1615.44 ..    1667.38 µs] ██████████▏                            7  (  5.3%)
[   1667.38 ..    1719.31 µs] ███████▎                               5  (  3.8%)
[   1719.31 ..    1771.25 µs] █████▉                                 4  (  3.1%)
[   1771.25 ..    1823.19 µs] █████████████▏                         9  (  6.9%)
[   1823.19 ..    1875.12 µs]                                        0  (  0.0%)
[   1875.12 ..    1927.06 µs] ████▍                                  3  (  2.3%)
[   1927.06 ..     1979 µs] ███████▎                               5  (  3.8%)
                                                      0%  100%
```

### rts_render

| count | min | max | mean | p50 | p90 | p95 | p99 | p999 |
|---|---|---|---|---|---|---|---|---|
| 131 | 309 | 464 | 388.4 | 395 | 438 | 449 | 458 | 464 |

```
[     309 ..     318.69 µs] ████████▍                              5  (  3.8%)
[    318.69 ..     328.38 µs] █████                                  3  (  2.3%)
[    328.38 ..     338.06 µs] ████████████████▉                     10  (  7.6%)
[    338.06 ..     347.75 µs] ████████▍                              5  (  3.8%)
[    347.75 ..     357.44 µs] ████████████████▉                     10  (  7.6%)
[    357.44 ..     367.12 µs] ████████████████████▎                 12  (  9.2%)
[    367.12 ..     376.81 µs] ███████████▊                           7  (  5.3%)
[    376.81 ..     386.50 µs] ██████████▏                            6  (  4.6%)
[    386.50 ..     396.19 µs] ███████████████▏                       9  (  6.9%)
[    396.19 ..     405.88 µs] ███████████████▏                       9  (  6.9%)
[    405.88 ..     415.56 µs] ████████████████████████████████      19  ( 14.5%)
[    415.56 ..     425.25 µs] ████████████████████▎                 12  (  9.2%)
[    425.25 ..     434.94 µs] █████████████▌                         8  (  6.1%)
[    434.94 ..     444.62 µs] █████████████▌                         8  (  6.1%)
[    444.62 ..     454.31 µs] ██████▊                                4  (  3.1%)
[    454.31 ..      464 µs] ██████▊                                4  (  3.1%)
                                                      0%  100%
```

### show_leds

| count | min | max | mean | p50 | p90 | p95 | p99 | p999 |
|---|---|---|---|---|---|---|---|---|
| 132 | 655 | 949 | 822.3 | 815 | 896 | 921 | 944 | 949 |

```
[     655 ..     673.38 µs] ███                                    3  (  2.3%)
[    673.38 ..     691.75 µs]                                        0  (  0.0%)
[    691.75 ..     710.12 µs]                                        0  (  0.0%)
[    710.12 ..     728.50 µs]                                        0  (  0.0%)
[    728.50 ..     746.88 µs] █                                      1  (  0.8%)
[    746.88 ..     765.25 µs] ███████                                7  (  5.3%)
[    765.25 ..     783.62 µs] ███████                                7  (  5.3%)
[    783.62 ..      802 µs] ████████████████████████████████      32  ( 24.2%)
[     802 ..     820.38 µs] ██████████████████████                22  ( 16.7%)
[    820.38 ..     838.75 µs] ████████████████                      16  ( 12.1%)
[    838.75 ..     857.12 µs] █████████████                         13  (  9.8%)
[    857.12 ..     875.50 µs] ███████████                           11  (  8.3%)
[    875.50 ..     893.88 µs] █████                                  5  (  3.8%)
[    893.88 ..     912.25 µs] ███████                                7  (  5.3%)
[    912.25 ..     930.62 µs] █████                                  5  (  3.8%)
[    930.62 ..      949 µs] ███                                    3  (  2.3%)
                                                      0%  100%
```

### snapshot_publish

| count | min | max | mean | p50 | p90 | p95 | p99 | p999 |
|---|---|---|---|---|---|---|---|---|
| 51 | 89 | 229 | 128.8 | 113 | 200 | 208 | 229 | 229 |

```
[      89 ..      97.75 µs] ██████████████████████████▏            9  ( 17.6%)
[     97.75 ..     106.50 µs] ████████████████████████████████      11  ( 21.6%)
[    106.50 ..     115.25 µs] ███████████████████████▎               8  ( 15.7%)
[    115.25 ..      124 µs] ████████████████████▍                  7  ( 13.7%)
[     124 ..     132.75 µs] ██▉                                    1  (  2.0%)
[    132.75 ..     141.50 µs] ██▉                                    1  (  2.0%)
[    141.50 ..     150.25 µs] ██▉                                    1  (  2.0%)
[    150.25 ..      159 µs] █████▉                                 2  (  3.9%)
[     159 ..     167.75 µs] ██▉                                    1  (  2.0%)
[    167.75 ..     176.50 µs] ██▉                                    1  (  2.0%)
[    176.50 ..     185.25 µs] ██▉                                    1  (  2.0%)
[    185.25 ..      194 µs] ██▉                                    1  (  2.0%)
[     194 ..     202.75 µs] █████▉                                 2  (  3.9%)
[    202.75 ..     211.50 µs] ████████▊                              3  (  5.9%)
[    211.50 ..     220.25 µs]                                        0  (  0.0%)
[    220.25 ..      229 µs] █████▉                                 2  (  3.9%)
                                                      0%  100%
```

## Instant frequency

| Name | Count | First ts (µs) | Last ts (µs) | Mean interarrival (µs) |
|---|---|---|---|---|
| BR_HIHAT | 2 | 2225701356 | 2225907405 | 206049 |
| BR_KICK | 2 | 2226186262 | 2226371804 | 185542 |
| BR_SNARE | 2 | 2226418217 | 2226604274 | 186057 |
| ONSET_EVENT | 5 | 2225653953 | 2226675086 | 255283 |
| ONSET_HIHAT | 2 | 2226164247 | 2226698441 | 534194 |
| ONSET_KICK | 5 | 2225608073 | 2226604156 | 249021 |
| ONSET_SNARE | 4 | 2225884161 | 2226510256 | 208698 |
| render_frame_deadline_miss | 131 | 2225568693 | 2226725328 | 8897 |

---
_Tool: analyse_trace v1.0 | Input: `/Users/spectrasynq/Workspace_Management/Software/Lightwave-Ledstrip/firmware-v3/docs/research/phase1b_runtime_evidence_2026-04-27/traces/snoop_vocal_gfunk.json`_

STDERR:
