CMD: python3 firmware-v3/tools/analyse_trace.py firmware-v3/docs/research/phase1b_runtime_evidence_2026-04-27/traces/tool_heavy_effect.json --output firmware-v3/docs/research/phase1b_runtime_evidence_2026-04-27/reports/tool_heavy_effect.report.md --json firmware-v3/docs/research/phase1b_runtime_evidence_2026-04-27/reports/tool_heavy_effect.report.json --deadline-span render_frame --deadline-us 2000 --quiet

STDOUT:
… render_frame_work_us p99 = 4157 µs (no baseline supplied)

## Capture summary

| Field | Value |
|---|---|
| File | `/Users/spectrasynq/Workspace_Management/Software/Lightwave-Ledstrip/firmware-v3/docs/research/phase1b_runtime_evidence_2026-04-27/traces/tool_heavy_effect.json` |
| Events | 5497 |
| Duration | 1.229 s |
| Counters | 70 |
| Spans | 16 |
| Instants | 11 |
| Regions | 1 |

## Render frame deadline misses

_No deadline misses detected._

## Per-counter statistics

### audio_chunk_deadline_miss_total

| count | min | max | mean | p50 | p90 | p95 | p99 | p999 |
|---|---|---|---|---|---|---|---|---|
| 105 | 195397 | 195501 | 195449.0 | 195449 | 195491 | 195496 | 195500 | 195501 |

```
[  195397 ..  195403.50 ] ████████████████████████████████       7  (  6.7%)
[ 195403.50 ..   195410 ] ███████████████████████████▍           6  (  5.7%)
[  195410 ..  195416.50 ] ████████████████████████████████       7  (  6.7%)
[ 195416.50 ..   195423 ] ███████████████████████████▍           6  (  5.7%)
[  195423 ..  195429.50 ] ████████████████████████████████       7  (  6.7%)
[ 195429.50 ..   195436 ] ███████████████████████████▍           6  (  5.7%)
[  195436 ..  195442.50 ] ████████████████████████████████       7  (  6.7%)
[ 195442.50 ..   195449 ] ███████████████████████████▍           6  (  5.7%)
[  195449 ..  195455.50 ] ████████████████████████████████       7  (  6.7%)
[ 195455.50 ..   195462 ] ███████████████████████████▍           6  (  5.7%)
[  195462 ..  195468.50 ] ████████████████████████████████       7  (  6.7%)
[ 195468.50 ..   195475 ] ███████████████████████████▍           6  (  5.7%)
[  195475 ..  195481.50 ] ████████████████████████████████       7  (  6.7%)
[ 195481.50 ..   195488 ] ███████████████████████████▍           6  (  5.7%)
[  195488 ..  195494.50 ] ████████████████████████████████       7  (  6.7%)
[ 195494.50 ..   195501 ] ████████████████████████████████       7  (  6.7%)
                                                      0%  100%
```

_sparkline computed from time-ordered samples_

### audio_chunk_work_us

| count | min | max | mean | p50 | p90 | p95 | p99 | p999 |
|---|---|---|---|---|---|---|---|---|
| 105 | 6990 | 9832 | 8384.6 | 8506 | 9136 | 9253 | 9487 | 9832 |

```
[    6990 ..    7167.62 ] █████████████▍                         5  (  4.8%)
[   7167.62 ..    7345.25 ] ██████████▋                            4  (  3.8%)
[   7345.25 ..    7522.88 ] ████████                               3  (  2.9%)
[   7522.88 ..    7700.50 ] ██████████▋                            4  (  3.8%)
[   7700.50 ..    7878.12 ] █████████████▍                         5  (  4.8%)
[   7878.12 ..    8055.75 ] █████████████████████████████▍        11  ( 10.5%)
[   8055.75 ..    8233.38 ] ██████████████████████████▋           10  (  9.5%)
[   8233.38 ..     8411 ] █████████████████████▍                 8  (  7.6%)
[    8411 ..    8588.62 ] █████████████████████████████▍        11  ( 10.5%)
[   8588.62 ..    8766.25 ] █████████████████████████████▍        11  ( 10.5%)
[   8766.25 ..    8943.88 ] ████████████████████████████████      12  ( 11.4%)
[   8943.88 ..    9121.50 ] ██████████████████████████▋           10  (  9.5%)
[   9121.50 ..    9299.12 ] ████████████████                       6  (  5.7%)
[   9299.12 ..    9476.75 ] ████████                               3  (  2.9%)
[   9476.75 ..    9654.38 ] ██▋                                    1  (  1.0%)
[   9654.38 ..     9832 ] ██▋                                    1  (  1.0%)
                                                      0%  100%
```

_sparkline computed from time-ordered samples_

### audio_confidence

| count | min | max | mean | p50 | p90 | p95 | p99 | p999 |
|---|---|---|---|---|---|---|---|---|
| 52 | 1000 | 1000 | 1000.0 | 1000 | 1000 | 1000 | 1000 | 1000 |

```
[    1000 ..     1000 ] ████████████████████████████████      52  (100.0%)
                                                      0%  100%
```

_sparkline computed from time-ordered samples_

### audio_hop_count

| count | min | max | mean | p50 | p90 | p95 | p99 | p999 |
|---|---|---|---|---|---|---|---|---|
| 52 | 97699 | 97750 | 97724.5 | 97724 | 97745 | 97748 | 97750 | 97750 |

```
[   97699 ..   97702.19 ] ████████████████████████████████       4  (  7.7%)
[  97702.19 ..   97705.38 ] ████████████████████████               3  (  5.8%)
[  97705.38 ..   97708.56 ] ████████████████████████               3  (  5.8%)
[  97708.56 ..   97711.75 ] ████████████████████████               3  (  5.8%)
[  97711.75 ..   97714.94 ] ████████████████████████               3  (  5.8%)
[  97714.94 ..   97718.12 ] ████████████████████████████████       4  (  7.7%)
[  97718.12 ..   97721.31 ] ████████████████████████               3  (  5.8%)
[  97721.31 ..   97724.50 ] ████████████████████████               3  (  5.8%)
[  97724.50 ..   97727.69 ] ████████████████████████               3  (  5.8%)
[  97727.69 ..   97730.88 ] ████████████████████████               3  (  5.8%)
[  97730.88 ..   97734.06 ] ████████████████████████████████       4  (  7.7%)
[  97734.06 ..   97737.25 ] ████████████████████████               3  (  5.8%)
[  97737.25 ..   97740.44 ] ████████████████████████               3  (  5.8%)
[  97740.44 ..   97743.62 ] ████████████████████████               3  (  5.8%)
[  97743.62 ..   97746.81 ] ████████████████████████               3  (  5.8%)
[  97746.81 ..    97750 ] ████████████████████████████████       4  (  7.7%)
                                                      0%  100%
```

_sparkline computed from time-ordered samples_

### audio_hop_deadline_miss_total

| count | min | max | mean | p50 | p90 | p95 | p99 | p999 |
|---|---|---|---|---|---|---|---|---|
| 52 | 97699 | 97750 | 97724.5 | 97724 | 97745 | 97748 | 97750 | 97750 |

```
[   97699 ..   97702.19 ] ████████████████████████████████       4  (  7.7%)
[  97702.19 ..   97705.38 ] ████████████████████████               3  (  5.8%)
[  97705.38 ..   97708.56 ] ████████████████████████               3  (  5.8%)
[  97708.56 ..   97711.75 ] ████████████████████████               3  (  5.8%)
[  97711.75 ..   97714.94 ] ████████████████████████               3  (  5.8%)
[  97714.94 ..   97718.12 ] ████████████████████████████████       4  (  7.7%)
[  97718.12 ..   97721.31 ] ████████████████████████               3  (  5.8%)
[  97721.31 ..   97724.50 ] ████████████████████████               3  (  5.8%)
[  97724.50 ..   97727.69 ] ████████████████████████               3  (  5.8%)
[  97727.69 ..   97730.88 ] ████████████████████████               3  (  5.8%)
[  97730.88 ..   97734.06 ] ████████████████████████████████       4  (  7.7%)
[  97734.06 ..   97737.25 ] ████████████████████████               3  (  5.8%)
[  97737.25 ..   97740.44 ] ████████████████████████               3  (  5.8%)
[  97740.44 ..   97743.62 ] ████████████████████████               3  (  5.8%)
[  97743.62 ..   97746.81 ] ████████████████████████               3  (  5.8%)
[  97746.81 ..    97750 ] ████████████████████████████████       4  (  7.7%)
                                                      0%  100%
```

_sparkline computed from time-ordered samples_

### audio_hop_freq

| count | min | max | mean | p50 | p90 | p95 | p99 | p999 |
|---|---|---|---|---|---|---|---|---|
| 52 | 3941 | 4658 | 4295.4 | 4312 | 4556 | 4618 | 4658 | 4658 |

```
[    3941 ..    3985.81 ] █████████▋                             3  (  5.8%)
[   3985.81 ..    4030.62 ] █████████▋                             3  (  5.8%)
[   4030.62 ..    4075.44 ] █████████▋                             3  (  5.8%)
[   4075.44 ..    4120.25 ] ████████████████                       5  (  9.6%)
[   4120.25 ..    4165.06 ]                                        0  (  0.0%)
[   4165.06 ..    4209.88 ] ██████▍                                2  (  3.8%)
[   4209.88 ..    4254.69 ] ███▎                                   1  (  1.9%)
[   4254.69 ..    4299.50 ] ████████████████                       5  (  9.6%)
[   4299.50 ..    4344.31 ] ████████████████████████████████      10  ( 19.2%)
[   4344.31 ..    4389.12 ] ███████████████████▎                   6  ( 11.5%)
[   4389.12 ..    4433.94 ] █████████▋                             3  (  5.8%)
[   4433.94 ..    4478.75 ] ███▎                                   1  (  1.9%)
[   4478.75 ..    4523.56 ] ██████▍                                2  (  3.8%)
[   4523.56 ..    4568.38 ] ████████████▊                          4  (  7.7%)
[   4568.38 ..    4613.19 ] ███▎                                   1  (  1.9%)
[   4613.19 ..     4658 ] █████████▋                             3  (  5.8%)
                                                      0%  100%
```

_sparkline computed from time-ordered samples_

### audio_hop_us

| count | min | max | mean | p50 | p90 | p95 | p99 | p999 |
|---|---|---|---|---|---|---|---|---|
| 52 | 20962 | 24938 | 22875.2 | 22668 | 24403 | 24671 | 24938 | 24938 |

```
[   20962 ..   21210.50 ] █████▉                                 2  (  3.8%)
[  21210.50 ..    21459 ] █████▉                                 2  (  3.8%)
[   21459 ..   21707.50 ] ██████████████▌                        5  (  9.6%)
[  21707.50 ..    21956 ] █████▉                                 2  (  3.8%)
[   21956 ..   22204.50 ] ██▉                                    1  (  1.9%)
[  22204.50 ..    22453 ] ███████████▋                           4  (  7.7%)
[   22453 ..   22701.50 ] ████████████████████████████████      11  ( 21.2%)
[  22701.50 ..    22950 ] ██████████████▌                        5  (  9.6%)
[   22950 ..   23198.50 ] ███████████▋                           4  (  7.7%)
[  23198.50 ..    23447 ] █████▉                                 2  (  3.8%)
[   23447 ..   23695.50 ]                                        0  (  0.0%)
[  23695.50 ..    23944 ] ████████▊                              3  (  5.8%)
[   23944 ..   24192.50 ] █████▉                                 2  (  3.8%)
[  24192.50 ..    24441 ] ███████████▋                           4  (  7.7%)
[   24441 ..   24689.50 ] ████████▊                              3  (  5.8%)
[  24689.50 ..    24938 ] █████▉                                 2  (  3.8%)
                                                      0%  100%
```

_sparkline computed from time-ordered samples_

### audio_rms

| count | min | max | mean | p50 | p90 | p95 | p99 | p999 |
|---|---|---|---|---|---|---|---|---|
| 52 | 0 | 10000 | 7110.4 | 8068 | 10000 | 10000 | 10000 | 10000 |

```
[       0 ..      625 ] ██████████▋                            5  (  9.6%)
[     625 ..     1250 ]                                        0  (  0.0%)
[    1250 ..     1875 ]                                        0  (  0.0%)
[    1875 ..     2500 ]                                        0  (  0.0%)
[    2500 ..     3125 ]                                        0  (  0.0%)
[    3125 ..     3750 ]                                        0  (  0.0%)
[    3750 ..     4375 ] ████▎                                  2  (  3.8%)
[    4375 ..     5000 ] ████████████▊                          6  ( 11.5%)
[    5000 ..     5625 ]                                        0  (  0.0%)
[    5625 ..     6250 ] ██▏                                    1  (  1.9%)
[    6250 ..     6875 ] ██████████▋                            5  (  9.6%)
[    6875 ..     7500 ] ████▎                                  2  (  3.8%)
[    7500 ..     8125 ] ████████████▊                          6  ( 11.5%)
[    8125 ..     8750 ] ██████████▋                            5  (  9.6%)
[    8750 ..     9375 ] ██████████▋                            5  (  9.6%)
[    9375 ..    10000 ] ████████████████████████████████      15  ( 28.8%)
                                                      0%  100%
```

_sparkline computed from time-ordered samples_

### audio_rms_x1000

| count | min | max | mean | p50 | p90 | p95 | p99 | p999 |
|---|---|---|---|---|---|---|---|---|
| 52 | 0 | 1000 | 710.7 | 806 | 1000 | 1000 | 1000 | 1000 |

```
[       0 ..      62.50 ] ██████████▋                            5  (  9.6%)
[     62.50 ..      125 ]                                        0  (  0.0%)
[     125 ..     187.50 ]                                        0  (  0.0%)
[    187.50 ..      250 ]                                        0  (  0.0%)
[     250 ..     312.50 ]                                        0  (  0.0%)
[    312.50 ..      375 ]                                        0  (  0.0%)
[     375 ..     437.50 ] ████▎                                  2  (  3.8%)
[    437.50 ..      500 ] ████████████▊                          6  ( 11.5%)
[     500 ..     562.50 ]                                        0  (  0.0%)
[    562.50 ..      625 ] ██▏                                    1  (  1.9%)
[     625 ..     687.50 ] ██████████▋                            5  (  9.6%)
[    687.50 ..      750 ] ████▎                                  2  (  3.8%)
[     750 ..     812.50 ] █████████████████▏                     8  ( 15.4%)
[    812.50 ..      875 ] ██████▍                                3  (  5.8%)
[     875 ..     937.50 ] ██████████▋                            5  (  9.6%)
[    937.50 ..     1000 ] ████████████████████████████████      15  ( 28.8%)
                                                      0%  100%
```

_sparkline computed from time-ordered samples_

### audio_silence_scale

| count | min | max | mean | p50 | p90 | p95 | p99 | p999 |
|---|---|---|---|---|---|---|---|---|
| 52 | 999 | 999 | 999.0 | 999 | 999 | 999 | 999 | 999 |

```
[     999 ..      999 ] ████████████████████████████████      52  (100.0%)
                                                      0%  100%
```

_sparkline computed from time-ordered samples_

### audio_snapshot_age_us

| count | min | max | mean | p50 | p90 | p95 | p99 | p999 |
|---|---|---|---|---|---|---|---|---|
| 137 | 0 | 18079 | 7617.2 | 8871 | 17872 | 17926 | 18011 | 18079 |

```
[       0 ..    1129.94 ] ████████████████████████████████      52  ( 38.0%)
[   1129.94 ..    2259.88 ]                                        0  (  0.0%)
[   2259.88 ..    3389.81 ]                                        0  (  0.0%)
[   3389.81 ..    4519.75 ]                                        0  (  0.0%)
[   4519.75 ..    5649.69 ]                                        0  (  0.0%)
[   5649.69 ..    6779.62 ]                                        0  (  0.0%)
[   6779.62 ..    7909.56 ]                                        0  (  0.0%)
[   7909.56 ..    9039.50 ] ███████████████████████████▊          45  ( 32.8%)
[   9039.50 ..   10169.44 ] ████▉                                  8  (  5.8%)
[  10169.44 ..   11299.38 ]                                        0  (  0.0%)
[  11299.38 ..   12429.31 ]                                        0  (  0.0%)
[  12429.31 ..   13559.25 ]                                        0  (  0.0%)
[  13559.25 ..   14689.19 ]                                        0  (  0.0%)
[  14689.19 ..   15819.12 ]                                        0  (  0.0%)
[  15819.12 ..   16949.06 ]                                        0  (  0.0%)
[  16949.06 ..    18079 ] ███████████████████▊                  32  ( 23.4%)
                                                      0%  100%
```

_sparkline computed from time-ordered samples_

### audio_snapshot_copy_us

| count | min | max | mean | p50 | p90 | p95 | p99 | p999 |
|---|---|---|---|---|---|---|---|---|
| 137 | 78 | 444 | 258.2 | 253 | 355 | 411 | 443 | 444 |

```
[      78 ..     100.88 ] ███                                    3  (  2.2%)
[    100.88 ..     123.75 ] █                                      1  (  0.7%)
[    123.75 ..     146.62 ] ██████                                 6  (  4.4%)
[    146.62 ..     169.50 ] █████                                  5  (  3.6%)
[    169.50 ..     192.38 ] ████████████████                      16  ( 11.7%)
[    192.38 ..     215.25 ] █                                      1  (  0.7%)
[    215.25 ..     238.12 ] ████████████                          12  (  8.8%)
[    238.12 ..      261 ] ████████████████████████████████      32  ( 23.4%)
[     261 ..     283.88 ] ██████████████████                    18  ( 13.1%)
[    283.88 ..     306.75 ] ██████████                            10  (  7.3%)
[    306.75 ..     329.62 ] ██████████                            10  (  7.3%)
[    329.62 ..     352.50 ] ███████                                7  (  5.1%)
[    352.50 ..     375.38 ] ███████                                7  (  5.1%)
[    375.38 ..     398.25 ] ██                                     2  (  1.5%)
[    398.25 ..     421.12 ] ██                                     2  (  1.5%)
[    421.12 ..      444 ] █████                                  5  (  3.6%)
                                                      0%  100%
```

_sparkline computed from time-ordered samples_

### audio_snapshot_hop_seq_lag

| count | min | max | mean | p50 | p90 | p95 | p99 | p999 |
|---|---|---|---|---|---|---|---|---|
| 137 | 0 | 1 | 0.4 | 0 | 1 | 1 | 1 | 1 |

```
[       0 ..       0.06 ] ████████████████████████████████      85  ( 62.0%)
[      0.06 ..       0.12 ]                                        0  (  0.0%)
[      0.12 ..       0.19 ]                                        0  (  0.0%)
[      0.19 ..       0.25 ]                                        0  (  0.0%)
[      0.25 ..       0.31 ]                                        0  (  0.0%)
[      0.31 ..       0.38 ]                                        0  (  0.0%)
[      0.38 ..       0.44 ]                                        0  (  0.0%)
[      0.44 ..       0.50 ]                                        0  (  0.0%)
[      0.50 ..       0.56 ]                                        0  (  0.0%)
[      0.56 ..       0.62 ]                                        0  (  0.0%)
[      0.62 ..       0.69 ]                                        0  (  0.0%)
[      0.69 ..       0.75 ]                                        0  (  0.0%)
[      0.75 ..       0.81 ]                                        0  (  0.0%)
[      0.81 ..       0.88 ]                                        0  (  0.0%)
[      0.88 ..       0.94 ]                                        0  (  0.0%)
[      0.94 ..        1 ] ███████████████████▋                  52  ( 38.0%)
                                                      0%  100%
```

_sparkline computed from time-ordered samples_

### band_ratio_us

| count | min | max | mean | p50 | p90 | p95 | p99 | p999 |
|---|---|---|---|---|---|---|---|---|
| 52 | 63 | 108 | 69.6 | 65 | 83 | 91 | 108 | 108 |

```
[      63 ..      65.81 ] ████████████████████████████████      28  ( 53.8%)
[     65.81 ..      68.62 ] ████████████▋                         11  ( 21.2%)
[     68.62 ..      71.44 ] ██▎                                    2  (  3.8%)
[     71.44 ..      74.25 ] █▏                                     1  (  1.9%)
[     74.25 ..      77.06 ] █▏                                     1  (  1.9%)
[     77.06 ..      79.88 ]                                        0  (  0.0%)
[     79.88 ..      82.69 ] ███▍                                   3  (  5.8%)
[     82.69 ..      85.50 ] █▏                                     1  (  1.9%)
[     85.50 ..      88.31 ] █▏                                     1  (  1.9%)
[     88.31 ..      91.12 ] ██▎                                    2  (  3.8%)
[     91.12 ..      93.94 ]                                        0  (  0.0%)
[     93.94 ..      96.75 ]                                        0  (  0.0%)
[     96.75 ..      99.56 ]                                        0  (  0.0%)
[     99.56 ..     102.38 ] █▏                                     1  (  1.9%)
[    102.38 ..     105.19 ]                                        0  (  0.0%)
[    105.19 ..      108 ] █▏                                     1  (  1.9%)
                                                      0%  100%
```

_sparkline computed from time-ordered samples_

### bps_active_sprites

| count | min | max | mean | p50 | p90 | p95 | p99 | p999 |
|---|---|---|---|---|---|---|---|---|
| 138 | 8 | 8 | 8.0 | 8 | 8 | 8 | 8 | 8 |

```
[       8 ..        8 ] ████████████████████████████████     138  (100.0%)
                                                      0%  100%
```

_sparkline computed from time-ordered samples_

### bps_audio_conf

| count | min | max | mean | p50 | p90 | p95 | p99 | p999 |
|---|---|---|---|---|---|---|---|---|
| 137 | 1000 | 1000 | 1000.0 | 1000 | 1000 | 1000 | 1000 | 1000 |

```
[    1000 ..     1000 ] ████████████████████████████████     137  (100.0%)
                                                      0%  100%
```

_sparkline computed from time-ordered samples_

### bps_beat_in_bar

| count | min | max | mean | p50 | p90 | p95 | p99 | p999 |
|---|---|---|---|---|---|---|---|---|
| 138 | 0 | 1 | 0.9 | 1 | 1 | 1 | 1 | 1 |

```
[       0 ..       0.06 ] ████▊                                 18  ( 13.0%)
[      0.06 ..       0.12 ]                                        0  (  0.0%)
[      0.12 ..       0.19 ]                                        0  (  0.0%)
[      0.19 ..       0.25 ]                                        0  (  0.0%)
[      0.25 ..       0.31 ]                                        0  (  0.0%)
[      0.31 ..       0.38 ]                                        0  (  0.0%)
[      0.38 ..       0.44 ]                                        0  (  0.0%)
[      0.44 ..       0.50 ]                                        0  (  0.0%)
[      0.50 ..       0.56 ]                                        0  (  0.0%)
[      0.56 ..       0.62 ]                                        0  (  0.0%)
[      0.62 ..       0.69 ]                                        0  (  0.0%)
[      0.69 ..       0.75 ]                                        0  (  0.0%)
[      0.75 ..       0.81 ]                                        0  (  0.0%)
[      0.81 ..       0.88 ]                                        0  (  0.0%)
[      0.88 ..       0.94 ]                                        0  (  0.0%)
[      0.94 ..        1 ] ████████████████████████████████     120  ( 87.0%)
                                                      0%  100%
```

_sparkline computed from time-ordered samples_

### bps_dominant_chroma

| count | min | max | mean | p50 | p90 | p95 | p99 | p999 |
|---|---|---|---|---|---|---|---|---|
| 13 | 50 | 125 | 104.5 | 116 | 125 | 125 | 125 | 125 |

```
[      50 ..      54.69 ] ████████████▊                          2  ( 15.4%)
[     54.69 ..      59.38 ] ██████▍                                1  (  7.7%)
[     59.38 ..      64.06 ]                                        0  (  0.0%)
[     64.06 ..      68.75 ]                                        0  (  0.0%)
[     68.75 ..      73.44 ]                                        0  (  0.0%)
[     73.44 ..      78.12 ]                                        0  (  0.0%)
[     78.12 ..      82.81 ]                                        0  (  0.0%)
[     82.81 ..      87.50 ]                                        0  (  0.0%)
[     87.50 ..      92.19 ]                                        0  (  0.0%)
[     92.19 ..      96.88 ]                                        0  (  0.0%)
[     96.88 ..     101.56 ]                                        0  (  0.0%)
[    101.56 ..     106.25 ]                                        0  (  0.0%)
[    106.25 ..     110.94 ]                                        0  (  0.0%)
[    110.94 ..     115.62 ] ███████████████████▎                   3  ( 23.1%)
[    115.62 ..     120.31 ] ████████████▊                          2  ( 15.4%)
[    120.31 ..      125 ] ████████████████████████████████       5  ( 38.5%)
                                                      0%  100%
```

_sparkline computed from time-ordered samples_

### bps_kick_trigger

| count | min | max | mean | p50 | p90 | p95 | p99 | p999 |
|---|---|---|---|---|---|---|---|---|
| 138 | 0 | 1 | 0.1 | 0 | 0 | 1 | 1 | 1 |

```
[       0 ..       0.06 ] ████████████████████████████████     125  ( 90.6%)
[      0.06 ..       0.12 ]                                        0  (  0.0%)
[      0.12 ..       0.19 ]                                        0  (  0.0%)
[      0.19 ..       0.25 ]                                        0  (  0.0%)
[      0.25 ..       0.31 ]                                        0  (  0.0%)
[      0.31 ..       0.38 ]                                        0  (  0.0%)
[      0.38 ..       0.44 ]                                        0  (  0.0%)
[      0.44 ..       0.50 ]                                        0  (  0.0%)
[      0.50 ..       0.56 ]                                        0  (  0.0%)
[      0.56 ..       0.62 ]                                        0  (  0.0%)
[      0.62 ..       0.69 ]                                        0  (  0.0%)
[      0.69 ..       0.75 ]                                        0  (  0.0%)
[      0.75 ..       0.81 ]                                        0  (  0.0%)
[      0.81 ..       0.88 ]                                        0  (  0.0%)
[      0.88 ..       0.94 ]                                        0  (  0.0%)
[      0.94 ..        1 ] ███▍                                  13  (  9.4%)
                                                      0%  100%
```

_sparkline computed from time-ordered samples_

### bps_oldest_sprite_age_ms

| count | min | max | mean | p50 | p90 | p95 | p99 | p999 |
|---|---|---|---|---|---|---|---|---|
| 138 | 292 | 459 | 365.1 | 364 | 409 | 436 | 459 | 459 |

```
[     292 ..     302.44 ] ███████████▎                           6  (  4.3%)
[    302.44 ..     312.88 ] ███████▌                               4  (  2.9%)
[    312.88 ..     323.31 ] ███████████████                        8  (  5.8%)
[    323.31 ..     333.75 ] ██████████████████████████████▏       16  ( 11.6%)
[    333.75 ..     344.19 ] ██████████████████▉                   10  (  7.2%)
[    344.19 ..     354.62 ] ██████████████████▉                   10  (  7.2%)
[    354.62 ..     365.06 ] ████████████████████████████▎         15  ( 10.9%)
[    365.06 ..     375.50 ] ████████████████████████▌             13  (  9.4%)
[    375.50 ..     385.94 ] ██████████████████████████▍           14  ( 10.1%)
[    385.94 ..     396.38 ] ████████████████████████████████      17  ( 12.3%)
[    396.38 ..     406.81 ] ██████████████████▉                   10  (  7.2%)
[    406.81 ..     417.25 ] ███████▌                               4  (  2.9%)
[    417.25 ..     427.69 ] █████▋                                 3  (  2.2%)
[    427.69 ..     438.12 ] ███▊                                   2  (  1.4%)
[    438.12 ..     448.56 ] ███▊                                   2  (  1.4%)
[    448.56 ..      459 ] ███████▌                               4  (  2.9%)
                                                      0%  100%
```

_sparkline computed from time-ordered samples_

### bps_silent_scale

| count | min | max | mean | p50 | p90 | p95 | p99 | p999 |
|---|---|---|---|---|---|---|---|---|
| 138 | 999 | 999 | 999.0 | 999 | 999 | 999 | 999 | 999 |

```
[     999 ..      999 ] ████████████████████████████████     138  (100.0%)
                                                      0%  100%
```

_sparkline computed from time-ordered samples_

### bps_tempo_conf

| count | min | max | mean | p50 | p90 | p95 | p99 | p999 |
|---|---|---|---|---|---|---|---|---|
| 138 | 390 | 485 | 440.0 | 442 | 477 | 482 | 485 | 485 |

```
[     390 ..     395.94 ] ███████████████████████▎               8  (  5.8%)
[    395.94 ..     401.88 ] ███████████████████████▎               8  (  5.8%)
[    401.88 ..     407.81 ] ███████████████████████▎               8  (  5.8%)
[    407.81 ..     413.75 ] ████████████████████▍                  7  (  5.1%)
[    413.75 ..     419.69 ] ███████████████████████▎               8  (  5.8%)
[    419.69 ..     425.62 ] ███████████████████████▎               8  (  5.8%)
[    425.62 ..     431.56 ] ███████████████████████▎               8  (  5.8%)
[    431.56 ..     437.50 ] ███████████████████████▎               8  (  5.8%)
[    437.50 ..     443.44 ] ███████████████████████▎               8  (  5.8%)
[    443.44 ..     449.38 ] █████████████████████████████▏        10  (  7.2%)
[    449.38 ..     455.31 ] ███████████████████████▎               8  (  5.8%)
[    455.31 ..     461.25 ] ████████████████████████████████      11  (  8.0%)
[    461.25 ..     467.19 ] ████████████████████▍                  7  (  5.1%)
[    467.19 ..     473.12 ] ████████████████████████████████      11  (  8.0%)
[    473.12 ..     479.06 ] █████████████████████████████▏        10  (  7.2%)
[    479.06 ..      485 ] █████████████████████████████▏        10  (  7.2%)
                                                      0%  100%
```

_sparkline computed from time-ordered samples_

### br_hihat_energy

| count | min | max | mean | p50 | p90 | p95 | p99 | p999 |
|---|---|---|---|---|---|---|---|---|
| 52 | 94 | 1101 | 525.8 | 521 | 830 | 951 | 1101 | 1101 |

```
[      94 ..     156.94 ] ████████████████████████████████       9  ( 17.3%)
[    156.94 ..     219.88 ] ███████▏                               2  (  3.8%)
[    219.88 ..     282.81 ] ███▌                                   1  (  1.9%)
[    282.81 ..     345.75 ]                                        0  (  0.0%)
[    345.75 ..     408.69 ] ██████████▋                            3  (  5.8%)
[    408.69 ..     471.62 ] █████████████████▊                     5  (  9.6%)
[    471.62 ..     534.56 ] █████████████████████▍                 6  ( 11.5%)
[    534.56 ..     597.50 ] ██████████████▎                        4  (  7.7%)
[    597.50 ..     660.44 ] ███████▏                               2  (  3.8%)
[    660.44 ..     723.38 ] ████████████████████████▉              7  ( 13.5%)
[    723.38 ..     786.31 ] █████████████████▊                     5  (  9.6%)
[    786.31 ..     849.25 ] ██████████████▎                        4  (  7.7%)
[    849.25 ..     912.19 ] ███▌                                   1  (  1.9%)
[    912.19 ..     975.12 ] ███▌                                   1  (  1.9%)
[    975.12 ..    1038.06 ]                                        0  (  0.0%)
[   1038.06 ..     1101 ] ███████▏                               2  (  3.8%)
                                                      0%  100%
```

_sparkline computed from time-ordered samples_

### br_kick_energy

| count | min | max | mean | p50 | p90 | p95 | p99 | p999 |
|---|---|---|---|---|---|---|---|---|
| 52 | 213 | 811 | 546.3 | 552 | 756 | 788 | 811 | 811 |

```
[     213 ..     250.38 ] █████████████████████▍                 4  (  7.7%)
[    250.38 ..     287.75 ] ██████████▋                            2  (  3.8%)
[    287.75 ..     325.12 ]                                        0  (  0.0%)
[    325.12 ..     362.50 ] ██████████▋                            2  (  3.8%)
[    362.50 ..     399.88 ] ██████████▋                            2  (  3.8%)
[    399.88 ..     437.25 ] ████████████████                       3  (  5.8%)
[    437.25 ..     474.62 ] █████▍                                 1  (  1.9%)
[    474.62 ..      512 ] ████████████████████████████████       6  ( 11.5%)
[     512 ..     549.38 ] ██████████████████████████▋            5  (  9.6%)
[    549.38 ..     586.75 ] █████████████████████▍                 4  (  7.7%)
[    586.75 ..     624.12 ] ████████████████                       3  (  5.8%)
[    624.12 ..     661.50 ] ██████████████████████████▋            5  (  9.6%)
[    661.50 ..     698.88 ] ██████████████████████████▋            5  (  9.6%)
[    698.88 ..     736.25 ] █████████████████████▍                 4  (  7.7%)
[    736.25 ..     773.62 ] ████████████████                       3  (  5.8%)
[    773.62 ..      811 ] ████████████████                       3  (  5.8%)
                                                      0%  100%
```

_sparkline computed from time-ordered samples_

### br_raw_rms

| count | min | max | mean | p50 | p90 | p95 | p99 | p999 |
|---|---|---|---|---|---|---|---|---|
| 52 | 14668 | 85391 | 41463.3 | 38648 | 64074 | 69688 | 85391 | 85391 |

```
[   14668 ..   19088.19 ] ████████████                           3  (  5.8%)
[  19088.19 ..   23508.38 ] ████████████                           3  (  5.8%)
[  23508.38 ..   27928.56 ] ████████████████████████               6  ( 11.5%)
[  27928.56 ..   32348.75 ] ████████████████                       4  (  7.7%)
[  32348.75 ..   36768.94 ] ████████████████████                   5  (  9.6%)
[  36768.94 ..   41189.12 ] ████████████████████████████████       8  ( 15.4%)
[  41189.12 ..   45609.31 ] ████████████████████                   5  (  9.6%)
[  45609.31 ..   50029.50 ] ████████████████████████               6  ( 11.5%)
[  50029.50 ..   54449.69 ] ████                                   1  (  1.9%)
[  54449.69 ..   58869.88 ] ████████████████                       4  (  7.7%)
[  58869.88 ..   63290.06 ] ████                                   1  (  1.9%)
[  63290.06 ..   67710.25 ] ████████                               2  (  3.8%)
[  67710.25 ..   72130.44 ] ████████                               2  (  3.8%)
[  72130.44 ..   76550.62 ]                                        0  (  0.0%)
[  76550.62 ..   80970.81 ] ████                                   1  (  1.9%)
[  80970.81 ..    85391 ] ████                                   1  (  1.9%)
                                                      0%  100%
```

_sparkline computed from time-ordered samples_

### br_rms_eligible

| count | min | max | mean | p50 | p90 | p95 | p99 | p999 |
|---|---|---|---|---|---|---|---|---|
| 52 | 1 | 1 | 1.0 | 1 | 1 | 1 | 1 | 1 |

```
[       1 ..        1 ] ████████████████████████████████      52  (100.0%)
                                                      0%  100%
```

_sparkline computed from time-ordered samples_

### br_snare_energy

| count | min | max | mean | p50 | p90 | p95 | p99 | p999 |
|---|---|---|---|---|---|---|---|---|
| 52 | 50 | 876 | 273.9 | 209 | 553 | 579 | 876 | 876 |

```
[      50 ..     101.62 ] █████████▏                             4  (  7.7%)
[    101.62 ..     153.25 ] █████████▏                             4  (  7.7%)
[    153.25 ..     204.88 ] ████████████████████████████████      14  ( 26.9%)
[    204.88 ..     256.50 ] ████████████████████████████████      14  ( 26.9%)
[    256.50 ..     308.12 ] ████▋                                  2  (  3.8%)
[    308.12 ..     359.75 ] ██▎                                    1  (  1.9%)
[    359.75 ..     411.38 ] ████▋                                  2  (  3.8%)
[    411.38 ..      463 ] ██████▉                                3  (  5.8%)
[     463 ..     514.62 ] ████▋                                  2  (  3.8%)
[    514.62 ..     566.25 ] ██▎                                    1  (  1.9%)
[    566.25 ..     617.88 ] ██████▉                                3  (  5.8%)
[    617.88 ..     669.50 ]                                        0  (  0.0%)
[    669.50 ..     721.12 ] ██▎                                    1  (  1.9%)
[    721.12 ..     772.75 ]                                        0  (  0.0%)
[    772.75 ..     824.38 ]                                        0  (  0.0%)
[    824.38 ..      876 ] ██▎                                    1  (  1.9%)
                                                      0%  100%
```

_sparkline computed from time-ordered samples_

### color_correction_us

| count | min | max | mean | p50 | p90 | p95 | p99 | p999 |
|---|---|---|---|---|---|---|---|---|
| 138 | 461 | 1495 | 894.6 | 670 | 1385 | 1420 | 1490 | 1495 |

```
[     461 ..     525.62 ] ███▌                                   4  (  2.9%)
[    525.62 ..     590.25 ] ████████████████████████              27  ( 19.6%)
[    590.25 ..     654.88 ] ████████████████████████████████      36  ( 26.1%)
[    654.88 ..     719.50 ] ███▌                                   4  (  2.9%)
[    719.50 ..     784.12 ] █▊                                     2  (  1.4%)
[    784.12 ..     848.75 ]                                        0  (  0.0%)
[    848.75 ..     913.38 ]                                        0  (  0.0%)
[    913.38 ..      978 ] █▊                                     2  (  1.4%)
[     978 ..    1042.62 ] ████▌                                  5  (  3.6%)
[   1042.62 ..    1107.25 ] █████▍                                 6  (  4.3%)
[   1107.25 ..    1171.88 ] ███████████▌                          13  (  9.4%)
[   1171.88 ..    1236.50 ] ███████▏                               8  (  5.8%)
[   1236.50 ..    1301.12 ] ███████▏                               8  (  5.8%)
[   1301.12 ..    1365.75 ] ██████▎                                7  (  5.1%)
[   1365.75 ..    1430.38 ] █████████▊                            11  (  8.0%)
[   1430.38 ..     1495 ] ████▌                                  5  (  3.6%)
                                                      0%  100%
```

_sparkline computed from time-ordered samples_

### controlbus_publish_copy_us

| count | min | max | mean | p50 | p90 | p95 | p99 | p999 |
|---|---|---|---|---|---|---|---|---|
| 52 | 70 | 215 | 110.1 | 90 | 167 | 196 | 215 | 215 |

```
[      70 ..      79.06 ] █████████▍                             5  (  9.6%)
[     79.06 ..      88.12 ] ████████████████████████████████      17  ( 32.7%)
[     88.12 ..      97.19 ] █████████▍                             5  (  9.6%)
[     97.19 ..     106.25 ] █████████████▏                         7  ( 13.5%)
[    106.25 ..     115.31 ] ███████▌                               4  (  7.7%)
[    115.31 ..     124.38 ]                                        0  (  0.0%)
[    124.38 ..     133.44 ]                                        0  (  0.0%)
[    133.44 ..     142.50 ] ███▊                                   2  (  3.8%)
[    142.50 ..     151.56 ] █▉                                     1  (  1.9%)
[    151.56 ..     160.62 ] █████▋                                 3  (  5.8%)
[    160.62 ..     169.69 ] ███████▌                               4  (  7.7%)
[    169.69 ..     178.75 ]                                        0  (  0.0%)
[    178.75 ..     187.81 ] █▉                                     1  (  1.9%)
[    187.81 ..     196.88 ] █▉                                     1  (  1.9%)
[    196.88 ..     205.94 ]                                        0  (  0.0%)
[    205.94 ..      215 ] ███▊                                   2  (  3.8%)
                                                      0%  100%
```

_sparkline computed from time-ordered samples_

### effect_id_active

| count | min | max | mean | p50 | p90 | p95 | p99 | p999 |
|---|---|---|---|---|---|---|---|---|
| 137 | 8450 | 8450 | 8450.0 | 8450 | 8450 | 8450 | 8450 | 8450 |

```
[    8450 ..     8450 ] ████████████████████████████████     137  (100.0%)
                                                      0%  100%
```

_sparkline computed from time-ordered samples_

### fps

| count | min | max | mean | p50 | p90 | p95 | p99 | p999 |
|---|---|---|---|---|---|---|---|---|
| 1 | 119 | 119 | 119.0 | 119 | 119 | 119 | 119 | 119 |

```
[     119 ..      119 ] ████████████████████████████████       1  (100.0%)
                                                      0%  100%
```

_sparkline computed from time-ordered samples_

### heap_free_internal_kb

| count | min | max | mean | p50 | p90 | p95 | p99 | p999 |
|---|---|---|---|---|---|---|---|---|
| 1 | 17 | 17 | 17.0 | 17 | 17 | 17 | 17 | 17 |

```
[      17 ..       17 ] ████████████████████████████████       1  (100.0%)
                                                      0%  100%
```

_sparkline computed from time-ordered samples_

### heap_free_psram_kb

| count | min | max | mean | p50 | p90 | p95 | p99 | p999 |
|---|---|---|---|---|---|---|---|---|
| 1 | 7812 | 7812 | 7812.0 | 7812 | 7812 | 7812 | 7812 | 7812 |

```
[    7812 ..     7812 ] ████████████████████████████████       1  (100.0%)
                                                      0%  100%
```

_sparkline computed from time-ordered samples_

### heap_largest_internal_kb

| count | min | max | mean | p50 | p90 | p95 | p99 | p999 |
|---|---|---|---|---|---|---|---|---|
| 1 | 7 | 7 | 7.0 | 7 | 7 | 7 | 7 | 7 |

```
[       7 ..        7 ] ████████████████████████████████       1  (100.0%)
                                                      0%  100%
```

_sparkline computed from time-ordered samples_

### heap_largest_psram_kb

| count | min | max | mean | p50 | p90 | p95 | p99 | p999 |
|---|---|---|---|---|---|---|---|---|
| 1 | 7807 | 7807 | 7807.0 | 7807 | 7807 | 7807 | 7807 | 7807 |

```
[    7807 ..     7807 ] ████████████████████████████████       1  (100.0%)
                                                      0%  100%
```

_sparkline computed from time-ordered samples_

### led_show_avg_us

| count | min | max | mean | p50 | p90 | p95 | p99 | p999 |
|---|---|---|---|---|---|---|---|---|
| 1 | 545 | 545 | 545.0 | 545 | 545 | 545 | 545 | 545 |

```
[     545 ..      545 ] ████████████████████████████████       1  (100.0%)
                                                      0%  100%
```

_sparkline computed from time-ordered samples_

### led_show_failures_total

| count | min | max | mean | p50 | p90 | p95 | p99 | p999 |
|---|---|---|---|---|---|---|---|---|
| 1 | 0 | 0 | 0.0 | 0 | 0 | 0 | 0 | 0 |

```
[       0 ..        0 ] ████████████████████████████████       1  (100.0%)
                                                      0%  100%
```

_sparkline computed from time-ordered samples_

### led_show_max_us

| count | min | max | mean | p50 | p90 | p95 | p99 | p999 |
|---|---|---|---|---|---|---|---|---|
| 1 | 2091 | 2091 | 2091.0 | 2091 | 2091 | 2091 | 2091 | 2091 |

```
[    2091 ..     2091 ] ████████████████████████████████       1  (100.0%)
                                                      0%  100%
```

_sparkline computed from time-ordered samples_

### led_show_skips_total

| count | min | max | mean | p50 | p90 | p95 | p99 | p999 |
|---|---|---|---|---|---|---|---|---|
| 1 | 0 | 0 | 0.0 | 0 | 0 | 0 | 0 | 0 |

```
[       0 ..        0 ] ████████████████████████████████       1  (100.0%)
                                                      0%  100%
```

_sparkline computed from time-ordered samples_

### onset_activity

| count | min | max | mean | p50 | p90 | p95 | p99 | p999 |
|---|---|---|---|---|---|---|---|---|
| 52 | 293 | 1000 | 968.2 | 1000 | 1000 | 1000 | 1000 | 1000 |

```
[     293 ..     337.19 ] ▋                                      1  (  1.9%)
[    337.19 ..     381.38 ] ▋                                      1  (  1.9%)
[    381.38 ..     425.56 ]                                        0  (  0.0%)
[    425.56 ..     469.75 ]                                        0  (  0.0%)
[    469.75 ..     513.94 ]                                        0  (  0.0%)
[    513.94 ..     558.12 ]                                        0  (  0.0%)
[    558.12 ..     602.31 ]                                        0  (  0.0%)
[    602.31 ..     646.50 ]                                        0  (  0.0%)
[    646.50 ..     690.69 ] ▋                                      1  (  1.9%)
[    690.69 ..     734.88 ]                                        0  (  0.0%)
[    734.88 ..     779.06 ]                                        0  (  0.0%)
[    779.06 ..     823.25 ]                                        0  (  0.0%)
[    823.25 ..     867.44 ]                                        0  (  0.0%)
[    867.44 ..     911.62 ]                                        0  (  0.0%)
[    911.62 ..     955.81 ]                                        0  (  0.0%)
[    955.81 ..     1000 ] ████████████████████████████████      49  ( 94.2%)
                                                      0%  100%
```

_sparkline computed from time-ordered samples_

### onset_bass_flux

| count | min | max | mean | p50 | p90 | p95 | p99 | p999 |
|---|---|---|---|---|---|---|---|---|
| 52 | 0 | 5508 | 1630.2 | 1284 | 3535 | 4098 | 5508 | 5508 |

```
[       0 ..     344.25 ] ████████████████████████████           7  ( 13.5%)
[    344.25 ..     688.50 ] ████████████████████████████████       8  ( 15.4%)
[    688.50 ..    1032.75 ] ████████████                           3  (  5.8%)
[   1032.75 ..     1377 ] ████████████████████████████████       8  ( 15.4%)
[    1377 ..    1721.25 ] ████████████████████████               6  ( 11.5%)
[   1721.25 ..    2065.50 ] ████████████████                       4  (  7.7%)
[   2065.50 ..    2409.75 ] ████████████████████████               6  ( 11.5%)
[   2409.75 ..     2754 ] ████████████                           3  (  5.8%)
[    2754 ..    3098.25 ] ████                                   1  (  1.9%)
[   3098.25 ..    3442.50 ]                                        0  (  0.0%)
[   3442.50 ..    3786.75 ] ████████                               2  (  3.8%)
[   3786.75 ..     4131 ] ████████                               2  (  3.8%)
[    4131 ..    4475.25 ]                                        0  (  0.0%)
[   4475.25 ..    4819.50 ]                                        0  (  0.0%)
[   4819.50 ..    5163.75 ]                                        0  (  0.0%)
[   5163.75 ..     5508 ] ████████                               2  (  3.8%)
                                                      0%  100%
```

_sparkline computed from time-ordered samples_

### onset_decision_us

| count | min | max | mean | p50 | p90 | p95 | p99 | p999 |
|---|---|---|---|---|---|---|---|---|
| 52 | 814 | 1228 | 943.7 | 871 | 1113 | 1148 | 1228 | 1228 |

```
[     814 ..     839.88 ] ████████████████████████████████      19  ( 36.5%)
[    839.88 ..     865.75 ] ██████▊                                4  (  7.7%)
[    865.75 ..     891.62 ] ██████▊                                4  (  7.7%)
[    891.62 ..     917.50 ]                                        0  (  0.0%)
[    917.50 ..     943.38 ] █████                                  3  (  5.8%)
[    943.38 ..     969.25 ]                                        0  (  0.0%)
[    969.25 ..     995.12 ] █████                                  3  (  5.8%)
[    995.12 ..     1021 ] █████                                  3  (  5.8%)
[    1021 ..    1046.88 ]                                        0  (  0.0%)
[   1046.88 ..    1072.75 ] ███▍                                   2  (  3.8%)
[   1072.75 ..    1098.62 ] █████                                  3  (  5.8%)
[   1098.62 ..    1124.50 ] █████████████▌                         8  ( 15.4%)
[   1124.50 ..    1150.38 ] █▋                                     1  (  1.9%)
[   1150.38 ..    1176.25 ] █▋                                     1  (  1.9%)
[   1176.25 ..    1202.12 ]                                        0  (  0.0%)
[   1202.12 ..     1228 ] █▋                                     1  (  1.9%)
                                                      0%  100%
```

_sparkline computed from time-ordered samples_

### onset_env

| count | min | max | mean | p50 | p90 | p95 | p99 | p999 |
|---|---|---|---|---|---|---|---|---|
| 52 | 0 | 73457 | 4033.1 | 0 | 6789 | 36554 | 73457 | 73457 |

```
[       0 ..    4591.06 ] ████████████████████████████████      43  ( 82.7%)
[   4591.06 ..    9182.12 ] ███▊                                   5  (  9.6%)
[   9182.12 ..   13773.19 ]                                        0  (  0.0%)
[  13773.19 ..   18364.25 ]                                        0  (  0.0%)
[  18364.25 ..   22955.31 ] ▊                                      1  (  1.9%)
[  22955.31 ..   27546.38 ]                                        0  (  0.0%)
[  27546.38 ..   32137.44 ]                                        0  (  0.0%)
[  32137.44 ..   36728.50 ] ▊                                      1  (  1.9%)
[  36728.50 ..   41319.56 ] ▊                                      1  (  1.9%)
[  41319.56 ..   45910.62 ]                                        0  (  0.0%)
[  45910.62 ..   50501.69 ]                                        0  (  0.0%)
[  50501.69 ..   55092.75 ]                                        0  (  0.0%)
[  55092.75 ..   59683.81 ]                                        0  (  0.0%)
[  59683.81 ..   64274.88 ]                                        0  (  0.0%)
[  64274.88 ..   68865.94 ]                                        0  (  0.0%)
[  68865.94 ..    73457 ] ▊                                      1  (  1.9%)
                                                      0%  100%
```

_sparkline computed from time-ordered samples_

### onset_event_strength

| count | min | max | mean | p50 | p90 | p95 | p99 | p999 |
|---|---|---|---|---|---|---|---|---|
| 52 | 0 | 41169 | 1439.1 | 0 | 0 | 8469 | 41169 | 41169 |

```
[       0 ..    2573.06 ] ████████████████████████████████      48  ( 92.3%)
[   2573.06 ..    5146.12 ] ▋                                      1  (  1.9%)
[   5146.12 ..    7719.19 ]                                        0  (  0.0%)
[   7719.19 ..   10292.25 ] ▋                                      1  (  1.9%)
[  10292.25 ..   12865.31 ]                                        0  (  0.0%)
[  12865.31 ..   15438.38 ]                                        0  (  0.0%)
[  15438.38 ..   18011.44 ]                                        0  (  0.0%)
[  18011.44 ..   20584.50 ]                                        0  (  0.0%)
[  20584.50 ..   23157.56 ] ▋                                      1  (  1.9%)
[  23157.56 ..   25730.62 ]                                        0  (  0.0%)
[  25730.62 ..   28303.69 ]                                        0  (  0.0%)
[  28303.69 ..   30876.75 ]                                        0  (  0.0%)
[  30876.75 ..   33449.81 ]                                        0  (  0.0%)
[  33449.81 ..   36022.88 ]                                        0  (  0.0%)
[  36022.88 ..   38595.94 ]                                        0  (  0.0%)
[  38595.94 ..    41169 ] ▋                                      1  (  1.9%)
                                                      0%  100%
```

_sparkline computed from time-ordered samples_

### onset_fft_frontend_us

| count | min | max | mean | p50 | p90 | p95 | p99 | p999 |
|---|---|---|---|---|---|---|---|---|
| 52 | 756 | 1341 | 956.9 | 883 | 1229 | 1282 | 1341 | 1341 |

```
[     756 ..     792.56 ] ████████████████████████████████      13  ( 25.0%)
[    792.56 ..     829.12 ] ███████████████████▊                   8  ( 15.4%)
[    829.12 ..     865.69 ] ████▉                                  2  (  3.8%)
[    865.69 ..     902.25 ] █████████▉                             4  (  7.7%)
[    902.25 ..     938.81 ] █████████▉                             4  (  7.7%)
[    938.81 ..     975.38 ] ████▉                                  2  (  3.8%)
[    975.38 ..    1011.94 ] ████▉                                  2  (  3.8%)
[   1011.94 ..    1048.50 ]                                        0  (  0.0%)
[   1048.50 ..    1085.06 ] ████▉                                  2  (  3.8%)
[   1085.06 ..    1121.62 ] ██▌                                    1  (  1.9%)
[   1121.62 ..    1158.19 ]                                        0  (  0.0%)
[   1158.19 ..    1194.75 ] ███████▍                               3  (  5.8%)
[   1194.75 ..    1231.31 ] █████████████████▎                     7  ( 13.5%)
[   1231.31 ..    1267.88 ]                                        0  (  0.0%)
[   1267.88 ..    1304.44 ] ████▉                                  2  (  3.8%)
[   1304.44 ..     1341 ] ████▉                                  2  (  3.8%)
                                                      0%  100%
```

_sparkline computed from time-ordered samples_

### onset_flux

| count | min | max | mean | p50 | p90 | p95 | p99 | p999 |
|---|---|---|---|---|---|---|---|---|
| 52 | 9395 | 127915 | 37067.5 | 33536 | 53664 | 81177 | 127915 | 127915 |

```
[    9395 ..   16802.50 ] ██████████████▊                        6  ( 11.5%)
[  16802.50 ..    24210 ] ██████████████▊                        6  ( 11.5%)
[   24210 ..   31617.50 ] ████████████████████████████████      13  ( 25.0%)
[  31617.50 ..    39025 ] ██████████████████████▏                9  ( 17.3%)
[   39025 ..   46432.50 ] █████████████████▎                     7  ( 13.5%)
[  46432.50 ..    53840 ] ██████████████▊                        6  ( 11.5%)
[   53840 ..   61247.50 ] ██▌                                    1  (  1.9%)
[  61247.50 ..    68655 ]                                        0  (  0.0%)
[   68655 ..   76062.50 ] ██▌                                    1  (  1.9%)
[  76062.50 ..    83470 ] ██▌                                    1  (  1.9%)
[   83470 ..   90877.50 ] ██▌                                    1  (  1.9%)
[  90877.50 ..    98285 ]                                        0  (  0.0%)
[   98285 ..  105692.50 ]                                        0  (  0.0%)
[ 105692.50 ..   113100 ]                                        0  (  0.0%)
[  113100 ..  120507.50 ]                                        0  (  0.0%)
[ 120507.50 ..   127915 ] ██▌                                    1  (  1.9%)
                                                      0%  100%
```

_sparkline computed from time-ordered samples_

### onset_flux_us

| count | min | max | mean | p50 | p90 | p95 | p99 | p999 |
|---|---|---|---|---|---|---|---|---|
| 52 | 745 | 1101 | 859.1 | 805 | 1024 | 1044 | 1101 | 1101 |

```
[     745 ..     767.25 ] ████████████████████████████████      19  ( 36.5%)
[    767.25 ..     789.50 ] █████                                  3  (  5.8%)
[    789.50 ..     811.75 ] ██████▊                                4  (  7.7%)
[    811.75 ..      834 ] █████                                  3  (  5.8%)
[     834 ..     856.25 ]                                        0  (  0.0%)
[    856.25 ..     878.50 ] █████                                  3  (  5.8%)
[    878.50 ..     900.75 ] █▋                                     1  (  1.9%)
[    900.75 ..      923 ] █▋                                     1  (  1.9%)
[     923 ..     945.25 ] ███▍                                   2  (  3.8%)
[    945.25 ..     967.50 ] █████                                  3  (  5.8%)
[    967.50 ..     989.75 ] ██████▊                                4  (  7.7%)
[    989.75 ..     1012 ] █████                                  3  (  5.8%)
[    1012 ..    1034.25 ] █▋                                     1  (  1.9%)
[   1034.25 ..    1056.50 ] █████                                  3  (  5.8%)
[   1056.50 ..    1078.75 ] █▋                                     1  (  1.9%)
[   1078.75 ..     1101 ] █▋                                     1  (  1.9%)
                                                      0%  100%
```

_sparkline computed from time-ordered samples_

### onset_gate_flags

| count | min | max | mean | p50 | p90 | p95 | p99 | p999 |
|---|---|---|---|---|---|---|---|---|
| 52 | 0 | 0 | 0.0 | 0 | 0 | 0 | 0 | 0 |

```
[       0 ..        0 ] ████████████████████████████████      52  (100.0%)
                                                      0%  100%
```

_sparkline computed from time-ordered samples_

### onset_high_flux

| count | min | max | mean | p50 | p90 | p95 | p99 | p999 |
|---|---|---|---|---|---|---|---|---|
| 52 | 2504 | 157367 | 57690.4 | 53353 | 107263 | 131161 | 157367 | 157367 |

```
[    2504 ..   12182.94 ] ████████████████████████████████       6  ( 11.5%)
[  12182.94 ..   21861.88 ] ████████████████████████████████       6  ( 11.5%)
[  21861.88 ..   31540.81 ] █████████████████████▍                 4  (  7.7%)
[  31540.81 ..   41219.75 ] █████▍                                 1  (  1.9%)
[  41219.75 ..   50898.69 ] ██████████████████████████▋            5  (  9.6%)
[  50898.69 ..   60577.62 ] ████████████████████████████████       6  ( 11.5%)
[  60577.62 ..   70256.56 ] ██████████████████████████▋            5  (  9.6%)
[  70256.56 ..   79935.50 ] ████████████████████████████████       6  ( 11.5%)
[  79935.50 ..   89614.44 ] █████████████████████▍                 4  (  7.7%)
[  89614.44 ..   99293.38 ] ██████████▋                            2  (  3.8%)
[  99293.38 ..  108972.31 ] ████████████████                       3  (  5.8%)
[ 108972.31 ..  118651.25 ]                                        0  (  0.0%)
[ 118651.25 ..  128330.19 ] █████▍                                 1  (  1.9%)
[ 128330.19 ..  138009.12 ] ██████████▋                            2  (  3.8%)
[ 138009.12 ..  147688.06 ]                                        0  (  0.0%)
[ 147688.06 ..   157367 ] █████▍                                 1  (  1.9%)
                                                      0%  100%
```

_sparkline computed from time-ordered samples_

### onset_input_rms

| count | min | max | mean | p50 | p90 | p95 | p99 | p999 |
|---|---|---|---|---|---|---|---|---|
| 52 | 14668 | 85391 | 41463.3 | 38648 | 64074 | 69688 | 85391 | 85391 |

```
[   14668 ..   19088.19 ] ████████████                           3  (  5.8%)
[  19088.19 ..   23508.38 ] ████████████                           3  (  5.8%)
[  23508.38 ..   27928.56 ] ████████████████████████               6  ( 11.5%)
[  27928.56 ..   32348.75 ] ████████████████                       4  (  7.7%)
[  32348.75 ..   36768.94 ] ████████████████████                   5  (  9.6%)
[  36768.94 ..   41189.12 ] ████████████████████████████████       8  ( 15.4%)
[  41189.12 ..   45609.31 ] ████████████████████                   5  (  9.6%)
[  45609.31 ..   50029.50 ] ████████████████████████               6  ( 11.5%)
[  50029.50 ..   54449.69 ] ████                                   1  (  1.9%)
[  54449.69 ..   58869.88 ] ████████████████                       4  (  7.7%)
[  58869.88 ..   63290.06 ] ████                                   1  (  1.9%)
[  63290.06 ..   67710.25 ] ████████                               2  (  3.8%)
[  67710.25 ..   72130.44 ] ████████                               2  (  3.8%)
[  72130.44 ..   76550.62 ]                                        0  (  0.0%)
[  76550.62 ..   80970.81 ] ████                                   1  (  1.9%)
[  80970.81 ..    85391 ] ████                                   1  (  1.9%)
                                                      0%  100%
```

_sparkline computed from time-ordered samples_

### onset_mid_flux

| count | min | max | mean | p50 | p90 | p95 | p99 | p999 |
|---|---|---|---|---|---|---|---|---|
| 52 | 952 | 15559 | 7197.4 | 6666 | 11637 | 14683 | 15559 | 15559 |

```
[     952 ..    1864.94 ] ████████████                           3  (  5.8%)
[   1864.94 ..    2777.88 ] ████                                   1  (  1.9%)
[   2777.88 ..    3690.81 ] ████████████████████████               6  ( 11.5%)
[   3690.81 ..    4603.75 ] ████                                   1  (  1.9%)
[   4603.75 ..    5516.69 ] ████████████████████████               6  ( 11.5%)
[   5516.69 ..    6429.62 ] ████████████████████████████████       8  ( 15.4%)
[   6429.62 ..    7342.56 ] ████████████████                       4  (  7.7%)
[   7342.56 ..    8255.50 ] ████████████████                       4  (  7.7%)
[   8255.50 ..    9168.44 ] ████████████████████████               6  ( 11.5%)
[   9168.44 ..   10081.38 ] ████████                               2  (  3.8%)
[  10081.38 ..   10994.31 ] ████████████                           3  (  5.8%)
[  10994.31 ..   11907.25 ] ████████████                           3  (  5.8%)
[  11907.25 ..   12820.19 ] ████████                               2  (  3.8%)
[  12820.19 ..   13733.12 ]                                        0  (  0.0%)
[  13733.12 ..   14646.06 ]                                        0  (  0.0%)
[  14646.06 ..    15559 ] ████████████                           3  (  5.8%)
                                                      0%  100%
```

_sparkline computed from time-ordered samples_

### onset_noise_floor

| count | min | max | mean | p50 | p90 | p95 | p99 | p999 |
|---|---|---|---|---|---|---|---|---|
| 52 | 7536 | 7557 | 7539.2 | 7536 | 7557 | 7557 | 7557 | 7557 |

```
[    7536 ..    7537.31 ] ████████████████████████████████      44  ( 84.6%)
[   7537.31 ..    7538.62 ]                                        0  (  0.0%)
[   7538.62 ..    7539.94 ]                                        0  (  0.0%)
[   7539.94 ..    7541.25 ]                                        0  (  0.0%)
[   7541.25 ..    7542.56 ]                                        0  (  0.0%)
[   7542.56 ..    7543.88 ]                                        0  (  0.0%)
[   7543.88 ..    7545.19 ]                                        0  (  0.0%)
[   7545.19 ..    7546.50 ]                                        0  (  0.0%)
[   7546.50 ..    7547.81 ]                                        0  (  0.0%)
[   7547.81 ..    7549.12 ]                                        0  (  0.0%)
[   7549.12 ..    7550.44 ]                                        0  (  0.0%)
[   7550.44 ..    7551.75 ]                                        0  (  0.0%)
[   7551.75 ..    7553.06 ]                                        0  (  0.0%)
[   7553.06 ..    7554.38 ]                                        0  (  0.0%)
[   7554.38 ..    7555.69 ]                                        0  (  0.0%)
[   7555.69 ..     7557 ] █████▉                                 8  ( 15.4%)
                                                      0%  100%
```

_sparkline computed from time-ordered samples_

### onset_process_us

| count | min | max | mean | p50 | p90 | p95 | p99 | p999 |
|---|---|---|---|---|---|---|---|---|
| 52 | 1591 | 2481 | 1919.0 | 1867 | 2359 | 2430 | 2481 | 2481 |

```
[    1591 ..    1646.62 ] ████████████████████████████████      15  ( 28.8%)
[   1646.62 ..    1702.25 ] ████████▌                              4  (  7.7%)
[   1702.25 ..    1757.88 ] ████▎                                  2  (  3.8%)
[   1757.88 ..    1813.50 ] ████▎                                  2  (  3.8%)
[   1813.50 ..    1869.12 ] ████████▌                              4  (  7.7%)
[   1869.12 ..    1924.75 ] ██████▍                                3  (  5.8%)
[   1924.75 ..    1980.38 ] ██████▍                                3  (  5.8%)
[   1980.38 ..     2036 ] ██████▍                                3  (  5.8%)
[    2036 ..    2091.62 ] ██▏                                    1  (  1.9%)
[   2091.62 ..    2147.25 ]                                        0  (  0.0%)
[   2147.25 ..    2202.88 ] ██████▍                                3  (  5.8%)
[   2202.88 ..    2258.50 ] ████▎                                  2  (  3.8%)
[   2258.50 ..    2314.12 ] ████▎                                  2  (  3.8%)
[   2314.12 ..    2369.75 ] ████████▌                              4  (  7.7%)
[   2369.75 ..    2425.38 ] ██▏                                    1  (  1.9%)
[   2425.38 ..     2481 ] ██████▍                                3  (  5.8%)
                                                      0%  100%
```

_sparkline computed from time-ordered samples_

### render_frame_work_us

| count | min | max | mean | p50 | p90 | p95 | p99 | p999 |
|---|---|---|---|---|---|---|---|---|
| 137 | 2305 | 4162 | 3235.7 | 3164 | 3830 | 3963 | 4157 | 4162 |

```
[    2305 ..    2421.06 ] ██▋                                    2  (  1.5%)
[   2421.06 ..    2537.12 ]                                        0  (  0.0%)
[   2537.12 ..    2653.19 ] ████████                               6  (  4.4%)
[   2653.19 ..    2769.25 ] ██████████████████▋                   14  ( 10.2%)
[   2769.25 ..    2885.31 ] █████████████▍                        10  (  7.3%)
[   2885.31 ..    3001.38 ] ████████████████████████████████      24  ( 17.5%)
[   3001.38 ..    3117.44 ] █████████▍                             7  (  5.1%)
[   3117.44 ..    3233.50 ] ████████████████                      12  (  8.8%)
[   3233.50 ..    3349.56 ] ██████████▋                            8  (  5.8%)
[   3349.56 ..    3465.62 ] █████████████▍                        10  (  7.3%)
[   3465.62 ..    3581.69 ] ██████▋                                5  (  3.6%)
[   3581.69 ..    3697.75 ] ██████████████████▋                   14  ( 10.2%)
[   3697.75 ..    3813.81 ] ████████████                           9  (  6.6%)
[   3813.81 ..    3929.88 ] █████████▍                             7  (  5.1%)
[   3929.88 ..    4045.94 ] █████▍                                 4  (  2.9%)
[   4045.94 ..     4162 ] ██████▋                                5  (  3.6%)
                                                      0%  100%
```

_sparkline computed from time-ordered samples_

### rmt_errors_total

| count | min | max | mean | p50 | p90 | p95 | p99 | p999 |
|---|---|---|---|---|---|---|---|---|
| 1 | 0 | 0 | 0.0 | 0 | 0 | 0 | 0 | 0 |

```
[       0 ..        0 ] ████████████████████████████████       1  (100.0%)
                                                      0%  100%
```

_sparkline computed from time-ordered samples_

### rmt_underruns_total

| count | min | max | mean | p50 | p90 | p95 | p99 | p999 |
|---|---|---|---|---|---|---|---|---|
| 1 | 0 | 0 | 0.0 | 0 | 0 | 0 | 0 | 0 |

```
[       0 ..        0 ] ████████████████████████████████       1  (100.0%)
                                                      0%  100%
```

_sparkline computed from time-ordered samples_

### snapshot_read_retries_total

| count | min | max | mean | p50 | p90 | p95 | p99 | p999 |
|---|---|---|---|---|---|---|---|---|
| 137 | 3501 | 3503 | 3502.5 | 3503 | 3503 | 3503 | 3503 | 3503 |

```
[    3501 ..    3501.12 ] ████                                   9  (  6.6%)
[   3501.12 ..    3501.25 ]                                        0  (  0.0%)
[   3501.25 ..    3501.38 ]                                        0  (  0.0%)
[   3501.38 ..    3501.50 ]                                        0  (  0.0%)
[   3501.50 ..    3501.62 ]                                        0  (  0.0%)
[   3501.62 ..    3501.75 ]                                        0  (  0.0%)
[   3501.75 ..    3501.88 ]                                        0  (  0.0%)
[   3501.88 ..     3502 ]                                        0  (  0.0%)
[    3502 ..    3502.12 ] ████████████████████████▏             55  ( 40.1%)
[   3502.12 ..    3502.25 ]                                        0  (  0.0%)
[   3502.25 ..    3502.38 ]                                        0  (  0.0%)
[   3502.38 ..    3502.50 ]                                        0  (  0.0%)
[   3502.50 ..    3502.62 ]                                        0  (  0.0%)
[   3502.62 ..    3502.75 ]                                        0  (  0.0%)
[   3502.75 ..    3502.88 ]                                        0  (  0.0%)
[   3502.88 ..     3503 ] ████████████████████████████████      73  ( 53.3%)
                                                      0%  100%
```

_sparkline computed from time-ordered samples_

### spectral_novelty

| count | min | max | mean | p50 | p90 | p95 | p99 | p999 |
|---|---|---|---|---|---|---|---|---|
| 52 | 54 | 495 | 181.3 | 163 | 312 | 381 | 495 | 495 |

```
[      54 ..      81.56 ] ████████████▊                          4  (  7.7%)
[     81.56 ..     109.12 ] ███████████████████▎                   6  ( 11.5%)
[    109.12 ..     136.69 ] ██████████████████████▍                7  ( 13.5%)
[    136.69 ..     164.25 ] ████████████████████████████████      10  ( 19.2%)
[    164.25 ..     191.81 ] ████████████████████████████▊          9  ( 17.3%)
[    191.81 ..     219.38 ] ████████████▊                          4  (  7.7%)
[    219.38 ..     246.94 ] ████████████▊                          4  (  7.7%)
[    246.94 ..     274.50 ] ██████▍                                2  (  3.8%)
[    274.50 ..     302.06 ]                                        0  (  0.0%)
[    302.06 ..     329.62 ] ██████▍                                2  (  3.8%)
[    329.62 ..     357.19 ] ███▎                                   1  (  1.9%)
[    357.19 ..     384.75 ] ███▎                                   1  (  1.9%)
[    384.75 ..     412.31 ]                                        0  (  0.0%)
[    412.31 ..     439.88 ]                                        0  (  0.0%)
[    439.88 ..     467.44 ]                                        0  (  0.0%)
[    467.44 ..      495 ] ██████▍                                2  (  3.8%)
                                                      0%  100%
```

_sparkline computed from time-ordered samples_

### task_stack_hwm_audio

| count | min | max | mean | p50 | p90 | p95 | p99 | p999 |
|---|---|---|---|---|---|---|---|---|
| 1 | 8748 | 8748 | 8748.0 | 8748 | 8748 | 8748 | 8748 | 8748 |

```
[    8748 ..     8748 ] ████████████████████████████████       1  (100.0%)
                                                      0%  100%
```

_sparkline computed from time-ordered samples_

### task_stack_hwm_loop

| count | min | max | mean | p50 | p90 | p95 | p99 | p999 |
|---|---|---|---|---|---|---|---|---|
| 1 | 2064 | 2064 | 2064.0 | 2064 | 2064 | 2064 | 2064 | 2064 |

```
[    2064 ..     2064 ] ████████████████████████████████       1  (100.0%)
                                                      0%  100%
```

_sparkline computed from time-ordered samples_

### task_stack_hwm_renderer

| count | min | max | mean | p50 | p90 | p95 | p99 | p999 |
|---|---|---|---|---|---|---|---|---|
| 1 | 10256 | 10256 | 10256.0 | 10256 | 10256 | 10256 | 10256 | 10256 |

```
[   10256 ..    10256 ] ████████████████████████████████       1  (100.0%)
                                                      0%  100%
```

_sparkline computed from time-ordered samples_

### task_stack_hwm_show_director

| count | min | max | mean | p50 | p90 | p95 | p99 | p999 |
|---|---|---|---|---|---|---|---|---|
| 1 | 10544 | 10544 | 10544.0 | 10544 | 10544 | 10544 | 10544 | 10544 |

```
[   10544 ..    10544 ] ████████████████████████████████       1  (100.0%)
                                                      0%  100%
```

_sparkline computed from time-ordered samples_

### temp_celsius_x10

| count | min | max | mean | p50 | p90 | p95 | p99 | p999 |
|---|---|---|---|---|---|---|---|---|
| 1 | 737 | 737 | 737.0 | 737 | 737 | 737 | 737 | 737 |

```
[     737 ..      737 ] ████████████████████████████████       1  (100.0%)
                                                      0%  100%
```

_sparkline computed from time-ordered samples_

### trace_mode_enabled

| count | min | max | mean | p50 | p90 | p95 | p99 | p999 |
|---|---|---|---|---|---|---|---|---|
| 1 | 1 | 1 | 1.0 | 1 | 1 | 1 | 1 | 1 |

```
[       1 ..        1 ] ████████████████████████████████       1  (100.0%)
                                                      0%  100%
```

_sparkline computed from time-ordered samples_

### wifi_ap_mode

| count | min | max | mean | p50 | p90 | p95 | p99 | p999 |
|---|---|---|---|---|---|---|---|---|
| 1 | 1 | 1 | 1.0 | 1 | 1 | 1 | 1 | 1 |

```
[       1 ..        1 ] ████████████████████████████████       1  (100.0%)
                                                      0%  100%
```

_sparkline computed from time-ordered samples_

### wifi_clients

| count | min | max | mean | p50 | p90 | p95 | p99 | p999 |
|---|---|---|---|---|---|---|---|---|
| 1 | 0 | 0 | 0.0 | 0 | 0 | 0 | 0 | 0 |

```
[       0 ..        0 ] ████████████████████████████████       1  (100.0%)
                                                      0%  100%
```

_sparkline computed from time-ordered samples_

### ws_client_count

| count | min | max | mean | p50 | p90 | p95 | p99 | p999 |
|---|---|---|---|---|---|---|---|---|
| 1 | 0 | 0 | 0.0 | 0 | 0 | 0 | 0 | 0 |

```
[       0 ..        0 ] ████████████████████████████████       1  (100.0%)
                                                      0%  100%
```

_sparkline computed from time-ordered samples_

### ws_clients

| count | min | max | mean | p50 | p90 | p95 | p99 | p999 |
|---|---|---|---|---|---|---|---|---|
| 1 | 0 | 0 | 0.0 | 0 | 0 | 0 | 0 | 0 |

```
[       0 ..        0 ] ████████████████████████████████       1  (100.0%)
                                                      0%  100%
```

_sparkline computed from time-ordered samples_

### ws_dispatch_count

| count | min | max | mean | p50 | p90 | p95 | p99 | p999 |
|---|---|---|---|---|---|---|---|---|
| 1 | 0 | 0 | 0.0 | 0 | 0 | 0 | 0 | 0 |

```
[       0 ..        0 ] ████████████████████████████████       1  (100.0%)
                                                      0%  100%
```

_sparkline computed from time-ordered samples_

### ws_errors

| count | min | max | mean | p50 | p90 | p95 | p99 | p999 |
|---|---|---|---|---|---|---|---|---|
| 1 | 0 | 0 | 0.0 | 0 | 0 | 0 | 0 | 0 |

```
[       0 ..        0 ] ████████████████████████████████       1  (100.0%)
                                                      0%  100%
```

_sparkline computed from time-ordered samples_

## Per-span duration statistics

### audio_snapshot_read

| count | min | max | mean | p50 | p90 | p95 | p99 | p999 |
|---|---|---|---|---|---|---|---|---|
| 137 | 288 | 875 | 559.6 | 557 | 683 | 787 | 858 | 875 |

```
[     288 ..     324.69 µs] █                                      1  (  0.7%)
[    324.69 ..     361.38 µs] █                                      1  (  0.7%)
[    361.38 ..     398.06 µs] █████████                              9  (  6.6%)
[    398.06 ..     434.75 µs] ████████████                          12  (  8.8%)
[    434.75 ..     471.44 µs] █████                                  5  (  3.6%)
[    471.44 ..     508.12 µs] █████████████                         13  (  9.5%)
[    508.12 ..     544.81 µs] ████████████████                      16  ( 11.7%)
[    544.81 ..     581.50 µs] ████████████████████████████████      32  ( 23.4%)
[    581.50 ..     618.19 µs] ██████████████                        14  ( 10.2%)
[    618.19 ..     654.88 µs] ████████                               8  (  5.8%)
[    654.88 ..     691.56 µs] ███████████████                       15  ( 10.9%)
[    691.56 ..     728.25 µs] █                                      1  (  0.7%)
[    728.25 ..     764.94 µs] ███                                    3  (  2.2%)
[    764.94 ..     801.62 µs] █                                      1  (  0.7%)
[    801.62 ..     838.31 µs] ███                                    3  (  2.2%)
[    838.31 ..      875 µs] ███                                    3  (  2.2%)
                                                      0%  100%
```

### band_ratio_detect

| count | min | max | mean | p50 | p90 | p95 | p99 | p999 |
|---|---|---|---|---|---|---|---|---|
| 52 | 70 | 119 | 79.2 | 73 | 97 | 107 | 119 | 119 |

```
[      70 ..      73.06 µs] ████████████████████████████████      28  ( 53.8%)
[     73.06 ..      76.12 µs] ████▋                                  4  (  7.7%)
[     76.12 ..      79.19 µs] ██▎                                    2  (  3.8%)
[     79.19 ..      82.25 µs] ████▋                                  4  (  7.7%)
[     82.25 ..      85.31 µs] █▏                                     1  (  1.9%)
[     85.31 ..      88.38 µs] ████▋                                  4  (  7.7%)
[     88.38 ..      91.44 µs] █▏                                     1  (  1.9%)
[     91.44 ..      94.50 µs] ██▎                                    2  (  3.8%)
[     94.50 ..      97.56 µs] ██▎                                    2  (  3.8%)
[     97.56 ..     100.62 µs] █▏                                     1  (  1.9%)
[    100.62 ..     103.69 µs]                                        0  (  0.0%)
[    103.69 ..     106.75 µs]                                        0  (  0.0%)
[    106.75 ..     109.81 µs] █▏                                     1  (  1.9%)
[    109.81 ..     112.88 µs]                                        0  (  0.0%)
[    112.88 ..     115.94 µs]                                        0  (  0.0%)
[    115.94 ..      119 µs] ██▎                                    2  (  3.8%)
                                                      0%  100%
```

### bps_render

| count | min | max | mean | p50 | p90 | p95 | p99 | p999 |
|---|---|---|---|---|---|---|---|---|
| 138 | 253 | 502 | 376.8 | 383 | 430 | 441 | 480 | 502 |

```
[     253 ..     268.56 µs] ████████                               6  (  4.3%)
[    268.56 ..     284.12 µs] █▍                                     1  (  0.7%)
[    284.12 ..     299.69 µs]                                        0  (  0.0%)
[    299.69 ..     315.25 µs] ████████                               6  (  4.3%)
[    315.25 ..     330.81 µs] █████████████▍                        10  (  7.2%)
[    330.81 ..     346.38 µs] ██████████████▋                       11  (  8.0%)
[    346.38 ..     361.94 µs] ████████████████                      12  (  8.7%)
[    361.94 ..     377.50 µs] ██████████████████████▋               17  ( 12.3%)
[    377.50 ..     393.06 µs] ████████████████████████████████      24  ( 17.4%)
[    393.06 ..     408.62 µs] █████████████████████▍                16  ( 11.6%)
[    408.62 ..     424.19 µs] ██████████████████████▋               17  ( 12.3%)
[    424.19 ..     439.75 µs] ████████████                           9  (  6.5%)
[    439.75 ..     455.31 µs] ████████                               6  (  4.3%)
[    455.31 ..     470.88 µs] █▍                                     1  (  0.7%)
[    470.88 ..     486.44 µs] █▍                                     1  (  0.7%)
[    486.44 ..      502 µs] █▍                                     1  (  0.7%)
                                                      0%  100%
```

### color_correction

| count | min | max | mean | p50 | p90 | p95 | p99 | p999 |
|---|---|---|---|---|---|---|---|---|
| 138 | 477 | 1515 | 913.0 | 685 | 1400 | 1437 | 1507 | 1515 |

```
[     477 ..     541.88 µs] ██▌                                    3  (  2.2%)
[    541.88 ..     606.75 µs] █████████████████████▉                26  ( 18.8%)
[    606.75 ..     671.62 µs] ████████████████████████████████      38  ( 27.5%)
[    671.62 ..     736.50 µs] ███▍                                   4  (  2.9%)
[    736.50 ..     801.38 µs] █▋                                     2  (  1.4%)
[    801.38 ..     866.25 µs]                                        0  (  0.0%)
[    866.25 ..     931.12 µs]                                        0  (  0.0%)
[    931.12 ..      996 µs] █▋                                     2  (  1.4%)
[     996 ..    1060.88 µs] ████▎                                  5  (  3.6%)
[   1060.88 ..    1125.75 µs] █████                                  6  (  4.3%)
[   1125.75 ..    1190.62 µs] ███████████                           13  (  9.4%)
[   1190.62 ..    1255.50 µs] ██████▊                                8  (  5.8%)
[   1255.50 ..    1320.38 µs] ██████▊                                8  (  5.8%)
[   1320.38 ..    1385.25 µs] ██████▊                                8  (  5.8%)
[   1385.25 ..    1450.12 µs] ████████▍                             10  (  7.2%)
[   1450.12 ..     1515 µs] ████▎                                  5  (  3.6%)
                                                      0%  100%
```

### controlbus_build

| count | min | max | mean | p50 | p90 | p95 | p99 | p999 |
|---|---|---|---|---|---|---|---|---|
| 52 | 3861 | 5083 | 4458.5 | 4540 | 4840 | 4930 | 5083 | 5083 |

```
[    3861 ..    3937.38 µs] ████████████████████                   5  (  9.6%)
[   3937.38 ..    4013.75 µs] ████████████████                       4  (  7.7%)
[   4013.75 ..    4090.12 µs] ████████████                           3  (  5.8%)
[   4090.12 ..    4166.50 µs] ████████████                           3  (  5.8%)
[   4166.50 ..    4242.88 µs] ████████████                           3  (  5.8%)
[   4242.88 ..    4319.25 µs]                                        0  (  0.0%)
[   4319.25 ..    4395.62 µs] ████                                   1  (  1.9%)
[   4395.62 ..     4472 µs] ████████████████                       4  (  7.7%)
[    4472 ..    4548.38 µs] ████████████                           3  (  5.8%)
[   4548.38 ..    4624.75 µs] ████████████████                       4  (  7.7%)
[   4624.75 ..    4701.12 µs] ████████████                           3  (  5.8%)
[   4701.12 ..    4777.50 µs] ████████████████████████████████       8  ( 15.4%)
[   4777.50 ..    4853.88 µs] ████████████████████████               6  ( 11.5%)
[   4853.88 ..    4930.25 µs] ████████████                           3  (  5.8%)
[   4930.25 ..    5006.62 µs] ████                                   1  (  1.9%)
[   5006.62 ..     5083 µs] ████                                   1  (  1.9%)
                                                      0%  100%
```

### effect_render

| count | min | max | mean | p50 | p90 | p95 | p99 | p999 |
|---|---|---|---|---|---|---|---|---|
| 138 | 270 | 522 | 395.2 | 399 | 452 | 461 | 502 | 522 |

```
[     270 ..     285.75 µs] ████████                               6  (  4.3%)
[    285.75 ..     301.50 µs] █▍                                     1  (  0.7%)
[    301.50 ..     317.25 µs]                                        0  (  0.0%)
[    317.25 ..      333 µs] █████▍                                 4  (  2.9%)
[     333 ..     348.75 µs] ██████████████████▋                   14  ( 10.1%)
[    348.75 ..     364.50 µs] ████████████                           9  (  6.5%)
[    364.50 ..     380.25 µs] ██████████████▋                       11  (  8.0%)
[    380.25 ..      396 µs] ██████████████████████▋               17  ( 12.3%)
[     396 ..     411.75 µs] ████████████████████████████████      24  ( 17.4%)
[    411.75 ..     427.50 µs] ██████████████████████▋               17  ( 12.3%)
[    427.50 ..     443.25 µs] █████████████████████▍                16  ( 11.6%)
[    443.25 ..      459 µs] █████████████▍                        10  (  7.2%)
[     459 ..     474.75 µs] ████████                               6  (  4.3%)
[    474.75 ..     490.50 µs] █▍                                     1  (  0.7%)
[    490.50 ..     506.25 µs] █▍                                     1  (  0.7%)
[    506.25 ..      522 µs] █▍                                     1  (  0.7%)
                                                      0%  100%
```

### fastled_rmt_show

| count | min | max | mean | p50 | p90 | p95 | p99 | p999 |
|---|---|---|---|---|---|---|---|---|
| 138 | 491 | 674 | 561.7 | 552 | 611 | 646 | 671 | 674 |

```
[     491 ..     502.44 µs] ▉                                      1  (  0.7%)
[    502.44 ..     513.88 µs] ███▋                                   4  (  2.9%)
[    513.88 ..     525.31 µs] ███████▍                               8  (  5.8%)
[    525.31 ..     536.75 µs] █████████████▊                        15  ( 10.9%)
[    536.75 ..     548.19 µs] ████████████████████████████████      35  ( 25.4%)
[    548.19 ..     559.62 µs] █████████████▊                        15  ( 10.9%)
[    559.62 ..     571.06 µs] █████████████▊                        15  ( 10.9%)
[    571.06 ..     582.50 µs] ████████████████▌                     18  ( 13.0%)
[    582.50 ..     593.94 µs] ████████▎                              9  (  6.5%)
[    593.94 ..     605.38 µs] ██▊                                    3  (  2.2%)
[    605.38 ..     616.81 µs] ██▊                                    3  (  2.2%)
[    616.81 ..     628.25 µs] ▉                                      1  (  0.7%)
[    628.25 ..     639.69 µs] █▉                                     2  (  1.4%)
[    639.69 ..     651.12 µs] ██▊                                    3  (  2.2%)
[    651.12 ..     662.56 µs] ██▊                                    3  (  2.2%)
[    662.56 ..      674 µs] ██▊                                    3  (  2.2%)
                                                      0%  100%
```

### i2s_dma_read

| count | min | max | mean | p50 | p90 | p95 | p99 | p999 |
|---|---|---|---|---|---|---|---|---|
| 105 | 6977 | 9824 | 8374.8 | 8500 | 9129 | 9242 | 9477 | 9824 |

```
[    6977 ..    7154.94 µs] █████████████▍                         5  (  4.8%)
[   7154.94 ..    7332.88 µs] ██████████▋                            4  (  3.8%)
[   7332.88 ..    7510.81 µs] ████████                               3  (  2.9%)
[   7510.81 ..    7688.75 µs] ██████████▋                            4  (  3.8%)
[   7688.75 ..    7866.69 µs] █████████████▍                         5  (  4.8%)
[   7866.69 ..    8044.62 µs] █████████████████████████████▍        11  ( 10.5%)
[   8044.62 ..    8222.56 µs] ██████████████████████████▋           10  (  9.5%)
[   8222.56 ..    8400.50 µs] █████████████████████▍                 8  (  7.6%)
[   8400.50 ..    8578.44 µs] █████████████████████████████▍        11  ( 10.5%)
[   8578.44 ..    8756.38 µs] █████████████████████████████▍        11  ( 10.5%)
[   8756.38 ..    8934.31 µs] ████████████████████████████████      12  ( 11.4%)
[   8934.31 ..    9112.25 µs] ██████████████████████████▋           10  (  9.5%)
[   9112.25 ..    9290.19 µs] ████████████████                       6  (  5.7%)
[   9290.19 ..    9468.12 µs] ████████                               3  (  2.9%)
[   9468.12 ..    9646.06 µs] ██▋                                    1  (  1.0%)
[   9646.06 ..     9824 µs] ██▋                                    1  (  1.0%)
                                                      0%  100%
```

### onset_decision

| count | min | max | mean | p50 | p90 | p95 | p99 | p999 |
|---|---|---|---|---|---|---|---|---|
| 52 | 815 | 1228 | 944.2 | 872 | 1113 | 1152 | 1228 | 1228 |

```
[     815 ..     840.81 µs] ████████████████████████████████      19  ( 36.5%)
[    840.81 ..     866.62 µs] ██████▊                                4  (  7.7%)
[    866.62 ..     892.44 µs] ██████▊                                4  (  7.7%)
[    892.44 ..     918.25 µs]                                        0  (  0.0%)
[    918.25 ..     944.06 µs] █████                                  3  (  5.8%)
[    944.06 ..     969.88 µs]                                        0  (  0.0%)
[    969.88 ..     995.69 µs] █████                                  3  (  5.8%)
[    995.69 ..    1021.50 µs] █████                                  3  (  5.8%)
[   1021.50 ..    1047.31 µs]                                        0  (  0.0%)
[   1047.31 ..    1073.12 µs] █████                                  3  (  5.8%)
[   1073.12 ..    1098.94 µs] ███▍                                   2  (  3.8%)
[   1098.94 ..    1124.75 µs] █████████████▌                         8  ( 15.4%)
[   1124.75 ..    1150.56 µs]                                        0  (  0.0%)
[   1150.56 ..    1176.38 µs] ███▍                                   2  (  3.8%)
[   1176.38 ..    1202.19 µs]                                        0  (  0.0%)
[   1202.19 ..     1228 µs] █▋                                     1  (  1.9%)
                                                      0%  100%
```

### onset_detect

| count | min | max | mean | p50 | p90 | p95 | p99 | p999 |
|---|---|---|---|---|---|---|---|---|
| 52 | 1706 | 2626 | 2046.9 | 1994 | 2481 | 2561 | 2626 | 2626 |

```
[    1706 ..    1763.50 µs] ████████████████████████████████      12  ( 23.1%)
[   1763.50 ..     1821 µs] ██████████████████▋                    7  ( 13.5%)
[    1821 ..    1878.50 µs] █████▍                                 2  (  3.8%)
[   1878.50 ..     1936 µs] █████▍                                 2  (  3.8%)
[    1936 ..    1993.50 µs] █████▍                                 2  (  3.8%)
[   1993.50 ..     2051 µs] █████████████▍                         5  (  9.6%)
[    2051 ..    2108.50 µs] ████████                               3  (  5.8%)
[   2108.50 ..     2166 µs] ████████                               3  (  5.8%)
[    2166 ..    2223.50 µs] ██▋                                    1  (  1.9%)
[   2223.50 ..     2281 µs]                                        0  (  0.0%)
[    2281 ..    2338.50 µs] ████████                               3  (  5.8%)
[   2338.50 ..     2396 µs] ██▋                                    1  (  1.9%)
[    2396 ..    2453.50 µs] ██████████▋                            4  (  7.7%)
[   2453.50 ..     2511 µs] ████████                               3  (  5.8%)
[    2511 ..    2568.50 µs] █████▍                                 2  (  3.8%)
[   2568.50 ..     2626 µs] █████▍                                 2  (  3.8%)
                                                      0%  100%
```

### onset_fft_frontend

| count | min | max | mean | p50 | p90 | p95 | p99 | p999 |
|---|---|---|---|---|---|---|---|---|
| 52 | 747 | 1331 | 948.2 | 875 | 1221 | 1271 | 1331 | 1331 |

```
[     747 ..     783.50 µs] ████████████████████████████████      13  ( 25.0%)
[    783.50 ..      820 µs] ███████████████████▊                   8  ( 15.4%)
[     820 ..     856.50 µs] ████▉                                  2  (  3.8%)
[    856.50 ..      893 µs] █████████▉                             4  (  7.7%)
[     893 ..     929.50 µs] █████████▉                             4  (  7.7%)
[    929.50 ..      966 µs] ████▉                                  2  (  3.8%)
[     966 ..    1002.50 µs] ████▉                                  2  (  3.8%)
[   1002.50 ..     1039 µs]                                        0  (  0.0%)
[    1039 ..    1075.50 µs] ████▉                                  2  (  3.8%)
[   1075.50 ..     1112 µs] ██▌                                    1  (  1.9%)
[    1112 ..    1148.50 µs]                                        0  (  0.0%)
[   1148.50 ..     1185 µs] ████▉                                  2  (  3.8%)
[    1185 ..    1221.50 µs] █████████████████▎                     7  ( 13.5%)
[   1221.50 ..     1258 µs] ██▌                                    1  (  1.9%)
[    1258 ..    1294.50 µs] ████▉                                  2  (  3.8%)
[   1294.50 ..     1331 µs] ████▉                                  2  (  3.8%)
                                                      0%  100%
```

### onset_flux

| count | min | max | mean | p50 | p90 | p95 | p99 | p999 |
|---|---|---|---|---|---|---|---|---|
| 52 | 738 | 1093 | 852.4 | 798 | 1017 | 1038 | 1093 | 1093 |

```
[     738 ..     760.19 µs] ████████████████████████████████      19  ( 36.5%)
[    760.19 ..     782.38 µs] █████                                  3  (  5.8%)
[    782.38 ..     804.56 µs] ██████▊                                4  (  7.7%)
[    804.56 ..     826.75 µs] █████                                  3  (  5.8%)
[    826.75 ..     848.94 µs]                                        0  (  0.0%)
[    848.94 ..     871.12 µs] █████                                  3  (  5.8%)
[    871.12 ..     893.31 µs] █▋                                     1  (  1.9%)
[    893.31 ..     915.50 µs] █▋                                     1  (  1.9%)
[    915.50 ..     937.69 µs] ███▍                                   2  (  3.8%)
[    937.69 ..     959.88 µs] █████                                  3  (  5.8%)
[    959.88 ..     982.06 µs] ██████▊                                4  (  7.7%)
[    982.06 ..    1004.25 µs] █████                                  3  (  5.8%)
[   1004.25 ..    1026.44 µs] █▋                                     1  (  1.9%)
[   1026.44 ..    1048.62 µs] █████                                  3  (  5.8%)
[   1048.62 ..    1070.81 µs] █▋                                     1  (  1.9%)
[   1070.81 ..     1093 µs] █▋                                     1  (  1.9%)
                                                      0%  100%
```

### pre_show_yield

| count | min | max | mean | p50 | p90 | p95 | p99 | p999 |
|---|---|---|---|---|---|---|---|---|
| 137 | 12 | 29 | 15.1 | 14 | 18 | 21 | 26 | 29 |

```
[      12 ..      13.06 µs] ████████████████████████████████      46  ( 33.6%)
[     13.06 ..      14.12 µs] █████████████████▍                    25  ( 18.2%)
[     14.12 ..      15.19 µs] ████████████████▊                     24  ( 17.5%)
[     15.19 ..      16.25 µs] ███████                               10  (  7.3%)
[     16.25 ..      17.31 µs] ████████▍                             12  (  8.8%)
[     17.31 ..      18.38 µs] ████▉                                  7  (  5.1%)
[     18.38 ..      19.44 µs] ██▏                                    3  (  2.2%)
[     19.44 ..      20.50 µs] ██▏                                    3  (  2.2%)
[     20.50 ..      21.56 µs] █▍                                     2  (  1.5%)
[     21.56 ..      22.62 µs] ▊                                      1  (  0.7%)
[     22.62 ..      23.69 µs] █▍                                     2  (  1.5%)
[     23.69 ..      24.75 µs]                                        0  (  0.0%)
[     24.75 ..      25.81 µs]                                        0  (  0.0%)
[     25.81 ..      26.88 µs] ▊                                      1  (  0.7%)
[     26.88 ..      27.94 µs]                                        0  (  0.0%)
[     27.94 ..       29 µs] ▊                                      1  (  0.7%)
                                                      0%  100%
```

### render_frame

| count | min | max | mean | p50 | p90 | p95 | p99 | p999 |
|---|---|---|---|---|---|---|---|---|
| 138 | 1023 | 1945 | 1512.4 | 1520 | 1769 | 1897 | 1942 | 1945 |

```
[    1023 ..    1080.62 µs] ███▉                                   3  (  2.2%)
[   1080.62 ..    1138.25 µs] ██▌                                    2  (  1.4%)
[   1138.25 ..    1195.88 µs] ██████▍                                5  (  3.6%)
[   1195.88 ..    1253.50 µs] ██████▍                                5  (  3.6%)
[   1253.50 ..    1311.12 µs] ███████▋                               6  (  4.3%)
[   1311.12 ..    1368.75 µs] ██████████▎                            8  (  5.8%)
[   1368.75 ..    1426.38 µs] ████████████████▋                     13  (  9.4%)
[   1426.38 ..     1484 µs] ███████████████▍                      12  (  8.7%)
[    1484 ..    1541.62 µs] ████████████████████████████████      25  ( 18.1%)
[   1541.62 ..    1599.25 µs] ██████████████████████████████▊       24  ( 17.4%)
[   1599.25 ..    1656.88 µs] ██████████▎                            8  (  5.8%)
[   1656.88 ..    1714.50 µs] ███████▋                               6  (  4.3%)
[   1714.50 ..    1772.12 µs] ██████████▎                            8  (  5.8%)
[   1772.12 ..    1829.75 µs] ███▉                                   3  (  2.2%)
[   1829.75 ..    1887.38 µs] ███▉                                   3  (  2.2%)
[   1887.38 ..     1945 µs] █████████                              7  (  5.1%)
                                                      0%  100%
```

### show_leds

| count | min | max | mean | p50 | p90 | p95 | p99 | p999 |
|---|---|---|---|---|---|---|---|---|
| 138 | 679 | 937 | 783.7 | 780 | 851 | 891 | 926 | 937 |

```
[     679 ..     695.12 µs] ███▉                                   3  (  2.2%)
[    695.12 ..     711.25 µs] ████████████▊                         10  (  7.2%)
[    711.25 ..     727.38 µs] ███████▋                               6  (  4.3%)
[    727.38 ..     743.50 µs] ███████████▌                           9  (  6.5%)
[    743.50 ..     759.62 µs] ███████████████████▎                  15  ( 10.9%)
[    759.62 ..     775.75 µs] █████████████████████████▋            20  ( 14.5%)
[    775.75 ..     791.88 µs] ████████████████████████████████      25  ( 18.1%)
[    791.88 ..      808 µs] ████████████▊                         10  (  7.2%)
[     808 ..     824.12 µs] ████████████████████▌                 16  ( 11.6%)
[    824.12 ..     840.25 µs] █████████                              7  (  5.1%)
[    840.25 ..     856.38 µs] █████▏                                 4  (  2.9%)
[    856.38 ..     872.50 µs] █████▏                                 4  (  2.9%)
[    872.50 ..     888.62 µs] ██▌                                    2  (  1.4%)
[    888.62 ..     904.75 µs] ██████▍                                5  (  3.6%)
[    904.75 ..     920.88 µs]                                        0  (  0.0%)
[    920.88 ..      937 µs] ██▌                                    2  (  1.4%)
                                                      0%  100%
```

### snapshot_publish

| count | min | max | mean | p50 | p90 | p95 | p99 | p999 |
|---|---|---|---|---|---|---|---|---|
| 52 | 86 | 233 | 126.8 | 107 | 184 | 214 | 233 | 233 |

```
[      86 ..      95.19 µs] ███████▌                               4  (  7.7%)
[     95.19 ..     104.38 µs] ████████████████████████████████      17  ( 32.7%)
[    104.38 ..     113.56 µs] ███████████▎                           6  ( 11.5%)
[    113.56 ..     122.75 µs] █████████████▏                         7  ( 13.5%)
[    122.75 ..     131.94 µs] █████▋                                 3  (  5.8%)
[    131.94 ..     141.12 µs] █▉                                     1  (  1.9%)
[    141.12 ..     150.31 µs]                                        0  (  0.0%)
[    150.31 ..     159.50 µs] ███▊                                   2  (  3.8%)
[    159.50 ..     168.69 µs]                                        0  (  0.0%)
[    168.69 ..     177.88 µs] █████▋                                 3  (  5.8%)
[    177.88 ..     187.06 µs] █████████▍                             5  (  9.6%)
[    187.06 ..     196.25 µs]                                        0  (  0.0%)
[    196.25 ..     205.44 µs] █▉                                     1  (  1.9%)
[    205.44 ..     214.62 µs] █▉                                     1  (  1.9%)
[    214.62 ..     223.81 µs]                                        0  (  0.0%)
[    223.81 ..      233 µs] ███▊                                   2  (  3.8%)
                                                      0%  100%
```

## Instant frequency

| Name | Count | First ts (µs) | Last ts (µs) | Mean interarrival (µs) |
|---|---|---|---|---|
| BR_HIHAT | 1 | 2240688135 | 2240688135 | — |
| BR_KICK | 6 | 2239618314 | 2240712785 | 218894 |
| BR_SNARE | 3 | 2239941056 | 2240688129 | 373536 |
| ONSET_EVENT | 5 | 2239757362 | 2240597139 | 209944 |
| ONSET_HIHAT | 3 | 2239570328 | 2240084852 | 257262 |
| ONSET_KICK | 4 | 2239827312 | 2240688033 | 286907 |
| ONSET_SNARE | 2 | 2239940959 | 2240620297 | 679338 |
| bps_beat_unchanged | 4 | 2239714448 | 2240267490 | 184347 |
| bps_kick_fired | 13 | 2239625510 | 2240739100 | 92799 |
| bps_sprite_spawn | 13 | 2239625529 | 2240739115 | 92799 |
| render_frame_deadline_miss | 137 | 2239561371 | 2240772841 | 8908 |

---
_Tool: analyse_trace v1.0 | Input: `/Users/spectrasynq/Workspace_Management/Software/Lightwave-Ledstrip/firmware-v3/docs/research/phase1b_runtime_evidence_2026-04-27/traces/tool_heavy_effect.json`_

STDERR:
