CMD: python3 firmware-v3/tools/analyse_trace.py firmware-v3/docs/research/phase1b_runtime_evidence_2026-04-27/reboot_clean_rerun/traces/meshuggah_dense_metal.json --output firmware-v3/docs/research/phase1b_runtime_evidence_2026-04-27/reboot_clean_rerun/reports/meshuggah_dense_metal.report.md --json firmware-v3/docs/research/phase1b_runtime_evidence_2026-04-27/reboot_clean_rerun/reports/meshuggah_dense_metal.report.json --deadline-span render_frame --deadline-us 2000 --quiet

STDOUT:
… render_frame_work_us p99 = 3979 µs (no baseline supplied)

## Capture summary

| Field | Value |
|---|---|
| File | `/Users/spectrasynq/Workspace_Management/Software/Lightwave-Ledstrip/firmware-v3/docs/research/phase1b_runtime_evidence_2026-04-27/reboot_clean_rerun/traces/meshuggah_dense_metal.json` |
| Events | 5489 |
| Duration | 1.172 s |
| Counters | 71 |
| Spans | 16 |
| Instants | 7 |
| Regions | 1 |

## Render frame deadline misses

_No deadline misses detected._

## Per-counter statistics

### audio_chunk_deadline_miss_total

| count | min | max | mean | p50 | p90 | p95 | p99 | p999 |
|---|---|---|---|---|---|---|---|---|
| 100 | 13309 | 13408 | 13358.5 | 13358 | 13398 | 13403 | 13407 | 13408 |

```
[   13309 ..   13315.19 ] ████████████████████████████████       7  (  7.0%)
[  13315.19 ..   13321.38 ] ███████████████████████████▍           6  (  6.0%)
[  13321.38 ..   13327.56 ] ███████████████████████████▍           6  (  6.0%)
[  13327.56 ..   13333.75 ] ███████████████████████████▍           6  (  6.0%)
[  13333.75 ..   13339.94 ] ███████████████████████████▍           6  (  6.0%)
[  13339.94 ..   13346.12 ] ████████████████████████████████       7  (  7.0%)
[  13346.12 ..   13352.31 ] ███████████████████████████▍           6  (  6.0%)
[  13352.31 ..   13358.50 ] ███████████████████████████▍           6  (  6.0%)
[  13358.50 ..   13364.69 ] ███████████████████████████▍           6  (  6.0%)
[  13364.69 ..   13370.88 ] ███████████████████████████▍           6  (  6.0%)
[  13370.88 ..   13377.06 ] ████████████████████████████████       7  (  7.0%)
[  13377.06 ..   13383.25 ] ███████████████████████████▍           6  (  6.0%)
[  13383.25 ..   13389.44 ] ███████████████████████████▍           6  (  6.0%)
[  13389.44 ..   13395.62 ] ███████████████████████████▍           6  (  6.0%)
[  13395.62 ..   13401.81 ] ███████████████████████████▍           6  (  6.0%)
[  13401.81 ..    13408 ] ████████████████████████████████       7  (  7.0%)
                                                      0%  100%
```

_sparkline computed from time-ordered samples_

### audio_chunk_work_us

| count | min | max | mean | p50 | p90 | p95 | p99 | p999 |
|---|---|---|---|---|---|---|---|---|
| 100 | 7035 | 9591 | 8402.5 | 8421 | 9182 | 9273 | 9564 | 9591 |

```
[    7035 ..    7194.75 ] ██████████                             5  (  5.0%)
[   7194.75 ..    7354.50 ] ████                                   2  (  2.0%)
[   7354.50 ..    7514.25 ] ██                                     1  (  1.0%)
[   7514.25 ..     7674 ] ██████████                             5  (  5.0%)
[    7674 ..    7833.75 ] ████                                   2  (  2.0%)
[   7833.75 ..    7993.50 ] ██████████████████████                11  ( 11.0%)
[   7993.50 ..    8153.25 ] ██████████                             5  (  5.0%)
[   8153.25 ..     8313 ] ████████████████████████████████      16  ( 16.0%)
[    8313 ..    8472.75 ] ████████████                           6  (  6.0%)
[   8472.75 ..    8632.50 ] ████████████████████                  10  ( 10.0%)
[   8632.50 ..    8792.25 ] ██████████████                         7  (  7.0%)
[   8792.25 ..     8952 ] ██████████████                         7  (  7.0%)
[    8952 ..    9111.75 ] ██████████████                         7  (  7.0%)
[   9111.75 ..    9271.50 ] ████████████████████                  10  ( 10.0%)
[   9271.50 ..    9431.25 ] ████████                               4  (  4.0%)
[   9431.25 ..     9591 ] ████                                   2  (  2.0%)
                                                      0%  100%
```

_sparkline computed from time-ordered samples_

### audio_confidence

| count | min | max | mean | p50 | p90 | p95 | p99 | p999 |
|---|---|---|---|---|---|---|---|---|
| 51 | 1000 | 1000 | 1000.0 | 1000 | 1000 | 1000 | 1000 | 1000 |

```
[    1000 ..     1000 ] ████████████████████████████████      51  (100.0%)
                                                      0%  100%
```

_sparkline computed from time-ordered samples_

### audio_hop_count

| count | min | max | mean | p50 | p90 | p95 | p99 | p999 |
|---|---|---|---|---|---|---|---|---|
| 51 | 6654 | 6704 | 6679.0 | 6679 | 6699 | 6702 | 6704 | 6704 |

```
[    6654 ..    6657.12 ] ████████████████████████████████       4  (  7.8%)
[   6657.12 ..    6660.25 ] ████████████████████████               3  (  5.9%)
[   6660.25 ..    6663.38 ] ████████████████████████               3  (  5.9%)
[   6663.38 ..    6666.50 ] ████████████████████████               3  (  5.9%)
[   6666.50 ..    6669.62 ] ████████████████████████               3  (  5.9%)
[   6669.62 ..    6672.75 ] ████████████████████████               3  (  5.9%)
[   6672.75 ..    6675.88 ] ████████████████████████               3  (  5.9%)
[   6675.88 ..     6679 ] ████████████████████████               3  (  5.9%)
[    6679 ..    6682.12 ] ████████████████████████████████       4  (  7.8%)
[   6682.12 ..    6685.25 ] ████████████████████████               3  (  5.9%)
[   6685.25 ..    6688.38 ] ████████████████████████               3  (  5.9%)
[   6688.38 ..    6691.50 ] ████████████████████████               3  (  5.9%)
[   6691.50 ..    6694.62 ] ████████████████████████               3  (  5.9%)
[   6694.62 ..    6697.75 ] ████████████████████████               3  (  5.9%)
[   6697.75 ..    6700.88 ] ████████████████████████               3  (  5.9%)
[   6700.88 ..     6704 ] ████████████████████████████████       4  (  7.8%)
                                                      0%  100%
```

_sparkline computed from time-ordered samples_

### audio_hop_deadline_miss_total

| count | min | max | mean | p50 | p90 | p95 | p99 | p999 |
|---|---|---|---|---|---|---|---|---|
| 51 | 6654 | 6704 | 6679.0 | 6679 | 6699 | 6702 | 6704 | 6704 |

```
[    6654 ..    6657.12 ] ████████████████████████████████       4  (  7.8%)
[   6657.12 ..    6660.25 ] ████████████████████████               3  (  5.9%)
[   6660.25 ..    6663.38 ] ████████████████████████               3  (  5.9%)
[   6663.38 ..    6666.50 ] ████████████████████████               3  (  5.9%)
[   6666.50 ..    6669.62 ] ████████████████████████               3  (  5.9%)
[   6669.62 ..    6672.75 ] ████████████████████████               3  (  5.9%)
[   6672.75 ..    6675.88 ] ████████████████████████               3  (  5.9%)
[   6675.88 ..     6679 ] ████████████████████████               3  (  5.9%)
[    6679 ..    6682.12 ] ████████████████████████████████       4  (  7.8%)
[   6682.12 ..    6685.25 ] ████████████████████████               3  (  5.9%)
[   6685.25 ..    6688.38 ] ████████████████████████               3  (  5.9%)
[   6688.38 ..    6691.50 ] ████████████████████████               3  (  5.9%)
[   6691.50 ..    6694.62 ] ████████████████████████               3  (  5.9%)
[   6694.62 ..    6697.75 ] ████████████████████████               3  (  5.9%)
[   6697.75 ..    6700.88 ] ████████████████████████               3  (  5.9%)
[   6700.88 ..     6704 ] ████████████████████████████████       4  (  7.8%)
                                                      0%  100%
```

_sparkline computed from time-ordered samples_

### audio_hop_freq

| count | min | max | mean | p50 | p90 | p95 | p99 | p999 |
|---|---|---|---|---|---|---|---|---|
| 51 | 3979 | 4662 | 4298.0 | 4291 | 4551 | 4650 | 4662 | 4662 |

```
[    3979 ..    4021.69 ] ████████                               2  (  3.9%)
[   4021.69 ..    4064.38 ] ████████████████████████████           7  ( 13.7%)
[   4064.38 ..    4107.06 ] ████████                               2  (  3.9%)
[   4107.06 ..    4149.75 ]                                        0  (  0.0%)
[   4149.75 ..    4192.44 ] ████████                               2  (  3.9%)
[   4192.44 ..    4235.12 ] ████████████                           3  (  5.9%)
[   4235.12 ..    4277.81 ] ████████████████████████████████       8  ( 15.7%)
[   4277.81 ..    4320.50 ] ████████████                           3  (  5.9%)
[   4320.50 ..    4363.19 ] ████████████████████                   5  (  9.8%)
[   4363.19 ..    4405.88 ] ████████████████████████████████       8  ( 15.7%)
[   4405.88 ..    4448.56 ] ████████                               2  (  3.9%)
[   4448.56 ..    4491.25 ] ████████                               2  (  3.9%)
[   4491.25 ..    4533.94 ]                                        0  (  0.0%)
[   4533.94 ..    4576.62 ] ████████████████                       4  (  7.8%)
[   4576.62 ..    4619.31 ]                                        0  (  0.0%)
[   4619.31 ..     4662 ] ████████████                           3  (  5.9%)
                                                      0%  100%
```

_sparkline computed from time-ordered samples_

### audio_hop_us

| count | min | max | mean | p50 | p90 | p95 | p99 | p999 |
|---|---|---|---|---|---|---|---|---|
| 51 | 21018 | 24700 | 22862.8 | 22868 | 24326 | 24408 | 24700 | 24700 |

```
[   21018 ..   21248.12 ] █████████████▊                         3  (  5.9%)
[  21248.12 ..   21478.25 ] ████▋                                  1  (  2.0%)
[  21478.25 ..   21708.38 ] █████████████▊                         3  (  5.9%)
[  21708.38 ..   21938.50 ] ████▋                                  1  (  2.0%)
[  21938.50 ..   22168.62 ] █████████▏                             2  (  3.9%)
[  22168.62 ..   22398.75 ] ██████████████████████▉                5  (  9.8%)
[  22398.75 ..   22628.88 ] ████████████████████████████████       7  ( 13.7%)
[  22628.88 ..    22859 ] █████████████▊                         3  (  5.9%)
[   22859 ..   23089.12 ] ████████████████████████████████       7  ( 13.7%)
[  23089.12 ..   23319.25 ] ██████████████████████▉                5  (  9.8%)
[  23319.25 ..   23549.38 ] █████████████▊                         3  (  5.9%)
[  23549.38 ..   23779.50 ]                                        0  (  0.0%)
[  23779.50 ..   24009.62 ] ████▋                                  1  (  2.0%)
[  24009.62 ..   24239.75 ] █████████████▊                         3  (  5.9%)
[  24239.75 ..   24469.88 ] ██████████████████████▉                5  (  9.8%)
[  24469.88 ..    24700 ] █████████▏                             2  (  3.9%)
                                                      0%  100%
```

_sparkline computed from time-ordered samples_

### audio_rms

| count | min | max | mean | p50 | p90 | p95 | p99 | p999 |
|---|---|---|---|---|---|---|---|---|
| 51 | 7991 | 10000 | 9493.2 | 9703 | 10000 | 10000 | 10000 | 10000 |

```
[    7991 ..    8116.56 ] ███                                    2  (  3.9%)
[   8116.56 ..    8242.12 ]                                        0  (  0.0%)
[   8242.12 ..    8367.69 ]                                        0  (  0.0%)
[   8367.69 ..    8493.25 ] █▌                                     1  (  2.0%)
[   8493.25 ..    8618.81 ] █▌                                     1  (  2.0%)
[   8618.81 ..    8744.38 ] █▌                                     1  (  2.0%)
[   8744.38 ..    8869.94 ] ██████▏                                4  (  7.8%)
[   8869.94 ..    8995.50 ] ███                                    2  (  3.9%)
[   8995.50 ..    9121.06 ] ████▋                                  3  (  5.9%)
[   9121.06 ..    9246.62 ]                                        0  (  0.0%)
[   9246.62 ..    9372.19 ] ██████▏                                4  (  7.8%)
[   9372.19 ..    9497.75 ] ███████▋                               5  (  9.8%)
[   9497.75 ..    9623.31 ] █▌                                     1  (  2.0%)
[   9623.31 ..    9748.88 ] ████▋                                  3  (  5.9%)
[   9748.88 ..    9874.44 ] ████▋                                  3  (  5.9%)
[   9874.44 ..    10000 ] ████████████████████████████████      21  ( 41.2%)
                                                      0%  100%
```

_sparkline computed from time-ordered samples_

### audio_rms_x1000

| count | min | max | mean | p50 | p90 | p95 | p99 | p999 |
|---|---|---|---|---|---|---|---|---|
| 51 | 799 | 1000 | 949.0 | 970 | 1000 | 1000 | 1000 | 1000 |

```
[     799 ..     811.56 ] ███                                    2  (  3.9%)
[    811.56 ..     824.12 ]                                        0  (  0.0%)
[    824.12 ..     836.69 ]                                        0  (  0.0%)
[    836.69 ..     849.25 ] █▌                                     1  (  2.0%)
[    849.25 ..     861.81 ] █▌                                     1  (  2.0%)
[    861.81 ..     874.38 ] ███                                    2  (  3.9%)
[    874.38 ..     886.94 ] ████▋                                  3  (  5.9%)
[    886.94 ..     899.50 ] ███                                    2  (  3.9%)
[    899.50 ..     912.06 ] ████▋                                  3  (  5.9%)
[    912.06 ..     924.62 ] ███                                    2  (  3.9%)
[    924.62 ..     937.19 ] ████▋                                  3  (  5.9%)
[    937.19 ..     949.75 ] ██████▏                                4  (  7.8%)
[    949.75 ..     962.31 ] █▌                                     1  (  2.0%)
[    962.31 ..     974.88 ] ████▋                                  3  (  5.9%)
[    974.88 ..     987.44 ] ████▋                                  3  (  5.9%)
[    987.44 ..     1000 ] ████████████████████████████████      21  ( 41.2%)
                                                      0%  100%
```

_sparkline computed from time-ordered samples_

### audio_silence_scale

| count | min | max | mean | p50 | p90 | p95 | p99 | p999 |
|---|---|---|---|---|---|---|---|---|
| 51 | 999 | 999 | 999.0 | 999 | 999 | 999 | 999 | 999 |

```
[     999 ..      999 ] ████████████████████████████████      51  (100.0%)
                                                      0%  100%
```

_sparkline computed from time-ordered samples_

### audio_snapshot_age_us

| count | min | max | mean | p50 | p90 | p95 | p99 | p999 |
|---|---|---|---|---|---|---|---|---|
| 131 | 0 | 18012 | 7632.6 | 8880 | 17872 | 17972 | 17996 | 18012 |

```
[       0 ..    1125.75 ] ████████████████████████████████      50  ( 38.2%)
[   1125.75 ..    2251.50 ]                                        0  (  0.0%)
[   2251.50 ..    3377.25 ]                                        0  (  0.0%)
[   3377.25 ..     4503 ]                                        0  (  0.0%)
[    4503 ..    5628.75 ]                                        0  (  0.0%)
[   5628.75 ..    6754.50 ]                                        0  (  0.0%)
[   6754.50 ..    7880.25 ]                                        0  (  0.0%)
[   7880.25 ..     9006 ] ████████████████████████████▊         45  ( 34.4%)
[    9006 ..   10131.75 ] ███▎                                   5  (  3.8%)
[  10131.75 ..   11257.50 ]                                        0  (  0.0%)
[  11257.50 ..   12383.25 ]                                        0  (  0.0%)
[  12383.25 ..    13509 ]                                        0  (  0.0%)
[   13509 ..   14634.75 ]                                        0  (  0.0%)
[  14634.75 ..   15760.50 ]                                        0  (  0.0%)
[  15760.50 ..   16886.25 ]                                        0  (  0.0%)
[  16886.25 ..    18012 ] ███████████████████▉                  31  ( 23.7%)
                                                      0%  100%
```

_sparkline computed from time-ordered samples_

### audio_snapshot_copy_us

| count | min | max | mean | p50 | p90 | p95 | p99 | p999 |
|---|---|---|---|---|---|---|---|---|
| 131 | 77 | 448 | 260.8 | 255 | 358 | 414 | 445 | 448 |

```
[      77 ..     100.19 ] ████▋                                  4  (  3.1%)
[    100.19 ..     123.38 ] ██▎                                    2  (  1.5%)
[    123.38 ..     146.56 ] ██▎                                    2  (  1.5%)
[    146.56 ..     169.75 ] ████████                               7  (  5.3%)
[    169.75 ..     192.94 ] ████████████████                      14  ( 10.7%)
[    192.94 ..     216.12 ] ██████▉                                6  (  4.6%)
[    216.12 ..     239.31 ] ██████████▎                            9  (  6.9%)
[    239.31 ..     262.50 ] ████████████████████████████████      28  ( 21.4%)
[    262.50 ..     285.69 ] ████████████████████▋                 18  ( 13.7%)
[    285.69 ..     308.88 ] ████████                               7  (  5.3%)
[    308.88 ..     332.06 ] ████████████▋                         11  (  8.4%)
[    332.06 ..     355.25 ] █████████▏                             8  (  6.1%)
[    355.25 ..     378.44 ] ████▋                                  4  (  3.1%)
[    378.44 ..     401.62 ] ███▍                                   3  (  2.3%)
[    401.62 ..     424.81 ] ██▎                                    2  (  1.5%)
[    424.81 ..      448 ] ██████▉                                6  (  4.6%)
                                                      0%  100%
```

_sparkline computed from time-ordered samples_

### audio_snapshot_hop_seq_lag

| count | min | max | mean | p50 | p90 | p95 | p99 | p999 |
|---|---|---|---|---|---|---|---|---|
| 131 | 0 | 1 | 0.4 | 0 | 1 | 1 | 1 | 1 |

```
[       0 ..       0.06 ] ████████████████████████████████      81  ( 61.8%)
[      0.06 ..       0.12 ]                                        0  (  0.0%)
[      0.12 ..       0.19 ]                                        0  (  0.0%)
[      0.19 ..       0.25 ]                                        0  (  0.0%)
[      0.25 ..       0.31 ]                                        0  (  0.0%)
[      0.31 ..       0.38 ]                                        0  (  0.0%)
[      0.38 ..       0.44 ]                                        0  (  0.0%)
[      0.44 ..       0.50 ]                                        0  (  0.0%)
[      0.50 ..       0.56 ]                                        0  (  0.0%)
[      0.56 ..       0.62 ]                                        0  (  0.0%)
[      0.62 ..       0.69 ]                                        0  (  0.0%)
[      0.69 ..       0.75 ]                                        0  (  0.0%)
[      0.75 ..       0.81 ]                                        0  (  0.0%)
[      0.81 ..       0.88 ]                                        0  (  0.0%)
[      0.88 ..       0.94 ]                                        0  (  0.0%)
[      0.94 ..        1 ] ███████████████████▊                  50  ( 38.2%)
                                                      0%  100%
```

_sparkline computed from time-ordered samples_

### band_ratio_us

| count | min | max | mean | p50 | p90 | p95 | p99 | p999 |
|---|---|---|---|---|---|---|---|---|
| 51 | 62 | 95 | 69.4 | 65 | 87 | 93 | 95 | 95 |

```
[      62 ..      64.06 ] ████████████████████████████████      17  ( 33.3%)
[     64.06 ..      66.12 ] ████████████████████████████████      17  ( 33.3%)
[     66.12 ..      68.19 ] █████████▍                             5  (  9.8%)
[     68.19 ..      70.25 ] █▉                                     1  (  2.0%)
[     70.25 ..      72.31 ]                                        0  (  0.0%)
[     72.31 ..      74.38 ]                                        0  (  0.0%)
[     74.38 ..      76.44 ] █▉                                     1  (  2.0%)
[     76.44 ..      78.50 ] █▉                                     1  (  2.0%)
[     78.50 ..      80.56 ] ███▊                                   2  (  3.9%)
[     80.56 ..      82.62 ] █▉                                     1  (  2.0%)
[     82.62 ..      84.69 ]                                        0  (  0.0%)
[     84.69 ..      86.75 ]                                        0  (  0.0%)
[     86.75 ..      88.81 ] █▉                                     1  (  2.0%)
[     88.81 ..      90.88 ] ███▊                                   2  (  3.9%)
[     90.88 ..      92.94 ]                                        0  (  0.0%)
[     92.94 ..       95 ] █████▋                                 3  (  5.9%)
                                                      0%  100%
```

_sparkline computed from time-ordered samples_

### br_hihat_energy

| count | min | max | mean | p50 | p90 | p95 | p99 | p999 |
|---|---|---|---|---|---|---|---|---|
| 51 | 1247 | 1856 | 1540.4 | 1533 | 1798 | 1818 | 1856 | 1856 |

```
[    1247 ..    1285.06 ] ██████████████████▎                    4  (  7.8%)
[   1285.06 ..    1323.12 ] ██████████████████▎                    4  (  7.8%)
[   1323.12 ..    1361.19 ] ████▋                                  1  (  2.0%)
[   1361.19 ..    1399.25 ] ████▋                                  1  (  2.0%)
[   1399.25 ..    1437.31 ] ████████████████████████████████       7  ( 13.7%)
[   1437.31 ..    1475.38 ] ███████████████████████████▍           6  ( 11.8%)
[   1475.38 ..    1513.44 ] █████████▏                             2  (  3.9%)
[   1513.44 ..    1551.50 ] █████████▏                             2  (  3.9%)
[   1551.50 ..    1589.56 ] ██████████████████████▉                5  (  9.8%)
[   1589.56 ..    1627.62 ] █████████▏                             2  (  3.9%)
[   1627.62 ..    1665.69 ] ████▋                                  1  (  2.0%)
[   1665.69 ..    1703.75 ] █████████████▊                         3  (  5.9%)
[   1703.75 ..    1741.81 ] ██████████████████████▉                5  (  9.8%)
[   1741.81 ..    1779.88 ] █████████▏                             2  (  3.9%)
[   1779.88 ..    1817.94 ] █████████████▊                         3  (  5.9%)
[   1817.94 ..     1856 ] █████████████▊                         3  (  5.9%)
                                                      0%  100%
```

_sparkline computed from time-ordered samples_

### br_kick_energy

| count | min | max | mean | p50 | p90 | p95 | p99 | p999 |
|---|---|---|---|---|---|---|---|---|
| 51 | 312 | 679 | 458.7 | 433 | 604 | 663 | 679 | 679 |

```
[     312 ..     334.94 ] ██████████▋                            2  (  3.9%)
[    334.94 ..     357.88 ] █████████████████████▍                 4  (  7.8%)
[    357.88 ..     380.81 ] ████████████████████████████████       6  ( 11.8%)
[    380.81 ..     403.75 ] ████████████████████████████████       6  ( 11.8%)
[    403.75 ..     426.69 ] █████████████████████▍                 4  (  7.8%)
[    426.69 ..     449.62 ] ████████████████████████████████       6  ( 11.8%)
[    449.62 ..     472.56 ] █████████████████████▍                 4  (  7.8%)
[    472.56 ..     495.50 ] █████████████████████▍                 4  (  7.8%)
[    495.50 ..     518.44 ] ██████████▋                            2  (  3.9%)
[    518.44 ..     541.38 ] ██████████▋                            2  (  3.9%)
[    541.38 ..     564.31 ] ████████████████                       3  (  5.9%)
[    564.31 ..     587.25 ] ██████████▋                            2  (  3.9%)
[    587.25 ..     610.19 ] █████▍                                 1  (  2.0%)
[    610.19 ..     633.12 ]                                        0  (  0.0%)
[    633.12 ..     656.06 ] ██████████▋                            2  (  3.9%)
[    656.06 ..      679 ] ████████████████                       3  (  5.9%)
                                                      0%  100%
```

_sparkline computed from time-ordered samples_

### br_raw_rms

| count | min | max | mean | p50 | p90 | p95 | p99 | p999 |
|---|---|---|---|---|---|---|---|---|
| 50 | 37250 | 130333 | 73242.6 | 71614 | 90619 | 91385 | 130333 | 130333 |

```
[   37250 ..   43067.69 ] ██▋                                    1  (  2.0%)
[  43067.69 ..   48885.38 ] █████▍                                 2  (  4.0%)
[  48885.38 ..   54703.06 ] █████▍                                 2  (  4.0%)
[  54703.06 ..   60520.75 ] █████▍                                 2  (  4.0%)
[  60520.75 ..   66338.44 ] ██████████████████▋                    7  ( 14.0%)
[  66338.44 ..   72156.12 ] ████████████████████████████████      12  ( 24.0%)
[  72156.12 ..   77973.81 ] ██████████████████▋                    7  ( 14.0%)
[  77973.81 ..   83791.50 ] █████████████▍                         5  ( 10.0%)
[  83791.50 ..   89609.19 ] █████████████▍                         5  ( 10.0%)
[  89609.19 ..   95426.88 ] █████████████▍                         5  ( 10.0%)
[  95426.88 ..  101244.56 ] ██▋                                    1  (  2.0%)
[ 101244.56 ..  107062.25 ]                                        0  (  0.0%)
[ 107062.25 ..  112879.94 ]                                        0  (  0.0%)
[ 112879.94 ..  118697.62 ]                                        0  (  0.0%)
[ 118697.62 ..  124515.31 ]                                        0  (  0.0%)
[ 124515.31 ..   130333 ] ██▋                                    1  (  2.0%)
                                                      0%  100%
```

_sparkline computed from time-ordered samples_

### br_rms_eligible

| count | min | max | mean | p50 | p90 | p95 | p99 | p999 |
|---|---|---|---|---|---|---|---|---|
| 50 | 1 | 1 | 1.0 | 1 | 1 | 1 | 1 | 1 |

```
[       1 ..        1 ] ████████████████████████████████      50  (100.0%)
                                                      0%  100%
```

_sparkline computed from time-ordered samples_

### br_snare_energy

| count | min | max | mean | p50 | p90 | p95 | p99 | p999 |
|---|---|---|---|---|---|---|---|---|
| 51 | 94 | 227 | 164.1 | 169 | 214 | 223 | 227 | 227 |

```
[      94 ..     102.31 ] █████████████████████████▋             4  (  7.8%)
[    102.31 ..     110.62 ] ███████████████████▎                   3  (  5.9%)
[    110.62 ..     118.94 ] ████████████▊                          2  (  3.9%)
[    118.94 ..     127.25 ] ███████████████████▎                   3  (  5.9%)
[    127.25 ..     135.56 ] ████████████▊                          2  (  3.9%)
[    135.56 ..     143.88 ] ████████████▊                          2  (  3.9%)
[    143.88 ..     152.19 ] ███████████████████▎                   3  (  5.9%)
[    152.19 ..     160.50 ] ████████████▊                          2  (  3.9%)
[    160.50 ..     168.81 ] █████████████████████████▋             4  (  7.8%)
[    168.81 ..     177.12 ] ████████████████████████████████       5  (  9.8%)
[    177.12 ..     185.44 ] █████████████████████████▋             4  (  7.8%)
[    185.44 ..     193.75 ] ████████████████████████████████       5  (  9.8%)
[    193.75 ..     202.06 ] ███████████████████▎                   3  (  5.9%)
[    202.06 ..     210.38 ] ████████████▊                          2  (  3.9%)
[    210.38 ..     218.69 ] ███████████████████▎                   3  (  5.9%)
[    218.69 ..      227 ] █████████████████████████▋             4  (  7.8%)
                                                      0%  100%
```

_sparkline computed from time-ordered samples_

### color_correction_us

| count | min | max | mean | p50 | p90 | p95 | p99 | p999 |
|---|---|---|---|---|---|---|---|---|
| 131 | 810 | 1279 | 1062.8 | 1058 | 1187 | 1233 | 1277 | 1279 |

```
[     810 ..     839.31 ] ███▊                                   3  (  2.3%)
[    839.31 ..     868.62 ] █▎                                     1  (  0.8%)
[    868.62 ..     897.94 ]                                        0  (  0.0%)
[    897.94 ..     927.25 ] ██▌                                    2  (  1.5%)
[    927.25 ..     956.56 ] ████████▋                              7  (  5.3%)
[    956.56 ..     985.88 ] ██████████████████▌                   15  ( 11.5%)
[    985.88 ..    1015.19 ] ████████████████████████████████      26  ( 19.8%)
[   1015.19 ..    1044.50 ] ███████████▏                           9  (  6.9%)
[   1044.50 ..    1073.81 ] ████████████▎                         10  (  7.6%)
[   1073.81 ..    1103.12 ] ████████████▎                         10  (  7.6%)
[   1103.12 ..    1132.44 ] █████████████▌                        11  (  8.4%)
[   1132.44 ..    1161.75 ] ██████████████▊                       12  (  9.2%)
[   1161.75 ..    1191.06 ] █████████████████▎                    14  ( 10.7%)
[   1191.06 ..    1220.38 ] ███▊                                   3  (  2.3%)
[   1220.38 ..    1249.69 ] ████▉                                  4  (  3.1%)
[   1249.69 ..     1279 ] ████▉                                  4  (  3.1%)
                                                      0%  100%
```

_sparkline computed from time-ordered samples_

### controlbus_publish_copy_us

| count | min | max | mean | p50 | p90 | p95 | p99 | p999 |
|---|---|---|---|---|---|---|---|---|
| 51 | 73 | 286 | 118.2 | 99 | 181 | 200 | 286 | 286 |

```
[      73 ..      86.31 ] ████████████████████████████████      14  ( 27.5%)
[     86.31 ..      99.62 ] █████████████████████████████▊        13  ( 25.5%)
[     99.62 ..     112.94 ] ████████████████                       7  ( 13.7%)
[    112.94 ..     126.25 ] ████▋                                  2  (  3.9%)
[    126.25 ..     139.56 ]                                        0  (  0.0%)
[    139.56 ..     152.88 ] ██▎                                    1  (  2.0%)
[    152.88 ..     166.19 ] █████████▏                             4  (  7.8%)
[    166.19 ..     179.50 ] █████████▏                             4  (  7.8%)
[    179.50 ..     192.81 ] ████▋                                  2  (  3.9%)
[    192.81 ..     206.12 ] ████▋                                  2  (  3.9%)
[    206.12 ..     219.44 ]                                        0  (  0.0%)
[    219.44 ..     232.75 ] ██▎                                    1  (  2.0%)
[    232.75 ..     246.06 ]                                        0  (  0.0%)
[    246.06 ..     259.38 ]                                        0  (  0.0%)
[    259.38 ..     272.69 ]                                        0  (  0.0%)
[    272.69 ..      286 ] ██▎                                    1  (  2.0%)
                                                      0%  100%
```

_sparkline computed from time-ordered samples_

### effect_id_active

| count | min | max | mean | p50 | p90 | p95 | p99 | p999 |
|---|---|---|---|---|---|---|---|---|
| 131 | 8448 | 8448 | 8448.0 | 8448 | 8448 | 8448 | 8448 | 8448 |

```
[    8448 ..     8448 ] ████████████████████████████████     131  (100.0%)
                                                      0%  100%
```

_sparkline computed from time-ordered samples_

### fps

| count | min | max | mean | p50 | p90 | p95 | p99 | p999 |
|---|---|---|---|---|---|---|---|---|
| 1 | 119 | 119 | 119.0 | 119 | 119 | 119 | 119 | 119 |

```
[     119 ..      119 ] ████████████████████████████████       1  (100.0%)
                                                      0%  100%
```

_sparkline computed from time-ordered samples_

### heap_free_internal_kb

| count | min | max | mean | p50 | p90 | p95 | p99 | p999 |
|---|---|---|---|---|---|---|---|---|
| 1 | 17 | 17 | 17.0 | 17 | 17 | 17 | 17 | 17 |

```
[      17 ..       17 ] ████████████████████████████████       1  (100.0%)
                                                      0%  100%
```

_sparkline computed from time-ordered samples_

### heap_free_psram_kb

| count | min | max | mean | p50 | p90 | p95 | p99 | p999 |
|---|---|---|---|---|---|---|---|---|
| 1 | 7812 | 7812 | 7812.0 | 7812 | 7812 | 7812 | 7812 | 7812 |

```
[    7812 ..     7812 ] ████████████████████████████████       1  (100.0%)
                                                      0%  100%
```

_sparkline computed from time-ordered samples_

### heap_largest_internal_kb

| count | min | max | mean | p50 | p90 | p95 | p99 | p999 |
|---|---|---|---|---|---|---|---|---|
| 1 | 7 | 7 | 7.0 | 7 | 7 | 7 | 7 | 7 |

```
[       7 ..        7 ] ████████████████████████████████       1  (100.0%)
                                                      0%  100%
```

_sparkline computed from time-ordered samples_

### heap_largest_psram_kb

| count | min | max | mean | p50 | p90 | p95 | p99 | p999 |
|---|---|---|---|---|---|---|---|---|
| 1 | 7807 | 7807 | 7807.0 | 7807 | 7807 | 7807 | 7807 | 7807 |

```
[    7807 ..     7807 ] ████████████████████████████████       1  (100.0%)
                                                      0%  100%
```

_sparkline computed from time-ordered samples_

### led_show_avg_us

| count | min | max | mean | p50 | p90 | p95 | p99 | p999 |
|---|---|---|---|---|---|---|---|---|
| 1 | 551 | 551 | 551.0 | 551 | 551 | 551 | 551 | 551 |

```
[     551 ..      551 ] ████████████████████████████████       1  (100.0%)
                                                      0%  100%
```

_sparkline computed from time-ordered samples_

### led_show_failures_total

| count | min | max | mean | p50 | p90 | p95 | p99 | p999 |
|---|---|---|---|---|---|---|---|---|
| 1 | 0 | 0 | 0.0 | 0 | 0 | 0 | 0 | 0 |

```
[       0 ..        0 ] ████████████████████████████████       1  (100.0%)
                                                      0%  100%
```

_sparkline computed from time-ordered samples_

### led_show_max_us

| count | min | max | mean | p50 | p90 | p95 | p99 | p999 |
|---|---|---|---|---|---|---|---|---|
| 1 | 2091 | 2091 | 2091.0 | 2091 | 2091 | 2091 | 2091 | 2091 |

```
[    2091 ..     2091 ] ████████████████████████████████       1  (100.0%)
                                                      0%  100%
```

_sparkline computed from time-ordered samples_

### led_show_skips_total

| count | min | max | mean | p50 | p90 | p95 | p99 | p999 |
|---|---|---|---|---|---|---|---|---|
| 1 | 0 | 0 | 0.0 | 0 | 0 | 0 | 0 | 0 |

```
[       0 ..        0 ] ████████████████████████████████       1  (100.0%)
                                                      0%  100%
```

_sparkline computed from time-ordered samples_

### onset_activity

| count | min | max | mean | p50 | p90 | p95 | p99 | p999 |
|---|---|---|---|---|---|---|---|---|
| 50 | 1000 | 1000 | 1000.0 | 1000 | 1000 | 1000 | 1000 | 1000 |

```
[    1000 ..     1000 ] ████████████████████████████████      50  (100.0%)
                                                      0%  100%
```

_sparkline computed from time-ordered samples_

### onset_bass_flux

| count | min | max | mean | p50 | p90 | p95 | p99 | p999 |
|---|---|---|---|---|---|---|---|---|
| 50 | 0 | 3968 | 1457.2 | 1582 | 2734 | 2893 | 3968 | 3968 |

```
[       0 ..      248 ] ████████████████                       4  (  8.0%)
[     248 ..      496 ] ████████████████████████               6  ( 12.0%)
[     496 ..      744 ] ████████████                           3  (  6.0%)
[     744 ..      992 ] ████████████████████████████████       8  ( 16.0%)
[     992 ..     1240 ] ████████                               2  (  4.0%)
[    1240 ..     1488 ]                                        0  (  0.0%)
[    1488 ..     1736 ] ████████████████████████               6  ( 12.0%)
[    1736 ..     1984 ] ████████████████████████████           7  ( 14.0%)
[    1984 ..     2232 ] ████████████                           3  (  6.0%)
[    2232 ..     2480 ] ████████████████                       4  (  8.0%)
[    2480 ..     2728 ] ████                                   1  (  2.0%)
[    2728 ..     2976 ] ████████████████                       4  (  8.0%)
[    2976 ..     3224 ]                                        0  (  0.0%)
[    3224 ..     3472 ] ████                                   1  (  2.0%)
[    3472 ..     3720 ]                                        0  (  0.0%)
[    3720 ..     3968 ] ████                                   1  (  2.0%)
                                                      0%  100%
```

_sparkline computed from time-ordered samples_

### onset_decision_us

| count | min | max | mean | p50 | p90 | p95 | p99 | p999 |
|---|---|---|---|---|---|---|---|---|
| 50 | 815 | 1172 | 956.6 | 944 | 1117 | 1142 | 1172 | 1172 |

```
[     815 ..     837.31 ] ████████████████████████████████      11  ( 22.0%)
[    837.31 ..     859.62 ] █████▉                                 2  (  4.0%)
[    859.62 ..     881.94 ] ███████████████████████▎               8  ( 16.0%)
[    881.94 ..     904.25 ] █████▉                                 2  (  4.0%)
[    904.25 ..     926.56 ] ██▉                                    1  (  2.0%)
[    926.56 ..     948.88 ] █████▉                                 2  (  4.0%)
[    948.88 ..     971.19 ] █████▉                                 2  (  4.0%)
[    971.19 ..     993.50 ]                                        0  (  0.0%)
[    993.50 ..    1015.81 ] ███████████▋                           4  (  8.0%)
[   1015.81 ..    1038.12 ] █████▉                                 2  (  4.0%)
[   1038.12 ..    1060.44 ] ████████▊                              3  (  6.0%)
[   1060.44 ..    1082.75 ] █████▉                                 2  (  4.0%)
[   1082.75 ..    1105.06 ] ███████████▋                           4  (  8.0%)
[   1105.06 ..    1127.38 ] █████▉                                 2  (  4.0%)
[   1127.38 ..    1149.69 ] ████████▊                              3  (  6.0%)
[   1149.69 ..     1172 ] █████▉                                 2  (  4.0%)
                                                      0%  100%
```

_sparkline computed from time-ordered samples_

### onset_env

| count | min | max | mean | p50 | p90 | p95 | p99 | p999 |
|---|---|---|---|---|---|---|---|---|
| 50 | 0 | 15317 | 1123.5 | 0 | 1400 | 12426 | 15317 | 15317 |

```
[       0 ..     957.31 ] ████████████████████████████████      44  ( 88.0%)
[    957.31 ..    1914.62 ] ▊                                      1  (  2.0%)
[   1914.62 ..    2871.94 ]                                        0  (  0.0%)
[   2871.94 ..    3829.25 ]                                        0  (  0.0%)
[   3829.25 ..    4786.56 ]                                        0  (  0.0%)
[   4786.56 ..    5743.88 ]                                        0  (  0.0%)
[   5743.88 ..    6701.19 ] ▊                                      1  (  2.0%)
[   6701.19 ..    7658.50 ] ▊                                      1  (  2.0%)
[   7658.50 ..    8615.81 ]                                        0  (  0.0%)
[   8615.81 ..    9573.12 ]                                        0  (  0.0%)
[   9573.12 ..   10530.44 ]                                        0  (  0.0%)
[  10530.44 ..   11487.75 ]                                        0  (  0.0%)
[  11487.75 ..   12445.06 ] ▊                                      1  (  2.0%)
[  12445.06 ..   13402.38 ]                                        0  (  0.0%)
[  13402.38 ..   14359.69 ] ▊                                      1  (  2.0%)
[  14359.69 ..    15317 ] ▊                                      1  (  2.0%)
                                                      0%  100%
```

_sparkline computed from time-ordered samples_

### onset_event_strength

| count | min | max | mean | p50 | p90 | p95 | p99 | p999 |
|---|---|---|---|---|---|---|---|---|
| 50 | 0 | 15317 | 997.6 | 0 | 0 | 12426 | 15317 | 15317 |

```
[       0 ..     957.31 ] ████████████████████████████████      45  ( 90.0%)
[    957.31 ..    1914.62 ] ▊                                      1  (  2.0%)
[   1914.62 ..    2871.94 ]                                        0  (  0.0%)
[   2871.94 ..    3829.25 ]                                        0  (  0.0%)
[   3829.25 ..    4786.56 ]                                        0  (  0.0%)
[   4786.56 ..    5743.88 ]                                        0  (  0.0%)
[   5743.88 ..    6701.19 ]                                        0  (  0.0%)
[   6701.19 ..    7658.50 ] ▊                                      1  (  2.0%)
[   7658.50 ..    8615.81 ]                                        0  (  0.0%)
[   8615.81 ..    9573.12 ]                                        0  (  0.0%)
[   9573.12 ..   10530.44 ]                                        0  (  0.0%)
[  10530.44 ..   11487.75 ]                                        0  (  0.0%)
[  11487.75 ..   12445.06 ] ▊                                      1  (  2.0%)
[  12445.06 ..   13402.38 ]                                        0  (  0.0%)
[  13402.38 ..   14359.69 ] ▊                                      1  (  2.0%)
[  14359.69 ..    15317 ] ▊                                      1  (  2.0%)
                                                      0%  100%
```

_sparkline computed from time-ordered samples_

### onset_fft_frontend_us

| count | min | max | mean | p50 | p90 | p95 | p99 | p999 |
|---|---|---|---|---|---|---|---|---|
| 50 | 746 | 1263 | 936.4 | 890 | 1195 | 1227 | 1263 | 1263 |

```
[     746 ..     778.31 ] ████████████████                       6  ( 12.0%)
[    778.31 ..     810.62 ] ████████████████████████████████      12  ( 24.0%)
[    810.62 ..     842.94 ] ████████                               3  (  6.0%)
[    842.94 ..     875.25 ] ██▋                                    1  (  2.0%)
[    875.25 ..     907.56 ] ██████████▋                            4  (  8.0%)
[    907.56 ..     939.88 ] ██████████▋                            4  (  8.0%)
[    939.88 ..     972.19 ] ██▋                                    1  (  2.0%)
[    972.19 ..    1004.50 ] ████████                               3  (  6.0%)
[   1004.50 ..    1036.81 ] ██████████▋                            4  (  8.0%)
[   1036.81 ..    1069.12 ] ██▋                                    1  (  2.0%)
[   1069.12 ..    1101.44 ]                                        0  (  0.0%)
[   1101.44 ..    1133.75 ] ████████                               3  (  6.0%)
[   1133.75 ..    1166.06 ] █████▍                                 2  (  4.0%)
[   1166.06 ..    1198.38 ] ██▋                                    1  (  2.0%)
[   1198.38 ..    1230.69 ] ████████                               3  (  6.0%)
[   1230.69 ..     1263 ] █████▍                                 2  (  4.0%)
                                                      0%  100%
```

_sparkline computed from time-ordered samples_

### onset_flux

| count | min | max | mean | p50 | p90 | p95 | p99 | p999 |
|---|---|---|---|---|---|---|---|---|
| 50 | 17194 | 64251 | 35827.3 | 35217 | 53526 | 61751 | 64251 | 64251 |

```
[   17194 ..   20135.06 ] █████████████▊                         3  (  6.0%)
[  20135.06 ..   23076.12 ] █████████████▊                         3  (  6.0%)
[  23076.12 ..   26017.19 ] ███████████████████████████▍           6  ( 12.0%)
[  26017.19 ..   28958.25 ] ████████████████████████████████       7  ( 14.0%)
[  28958.25 ..   31899.31 ] █████████████▊                         3  (  6.0%)
[  31899.31 ..   34840.38 ] █████████▏                             2  (  4.0%)
[  34840.38 ..   37781.44 ] ███████████████████████████▍           6  ( 12.0%)
[  37781.44 ..   40722.50 ] ██████████████████████▉                5  ( 10.0%)
[  40722.50 ..   43663.56 ] ████████████████████████████████       7  ( 14.0%)
[  43663.56 ..   46604.62 ]                                        0  (  0.0%)
[  46604.62 ..   49545.69 ] ████▋                                  1  (  2.0%)
[  49545.69 ..   52486.75 ] ████▋                                  1  (  2.0%)
[  52486.75 ..   55427.81 ] ████▋                                  1  (  2.0%)
[  55427.81 ..   58368.88 ]                                        0  (  0.0%)
[  58368.88 ..   61309.94 ] █████████▏                             2  (  4.0%)
[  61309.94 ..    64251 ] █████████████▊                         3  (  6.0%)
                                                      0%  100%
```

_sparkline computed from time-ordered samples_

### onset_flux_us

| count | min | max | mean | p50 | p90 | p95 | p99 | p999 |
|---|---|---|---|---|---|---|---|---|
| 50 | 743 | 1052 | 869.2 | 819 | 1017 | 1041 | 1052 | 1052 |

```
[     743 ..     762.31 ] ████████████████████████████████      12  ( 24.0%)
[    762.31 ..     781.62 ] █████▍                                 2  (  4.0%)
[    781.62 ..     800.94 ] ████████████████                       6  ( 12.0%)
[    800.94 ..     820.25 ] █████████████▍                         5  ( 10.0%)
[    820.25 ..     839.56 ]                                        0  (  0.0%)
[    839.56 ..     858.88 ] █████▍                                 2  (  4.0%)
[    858.88 ..     878.19 ]                                        0  (  0.0%)
[    878.19 ..     897.50 ] █████▍                                 2  (  4.0%)
[    897.50 ..     916.81 ]                                        0  (  0.0%)
[    916.81 ..     936.12 ] ████████                               3  (  6.0%)
[    936.12 ..     955.44 ] ██████████▋                            4  (  8.0%)
[    955.44 ..     974.75 ] ████████                               3  (  6.0%)
[    974.75 ..     994.06 ] ██████████▋                            4  (  8.0%)
[    994.06 ..    1013.38 ] ██▋                                    1  (  2.0%)
[   1013.38 ..    1032.69 ] ████████                               3  (  6.0%)
[   1032.69 ..     1052 ] ████████                               3  (  6.0%)
                                                      0%  100%
```

_sparkline computed from time-ordered samples_

### onset_gate_flags

| count | min | max | mean | p50 | p90 | p95 | p99 | p999 |
|---|---|---|---|---|---|---|---|---|
| 50 | 0 | 0 | 0.0 | 0 | 0 | 0 | 0 | 0 |

```
[       0 ..        0 ] ████████████████████████████████      50  (100.0%)
                                                      0%  100%
```

_sparkline computed from time-ordered samples_

### onset_high_flux

| count | min | max | mean | p50 | p90 | p95 | p99 | p999 |
|---|---|---|---|---|---|---|---|---|
| 50 | 16737 | 133798 | 59691.3 | 55204 | 111525 | 114316 | 133798 | 133798 |

```
[   16737 ..   24053.31 ] ████████████████████                   5  ( 10.0%)
[  24053.31 ..   31369.62 ] ████████████                           3  (  6.0%)
[  31369.62 ..   38685.94 ] ████████████████████                   5  ( 10.0%)
[  38685.94 ..   46002.25 ] ████████████                           3  (  6.0%)
[  46002.25 ..   53318.56 ] ████████████████████████████████       8  ( 16.0%)
[  53318.56 ..   60634.88 ] ████████████████████████               6  ( 12.0%)
[  60634.88 ..   67951.19 ] ████████                               2  (  4.0%)
[  67951.19 ..   75267.50 ] ████████████████                       4  (  8.0%)
[  75267.50 ..   82583.81 ] ████████████████████                   5  ( 10.0%)
[  82583.81 ..   89900.12 ] ████████                               2  (  4.0%)
[  89900.12 ..   97216.44 ]                                        0  (  0.0%)
[  97216.44 ..  104532.75 ] ████                                   1  (  2.0%)
[ 104532.75 ..  111849.06 ] ████                                   1  (  2.0%)
[ 111849.06 ..  119165.38 ] ████████████                           3  (  6.0%)
[ 119165.38 ..  126481.69 ] ████                                   1  (  2.0%)
[ 126481.69 ..   133798 ] ████                                   1  (  2.0%)
                                                      0%  100%
```

_sparkline computed from time-ordered samples_

### onset_input_rms

| count | min | max | mean | p50 | p90 | p95 | p99 | p999 |
|---|---|---|---|---|---|---|---|---|
| 50 | 37250 | 130333 | 73242.6 | 71614 | 90619 | 91385 | 130333 | 130333 |

```
[   37250 ..   43067.69 ] ██▋                                    1  (  2.0%)
[  43067.69 ..   48885.38 ] █████▍                                 2  (  4.0%)
[  48885.38 ..   54703.06 ] █████▍                                 2  (  4.0%)
[  54703.06 ..   60520.75 ] █████▍                                 2  (  4.0%)
[  60520.75 ..   66338.44 ] ██████████████████▋                    7  ( 14.0%)
[  66338.44 ..   72156.12 ] ████████████████████████████████      12  ( 24.0%)
[  72156.12 ..   77973.81 ] ██████████████████▋                    7  ( 14.0%)
[  77973.81 ..   83791.50 ] █████████████▍                         5  ( 10.0%)
[  83791.50 ..   89609.19 ] █████████████▍                         5  ( 10.0%)
[  89609.19 ..   95426.88 ] █████████████▍                         5  ( 10.0%)
[  95426.88 ..  101244.56 ] ██▋                                    1  (  2.0%)
[ 101244.56 ..  107062.25 ]                                        0  (  0.0%)
[ 107062.25 ..  112879.94 ]                                        0  (  0.0%)
[ 112879.94 ..  118697.62 ]                                        0  (  0.0%)
[ 118697.62 ..  124515.31 ]                                        0  (  0.0%)
[ 124515.31 ..   130333 ] ██▋                                    1  (  2.0%)
                                                      0%  100%
```

_sparkline computed from time-ordered samples_

### onset_mid_flux

| count | min | max | mean | p50 | p90 | p95 | p99 | p999 |
|---|---|---|---|---|---|---|---|---|
| 50 | 1268 | 13676 | 6672.9 | 6503 | 10678 | 11983 | 13676 | 13676 |

```
[    1268 ..    2043.50 ] ████████                               2  (  4.0%)
[   2043.50 ..     2819 ] ████████                               2  (  4.0%)
[    2819 ..    3594.50 ] ████████████████                       4  (  8.0%)
[   3594.50 ..     4370 ] ████████████████████                   5  ( 10.0%)
[    4370 ..    5145.50 ] ████████████████████████████           7  ( 14.0%)
[   5145.50 ..     5921 ] ████████████                           3  (  6.0%)
[    5921 ..    6696.50 ] ████████████████                       4  (  8.0%)
[   6696.50 ..     7472 ]                                        0  (  0.0%)
[    7472 ..    8247.50 ] ████████████████████████████████       8  ( 16.0%)
[   8247.50 ..     9023 ] ████████████████████                   5  ( 10.0%)
[    9023 ..    9798.50 ] ████████████                           3  (  6.0%)
[   9798.50 ..    10574 ] ████                                   1  (  2.0%)
[   10574 ..   11349.50 ] ████████                               2  (  4.0%)
[  11349.50 ..    12125 ] ████████                               2  (  4.0%)
[   12125 ..   12900.50 ]                                        0  (  0.0%)
[  12900.50 ..    13676 ] ████████                               2  (  4.0%)
                                                      0%  100%
```

_sparkline computed from time-ordered samples_

### onset_noise_floor

| count | min | max | mean | p50 | p90 | p95 | p99 | p999 |
|---|---|---|---|---|---|---|---|---|
| 50 | 3397 | 3397 | 3397.0 | 3397 | 3397 | 3397 | 3397 | 3397 |

```
[    3397 ..     3397 ] ████████████████████████████████      50  (100.0%)
                                                      0%  100%
```

_sparkline computed from time-ordered samples_

### onset_process_us

| count | min | max | mean | p50 | p90 | p95 | p99 | p999 |
|---|---|---|---|---|---|---|---|---|
| 50 | 1608 | 2442 | 1912.1 | 1871 | 2266 | 2344 | 2442 | 2442 |

```
[    1608 ..    1660.12 ] ████████████████████████████████      12  ( 24.0%)
[   1660.12 ..    1712.25 ] █████████████▍                         5  ( 10.0%)
[   1712.25 ..    1764.38 ] ████████                               3  (  6.0%)
[   1764.38 ..    1816.50 ] █████▍                                 2  (  4.0%)
[   1816.50 ..    1868.62 ] █████▍                                 2  (  4.0%)
[   1868.62 ..    1920.75 ] █████▍                                 2  (  4.0%)
[   1920.75 ..    1972.88 ] █████▍                                 2  (  4.0%)
[   1972.88 ..     2025 ] █████████████▍                         5  ( 10.0%)
[    2025 ..    2077.12 ] ██████████▋                            4  (  8.0%)
[   2077.12 ..    2129.25 ] █████▍                                 2  (  4.0%)
[   2129.25 ..    2181.38 ] █████▍                                 2  (  4.0%)
[   2181.38 ..    2233.50 ] █████▍                                 2  (  4.0%)
[   2233.50 ..    2285.62 ] ████████                               3  (  6.0%)
[   2285.62 ..    2337.75 ] ██▋                                    1  (  2.0%)
[   2337.75 ..    2389.88 ] █████▍                                 2  (  4.0%)
[   2389.88 ..     2442 ] ██▋                                    1  (  2.0%)
                                                      0%  100%
```

_sparkline computed from time-ordered samples_

### render_frame_work_us

| count | min | max | mean | p50 | p90 | p95 | p99 | p999 |
|---|---|---|---|---|---|---|---|---|
| 131 | 2781 | 4004 | 3441.2 | 3460 | 3793 | 3917 | 3979 | 4004 |

```
[    2781 ..    2857.44 ] █▋                                     1  (  0.8%)
[   2857.44 ..    2933.88 ] █▋                                     1  (  0.8%)
[   2933.88 ..    3010.31 ] █████                                  3  (  2.3%)
[   3010.31 ..    3086.75 ] █▋                                     1  (  0.8%)
[   3086.75 ..    3163.19 ] ████████████████████▎                 12  (  9.2%)
[   3163.19 ..    3239.62 ] ████████████████████▎                 12  (  9.2%)
[   3239.62 ..    3316.06 ] ███████████████████████▋              14  ( 10.7%)
[   3316.06 ..    3392.50 ] ████████████████████▎                 12  (  9.2%)
[   3392.50 ..    3468.94 ] ████████████████████▎                 12  (  9.2%)
[   3468.94 ..    3545.38 ] ████████████████████████████████      19  ( 14.5%)
[   3545.38 ..    3621.81 ] ████████████████████████████████      19  ( 14.5%)
[   3621.81 ..    3698.25 ] ████████████████▉                     10  (  7.6%)
[   3698.25 ..    3774.69 ] █▋                                     1  (  0.8%)
[   3774.69 ..    3851.12 ] ██████▊                                4  (  3.1%)
[   3851.12 ..    3927.56 ] ██████▊                                4  (  3.1%)
[   3927.56 ..     4004 ] ██████████▏                            6  (  4.6%)
                                                      0%  100%
```

_sparkline computed from time-ordered samples_

### rmt_errors_total

| count | min | max | mean | p50 | p90 | p95 | p99 | p999 |
|---|---|---|---|---|---|---|---|---|
| 1 | 0 | 0 | 0.0 | 0 | 0 | 0 | 0 | 0 |

```
[       0 ..        0 ] ████████████████████████████████       1  (100.0%)
                                                      0%  100%
```

_sparkline computed from time-ordered samples_

### rmt_underruns_total

| count | min | max | mean | p50 | p90 | p95 | p99 | p999 |
|---|---|---|---|---|---|---|---|---|
| 1 | 0 | 0 | 0.0 | 0 | 0 | 0 | 0 | 0 |

```
[       0 ..        0 ] ████████████████████████████████       1  (100.0%)
                                                      0%  100%
```

_sparkline computed from time-ordered samples_

### rts_audio_conf

| count | min | max | mean | p50 | p90 | p95 | p99 | p999 |
|---|---|---|---|---|---|---|---|---|
| 131 | 1000 | 1000 | 1000.0 | 1000 | 1000 | 1000 | 1000 | 1000 |

```
[    1000 ..     1000 ] ████████████████████████████████     131  (100.0%)
                                                      0%  100%
```

_sparkline computed from time-ordered samples_

### rts_fade_amount

| count | min | max | mean | p50 | p90 | p95 | p99 | p999 |
|---|---|---|---|---|---|---|---|---|
| 131 | 0 | 0 | 0.0 | 0 | 0 | 0 | 0 | 0 |

```
[       0 ..        0 ] ████████████████████████████████     131  (100.0%)
                                                      0%  100%
```

_sparkline computed from time-ordered samples_

### rts_fast_rms

| count | min | max | mean | p50 | p90 | p95 | p99 | p999 |
|---|---|---|---|---|---|---|---|---|
| 131 | 799 | 1000 | 949.0 | 970 | 1000 | 1000 | 1000 | 1000 |

```
[     799 ..     811.56 ] ███▌                                   6  (  4.6%)
[    811.56 ..     824.12 ]                                        0  (  0.0%)
[    824.12 ..     836.69 ]                                        0  (  0.0%)
[    836.69 ..     849.25 ] █▏                                     2  (  1.5%)
[    849.25 ..     861.81 ] █▏                                     2  (  1.5%)
[    861.81 ..     874.38 ] ███▌                                   6  (  4.6%)
[    874.38 ..     886.94 ] ████▋                                  8  (  6.1%)
[    886.94 ..     899.50 ] ██▉                                    5  (  3.8%)
[    899.50 ..     912.06 ] ████▏                                  7  (  5.3%)
[    912.06 ..     924.62 ] ██▉                                    5  (  3.8%)
[    924.62 ..     937.19 ] ███▌                                   6  (  4.6%)
[    937.19 ..     949.75 ] ██████▍                               11  (  8.4%)
[    949.75 ..     962.31 ] █▊                                     3  (  2.3%)
[    962.31 ..     974.88 ] ████▋                                  8  (  6.1%)
[    974.88 ..     987.44 ] ████▏                                  7  (  5.3%)
[    987.44 ..     1000 ] ████████████████████████████████      55  ( 42.0%)
                                                      0%  100%
```

_sparkline computed from time-ordered samples_

### rts_onset_env_pushed

| count | min | max | mean | p50 | p90 | p95 | p99 | p999 |
|---|---|---|---|---|---|---|---|---|
| 131 | 999 | 999 | 999.0 | 999 | 999 | 999 | 999 | 999 |

```
[     999 ..      999 ] ████████████████████████████████     131  (100.0%)
                                                      0%  100%
```

_sparkline computed from time-ordered samples_

### rts_onset_flux

| count | min | max | mean | p50 | p90 | p95 | p99 | p999 |
|---|---|---|---|---|---|---|---|---|
| 131 | 17194 | 64251 | 35941.5 | 35275 | 53526 | 61751 | 64251 | 64251 |

```
[   17194 ..   20135.06 ] ████████████▎                          8  (  6.1%)
[  20135.06 ..   23076.12 ] ████████████▎                          8  (  6.1%)
[  23076.12 ..   26017.19 ] █████████████████████▍                14  ( 10.7%)
[  26017.19 ..   28958.25 ] █████████████████████████████         19  ( 14.5%)
[  28958.25 ..   31899.31 ] ████████████▎                          8  (  6.1%)
[  31899.31 ..   34840.38 ] ███████▋                               5  (  3.8%)
[  34840.38 ..   37781.44 ] █████████████████████████▉            17  ( 13.0%)
[  37781.44 ..   40722.50 ] ███████████████▎                      10  (  7.6%)
[  40722.50 ..   43663.56 ] ████████████████████████████████      21  ( 16.0%)
[  43663.56 ..   46604.62 ]                                        0  (  0.0%)
[  46604.62 ..   49545.69 ] ████▋                                  3  (  2.3%)
[  49545.69 ..   52486.75 ] ████▋                                  3  (  2.3%)
[  52486.75 ..   55427.81 ] ███                                    2  (  1.5%)
[  55427.81 ..   58368.88 ]                                        0  (  0.0%)
[  58368.88 ..   61309.94 ] ███████▋                               5  (  3.8%)
[  61309.94 ..    64251 ] ████████████▎                          8  (  6.1%)
                                                      0%  100%
```

_sparkline computed from time-ordered samples_

### rts_push_interval_us

| count | min | max | mean | p50 | p90 | p95 | p99 | p999 |
|---|---|---|---|---|---|---|---|---|
| 131 | 33333 | 33333 | 33333.0 | 33333 | 33333 | 33333 | 33333 | 33333 |

```
[   33333 ..    33333 ] ████████████████████████████████     131  (100.0%)
                                                      0%  100%
```

_sparkline computed from time-ordered samples_

### rts_pushes

| count | min | max | mean | p50 | p90 | p95 | p99 | p999 |
|---|---|---|---|---|---|---|---|---|
| 131 | 0 | 1 | 0.3 | 0 | 1 | 1 | 1 | 1 |

```
[       0 ..       0.06 ] ████████████████████████████████      95  ( 72.5%)
[      0.06 ..       0.12 ]                                        0  (  0.0%)
[      0.12 ..       0.19 ]                                        0  (  0.0%)
[      0.19 ..       0.25 ]                                        0  (  0.0%)
[      0.25 ..       0.31 ]                                        0  (  0.0%)
[      0.31 ..       0.38 ]                                        0  (  0.0%)
[      0.38 ..       0.44 ]                                        0  (  0.0%)
[      0.44 ..       0.50 ]                                        0  (  0.0%)
[      0.50 ..       0.56 ]                                        0  (  0.0%)
[      0.56 ..       0.62 ]                                        0  (  0.0%)
[      0.62 ..       0.69 ]                                        0  (  0.0%)
[      0.69 ..       0.75 ]                                        0  (  0.0%)
[      0.75 ..       0.81 ]                                        0  (  0.0%)
[      0.81 ..       0.88 ]                                        0  (  0.0%)
[      0.88 ..       0.94 ]                                        0  (  0.0%)
[      0.94 ..        1 ] ████████████▏                         36  ( 27.5%)
                                                      0%  100%
```

_sparkline computed from time-ordered samples_

### rts_ring_count

| count | min | max | mean | p50 | p90 | p95 | p99 | p999 |
|---|---|---|---|---|---|---|---|---|
| 131 | 80 | 80 | 80.0 | 80 | 80 | 80 | 80 | 80 |

```
[      80 ..       80 ] ████████████████████████████████     131  (100.0%)
                                                      0%  100%
```

_sparkline computed from time-ordered samples_

### rts_silent_scale

| count | min | max | mean | p50 | p90 | p95 | p99 | p999 |
|---|---|---|---|---|---|---|---|---|
| 131 | 999 | 999 | 999.0 | 999 | 999 | 999 | 999 | 999 |

```
[     999 ..      999 ] ████████████████████████████████     131  (100.0%)
                                                      0%  100%
```

_sparkline computed from time-ordered samples_

### snapshot_read_retries_total

| count | min | max | mean | p50 | p90 | p95 | p99 | p999 |
|---|---|---|---|---|---|---|---|---|
| 131 | 199 | 199 | 199.0 | 199 | 199 | 199 | 199 | 199 |

```
[     199 ..      199 ] ████████████████████████████████     131  (100.0%)
                                                      0%  100%
```

_sparkline computed from time-ordered samples_

### spectral_novelty

| count | min | max | mean | p50 | p90 | p95 | p99 | p999 |
|---|---|---|---|---|---|---|---|---|
| 51 | 47 | 276 | 125.4 | 119 | 187 | 215 | 276 | 276 |

```
[      47 ..      61.31 ] ███████▏                               2  (  3.9%)
[     61.31 ..      75.62 ] ██████████▋                            3  (  5.9%)
[     75.62 ..      89.94 ] █████████████████████▍                 6  ( 11.8%)
[     89.94 ..     104.25 ] █████████████████████▍                 6  ( 11.8%)
[    104.25 ..     118.56 ] ████████████████████████████▌          8  ( 15.7%)
[    118.56 ..     132.88 ] ████████████████████████████████       9  ( 17.6%)
[    132.88 ..     147.19 ] ██████████▋                            3  (  5.9%)
[    147.19 ..     161.50 ] █████████████████▊                     5  (  9.8%)
[    161.50 ..     175.81 ] ███████▏                               2  (  3.9%)
[    175.81 ..     190.12 ] ███████▏                               2  (  3.9%)
[    190.12 ..     204.44 ] ███▌                                   1  (  2.0%)
[    204.44 ..     218.75 ] ███████▏                               2  (  3.9%)
[    218.75 ..     233.06 ] ███▌                                   1  (  2.0%)
[    233.06 ..     247.38 ]                                        0  (  0.0%)
[    247.38 ..     261.69 ]                                        0  (  0.0%)
[    261.69 ..      276 ] ███▌                                   1  (  2.0%)
                                                      0%  100%
```

_sparkline computed from time-ordered samples_

### task_stack_hwm_audio

| count | min | max | mean | p50 | p90 | p95 | p99 | p999 |
|---|---|---|---|---|---|---|---|---|
| 1 | 8764 | 8764 | 8764.0 | 8764 | 8764 | 8764 | 8764 | 8764 |

```
[    8764 ..     8764 ] ████████████████████████████████       1  (100.0%)
                                                      0%  100%
```

_sparkline computed from time-ordered samples_

### task_stack_hwm_loop

| count | min | max | mean | p50 | p90 | p95 | p99 | p999 |
|---|---|---|---|---|---|---|---|---|
| 1 | 2236 | 2236 | 2236.0 | 2236 | 2236 | 2236 | 2236 | 2236 |

```
[    2236 ..     2236 ] ████████████████████████████████       1  (100.0%)
                                                      0%  100%
```

_sparkline computed from time-ordered samples_

### task_stack_hwm_renderer

| count | min | max | mean | p50 | p90 | p95 | p99 | p999 |
|---|---|---|---|---|---|---|---|---|
| 1 | 10480 | 10480 | 10480.0 | 10480 | 10480 | 10480 | 10480 | 10480 |

```
[   10480 ..    10480 ] ████████████████████████████████       1  (100.0%)
                                                      0%  100%
```

_sparkline computed from time-ordered samples_

### task_stack_hwm_show_director

| count | min | max | mean | p50 | p90 | p95 | p99 | p999 |
|---|---|---|---|---|---|---|---|---|
| 1 | 10544 | 10544 | 10544.0 | 10544 | 10544 | 10544 | 10544 | 10544 |

```
[   10544 ..    10544 ] ████████████████████████████████       1  (100.0%)
                                                      0%  100%
```

_sparkline computed from time-ordered samples_

### temp_celsius_x10

| count | min | max | mean | p50 | p90 | p95 | p99 | p999 |
|---|---|---|---|---|---|---|---|---|
| 1 | 737 | 737 | 737.0 | 737 | 737 | 737 | 737 | 737 |

```
[     737 ..      737 ] ████████████████████████████████       1  (100.0%)
                                                      0%  100%
```

_sparkline computed from time-ordered samples_

### trace_mode_enabled

| count | min | max | mean | p50 | p90 | p95 | p99 | p999 |
|---|---|---|---|---|---|---|---|---|
| 1 | 1 | 1 | 1.0 | 1 | 1 | 1 | 1 | 1 |

```
[       1 ..        1 ] ████████████████████████████████       1  (100.0%)
                                                      0%  100%
```

_sparkline computed from time-ordered samples_

### wifi_ap_mode

| count | min | max | mean | p50 | p90 | p95 | p99 | p999 |
|---|---|---|---|---|---|---|---|---|
| 1 | 1 | 1 | 1.0 | 1 | 1 | 1 | 1 | 1 |

```
[       1 ..        1 ] ████████████████████████████████       1  (100.0%)
                                                      0%  100%
```

_sparkline computed from time-ordered samples_

### wifi_clients

| count | min | max | mean | p50 | p90 | p95 | p99 | p999 |
|---|---|---|---|---|---|---|---|---|
| 1 | 0 | 0 | 0.0 | 0 | 0 | 0 | 0 | 0 |

```
[       0 ..        0 ] ████████████████████████████████       1  (100.0%)
                                                      0%  100%
```

_sparkline computed from time-ordered samples_

### ws_client_count

| count | min | max | mean | p50 | p90 | p95 | p99 | p999 |
|---|---|---|---|---|---|---|---|---|
| 1 | 0 | 0 | 0.0 | 0 | 0 | 0 | 0 | 0 |

```
[       0 ..        0 ] ████████████████████████████████       1  (100.0%)
                                                      0%  100%
```

_sparkline computed from time-ordered samples_

### ws_clients

| count | min | max | mean | p50 | p90 | p95 | p99 | p999 |
|---|---|---|---|---|---|---|---|---|
| 1 | 0 | 0 | 0.0 | 0 | 0 | 0 | 0 | 0 |

```
[       0 ..        0 ] ████████████████████████████████       1  (100.0%)
                                                      0%  100%
```

_sparkline computed from time-ordered samples_

### ws_dispatch_count

| count | min | max | mean | p50 | p90 | p95 | p99 | p999 |
|---|---|---|---|---|---|---|---|---|
| 1 | 0 | 0 | 0.0 | 0 | 0 | 0 | 0 | 0 |

```
[       0 ..        0 ] ████████████████████████████████       1  (100.0%)
                                                      0%  100%
```

_sparkline computed from time-ordered samples_

### ws_errors

| count | min | max | mean | p50 | p90 | p95 | p99 | p999 |
|---|---|---|---|---|---|---|---|---|
| 1 | 0 | 0 | 0.0 | 0 | 0 | 0 | 0 | 0 |

```
[       0 ..        0 ] ████████████████████████████████       1  (100.0%)
                                                      0%  100%
```

_sparkline computed from time-ordered samples_

## Per-span duration statistics

### audio_snapshot_read

| count | min | max | mean | p50 | p90 | p95 | p99 | p999 |
|---|---|---|---|---|---|---|---|---|
| 131 | 262 | 873 | 557.8 | 559 | 694 | 756 | 845 | 873 |

```
[     262 ..     300.19 µs] ████▋                                  3  (  2.3%)
[    300.19 ..     338.38 µs]                                        0  (  0.0%)
[    338.38 ..     376.56 µs] ██████▏                                4  (  3.1%)
[    376.56 ..     414.75 µs] ██████████████████▎                   12  (  9.2%)
[    414.75 ..     452.94 µs] █████████████▊                         9  (  6.9%)
[    452.94 ..     491.12 µs] ████▋                                  3  (  2.3%)
[    491.12 ..     529.31 µs] ████████████████████████████████      21  ( 16.0%)
[    529.31 ..     567.50 µs] ██████████████████████████████▌       20  ( 15.3%)
[    567.50 ..     605.69 µs] ██████████████████████▉               15  ( 11.5%)
[    605.69 ..     643.88 µs] █████████████████████▍                14  ( 10.7%)
[    643.88 ..     682.06 µs] ████████████████▊                     11  (  8.4%)
[    682.06 ..     720.25 µs] █████████████▊                         9  (  6.9%)
[    720.25 ..     758.44 µs] ██████▏                                4  (  3.1%)
[    758.44 ..     796.62 µs] ██████▏                                4  (  3.1%)
[    796.62 ..     834.81 µs]                                        0  (  0.0%)
[    834.81 ..      873 µs] ███                                    2  (  1.5%)
                                                      0%  100%
```

### band_ratio_detect

| count | min | max | mean | p50 | p90 | p95 | p99 | p999 |
|---|---|---|---|---|---|---|---|---|
| 51 | 69 | 103 | 77.8 | 73 | 97 | 101 | 103 | 103 |

```
[      69 ..      71.12 µs] ████████████████████▎                 12  ( 23.5%)
[     71.12 ..      73.25 µs] ████████████████████████████████      19  ( 37.3%)
[     73.25 ..      75.38 µs] █████                                  3  (  5.9%)
[     75.38 ..      77.50 µs] █▋                                     1  (  2.0%)
[     77.50 ..      79.62 µs] ███▍                                   2  (  3.9%)
[     79.62 ..      81.75 µs] █▋                                     1  (  2.0%)
[     81.75 ..      83.88 µs]                                        0  (  0.0%)
[     83.88 ..       86 µs] ██████▊                                4  (  7.8%)
[      86 ..      88.12 µs] █▋                                     1  (  2.0%)
[     88.12 ..      90.25 µs] █▋                                     1  (  2.0%)
[     90.25 ..      92.38 µs] █▋                                     1  (  2.0%)
[     92.38 ..      94.50 µs]                                        0  (  0.0%)
[     94.50 ..      96.62 µs]                                        0  (  0.0%)
[     96.62 ..      98.75 µs] █▋                                     1  (  2.0%)
[     98.75 ..     100.88 µs] ███▍                                   2  (  3.9%)
[    100.88 ..      103 µs] █████                                  3  (  5.9%)
                                                      0%  100%
```

### color_correction

| count | min | max | mean | p50 | p90 | p95 | p99 | p999 |
|---|---|---|---|---|---|---|---|---|
| 131 | 827 | 1295 | 1080.1 | 1075 | 1204 | 1252 | 1293 | 1295 |

```
[     827 ..     856.25 µs] ███▊                                   3  (  2.3%)
[    856.25 ..     885.50 µs] █▎                                     1  (  0.8%)
[    885.50 ..     914.75 µs]                                        0  (  0.0%)
[    914.75 ..      944 µs] █▎                                     1  (  0.8%)
[     944 ..     973.25 µs] █████████▉                             8  (  6.1%)
[    973.25 ..    1002.50 µs] █████████████████▎                    14  ( 10.7%)
[   1002.50 ..    1031.75 µs] ████████████████████████████████      26  ( 19.8%)
[   1031.75 ..     1061 µs] █████████████▌                        11  (  8.4%)
[    1061 ..    1090.25 µs] █████████▉                             8  (  6.1%)
[   1090.25 ..    1119.50 µs] █████████████▌                        11  (  8.4%)
[   1119.50 ..    1148.75 µs] ██████████████▊                       12  (  9.2%)
[   1148.75 ..     1178 µs] █████████████▌                        11  (  8.4%)
[    1178 ..    1207.25 µs] █████████████████▎                    14  ( 10.7%)
[   1207.25 ..    1236.50 µs] ███▊                                   3  (  2.3%)
[   1236.50 ..    1265.75 µs] ████▉                                  4  (  3.1%)
[   1265.75 ..     1295 µs] ████▉                                  4  (  3.1%)
                                                      0%  100%
```

### controlbus_build

| count | min | max | mean | p50 | p90 | p95 | p99 | p999 |
|---|---|---|---|---|---|---|---|---|
| 51 | 3875 | 5056 | 4447.3 | 4469 | 4895 | 4968 | 5056 | 5056 |

```
[    3875 ..    3948.81 µs] ████████████████████████████████       6  ( 11.8%)
[   3948.81 ..    4022.62 µs] ████████████████                       3  (  5.9%)
[   4022.62 ..    4096.44 µs] █████▍                                 1  (  2.0%)
[   4096.44 ..    4170.25 µs] ████████████████                       3  (  5.9%)
[   4170.25 ..    4244.06 µs] ████████████████████████████████       6  ( 11.8%)
[   4244.06 ..    4317.88 µs] ██████████▋                            2  (  3.9%)
[   4317.88 ..    4391.69 µs] ██████████▋                            2  (  3.9%)
[   4391.69 ..    4465.50 µs] ██████████▋                            2  (  3.9%)
[   4465.50 ..    4539.31 µs] ██████████████████████████▋            5  (  9.8%)
[   4539.31 ..    4613.12 µs] █████▍                                 1  (  2.0%)
[   4613.12 ..    4686.94 µs] ██████████▋                            2  (  3.9%)
[   4686.94 ..    4760.75 µs] █████████████████████▍                 4  (  7.8%)
[   4760.75 ..    4834.56 µs] ████████████████████████████████       6  ( 11.8%)
[   4834.56 ..    4908.38 µs] ████████████████                       3  (  5.9%)
[   4908.38 ..    4982.19 µs] █████████████████████▍                 4  (  7.8%)
[   4982.19 ..     5056 µs] █████▍                                 1  (  2.0%)
                                                      0%  100%
```

### effect_render

| count | min | max | mean | p50 | p90 | p95 | p99 | p999 |
|---|---|---|---|---|---|---|---|---|
| 131 | 332 | 496 | 410.4 | 414 | 458 | 466 | 491 | 496 |

```
[     332 ..     342.25 µs] ██████▍                                3  (  2.3%)
[    342.25 ..     352.50 µs] ████████████▊                          6  (  4.6%)
[    352.50 ..     362.75 µs] ████████████▊                          6  (  4.6%)
[    362.75 ..      373 µs] ████████████████████████████████      15  ( 11.5%)
[     373 ..     383.25 µs] █████████████████████▍                10  (  7.6%)
[    383.25 ..     393.50 µs] ██████████████▉                        7  (  5.3%)
[    393.50 ..     403.75 µs] ██████████████▉                        7  (  5.3%)
[    403.75 ..      414 µs] ███████████████████▎                   9  (  6.9%)
[     414 ..     424.25 µs] ████████████████████████████████      15  ( 11.5%)
[    424.25 ..     434.50 µs] █████████████████████████████▉        14  ( 10.7%)
[    434.50 ..     444.75 µs] ███████████████████████▌              11  (  8.4%)
[    444.75 ..      455 µs] ████████████▊                          6  (  4.6%)
[     455 ..     465.25 µs] ████████████████████████████████      15  ( 11.5%)
[    465.25 ..     475.50 µs] ██████▍                                3  (  2.3%)
[    475.50 ..     485.75 µs] ██▏                                    1  (  0.8%)
[    485.75 ..      496 µs] ██████▍                                3  (  2.3%)
                                                      0%  100%
```

### fastled_rmt_show

| count | min | max | mean | p50 | p90 | p95 | p99 | p999 |
|---|---|---|---|---|---|---|---|---|
| 132 | 451 | 668 | 558.7 | 551 | 618 | 644 | 665 | 668 |

```
[     451 ..     464.56 µs] ██▎                                    2  (  1.5%)
[    464.56 ..     478.12 µs] █▏                                     1  (  0.8%)
[    478.12 ..     491.69 µs] ███▍                                   3  (  2.3%)
[    491.69 ..     505.25 µs] ██▎                                    2  (  1.5%)
[    505.25 ..     518.81 µs] ██████▉                                6  (  4.5%)
[    518.81 ..     532.38 µs] ██████████▎                            9  (  6.8%)
[    532.38 ..     545.94 µs] ████████████████████████████████      28  ( 21.2%)
[    545.94 ..     559.50 µs] ████████████████████████████████      28  ( 21.2%)
[    559.50 ..     573.06 µs] █████████████████▏                    15  ( 11.4%)
[    573.06 ..     586.62 µs] ████████████████                      14  ( 10.6%)
[    586.62 ..     600.19 µs] █████▊                                 5  (  3.8%)
[    600.19 ..     613.75 µs] ███▍                                   3  (  2.3%)
[    613.75 ..     627.31 µs] ██████▉                                6  (  4.5%)
[    627.31 ..     640.88 µs] ███▍                                   3  (  2.3%)
[    640.88 ..     654.44 µs] █████▊                                 5  (  3.8%)
[    654.44 ..      668 µs] ██▎                                    2  (  1.5%)
                                                      0%  100%
```

### i2s_dma_read

| count | min | max | mean | p50 | p90 | p95 | p99 | p999 |
|---|---|---|---|---|---|---|---|---|
| 100 | 7022 | 9582 | 8392.7 | 8408 | 9173 | 9262 | 9554 | 9582 |

```
[    7022 ..     7182 µs] ██████████                             5  (  5.0%)
[    7182 ..     7342 µs] ████                                   2  (  2.0%)
[    7342 ..     7502 µs] ██                                     1  (  1.0%)
[    7502 ..     7662 µs] ██████████                             5  (  5.0%)
[    7662 ..     7822 µs] ██████                                 3  (  3.0%)
[    7822 ..     7982 µs] ████████████████████                  10  ( 10.0%)
[    7982 ..     8142 µs] ██████████                             5  (  5.0%)
[    8142 ..     8302 µs] ████████████████████████████████      16  ( 16.0%)
[    8302 ..     8462 µs] ████████████                           6  (  6.0%)
[    8462 ..     8622 µs] ████████████████████                  10  ( 10.0%)
[    8622 ..     8782 µs] ██████████████                         7  (  7.0%)
[    8782 ..     8942 µs] ██████████████                         7  (  7.0%)
[    8942 ..     9102 µs] ██████████████                         7  (  7.0%)
[    9102 ..     9262 µs] ████████████████████                  10  ( 10.0%)
[    9262 ..     9422 µs] ████████                               4  (  4.0%)
[    9422 ..     9582 µs] ████                                   2  (  2.0%)
                                                      0%  100%
```

### onset_decision

| count | min | max | mean | p50 | p90 | p95 | p99 | p999 |
|---|---|---|---|---|---|---|---|---|
| 50 | 816 | 1173 | 957.3 | 947 | 1115 | 1144 | 1173 | 1173 |

```
[     816 ..     838.31 µs] ████████████████████████████████      11  ( 22.0%)
[    838.31 ..     860.62 µs] ████████▊                              3  (  6.0%)
[    860.62 ..     882.94 µs] ████████████████████▍                  7  ( 14.0%)
[    882.94 ..     905.25 µs] █████▉                                 2  (  4.0%)
[    905.25 ..     927.56 µs] ██▉                                    1  (  2.0%)
[    927.56 ..     949.88 µs] █████▉                                 2  (  4.0%)
[    949.88 ..     972.19 µs] █████▉                                 2  (  4.0%)
[    972.19 ..     994.50 µs]                                        0  (  0.0%)
[    994.50 ..    1016.81 µs] ███████████▋                           4  (  8.0%)
[   1016.81 ..    1039.12 µs] ████████▊                              3  (  6.0%)
[   1039.12 ..    1061.44 µs] █████▉                                 2  (  4.0%)
[   1061.44 ..    1083.75 µs] █████▉                                 2  (  4.0%)
[   1083.75 ..    1106.06 µs] ███████████▋                           4  (  8.0%)
[   1106.06 ..    1128.38 µs] █████▉                                 2  (  4.0%)
[   1128.38 ..    1150.69 µs] ████████▊                              3  (  6.0%)
[   1150.69 ..     1173 µs] █████▉                                 2  (  4.0%)
                                                      0%  100%
```

### onset_detect

| count | min | max | mean | p50 | p90 | p95 | p99 | p999 |
|---|---|---|---|---|---|---|---|---|
| 50 | 1725 | 2577 | 2040.9 | 2002 | 2395 | 2488 | 2577 | 2577 |

```
[    1725 ..    1778.25 µs] ████████████████████████████████      12  ( 24.0%)
[   1778.25 ..    1831.50 µs] ██████████▋                            4  (  8.0%)
[   1831.50 ..    1884.75 µs] ████████                               3  (  6.0%)
[   1884.75 ..     1938 µs] ████████                               3  (  6.0%)
[    1938 ..    1991.25 µs] █████▍                                 2  (  4.0%)
[   1991.25 ..    2044.50 µs] █████▍                                 2  (  4.0%)
[   2044.50 ..    2097.75 µs] █████▍                                 2  (  4.0%)
[   2097.75 ..     2151 µs] ██████████▋                            4  (  8.0%)
[    2151 ..    2204.25 µs] █████████████▍                         5  ( 10.0%)
[   2204.25 ..    2257.50 µs] ██▋                                    1  (  2.0%)
[   2257.50 ..    2310.75 µs] ████████                               3  (  6.0%)
[   2310.75 ..     2364 µs] ████████                               3  (  6.0%)
[    2364 ..    2417.25 µs] █████▍                                 2  (  4.0%)
[   2417.25 ..    2470.50 µs]                                        0  (  0.0%)
[   2470.50 ..    2523.75 µs] ████████                               3  (  6.0%)
[   2523.75 ..     2577 µs] ██▋                                    1  (  2.0%)
                                                      0%  100%
```

### onset_fft_frontend

| count | min | max | mean | p50 | p90 | p95 | p99 | p999 |
|---|---|---|---|---|---|---|---|---|
| 50 | 736 | 1255 | 927.8 | 880 | 1187 | 1218 | 1255 | 1255 |

```
[     736 ..     768.44 µs] ████████████▎                          5  ( 10.0%)
[    768.44 ..     800.88 µs] ████████████████████████████████      13  ( 26.0%)
[    800.88 ..     833.31 µs] ███████▍                               3  (  6.0%)
[    833.31 ..     865.75 µs] ██▌                                    1  (  2.0%)
[    865.75 ..     898.19 µs] █████████▉                             4  (  8.0%)
[    898.19 ..     930.62 µs] █████████▉                             4  (  8.0%)
[    930.62 ..     963.06 µs] ██▌                                    1  (  2.0%)
[    963.06 ..     995.50 µs] ███████▍                               3  (  6.0%)
[    995.50 ..    1027.94 µs] █████████▉                             4  (  8.0%)
[   1027.94 ..    1060.38 µs] ██▌                                    1  (  2.0%)
[   1060.38 ..    1092.81 µs]                                        0  (  0.0%)
[   1092.81 ..    1125.25 µs] ███████▍                               3  (  6.0%)
[   1125.25 ..    1157.69 µs] ████▉                                  2  (  4.0%)
[   1157.69 ..    1190.12 µs] ██▌                                    1  (  2.0%)
[   1190.12 ..    1222.56 µs] ███████▍                               3  (  6.0%)
[   1222.56 ..     1255 µs] ████▉                                  2  (  4.0%)
                                                      0%  100%
```

### onset_flux

| count | min | max | mean | p50 | p90 | p95 | p99 | p999 |
|---|---|---|---|---|---|---|---|---|
| 50 | 736 | 1046 | 861.6 | 812 | 1010 | 1034 | 1046 | 1046 |

```
[     736 ..     755.38 µs] ████████████████████████████████      13  ( 26.0%)
[    755.38 ..     774.75 µs] ████▉                                  2  (  4.0%)
[    774.75 ..     794.12 µs] █████████▉                             4  (  8.0%)
[    794.12 ..     813.50 µs] ██████████████▊                        6  ( 12.0%)
[    813.50 ..     832.88 µs]                                        0  (  0.0%)
[    832.88 ..     852.25 µs] ████▉                                  2  (  4.0%)
[    852.25 ..     871.62 µs]                                        0  (  0.0%)
[    871.62 ..      891 µs] ████▉                                  2  (  4.0%)
[     891 ..     910.38 µs]                                        0  (  0.0%)
[    910.38 ..     929.75 µs] ███████▍                               3  (  6.0%)
[    929.75 ..     949.12 µs] █████████▉                             4  (  8.0%)
[    949.12 ..     968.50 µs] ███████▍                               3  (  6.0%)
[    968.50 ..     987.88 µs] ███████▍                               3  (  6.0%)
[    987.88 ..    1007.25 µs] ████▉                                  2  (  4.0%)
[   1007.25 ..    1026.62 µs] ███████▍                               3  (  6.0%)
[   1026.62 ..     1046 µs] ███████▍                               3  (  6.0%)
                                                      0%  100%
```

### pre_show_yield

| count | min | max | mean | p50 | p90 | p95 | p99 | p999 |
|---|---|---|---|---|---|---|---|---|
| 131 | 11 | 28 | 14.9 | 14 | 18 | 20 | 23 | 28 |

```
[      11 ..      12.06 µs] ██████████▍                           10  (  7.6%)
[     12.06 ..      13.12 µs] ████████████████████████████████      31  ( 23.7%)
[     13.12 ..      14.19 µs] ████████████████████████████████      31  ( 23.7%)
[     14.19 ..      15.25 µs] ███████████████████████████▉          27  ( 20.6%)
[     15.25 ..      16.31 µs] ████████▎                              8  (  6.1%)
[     16.31 ..      17.38 µs] ████████▎                              8  (  6.1%)
[     17.38 ..      18.44 µs] █████▏                                 5  (  3.8%)
[     18.44 ..      19.50 µs] ████▏                                  4  (  3.1%)
[     19.50 ..      20.56 µs] ██▏                                    2  (  1.5%)
[     20.56 ..      21.62 µs] █                                      1  (  0.8%)
[     21.62 ..      22.69 µs] ██▏                                    2  (  1.5%)
[     22.69 ..      23.75 µs] █                                      1  (  0.8%)
[     23.75 ..      24.81 µs]                                        0  (  0.0%)
[     24.81 ..      25.88 µs]                                        0  (  0.0%)
[     25.88 ..      26.94 µs]                                        0  (  0.0%)
[     26.94 ..       28 µs] █                                      1  (  0.8%)
                                                      0%  100%
```

### render_frame

| count | min | max | mean | p50 | p90 | p95 | p99 | p999 |
|---|---|---|---|---|---|---|---|---|
| 131 | 1022 | 1980 | 1511.1 | 1518 | 1793 | 1907 | 1971 | 1980 |

```
[    1022 ..    1081.88 µs] █▏                                     1  (  0.8%)
[   1081.88 ..    1141.75 µs] ██▎                                    2  (  1.5%)
[   1141.75 ..    1201.62 µs] ████▍                                  4  (  3.1%)
[   1201.62 ..    1261.50 µs] ███████▊                               7  (  5.3%)
[   1261.50 ..    1321.38 µs] ███████████                           10  (  7.6%)
[   1321.38 ..    1381.25 µs] █████████████▎                        12  (  9.2%)
[   1381.25 ..    1441.12 µs] █████████████▎                        12  (  9.2%)
[   1441.12 ..     1501 µs] ███████████                           10  (  7.6%)
[    1501 ..    1560.88 µs] ████████████████████████████████      29  ( 22.1%)
[   1560.88 ..    1620.75 µs] ████████████▏                         11  (  8.4%)
[   1620.75 ..    1680.62 µs] █████████▉                             9  (  6.9%)
[   1680.62 ..    1740.50 µs] ██▎                                    2  (  1.5%)
[   1740.50 ..    1800.38 µs] ████████████▏                         11  (  8.4%)
[   1800.38 ..    1860.25 µs] ███▎                                   3  (  2.3%)
[   1860.25 ..    1920.12 µs] ███▎                                   3  (  2.3%)
[   1920.12 ..     1980 µs] █████▌                                 5  (  3.8%)
                                                      0%  100%
```

### rts_render

| count | min | max | mean | p50 | p90 | p95 | p99 | p999 |
|---|---|---|---|---|---|---|---|---|
| 131 | 316 | 472 | 391.4 | 396 | 438 | 446 | 468 | 472 |

```
[     316 ..     325.75 µs] ███████▏                               4  (  3.1%)
[    325.75 ..     335.50 µs] ████████▉                              5  (  3.8%)
[    335.50 ..     345.25 µs] ██████████▋                            6  (  4.6%)
[    345.25 ..      355 µs] ████████████████████████████▌         16  ( 12.2%)
[     355 ..     364.75 µs] █████████████████▊                    10  (  7.6%)
[    364.75 ..     374.50 µs] ██████████▋                            6  (  4.6%)
[    374.50 ..     384.25 µs] ██████████████▎                        8  (  6.1%)
[    384.25 ..      394 µs] ████████████████                       9  (  6.9%)
[     394 ..     403.75 µs] █████████████████▊                    10  (  7.6%)
[    403.75 ..     413.50 µs] ████████████████████████████████      18  ( 13.7%)
[    413.50 ..     423.25 µs] ██████████████▎                        8  (  6.1%)
[    423.25 ..      433 µs] █████████████████▊                    10  (  7.6%)
[     433 ..     442.75 µs] █████████████████████▍                12  (  9.2%)
[    442.75 ..     452.50 µs] ███████▏                               4  (  3.1%)
[    452.50 ..     462.25 µs] ███▌                                   2  (  1.5%)
[    462.25 ..      472 µs] █████▍                                 3  (  2.3%)
                                                      0%  100%
```

### show_leds

| count | min | max | mean | p50 | p90 | p95 | p99 | p999 |
|---|---|---|---|---|---|---|---|---|
| 132 | 651 | 945 | 815.9 | 802 | 896 | 921 | 941 | 945 |

```
[     651 ..     669.38 µs] █▎                                     1  (  0.8%)
[    669.38 ..     687.75 µs] █▎                                     1  (  0.8%)
[    687.75 ..     706.12 µs] █▎                                     1  (  0.8%)
[    706.12 ..     724.50 µs]                                        0  (  0.0%)
[    724.50 ..     742.88 µs] ██████▍                                5  (  3.8%)
[    742.88 ..     761.25 µs] █████████                              7  (  5.3%)
[    761.25 ..     779.62 µs] █████████████████████▊                17  ( 12.9%)
[    779.62 ..      798 µs] ████████████████████████████████      25  ( 18.9%)
[     798 ..     816.38 µs] ████████████████████████▍             19  ( 14.4%)
[    816.38 ..     834.75 µs] ██████████████▏                       11  (  8.3%)
[    834.75 ..     853.12 µs] ███████████████████▎                  15  ( 11.4%)
[    853.12 ..     871.50 µs] █████████                              7  (  5.3%)
[    871.50 ..     889.88 µs] ██████████▎                            8  (  6.1%)
[    889.88 ..     908.25 µs] █████▏                                 4  (  3.0%)
[    908.25 ..     926.62 µs] ██████▍                                5  (  3.8%)
[    926.62 ..      945 µs] ███████▋                               6  (  4.5%)
                                                      0%  100%
```

### snapshot_publish

| count | min | max | mean | p50 | p90 | p95 | p99 | p999 |
|---|---|---|---|---|---|---|---|---|
| 51 | 90 | 304 | 135.4 | 114 | 197 | 219 | 304 | 304 |

```
[      90 ..     103.38 µs] ████████████████████████████████      14  ( 27.5%)
[    103.38 ..     116.75 µs] ████████████████████████████████      14  ( 27.5%)
[    116.75 ..     130.12 µs] █████████████▊                         6  ( 11.8%)
[    130.12 ..     143.50 µs] ████▋                                  2  (  3.9%)
[    143.50 ..     156.88 µs]                                        0  (  0.0%)
[    156.88 ..     170.25 µs] ██▎                                    1  (  2.0%)
[    170.25 ..     183.62 µs] █████████▏                             4  (  7.8%)
[    183.62 ..      197 µs] █████████▏                             4  (  7.8%)
[     197 ..     210.38 µs] ████▋                                  2  (  3.9%)
[    210.38 ..     223.75 µs] ████▋                                  2  (  3.9%)
[    223.75 ..     237.12 µs]                                        0  (  0.0%)
[    237.12 ..     250.50 µs] ██▎                                    1  (  2.0%)
[    250.50 ..     263.88 µs]                                        0  (  0.0%)
[    263.88 ..     277.25 µs]                                        0  (  0.0%)
[    277.25 ..     290.62 µs]                                        0  (  0.0%)
[    290.62 ..      304 µs] ██▎                                    1  (  2.0%)
                                                      0%  100%
```

## Instant frequency

| Name | Count | First ts (µs) | Last ts (µs) | Mean interarrival (µs) |
|---|---|---|---|---|
| BR_HIHAT | 5 | 155450860 | 156404725 | 238466 |
| BR_KICK | 2 | 155566786 | 155823609 | 256823 |
| ONSET_EVENT | 5 | 155776772 | 156568314 | 197886 |
| ONSET_HIHAT | 1 | 155800146 | 155800146 | — |
| ONSET_KICK | 3 | 156054435 | 156474530 | 210048 |
| ONSET_SNARE | 2 | 155753561 | 156449887 | 696326 |
| render_frame_deadline_miss | 131 | 155431578 | 156590301 | 8913 |

---
_Tool: analyse_trace v1.0 | Input: `/Users/spectrasynq/Workspace_Management/Software/Lightwave-Ledstrip/firmware-v3/docs/research/phase1b_runtime_evidence_2026-04-27/reboot_clean_rerun/traces/meshuggah_dense_metal.json`_

STDERR:
