CMD: python3 firmware-v3/tools/analyse_trace.py firmware-v3/docs/research/phase1b_runtime_evidence_2026-04-27/reboot_clean_rerun/traces/portishead_trip_hop_sparse.json --output firmware-v3/docs/research/phase1b_runtime_evidence_2026-04-27/reboot_clean_rerun/reports/portishead_trip_hop_sparse.report.md --json firmware-v3/docs/research/phase1b_runtime_evidence_2026-04-27/reboot_clean_rerun/reports/portishead_trip_hop_sparse.report.json --deadline-span render_frame --deadline-us 2000 --quiet

STDOUT:
… render_frame_work_us p99 = 4004 µs (no baseline supplied)

## Capture summary

| Field | Value |
|---|---|
| File | `/Users/spectrasynq/Workspace_Management/Software/Lightwave-Ledstrip/firmware-v3/docs/research/phase1b_runtime_evidence_2026-04-27/reboot_clean_rerun/traces/portishead_trip_hop_sparse.json` |
| Events | 5491 |
| Duration | 1.175 s |
| Counters | 71 |
| Spans | 16 |
| Instants | 7 |
| Regions | 1 |

## Render frame deadline misses

_No deadline misses detected._

## Per-counter statistics

### audio_chunk_deadline_miss_total

| count | min | max | mean | p50 | p90 | p95 | p99 | p999 |
|---|---|---|---|---|---|---|---|---|
| 101 | 10885 | 10985 | 10935.0 | 10935 | 10975 | 10980 | 10984 | 10985 |

```
[   10885 ..   10891.25 ] ████████████████████████████████       7  (  6.9%)
[  10891.25 ..   10897.50 ] ███████████████████████████▍           6  (  5.9%)
[  10897.50 ..   10903.75 ] ███████████████████████████▍           6  (  5.9%)
[  10903.75 ..    10910 ] ███████████████████████████▍           6  (  5.9%)
[   10910 ..   10916.25 ] ████████████████████████████████       7  (  6.9%)
[  10916.25 ..   10922.50 ] ███████████████████████████▍           6  (  5.9%)
[  10922.50 ..   10928.75 ] ███████████████████████████▍           6  (  5.9%)
[  10928.75 ..    10935 ] ███████████████████████████▍           6  (  5.9%)
[   10935 ..   10941.25 ] ████████████████████████████████       7  (  6.9%)
[  10941.25 ..   10947.50 ] ███████████████████████████▍           6  (  5.9%)
[  10947.50 ..   10953.75 ] ███████████████████████████▍           6  (  5.9%)
[  10953.75 ..    10960 ] ███████████████████████████▍           6  (  5.9%)
[   10960 ..   10966.25 ] ████████████████████████████████       7  (  6.9%)
[  10966.25 ..   10972.50 ] ███████████████████████████▍           6  (  5.9%)
[  10972.50 ..   10978.75 ] ███████████████████████████▍           6  (  5.9%)
[  10978.75 ..    10985 ] ████████████████████████████████       7  (  6.9%)
                                                      0%  100%
```

_sparkline computed from time-ordered samples_

### audio_chunk_work_us

| count | min | max | mean | p50 | p90 | p95 | p99 | p999 |
|---|---|---|---|---|---|---|---|---|
| 101 | 7000 | 9590 | 8429.6 | 8445 | 9276 | 9323 | 9470 | 9590 |

```
[    7000 ..    7161.88 ] ████████▊                              3  (  3.0%)
[   7161.88 ..    7323.75 ] ████████▊                              3  (  3.0%)
[   7323.75 ..    7485.62 ] ██▉                                    1  (  1.0%)
[   7485.62 ..    7647.50 ] █████▉                                 2  (  2.0%)
[   7647.50 ..    7809.38 ] █████████████████▌                     6  (  5.9%)
[   7809.38 ..    7971.25 ] ███████████████████████▎               8  (  7.9%)
[   7971.25 ..    8133.12 ] ████████████████████████████████      11  ( 10.9%)
[   8133.12 ..     8295 ] ████████████████████████████████      11  ( 10.9%)
[    8295 ..    8456.88 ] █████████████████▌                     6  (  5.9%)
[   8456.88 ..    8618.75 ] █████████████████████████████▏        10  (  9.9%)
[   8618.75 ..    8780.62 ] ███████████████████████▎               8  (  7.9%)
[   8780.62 ..    8942.50 ] █████████████████████████████▏        10  (  9.9%)
[   8942.50 ..    9104.38 ] █████████████████▌                     6  (  5.9%)
[   9104.38 ..    9266.25 ] ███████████▋                           4  (  4.0%)
[   9266.25 ..    9428.12 ] ████████████████████▍                  7  (  6.9%)
[   9428.12 ..     9590 ] ██████████████▌                        5  (  5.0%)
                                                      0%  100%
```

_sparkline computed from time-ordered samples_

### audio_confidence

| count | min | max | mean | p50 | p90 | p95 | p99 | p999 |
|---|---|---|---|---|---|---|---|---|
| 50 | 1000 | 1000 | 1000.0 | 1000 | 1000 | 1000 | 1000 | 1000 |

```
[    1000 ..     1000 ] ████████████████████████████████      50  (100.0%)
                                                      0%  100%
```

_sparkline computed from time-ordered samples_

### audio_hop_count

| count | min | max | mean | p50 | p90 | p95 | p99 | p999 |
|---|---|---|---|---|---|---|---|---|
| 50 | 5443 | 5492 | 5467.5 | 5467 | 5487 | 5490 | 5492 | 5492 |

```
[    5443 ..    5446.06 ] ████████████████████████████████       4  (  8.0%)
[   5446.06 ..    5449.12 ] ████████████████████████               3  (  6.0%)
[   5449.12 ..    5452.19 ] ████████████████████████               3  (  6.0%)
[   5452.19 ..    5455.25 ] ████████████████████████               3  (  6.0%)
[   5455.25 ..    5458.31 ] ████████████████████████               3  (  6.0%)
[   5458.31 ..    5461.38 ] ████████████████████████               3  (  6.0%)
[   5461.38 ..    5464.44 ] ████████████████████████               3  (  6.0%)
[   5464.44 ..    5467.50 ] ████████████████████████               3  (  6.0%)
[   5467.50 ..    5470.56 ] ████████████████████████               3  (  6.0%)
[   5470.56 ..    5473.62 ] ████████████████████████               3  (  6.0%)
[   5473.62 ..    5476.69 ] ████████████████████████               3  (  6.0%)
[   5476.69 ..    5479.75 ] ████████████████████████               3  (  6.0%)
[   5479.75 ..    5482.81 ] ████████████████████████               3  (  6.0%)
[   5482.81 ..    5485.88 ] ████████████████████████               3  (  6.0%)
[   5485.88 ..    5488.94 ] ████████████████████████               3  (  6.0%)
[   5488.94 ..     5492 ] ████████████████████████████████       4  (  8.0%)
                                                      0%  100%
```

_sparkline computed from time-ordered samples_

### audio_hop_deadline_miss_total

| count | min | max | mean | p50 | p90 | p95 | p99 | p999 |
|---|---|---|---|---|---|---|---|---|
| 50 | 5443 | 5492 | 5467.5 | 5467 | 5487 | 5490 | 5492 | 5492 |

```
[    5443 ..    5446.06 ] ████████████████████████████████       4  (  8.0%)
[   5446.06 ..    5449.12 ] ████████████████████████               3  (  6.0%)
[   5449.12 ..    5452.19 ] ████████████████████████               3  (  6.0%)
[   5452.19 ..    5455.25 ] ████████████████████████               3  (  6.0%)
[   5455.25 ..    5458.31 ] ████████████████████████               3  (  6.0%)
[   5458.31 ..    5461.38 ] ████████████████████████               3  (  6.0%)
[   5461.38 ..    5464.44 ] ████████████████████████               3  (  6.0%)
[   5464.44 ..    5467.50 ] ████████████████████████               3  (  6.0%)
[   5467.50 ..    5470.56 ] ████████████████████████               3  (  6.0%)
[   5470.56 ..    5473.62 ] ████████████████████████               3  (  6.0%)
[   5473.62 ..    5476.69 ] ████████████████████████               3  (  6.0%)
[   5476.69 ..    5479.75 ] ████████████████████████               3  (  6.0%)
[   5479.75 ..    5482.81 ] ████████████████████████               3  (  6.0%)
[   5482.81 ..    5485.88 ] ████████████████████████               3  (  6.0%)
[   5485.88 ..    5488.94 ] ████████████████████████               3  (  6.0%)
[   5488.94 ..     5492 ] ████████████████████████████████       4  (  8.0%)
                                                      0%  100%
```

_sparkline computed from time-ordered samples_

### audio_hop_freq

| count | min | max | mean | p50 | p90 | p95 | p99 | p999 |
|---|---|---|---|---|---|---|---|---|
| 50 | 4015 | 4654 | 4292.8 | 4265 | 4554 | 4574 | 4654 | 4654 |

```
[    4015 ..    4054.94 ] ████████                               2  (  4.0%)
[   4054.94 ..    4094.88 ] ████████████████████████████████       8  ( 16.0%)
[   4094.88 ..    4134.81 ] ████████                               2  (  4.0%)
[   4134.81 ..    4174.75 ] ████████████                           3  (  6.0%)
[   4174.75 ..    4214.69 ] ████████████                           3  (  6.0%)
[   4214.69 ..    4254.62 ] ████████████████                       4  (  8.0%)
[   4254.62 ..    4294.56 ] ████████████████████                   5  ( 10.0%)
[   4294.56 ..    4334.50 ] ████████                               2  (  4.0%)
[   4334.50 ..    4374.44 ] ████████                               2  (  4.0%)
[   4374.44 ..    4414.38 ] ████████████████                       4  (  8.0%)
[   4414.38 ..    4454.31 ] ████████████████████                   5  ( 10.0%)
[   4454.31 ..    4494.25 ] ████████████                           3  (  6.0%)
[   4494.25 ..    4534.19 ] ████                                   1  (  2.0%)
[   4534.19 ..    4574.12 ] ████████████████                       4  (  8.0%)
[   4574.12 ..    4614.06 ] ████                                   1  (  2.0%)
[   4614.06 ..     4654 ] ████                                   1  (  2.0%)
                                                      0%  100%
```

_sparkline computed from time-ordered samples_

### audio_hop_us

| count | min | max | mean | p50 | p90 | p95 | p99 | p999 |
|---|---|---|---|---|---|---|---|---|
| 50 | 21045 | 24469 | 22895.1 | 22911 | 24098 | 24178 | 24469 | 24469 |

```
[   21045 ..    21259 ] █████▍                                 1  (  2.0%)
[   21259 ..    21473 ] ████████████████                       3  (  6.0%)
[   21473 ..    21687 ] ██████████▋                            2  (  4.0%)
[   21687 ..    21901 ] █████▍                                 1  (  2.0%)
[   21901 ..    22115 ] ████████████████████████████████       6  ( 12.0%)
[   22115 ..    22329 ] █████████████████████▍                 4  (  8.0%)
[   22329 ..    22543 ] ████████████████                       3  (  6.0%)
[   22543 ..    22757 ] ██████████▋                            2  (  4.0%)
[   22757 ..    22971 ] ████████████████                       3  (  6.0%)
[   22971 ..    23185 ] ████████████████████████████████       6  ( 12.0%)
[   23185 ..    23399 ] ██████████▋                            2  (  4.0%)
[   23399 ..    23613 ] ████████████████                       3  (  6.0%)
[   23613 ..    23827 ] ██████████▋                            2  (  4.0%)
[   23827 ..    24041 ] █████████████████████▍                 4  (  8.0%)
[   24041 ..    24255 ] ████████████████████████████████       6  ( 12.0%)
[   24255 ..    24469 ] ██████████▋                            2  (  4.0%)
                                                      0%  100%
```

_sparkline computed from time-ordered samples_

### audio_rms

| count | min | max | mean | p50 | p90 | p95 | p99 | p999 |
|---|---|---|---|---|---|---|---|---|
| 50 | 8838 | 10000 | 9963.5 | 10000 | 10000 | 10000 | 10000 | 10000 |

```
[    8838 ..    8910.62 ] ▋                                      1  (  2.0%)
[   8910.62 ..    8983.25 ]                                        0  (  0.0%)
[   8983.25 ..    9055.88 ]                                        0  (  0.0%)
[   9055.88 ..    9128.50 ]                                        0  (  0.0%)
[   9128.50 ..    9201.12 ]                                        0  (  0.0%)
[   9201.12 ..    9273.75 ]                                        0  (  0.0%)
[   9273.75 ..    9346.38 ]                                        0  (  0.0%)
[   9346.38 ..     9419 ]                                        0  (  0.0%)
[    9419 ..    9491.62 ]                                        0  (  0.0%)
[   9491.62 ..    9564.25 ] ▋                                      1  (  2.0%)
[   9564.25 ..    9636.88 ]                                        0  (  0.0%)
[   9636.88 ..    9709.50 ]                                        0  (  0.0%)
[   9709.50 ..    9782.12 ]                                        0  (  0.0%)
[   9782.12 ..    9854.75 ] ▋                                      1  (  2.0%)
[   9854.75 ..    9927.38 ]                                        0  (  0.0%)
[   9927.38 ..    10000 ] ████████████████████████████████      47  ( 94.0%)
                                                      0%  100%
```

_sparkline computed from time-ordered samples_

### audio_rms_x1000

| count | min | max | mean | p50 | p90 | p95 | p99 | p999 |
|---|---|---|---|---|---|---|---|---|
| 50 | 883 | 1000 | 996.3 | 1000 | 1000 | 1000 | 1000 | 1000 |

```
[     883 ..     890.31 ] ▋                                      1  (  2.0%)
[    890.31 ..     897.62 ]                                        0  (  0.0%)
[    897.62 ..     904.94 ]                                        0  (  0.0%)
[    904.94 ..     912.25 ]                                        0  (  0.0%)
[    912.25 ..     919.56 ]                                        0  (  0.0%)
[    919.56 ..     926.88 ]                                        0  (  0.0%)
[    926.88 ..     934.19 ]                                        0  (  0.0%)
[    934.19 ..     941.50 ]                                        0  (  0.0%)
[    941.50 ..     948.81 ]                                        0  (  0.0%)
[    948.81 ..     956.12 ] ▋                                      1  (  2.0%)
[    956.12 ..     963.44 ]                                        0  (  0.0%)
[    963.44 ..     970.75 ]                                        0  (  0.0%)
[    970.75 ..     978.06 ] ▋                                      1  (  2.0%)
[    978.06 ..     985.38 ]                                        0  (  0.0%)
[    985.38 ..     992.69 ]                                        0  (  0.0%)
[    992.69 ..     1000 ] ████████████████████████████████      47  ( 94.0%)
                                                      0%  100%
```

_sparkline computed from time-ordered samples_

### audio_silence_scale

| count | min | max | mean | p50 | p90 | p95 | p99 | p999 |
|---|---|---|---|---|---|---|---|---|
| 50 | 999 | 999 | 999.0 | 999 | 999 | 999 | 999 | 999 |

```
[     999 ..      999 ] ████████████████████████████████      50  (100.0%)
                                                      0%  100%
```

_sparkline computed from time-ordered samples_

### audio_snapshot_age_us

| count | min | max | mean | p50 | p90 | p95 | p99 | p999 |
|---|---|---|---|---|---|---|---|---|
| 131 | 0 | 18113 | 7626.2 | 8870 | 17816 | 17902 | 18061 | 18113 |

```
[       0 ..    1132.06 ] ████████████████████████████████      50  ( 38.2%)
[   1132.06 ..    2264.12 ]                                        0  (  0.0%)
[   2264.12 ..    3396.19 ]                                        0  (  0.0%)
[   3396.19 ..    4528.25 ]                                        0  (  0.0%)
[   4528.25 ..    5660.31 ]                                        0  (  0.0%)
[   5660.31 ..    6792.38 ]                                        0  (  0.0%)
[   6792.38 ..    7924.44 ]                                        0  (  0.0%)
[   7924.44 ..    9056.50 ] █████████████████████████████▌        46  ( 35.1%)
[   9056.50 ..   10188.56 ] ██▌                                    4  (  3.1%)
[  10188.56 ..   11320.62 ]                                        0  (  0.0%)
[  11320.62 ..   12452.69 ]                                        0  (  0.0%)
[  12452.69 ..   13584.75 ]                                        0  (  0.0%)
[  13584.75 ..   14716.81 ]                                        0  (  0.0%)
[  14716.81 ..   15848.88 ]                                        0  (  0.0%)
[  15848.88 ..   16980.94 ]                                        0  (  0.0%)
[  16980.94 ..    18113 ] ███████████████████▉                  31  ( 23.7%)
                                                      0%  100%
```

_sparkline computed from time-ordered samples_

### audio_snapshot_copy_us

| count | min | max | mean | p50 | p90 | p95 | p99 | p999 |
|---|---|---|---|---|---|---|---|---|
| 131 | 77 | 449 | 261.7 | 259 | 354 | 430 | 445 | 449 |

```
[      77 ..     100.25 ] █████▋                                 4  (  3.1%)
[    100.25 ..     123.50 ] █▍                                     1  (  0.8%)
[    123.50 ..     146.75 ] █▍                                     1  (  0.8%)
[    146.75 ..      170 ] ████████▍                              6  (  4.6%)
[     170 ..     193.25 ] ███████████████▎                      11  (  8.4%)
[    193.25 ..     216.50 ] ███████████▏                           8  (  6.1%)
[    216.50 ..     239.75 ] ██████████████████████▎               16  ( 12.2%)
[    239.75 ..      263 ] ████████████████████████████████      23  ( 17.6%)
[     263 ..     286.25 ] ███████████████████████████▉          20  ( 15.3%)
[    286.25 ..     309.50 ] ██████████████████████▎               16  ( 12.2%)
[    309.50 ..     332.75 ] ███████                                5  (  3.8%)
[    332.75 ..      356 ] █████████▊                             7  (  5.3%)
[     356 ..     379.25 ] █████▋                                 4  (  3.1%)
[    379.25 ..     402.50 ] ██▊                                    2  (  1.5%)
[    402.50 ..     425.75 ]                                        0  (  0.0%)
[    425.75 ..      449 ] █████████▊                             7  (  5.3%)
                                                      0%  100%
```

_sparkline computed from time-ordered samples_

### audio_snapshot_hop_seq_lag

| count | min | max | mean | p50 | p90 | p95 | p99 | p999 |
|---|---|---|---|---|---|---|---|---|
| 131 | 0 | 1 | 0.4 | 0 | 1 | 1 | 1 | 1 |

```
[       0 ..       0.06 ] ████████████████████████████████      81  ( 61.8%)
[      0.06 ..       0.12 ]                                        0  (  0.0%)
[      0.12 ..       0.19 ]                                        0  (  0.0%)
[      0.19 ..       0.25 ]                                        0  (  0.0%)
[      0.25 ..       0.31 ]                                        0  (  0.0%)
[      0.31 ..       0.38 ]                                        0  (  0.0%)
[      0.38 ..       0.44 ]                                        0  (  0.0%)
[      0.44 ..       0.50 ]                                        0  (  0.0%)
[      0.50 ..       0.56 ]                                        0  (  0.0%)
[      0.56 ..       0.62 ]                                        0  (  0.0%)
[      0.62 ..       0.69 ]                                        0  (  0.0%)
[      0.69 ..       0.75 ]                                        0  (  0.0%)
[      0.75 ..       0.81 ]                                        0  (  0.0%)
[      0.81 ..       0.88 ]                                        0  (  0.0%)
[      0.88 ..       0.94 ]                                        0  (  0.0%)
[      0.94 ..        1 ] ███████████████████▊                  50  ( 38.2%)
                                                      0%  100%
```

_sparkline computed from time-ordered samples_

### band_ratio_us

| count | min | max | mean | p50 | p90 | p95 | p99 | p999 |
|---|---|---|---|---|---|---|---|---|
| 50 | 62 | 102 | 72.0 | 66 | 91 | 98 | 102 | 102 |

```
[      62 ..      64.50 ] █████████████████████████████▉        14  ( 28.0%)
[     64.50 ..       67 ] ████████████████████████████████      15  ( 30.0%)
[      67 ..      69.50 ] ██████▍                                3  (  6.0%)
[     69.50 ..       72 ] ████▎                                  2  (  4.0%)
[      72 ..      74.50 ] ██▏                                    1  (  2.0%)
[     74.50 ..       77 ] ██▏                                    1  (  2.0%)
[      77 ..      79.50 ] ██▏                                    1  (  2.0%)
[     79.50 ..       82 ] ██▏                                    1  (  2.0%)
[      82 ..      84.50 ] ██████▍                                3  (  6.0%)
[     84.50 ..       87 ] ████▎                                  2  (  4.0%)
[      87 ..      89.50 ] ██▏                                    1  (  2.0%)
[     89.50 ..       92 ] ██▏                                    1  (  2.0%)
[      92 ..      94.50 ] ████▎                                  2  (  4.0%)
[     94.50 ..       97 ]                                        0  (  0.0%)
[      97 ..      99.50 ] ████▎                                  2  (  4.0%)
[     99.50 ..      102 ] ██▏                                    1  (  2.0%)
                                                      0%  100%
```

_sparkline computed from time-ordered samples_

### br_hihat_energy

| count | min | max | mean | p50 | p90 | p95 | p99 | p999 |
|---|---|---|---|---|---|---|---|---|
| 50 | 1292 | 2094 | 1656.7 | 1669 | 1949 | 2052 | 2094 | 2094 |

```
[    1292 ..    1342.12 ] ███████████▋                           4  (  8.0%)
[   1342.12 ..    1392.25 ] ████████▊                              3  (  6.0%)
[   1392.25 ..    1442.38 ] ███████████▋                           4  (  8.0%)
[   1442.38 ..    1492.50 ] ███████████▋                           4  (  8.0%)
[   1492.50 ..    1542.62 ] ██▉                                    1  (  2.0%)
[   1542.62 ..    1592.75 ] ███████████▋                           4  (  8.0%)
[   1592.75 ..    1642.88 ] ██▉                                    1  (  2.0%)
[   1642.88 ..     1693 ] ████████████████████████████████      11  ( 22.0%)
[    1693 ..    1743.12 ] ██▉                                    1  (  2.0%)
[   1743.12 ..    1793.25 ] ██▉                                    1  (  2.0%)
[   1793.25 ..    1843.38 ] ███████████▋                           4  (  8.0%)
[   1843.38 ..    1893.50 ] ████████▊                              3  (  6.0%)
[   1893.50 ..    1943.62 ] ████████▊                              3  (  6.0%)
[   1943.62 ..    1993.75 ] ██▉                                    1  (  2.0%)
[   1993.75 ..    2043.88 ] █████▉                                 2  (  4.0%)
[   2043.88 ..     2094 ] ████████▊                              3  (  6.0%)
                                                      0%  100%
```

_sparkline computed from time-ordered samples_

### br_kick_energy

| count | min | max | mean | p50 | p90 | p95 | p99 | p999 |
|---|---|---|---|---|---|---|---|---|
| 50 | 3 | 354 | 77.0 | 22 | 311 | 346 | 354 | 354 |

```
[       3 ..      24.94 ] ████████████████████████████████      26  ( 52.0%)
[     24.94 ..      46.88 ] ████████████▎                         10  ( 20.0%)
[     46.88 ..      68.81 ] ███▊                                   3  (  6.0%)
[     68.81 ..      90.75 ]                                        0  (  0.0%)
[     90.75 ..     112.69 ] █▎                                     1  (  2.0%)
[    112.69 ..     134.62 ]                                        0  (  0.0%)
[    134.62 ..     156.56 ] █▎                                     1  (  2.0%)
[    156.56 ..     178.50 ]                                        0  (  0.0%)
[    178.50 ..     200.44 ] █▎                                     1  (  2.0%)
[    200.44 ..     222.38 ]                                        0  (  0.0%)
[    222.38 ..     244.31 ] █▎                                     1  (  2.0%)
[    244.31 ..     266.25 ]                                        0  (  0.0%)
[    266.25 ..     288.19 ] █▎                                     1  (  2.0%)
[    288.19 ..     310.12 ]                                        0  (  0.0%)
[    310.12 ..     332.06 ] ██▌                                    2  (  4.0%)
[    332.06 ..      354 ] ████▉                                  4  (  8.0%)
                                                      0%  100%
```

_sparkline computed from time-ordered samples_

### br_raw_rms

| count | min | max | mean | p50 | p90 | p95 | p99 | p999 |
|---|---|---|---|---|---|---|---|---|
| 50 | 70555 | 155819 | 114988.1 | 117020 | 143056 | 150997 | 155819 | 155819 |

```
[   70555 ..    75884 ] ████▋                                  1  (  2.0%)
[   75884 ..    81213 ] █████████▏                             2  (  4.0%)
[   81213 ..    86542 ] █████████▏                             2  (  4.0%)
[   86542 ..    91871 ] ██████████████████████▉                5  ( 10.0%)
[   91871 ..    97200 ] ██████████████████▎                    4  (  8.0%)
[   97200 ..   102529 ] ████▋                                  1  (  2.0%)
[  102529 ..   107858 ] █████████████▊                         3  (  6.0%)
[  107858 ..   113187 ] ██████████████████▎                    4  (  8.0%)
[  113187 ..   118516 ] ██████████████████████▉                5  ( 10.0%)
[  118516 ..   123845 ] ████████████████████████████████       7  ( 14.0%)
[  123845 ..   129174 ] █████████▏                             2  (  4.0%)
[  129174 ..   134503 ] ██████████████████████▉                5  ( 10.0%)
[  134503 ..   139832 ] ████▋                                  1  (  2.0%)
[  139832 ..   145161 ] █████████████▊                         3  (  6.0%)
[  145161 ..   150490 ] █████████▏                             2  (  4.0%)
[  150490 ..   155819 ] █████████████▊                         3  (  6.0%)
                                                      0%  100%
```

_sparkline computed from time-ordered samples_

### br_rms_eligible

| count | min | max | mean | p50 | p90 | p95 | p99 | p999 |
|---|---|---|---|---|---|---|---|---|
| 50 | 1 | 1 | 1.0 | 1 | 1 | 1 | 1 | 1 |

```
[       1 ..        1 ] ████████████████████████████████      50  (100.0%)
                                                      0%  100%
```

_sparkline computed from time-ordered samples_

### br_snare_energy

| count | min | max | mean | p50 | p90 | p95 | p99 | p999 |
|---|---|---|---|---|---|---|---|---|
| 50 | 58 | 482 | 324.2 | 391 | 460 | 477 | 482 | 482 |

```
[      58 ..      84.50 ] ███████████████████████▎               8  ( 16.0%)
[     84.50 ..      111 ] ████████▊                              3  (  6.0%)
[     111 ..     137.50 ]                                        0  (  0.0%)
[    137.50 ..      164 ]                                        0  (  0.0%)
[     164 ..     190.50 ] ██▉                                    1  (  2.0%)
[    190.50 ..      217 ]                                        0  (  0.0%)
[     217 ..     243.50 ]                                        0  (  0.0%)
[    243.50 ..      270 ] ██▉                                    1  (  2.0%)
[     270 ..     296.50 ] ████████▊                              3  (  6.0%)
[    296.50 ..      323 ] ███████████▋                           4  (  8.0%)
[     323 ..     349.50 ] █████▉                                 2  (  4.0%)
[    349.50 ..      376 ] ██▉                                    1  (  2.0%)
[     376 ..     402.50 ] ███████████▋                           4  (  8.0%)
[    402.50 ..      429 ] ██████████████▌                        5  ( 10.0%)
[     429 ..     455.50 ] ████████████████████████████████      11  ( 22.0%)
[    455.50 ..      482 ] ████████████████████▍                  7  ( 14.0%)
                                                      0%  100%
```

_sparkline computed from time-ordered samples_

### color_correction_us

| count | min | max | mean | p50 | p90 | p95 | p99 | p999 |
|---|---|---|---|---|---|---|---|---|
| 132 | 800 | 1283 | 1069.0 | 1069 | 1195 | 1242 | 1280 | 1283 |

```
[     800 ..     830.19 ] ██████▍                                4  (  3.0%)
[    830.19 ..     860.38 ] ██████▍                                4  (  3.0%)
[    860.38 ..     890.56 ] █▋                                     1  (  0.8%)
[    890.56 ..     920.75 ] █▋                                     1  (  0.8%)
[    920.75 ..     950.94 ] ██████▍                                4  (  3.0%)
[    950.94 ..     981.12 ] ████████████████                      10  (  7.6%)
[    981.12 ..    1011.31 ] ████████████████████████████████      20  ( 15.2%)
[   1011.31 ..    1041.50 ] █████████████████▋                    11  (  8.3%)
[   1041.50 ..    1071.69 ] ███████████████████▎                  12  (  9.1%)
[   1071.69 ..    1101.88 ] ██████████████▍                        9  (  6.8%)
[   1101.88 ..    1132.06 ] ███████████████████▎                  12  (  9.1%)
[   1132.06 ..    1162.25 ] █████████████████████████▋            16  ( 12.1%)
[   1162.25 ..    1192.44 ] ████████████████████▊                 13  (  9.8%)
[   1192.44 ..    1222.62 ] ████▊                                  3  (  2.3%)
[   1222.62 ..    1252.81 ] █████████▋                             6  (  4.5%)
[   1252.81 ..     1283 ] █████████▋                             6  (  4.5%)
                                                      0%  100%
```

_sparkline computed from time-ordered samples_

### controlbus_publish_copy_us

| count | min | max | mean | p50 | p90 | p95 | p99 | p999 |
|---|---|---|---|---|---|---|---|---|
| 50 | 70 | 288 | 120.8 | 90 | 212 | 232 | 288 | 288 |

```
[      70 ..      83.62 ] ████████████████████████████████      17  ( 34.0%)
[     83.62 ..      97.25 ] ████████████████████▊                 11  ( 22.0%)
[     97.25 ..     110.88 ] ███████▌                               4  (  8.0%)
[    110.88 ..     124.50 ]                                        0  (  0.0%)
[    124.50 ..     138.12 ] █████▋                                 3  (  6.0%)
[    138.12 ..     151.75 ] █████▋                                 3  (  6.0%)
[    151.75 ..     165.38 ] ███▊                                   2  (  4.0%)
[    165.38 ..      179 ] █▉                                     1  (  2.0%)
[     179 ..     192.62 ] ███▊                                   2  (  4.0%)
[    192.62 ..     206.25 ] █▉                                     1  (  2.0%)
[    206.25 ..     219.88 ] ███▊                                   2  (  4.0%)
[    219.88 ..     233.50 ] ███▊                                   2  (  4.0%)
[    233.50 ..     247.12 ] █▉                                     1  (  2.0%)
[    247.12 ..     260.75 ]                                        0  (  0.0%)
[    260.75 ..     274.38 ]                                        0  (  0.0%)
[    274.38 ..      288 ] █▉                                     1  (  2.0%)
                                                      0%  100%
```

_sparkline computed from time-ordered samples_

### effect_id_active

| count | min | max | mean | p50 | p90 | p95 | p99 | p999 |
|---|---|---|---|---|---|---|---|---|
| 131 | 8448 | 8448 | 8448.0 | 8448 | 8448 | 8448 | 8448 | 8448 |

```
[    8448 ..     8448 ] ████████████████████████████████     131  (100.0%)
                                                      0%  100%
```

_sparkline computed from time-ordered samples_

### fps

| count | min | max | mean | p50 | p90 | p95 | p99 | p999 |
|---|---|---|---|---|---|---|---|---|
| 1 | 119 | 119 | 119.0 | 119 | 119 | 119 | 119 | 119 |

```
[     119 ..      119 ] ████████████████████████████████       1  (100.0%)
                                                      0%  100%
```

_sparkline computed from time-ordered samples_

### heap_free_internal_kb

| count | min | max | mean | p50 | p90 | p95 | p99 | p999 |
|---|---|---|---|---|---|---|---|---|
| 1 | 17 | 17 | 17.0 | 17 | 17 | 17 | 17 | 17 |

```
[      17 ..       17 ] ████████████████████████████████       1  (100.0%)
                                                      0%  100%
```

_sparkline computed from time-ordered samples_

### heap_free_psram_kb

| count | min | max | mean | p50 | p90 | p95 | p99 | p999 |
|---|---|---|---|---|---|---|---|---|
| 1 | 7812 | 7812 | 7812.0 | 7812 | 7812 | 7812 | 7812 | 7812 |

```
[    7812 ..     7812 ] ████████████████████████████████       1  (100.0%)
                                                      0%  100%
```

_sparkline computed from time-ordered samples_

### heap_largest_internal_kb

| count | min | max | mean | p50 | p90 | p95 | p99 | p999 |
|---|---|---|---|---|---|---|---|---|
| 1 | 7 | 7 | 7.0 | 7 | 7 | 7 | 7 | 7 |

```
[       7 ..        7 ] ████████████████████████████████       1  (100.0%)
                                                      0%  100%
```

_sparkline computed from time-ordered samples_

### heap_largest_psram_kb

| count | min | max | mean | p50 | p90 | p95 | p99 | p999 |
|---|---|---|---|---|---|---|---|---|
| 1 | 7807 | 7807 | 7807.0 | 7807 | 7807 | 7807 | 7807 | 7807 |

```
[    7807 ..     7807 ] ████████████████████████████████       1  (100.0%)
                                                      0%  100%
```

_sparkline computed from time-ordered samples_

### led_show_avg_us

| count | min | max | mean | p50 | p90 | p95 | p99 | p999 |
|---|---|---|---|---|---|---|---|---|
| 1 | 541 | 541 | 541.0 | 541 | 541 | 541 | 541 | 541 |

```
[     541 ..      541 ] ████████████████████████████████       1  (100.0%)
                                                      0%  100%
```

_sparkline computed from time-ordered samples_

### led_show_failures_total

| count | min | max | mean | p50 | p90 | p95 | p99 | p999 |
|---|---|---|---|---|---|---|---|---|
| 1 | 0 | 0 | 0.0 | 0 | 0 | 0 | 0 | 0 |

```
[       0 ..        0 ] ████████████████████████████████       1  (100.0%)
                                                      0%  100%
```

_sparkline computed from time-ordered samples_

### led_show_max_us

| count | min | max | mean | p50 | p90 | p95 | p99 | p999 |
|---|---|---|---|---|---|---|---|---|
| 1 | 2091 | 2091 | 2091.0 | 2091 | 2091 | 2091 | 2091 | 2091 |

```
[    2091 ..     2091 ] ████████████████████████████████       1  (100.0%)
                                                      0%  100%
```

_sparkline computed from time-ordered samples_

### led_show_skips_total

| count | min | max | mean | p50 | p90 | p95 | p99 | p999 |
|---|---|---|---|---|---|---|---|---|
| 1 | 0 | 0 | 0.0 | 0 | 0 | 0 | 0 | 0 |

```
[       0 ..        0 ] ████████████████████████████████       1  (100.0%)
                                                      0%  100%
```

_sparkline computed from time-ordered samples_

### onset_activity

| count | min | max | mean | p50 | p90 | p95 | p99 | p999 |
|---|---|---|---|---|---|---|---|---|
| 50 | 1000 | 1000 | 1000.0 | 1000 | 1000 | 1000 | 1000 | 1000 |

```
[    1000 ..     1000 ] ████████████████████████████████      50  (100.0%)
                                                      0%  100%
```

_sparkline computed from time-ordered samples_

### onset_bass_flux

| count | min | max | mean | p50 | p90 | p95 | p99 | p999 |
|---|---|---|---|---|---|---|---|---|
| 50 | 6 | 5476 | 1383.0 | 1040 | 2513 | 3354 | 5476 | 5476 |

```
[       6 ..     347.88 ] ████████████████████████████▊          9  ( 18.0%)
[    347.88 ..     689.75 ] ████████████████                       5  ( 10.0%)
[    689.75 ..    1031.62 ] ████████████████████████████████      10  ( 20.0%)
[   1031.62 ..    1373.50 ] ████████████████                       5  ( 10.0%)
[   1373.50 ..    1715.38 ] ████████████████                       5  ( 10.0%)
[   1715.38 ..    2057.25 ] ██████▍                                2  (  4.0%)
[   2057.25 ..    2399.12 ] ██████████████████████▍                7  ( 14.0%)
[   2399.12 ..     2741 ] ██████▍                                2  (  4.0%)
[    2741 ..    3082.88 ]                                        0  (  0.0%)
[   3082.88 ..    3424.75 ] █████████▋                             3  (  6.0%)
[   3424.75 ..    3766.62 ] ███▎                                   1  (  2.0%)
[   3766.62 ..    4108.50 ]                                        0  (  0.0%)
[   4108.50 ..    4450.38 ]                                        0  (  0.0%)
[   4450.38 ..    4792.25 ]                                        0  (  0.0%)
[   4792.25 ..    5134.12 ]                                        0  (  0.0%)
[   5134.12 ..     5476 ] ███▎                                   1  (  2.0%)
                                                      0%  100%
```

_sparkline computed from time-ordered samples_

### onset_decision_us

| count | min | max | mean | p50 | p90 | p95 | p99 | p999 |
|---|---|---|---|---|---|---|---|---|
| 50 | 816 | 1172 | 950.5 | 920 | 1125 | 1149 | 1172 | 1172 |

```
[     816 ..     838.25 ] ████████████████████████████████      17  ( 34.0%)
[    838.25 ..     860.50 ]                                        0  (  0.0%)
[    860.50 ..     882.75 ] █████▋                                 3  (  6.0%)
[    882.75 ..      905 ] ███▊                                   2  (  4.0%)
[     905 ..     927.25 ] ███████▌                               4  (  8.0%)
[    927.25 ..     949.50 ] ███▊                                   2  (  4.0%)
[    949.50 ..     971.75 ]                                        0  (  0.0%)
[    971.75 ..      994 ] █████▋                                 3  (  6.0%)
[     994 ..    1016.25 ] █▉                                     1  (  2.0%)
[   1016.25 ..    1038.50 ] ███▊                                   2  (  4.0%)
[   1038.50 ..    1060.75 ] ███████████▎                           6  ( 12.0%)
[   1060.75 ..     1083 ] █▉                                     1  (  2.0%)
[    1083 ..    1105.25 ]                                        0  (  0.0%)
[   1105.25 ..    1127.50 ] ███████▌                               4  (  8.0%)
[   1127.50 ..    1149.75 ] █████▋                                 3  (  6.0%)
[   1149.75 ..     1172 ] ███▊                                   2  (  4.0%)
                                                      0%  100%
```

_sparkline computed from time-ordered samples_

### onset_env

| count | min | max | mean | p50 | p90 | p95 | p99 | p999 |
|---|---|---|---|---|---|---|---|---|
| 50 | 0 | 4302 | 187.2 | 0 | 0 | 586 | 4302 | 4302 |

```
[       0 ..     268.88 ] ████████████████████████████████      46  ( 92.0%)
[    268.88 ..     537.75 ] ▊                                      1  (  2.0%)
[    537.75 ..     806.62 ] ▊                                      1  (  2.0%)
[    806.62 ..    1075.50 ]                                        0  (  0.0%)
[   1075.50 ..    1344.38 ]                                        0  (  0.0%)
[   1344.38 ..    1613.25 ]                                        0  (  0.0%)
[   1613.25 ..    1882.12 ]                                        0  (  0.0%)
[   1882.12 ..     2151 ]                                        0  (  0.0%)
[    2151 ..    2419.88 ]                                        0  (  0.0%)
[   2419.88 ..    2688.75 ]                                        0  (  0.0%)
[   2688.75 ..    2957.62 ]                                        0  (  0.0%)
[   2957.62 ..    3226.50 ]                                        0  (  0.0%)
[   3226.50 ..    3495.38 ]                                        0  (  0.0%)
[   3495.38 ..    3764.25 ]                                        0  (  0.0%)
[   3764.25 ..    4033.12 ] ▊                                      1  (  2.0%)
[   4033.12 ..     4302 ] ▊                                      1  (  2.0%)
                                                      0%  100%
```

_sparkline computed from time-ordered samples_

### onset_event_strength

| count | min | max | mean | p50 | p90 | p95 | p99 | p999 |
|---|---|---|---|---|---|---|---|---|
| 50 | 0 | 4302 | 187.2 | 0 | 0 | 586 | 4302 | 4302 |

```
[       0 ..     268.88 ] ████████████████████████████████      46  ( 92.0%)
[    268.88 ..     537.75 ] ▊                                      1  (  2.0%)
[    537.75 ..     806.62 ] ▊                                      1  (  2.0%)
[    806.62 ..    1075.50 ]                                        0  (  0.0%)
[   1075.50 ..    1344.38 ]                                        0  (  0.0%)
[   1344.38 ..    1613.25 ]                                        0  (  0.0%)
[   1613.25 ..    1882.12 ]                                        0  (  0.0%)
[   1882.12 ..     2151 ]                                        0  (  0.0%)
[    2151 ..    2419.88 ]                                        0  (  0.0%)
[   2419.88 ..    2688.75 ]                                        0  (  0.0%)
[   2688.75 ..    2957.62 ]                                        0  (  0.0%)
[   2957.62 ..    3226.50 ]                                        0  (  0.0%)
[   3226.50 ..    3495.38 ]                                        0  (  0.0%)
[   3495.38 ..    3764.25 ]                                        0  (  0.0%)
[   3764.25 ..    4033.12 ] ▊                                      1  (  2.0%)
[   4033.12 ..     4302 ] ▊                                      1  (  2.0%)
                                                      0%  100%
```

_sparkline computed from time-ordered samples_

### onset_fft_frontend_us

| count | min | max | mean | p50 | p90 | p95 | p99 | p999 |
|---|---|---|---|---|---|---|---|---|
| 50 | 755 | 1330 | 934.9 | 867 | 1201 | 1246 | 1330 | 1330 |

```
[     755 ..     790.94 ] ██████████████████████████▏            9  ( 18.0%)
[    790.94 ..     826.88 ] ████████████████████████████████      11  ( 22.0%)
[    826.88 ..     862.81 ] █████▉                                 2  (  4.0%)
[    862.81 ..     898.75 ] █████████████████▌                     6  ( 12.0%)
[    898.75 ..     934.69 ] █████▉                                 2  (  4.0%)
[    934.69 ..     970.62 ] ████████▊                              3  (  6.0%)
[    970.62 ..    1006.56 ] █████▉                                 2  (  4.0%)
[   1006.56 ..    1042.50 ] ██▉                                    1  (  2.0%)
[   1042.50 ..    1078.44 ] ██▉                                    1  (  2.0%)
[   1078.44 ..    1114.38 ] ██████████████▌                        5  ( 10.0%)
[   1114.38 ..    1150.31 ]                                        0  (  0.0%)
[   1150.31 ..    1186.25 ] ██▉                                    1  (  2.0%)
[   1186.25 ..    1222.19 ] ████████▊                              3  (  6.0%)
[   1222.19 ..    1258.12 ] ████████▊                              3  (  6.0%)
[   1258.12 ..    1294.06 ]                                        0  (  0.0%)
[   1294.06 ..     1330 ] ██▉                                    1  (  2.0%)
                                                      0%  100%
```

_sparkline computed from time-ordered samples_

### onset_flux

| count | min | max | mean | p50 | p90 | p95 | p99 | p999 |
|---|---|---|---|---|---|---|---|---|
| 50 | 19907 | 58789 | 35501.0 | 33660 | 49350 | 51992 | 58789 | 58789 |

```
[   19907 ..   22337.12 ] ██████▍                                2  (  4.0%)
[  22337.12 ..   24767.25 ] ██████▍                                2  (  4.0%)
[  24767.25 ..   27197.38 ] ███▎                                   1  (  2.0%)
[  27197.38 ..   29627.50 ] ██████████████████████▍                7  ( 14.0%)
[  29627.50 ..   32057.62 ] ███████████████████▎                   6  ( 12.0%)
[  32057.62 ..   34487.75 ] ████████████████████████████████      10  ( 20.0%)
[  34487.75 ..   36917.88 ] ████████████████                       5  ( 10.0%)
[  36917.88 ..    39348 ] █████████▋                             3  (  6.0%)
[   39348 ..   41778.12 ] ████████████████                       5  ( 10.0%)
[  41778.12 ..   44208.25 ] █████████▋                             3  (  6.0%)
[  44208.25 ..   46638.38 ]                                        0  (  0.0%)
[  46638.38 ..   49068.50 ]                                        0  (  0.0%)
[  49068.50 ..   51498.62 ] ██████▍                                2  (  4.0%)
[  51498.62 ..   53928.75 ] ██████▍                                2  (  4.0%)
[  53928.75 ..   56358.88 ] ███▎                                   1  (  2.0%)
[  56358.88 ..    58789 ] ███▎                                   1  (  2.0%)
                                                      0%  100%
```

_sparkline computed from time-ordered samples_

### onset_flux_us

| count | min | max | mean | p50 | p90 | p95 | p99 | p999 |
|---|---|---|---|---|---|---|---|---|
| 50 | 748 | 1054 | 865.8 | 812 | 1046 | 1051 | 1054 | 1054 |

```
[     748 ..     767.12 ] ████████████████████████████████      17  ( 34.0%)
[    767.12 ..     786.25 ]                                        0  (  0.0%)
[    786.25 ..     805.38 ] ███████████▎                           6  ( 12.0%)
[    805.38 ..     824.50 ] ███████▌                               4  (  8.0%)
[    824.50 ..     843.62 ] █▉                                     1  (  2.0%)
[    843.62 ..     862.75 ]                                        0  (  0.0%)
[    862.75 ..     881.88 ]                                        0  (  0.0%)
[    881.88 ..      901 ]                                        0  (  0.0%)
[     901 ..     920.12 ] ███▊                                   2  (  4.0%)
[    920.12 ..     939.25 ] ███▊                                   2  (  4.0%)
[    939.25 ..     958.38 ] █████▋                                 3  (  6.0%)
[    958.38 ..     977.50 ] █████▋                                 3  (  6.0%)
[    977.50 ..     996.62 ] ███████████▎                           6  ( 12.0%)
[    996.62 ..    1015.75 ]                                        0  (  0.0%)
[   1015.75 ..    1034.88 ]                                        0  (  0.0%)
[   1034.88 ..     1054 ] ███████████▎                           6  ( 12.0%)
                                                      0%  100%
```

_sparkline computed from time-ordered samples_

### onset_gate_flags

| count | min | max | mean | p50 | p90 | p95 | p99 | p999 |
|---|---|---|---|---|---|---|---|---|
| 50 | 0 | 0 | 0.0 | 0 | 0 | 0 | 0 | 0 |

```
[       0 ..        0 ] ████████████████████████████████      50  (100.0%)
                                                      0%  100%
```

_sparkline computed from time-ordered samples_

### onset_high_flux

| count | min | max | mean | p50 | p90 | p95 | p99 | p999 |
|---|---|---|---|---|---|---|---|---|
| 50 | 154 | 205044 | 59582.3 | 47956 | 113116 | 176498 | 205044 | 205044 |

```
[     154 ..   12959.62 ] █████████████████▊                     5  ( 10.0%)
[  12959.62 ..   25765.25 ] ████████████████████████▉              7  ( 14.0%)
[  25765.25 ..   38570.88 ] █████████████████████▍                 6  ( 12.0%)
[  38570.88 ..   51376.50 ] ████████████████████████████████       9  ( 18.0%)
[  51376.50 ..   64182.12 ] █████████████████▊                     5  ( 10.0%)
[  64182.12 ..   76987.75 ] ████████████████████████▉              7  ( 14.0%)
[  76987.75 ..   89793.38 ] ███▌                                   1  (  2.0%)
[  89793.38 ..   102599 ] ██████████████▎                        4  (  8.0%)
[  102599 ..  115404.62 ] ███▌                                   1  (  2.0%)
[ 115404.62 ..  128210.25 ]                                        0  (  0.0%)
[ 128210.25 ..  141015.88 ] ███▌                                   1  (  2.0%)
[ 141015.88 ..  153821.50 ]                                        0  (  0.0%)
[ 153821.50 ..  166627.12 ] ███▌                                   1  (  2.0%)
[ 166627.12 ..  179432.75 ] ███▌                                   1  (  2.0%)
[ 179432.75 ..  192238.38 ] ███▌                                   1  (  2.0%)
[ 192238.38 ..   205044 ] ███▌                                   1  (  2.0%)
                                                      0%  100%
```

_sparkline computed from time-ordered samples_

### onset_input_rms

| count | min | max | mean | p50 | p90 | p95 | p99 | p999 |
|---|---|---|---|---|---|---|---|---|
| 50 | 70555 | 155819 | 114988.1 | 117020 | 143056 | 150997 | 155819 | 155819 |

```
[   70555 ..    75884 ] ████▋                                  1  (  2.0%)
[   75884 ..    81213 ] █████████▏                             2  (  4.0%)
[   81213 ..    86542 ] █████████▏                             2  (  4.0%)
[   86542 ..    91871 ] ██████████████████████▉                5  ( 10.0%)
[   91871 ..    97200 ] ██████████████████▎                    4  (  8.0%)
[   97200 ..   102529 ] ████▋                                  1  (  2.0%)
[  102529 ..   107858 ] █████████████▊                         3  (  6.0%)
[  107858 ..   113187 ] ██████████████████▎                    4  (  8.0%)
[  113187 ..   118516 ] ██████████████████████▉                5  ( 10.0%)
[  118516 ..   123845 ] ████████████████████████████████       7  ( 14.0%)
[  123845 ..   129174 ] █████████▏                             2  (  4.0%)
[  129174 ..   134503 ] ██████████████████████▉                5  ( 10.0%)
[  134503 ..   139832 ] ████▋                                  1  (  2.0%)
[  139832 ..   145161 ] █████████████▊                         3  (  6.0%)
[  145161 ..   150490 ] █████████▏                             2  (  4.0%)
[  150490 ..   155819 ] █████████████▊                         3  (  6.0%)
                                                      0%  100%
```

_sparkline computed from time-ordered samples_

### onset_mid_flux

| count | min | max | mean | p50 | p90 | p95 | p99 | p999 |
|---|---|---|---|---|---|---|---|---|
| 50 | 1590 | 12204 | 6537.7 | 6227 | 9935 | 11288 | 12204 | 12204 |

```
[    1590 ..    2253.38 ] █████████████▊                         3  (  6.0%)
[   2253.38 ..    2916.75 ] ████▋                                  1  (  2.0%)
[   2916.75 ..    3580.12 ] █████████▏                             2  (  4.0%)
[   3580.12 ..    4243.50 ] ███████████████████████████▍           6  ( 12.0%)
[   4243.50 ..    4906.88 ] █████████▏                             2  (  4.0%)
[   4906.88 ..    5570.25 ] ██████████████████▎                    4  (  8.0%)
[   5570.25 ..    6233.62 ] ████████████████████████████████       7  ( 14.0%)
[   6233.62 ..     6897 ] ██████████████████████▉                5  ( 10.0%)
[    6897 ..    7560.38 ] ██████████████████▎                    4  (  8.0%)
[   7560.38 ..    8223.75 ] █████████████▊                         3  (  6.0%)
[   8223.75 ..    8887.12 ] █████████▏                             2  (  4.0%)
[   8887.12 ..    9550.50 ] █████████▏                             2  (  4.0%)
[   9550.50 ..   10213.88 ] ██████████████████████▉                5  ( 10.0%)
[  10213.88 ..   10877.25 ]                                        0  (  0.0%)
[  10877.25 ..   11540.62 ] █████████▏                             2  (  4.0%)
[  11540.62 ..    12204 ] █████████▏                             2  (  4.0%)
                                                      0%  100%
```

_sparkline computed from time-ordered samples_

### onset_noise_floor

| count | min | max | mean | p50 | p90 | p95 | p99 | p999 |
|---|---|---|---|---|---|---|---|---|
| 50 | 3326 | 3326 | 3326.0 | 3326 | 3326 | 3326 | 3326 | 3326 |

```
[    3326 ..     3326 ] ████████████████████████████████      50  (100.0%)
                                                      0%  100%
```

_sparkline computed from time-ordered samples_

### onset_process_us

| count | min | max | mean | p50 | p90 | p95 | p99 | p999 |
|---|---|---|---|---|---|---|---|---|
| 50 | 1592 | 2447 | 1904.1 | 1782 | 2318 | 2375 | 2447 | 2447 |

```
[    1592 ..    1645.44 ] ████████████████████████████████      14  ( 28.0%)
[   1645.44 ..    1698.88 ] ████▋                                  2  (  4.0%)
[   1698.88 ..    1752.31 ] ███████████▍                           5  ( 10.0%)
[   1752.31 ..    1805.75 ] █████████▏                             4  (  8.0%)
[   1805.75 ..    1859.19 ] ████▋                                  2  (  4.0%)
[   1859.19 ..    1912.62 ] ██▎                                    1  (  2.0%)
[   1912.62 ..    1966.06 ]                                        0  (  0.0%)
[   1966.06 ..    2019.50 ] █████████▏                             4  (  8.0%)
[   2019.50 ..    2072.94 ] ██████▉                                3  (  6.0%)
[   2072.94 ..    2126.38 ] ██████▉                                3  (  6.0%)
[   2126.38 ..    2179.81 ] ████▋                                  2  (  4.0%)
[   2179.81 ..    2233.25 ] ██████▉                                3  (  6.0%)
[   2233.25 ..    2286.69 ] ██▎                                    1  (  2.0%)
[   2286.69 ..    2340.12 ] ██▎                                    1  (  2.0%)
[   2340.12 ..    2393.56 ] █████████▏                             4  (  8.0%)
[   2393.56 ..     2447 ] ██▎                                    1  (  2.0%)
                                                      0%  100%
```

_sparkline computed from time-ordered samples_

### render_frame_work_us

| count | min | max | mean | p50 | p90 | p95 | p99 | p999 |
|---|---|---|---|---|---|---|---|---|
| 131 | 2942 | 4022 | 3471.0 | 3487 | 3826 | 3938 | 4004 | 4022 |

```
[    2942 ..    3009.50 ] █▋                                     1  (  0.8%)
[   3009.50 ..     3077 ] ████████▍                              5  (  3.8%)
[    3077 ..    3144.50 ] ███████████▊                           7  (  5.3%)
[   3144.50 ..     3212 ] ██████████████████▌                   11  (  8.4%)
[    3212 ..    3279.50 ] ██████████████████▌                   11  (  8.4%)
[   3279.50 ..     3347 ] █████████████████████▉                13  (  9.9%)
[    3347 ..    3414.50 ] ███████████▊                           7  (  5.3%)
[   3414.50 ..     3482 ] █████████████▌                         8  (  6.1%)
[    3482 ..    3549.50 ] ████████████████████████████████      19  ( 14.5%)
[   3549.50 ..     3617 ] █████████████████████████▎            15  ( 11.5%)
[    3617 ..    3684.50 ] ███████████████▏                       9  (  6.9%)
[   3684.50 ..     3752 ] ██████████▏                            6  (  4.6%)
[    3752 ..    3819.50 ] ████████▍                              5  (  3.8%)
[   3819.50 ..     3887 ] ██████▊                                4  (  3.1%)
[    3887 ..    3954.50 ] ████████▍                              5  (  3.8%)
[   3954.50 ..     4022 ] ████████▍                              5  (  3.8%)
                                                      0%  100%
```

_sparkline computed from time-ordered samples_

### rmt_errors_total

| count | min | max | mean | p50 | p90 | p95 | p99 | p999 |
|---|---|---|---|---|---|---|---|---|
| 1 | 0 | 0 | 0.0 | 0 | 0 | 0 | 0 | 0 |

```
[       0 ..        0 ] ████████████████████████████████       1  (100.0%)
                                                      0%  100%
```

_sparkline computed from time-ordered samples_

### rmt_underruns_total

| count | min | max | mean | p50 | p90 | p95 | p99 | p999 |
|---|---|---|---|---|---|---|---|---|
| 1 | 0 | 0 | 0.0 | 0 | 0 | 0 | 0 | 0 |

```
[       0 ..        0 ] ████████████████████████████████       1  (100.0%)
                                                      0%  100%
```

_sparkline computed from time-ordered samples_

### rts_audio_conf

| count | min | max | mean | p50 | p90 | p95 | p99 | p999 |
|---|---|---|---|---|---|---|---|---|
| 131 | 1000 | 1000 | 1000.0 | 1000 | 1000 | 1000 | 1000 | 1000 |

```
[    1000 ..     1000 ] ████████████████████████████████     131  (100.0%)
                                                      0%  100%
```

_sparkline computed from time-ordered samples_

### rts_fade_amount

| count | min | max | mean | p50 | p90 | p95 | p99 | p999 |
|---|---|---|---|---|---|---|---|---|
| 132 | 0 | 0 | 0.0 | 0 | 0 | 0 | 0 | 0 |

```
[       0 ..        0 ] ████████████████████████████████     132  (100.0%)
                                                      0%  100%
```

_sparkline computed from time-ordered samples_

### rts_fast_rms

| count | min | max | mean | p50 | p90 | p95 | p99 | p999 |
|---|---|---|---|---|---|---|---|---|
| 131 | 721 | 1000 | 992.4 | 1000 | 1000 | 1000 | 1000 | 1000 |

```
[     721 ..     738.44 ] ▌                                      2  (  1.5%)
[    738.44 ..     755.88 ]                                        0  (  0.0%)
[    755.88 ..     773.31 ]                                        0  (  0.0%)
[    773.31 ..     790.75 ]                                        0  (  0.0%)
[    790.75 ..     808.19 ]                                        0  (  0.0%)
[    808.19 ..     825.62 ]                                        0  (  0.0%)
[    825.62 ..     843.06 ]                                        0  (  0.0%)
[    843.06 ..     860.50 ]                                        0  (  0.0%)
[    860.50 ..     877.94 ]                                        0  (  0.0%)
[    877.94 ..     895.38 ] ▌                                      2  (  1.5%)
[    895.38 ..     912.81 ]                                        0  (  0.0%)
[    912.81 ..     930.25 ]                                        0  (  0.0%)
[    930.25 ..     947.69 ]                                        0  (  0.0%)
[    947.69 ..     965.12 ] ▊                                      3  (  2.3%)
[    965.12 ..     982.56 ] ▊                                      3  (  2.3%)
[    982.56 ..     1000 ] ████████████████████████████████     121  ( 92.4%)
                                                      0%  100%
```

_sparkline computed from time-ordered samples_

### rts_onset_env_pushed

| count | min | max | mean | p50 | p90 | p95 | p99 | p999 |
|---|---|---|---|---|---|---|---|---|
| 131 | 999 | 999 | 999.0 | 999 | 999 | 999 | 999 | 999 |

```
[     999 ..      999 ] ████████████████████████████████     131  (100.0%)
                                                      0%  100%
```

_sparkline computed from time-ordered samples_

### rts_onset_flux

| count | min | max | mean | p50 | p90 | p95 | p99 | p999 |
|---|---|---|---|---|---|---|---|---|
| 131 | 19907 | 58789 | 35591.8 | 33660 | 51333 | 51992 | 58789 | 58789 |

```
[   19907 ..   22337.12 ] █████▉                                 5  (  3.8%)
[  22337.12 ..   24767.25 ] ███████▏                               6  (  4.6%)
[  24767.25 ..   27197.38 ] ███▌                                   3  (  2.3%)
[  27197.38 ..   29627.50 ] ███████████████████                   16  ( 12.2%)
[  29627.50 ..   32057.62 ] ████████████████████▏                 17  ( 13.0%)
[  32057.62 ..   34487.75 ] ████████████████████████████████      27  ( 20.6%)
[  34487.75 ..   36917.88 ] ████████████████▋                     14  ( 10.7%)
[  36917.88 ..    39348 ] ███████▏                               6  (  4.6%)
[   39348 ..   41778.12 ] ██████████████▎                       12  (  9.2%)
[  41778.12 ..   44208.25 ] █████████▌                             8  (  6.1%)
[  44208.25 ..   46638.38 ]                                        0  (  0.0%)
[  46638.38 ..   49068.50 ]                                        0  (  0.0%)
[  49068.50 ..   51498.62 ] ███████▏                               6  (  4.6%)
[  51498.62 ..   53928.75 ] █████▉                                 5  (  3.8%)
[  53928.75 ..   56358.88 ] ███▌                                   3  (  2.3%)
[  56358.88 ..    58789 ] ███▌                                   3  (  2.3%)
                                                      0%  100%
```

_sparkline computed from time-ordered samples_

### rts_push_interval_us

| count | min | max | mean | p50 | p90 | p95 | p99 | p999 |
|---|---|---|---|---|---|---|---|---|
| 132 | 33333 | 33333 | 33333.0 | 33333 | 33333 | 33333 | 33333 | 33333 |

```
[   33333 ..    33333 ] ████████████████████████████████     132  (100.0%)
                                                      0%  100%
```

_sparkline computed from time-ordered samples_

### rts_pushes

| count | min | max | mean | p50 | p90 | p95 | p99 | p999 |
|---|---|---|---|---|---|---|---|---|
| 132 | 0 | 1 | 0.3 | 0 | 1 | 1 | 1 | 1 |

```
[       0 ..       0.06 ] ████████████████████████████████      96  ( 72.7%)
[      0.06 ..       0.12 ]                                        0  (  0.0%)
[      0.12 ..       0.19 ]                                        0  (  0.0%)
[      0.19 ..       0.25 ]                                        0  (  0.0%)
[      0.25 ..       0.31 ]                                        0  (  0.0%)
[      0.31 ..       0.38 ]                                        0  (  0.0%)
[      0.38 ..       0.44 ]                                        0  (  0.0%)
[      0.44 ..       0.50 ]                                        0  (  0.0%)
[      0.50 ..       0.56 ]                                        0  (  0.0%)
[      0.56 ..       0.62 ]                                        0  (  0.0%)
[      0.62 ..       0.69 ]                                        0  (  0.0%)
[      0.69 ..       0.75 ]                                        0  (  0.0%)
[      0.75 ..       0.81 ]                                        0  (  0.0%)
[      0.81 ..       0.88 ]                                        0  (  0.0%)
[      0.88 ..       0.94 ]                                        0  (  0.0%)
[      0.94 ..        1 ] ████████████                          36  ( 27.3%)
                                                      0%  100%
```

_sparkline computed from time-ordered samples_

### rts_ring_count

| count | min | max | mean | p50 | p90 | p95 | p99 | p999 |
|---|---|---|---|---|---|---|---|---|
| 132 | 80 | 80 | 80.0 | 80 | 80 | 80 | 80 | 80 |

```
[      80 ..       80 ] ████████████████████████████████     132  (100.0%)
                                                      0%  100%
```

_sparkline computed from time-ordered samples_

### rts_silent_scale

| count | min | max | mean | p50 | p90 | p95 | p99 | p999 |
|---|---|---|---|---|---|---|---|---|
| 131 | 999 | 999 | 999.0 | 999 | 999 | 999 | 999 | 999 |

```
[     999 ..      999 ] ████████████████████████████████     131  (100.0%)
                                                      0%  100%
```

_sparkline computed from time-ordered samples_

### snapshot_read_retries_total

| count | min | max | mean | p50 | p90 | p95 | p99 | p999 |
|---|---|---|---|---|---|---|---|---|
| 131 | 158 | 158 | 158.0 | 158 | 158 | 158 | 158 | 158 |

```
[     158 ..      158 ] ████████████████████████████████     131  (100.0%)
                                                      0%  100%
```

_sparkline computed from time-ordered samples_

### spectral_novelty

| count | min | max | mean | p50 | p90 | p95 | p99 | p999 |
|---|---|---|---|---|---|---|---|---|
| 50 | 46 | 283 | 133.3 | 114 | 217 | 233 | 283 | 283 |

```
[      46 ..      60.81 ] ████████████▊                          4  (  8.0%)
[     60.81 ..      75.62 ] ███▎                                   1  (  2.0%)
[     75.62 ..      90.44 ] █████████████████████████▋             8  ( 16.0%)
[     90.44 ..     105.25 ] ████████████▊                          4  (  8.0%)
[    105.25 ..     120.06 ] ████████████████████████████████      10  ( 20.0%)
[    120.06 ..     134.88 ] █████████▋                             3  (  6.0%)
[    134.88 ..     149.69 ] █████████▋                             3  (  6.0%)
[    149.69 ..     164.50 ] ████████████████                       5  ( 10.0%)
[    164.50 ..     179.31 ]                                        0  (  0.0%)
[    179.31 ..     194.12 ] █████████▋                             3  (  6.0%)
[    194.12 ..     208.94 ] █████████▋                             3  (  6.0%)
[    208.94 ..     223.75 ] ███▎                                   1  (  2.0%)
[    223.75 ..     238.56 ] █████████▋                             3  (  6.0%)
[    238.56 ..     253.38 ] ███▎                                   1  (  2.0%)
[    253.38 ..     268.19 ]                                        0  (  0.0%)
[    268.19 ..      283 ] ███▎                                   1  (  2.0%)
                                                      0%  100%
```

_sparkline computed from time-ordered samples_

### task_stack_hwm_audio

| count | min | max | mean | p50 | p90 | p95 | p99 | p999 |
|---|---|---|---|---|---|---|---|---|
| 1 | 8764 | 8764 | 8764.0 | 8764 | 8764 | 8764 | 8764 | 8764 |

```
[    8764 ..     8764 ] ████████████████████████████████       1  (100.0%)
                                                      0%  100%
```

_sparkline computed from time-ordered samples_

### task_stack_hwm_loop

| count | min | max | mean | p50 | p90 | p95 | p99 | p999 |
|---|---|---|---|---|---|---|---|---|
| 1 | 2236 | 2236 | 2236.0 | 2236 | 2236 | 2236 | 2236 | 2236 |

```
[    2236 ..     2236 ] ████████████████████████████████       1  (100.0%)
                                                      0%  100%
```

_sparkline computed from time-ordered samples_

### task_stack_hwm_renderer

| count | min | max | mean | p50 | p90 | p95 | p99 | p999 |
|---|---|---|---|---|---|---|---|---|
| 1 | 10480 | 10480 | 10480.0 | 10480 | 10480 | 10480 | 10480 | 10480 |

```
[   10480 ..    10480 ] ████████████████████████████████       1  (100.0%)
                                                      0%  100%
```

_sparkline computed from time-ordered samples_

### task_stack_hwm_show_director

| count | min | max | mean | p50 | p90 | p95 | p99 | p999 |
|---|---|---|---|---|---|---|---|---|
| 1 | 10544 | 10544 | 10544.0 | 10544 | 10544 | 10544 | 10544 | 10544 |

```
[   10544 ..    10544 ] ████████████████████████████████       1  (100.0%)
                                                      0%  100%
```

_sparkline computed from time-ordered samples_

### temp_celsius_x10

| count | min | max | mean | p50 | p90 | p95 | p99 | p999 |
|---|---|---|---|---|---|---|---|---|
| 1 | 737 | 737 | 737.0 | 737 | 737 | 737 | 737 | 737 |

```
[     737 ..      737 ] ████████████████████████████████       1  (100.0%)
                                                      0%  100%
```

_sparkline computed from time-ordered samples_

### trace_mode_enabled

| count | min | max | mean | p50 | p90 | p95 | p99 | p999 |
|---|---|---|---|---|---|---|---|---|
| 1 | 1 | 1 | 1.0 | 1 | 1 | 1 | 1 | 1 |

```
[       1 ..        1 ] ████████████████████████████████       1  (100.0%)
                                                      0%  100%
```

_sparkline computed from time-ordered samples_

### wifi_ap_mode

| count | min | max | mean | p50 | p90 | p95 | p99 | p999 |
|---|---|---|---|---|---|---|---|---|
| 1 | 1 | 1 | 1.0 | 1 | 1 | 1 | 1 | 1 |

```
[       1 ..        1 ] ████████████████████████████████       1  (100.0%)
                                                      0%  100%
```

_sparkline computed from time-ordered samples_

### wifi_clients

| count | min | max | mean | p50 | p90 | p95 | p99 | p999 |
|---|---|---|---|---|---|---|---|---|
| 1 | 0 | 0 | 0.0 | 0 | 0 | 0 | 0 | 0 |

```
[       0 ..        0 ] ████████████████████████████████       1  (100.0%)
                                                      0%  100%
```

_sparkline computed from time-ordered samples_

### ws_client_count

| count | min | max | mean | p50 | p90 | p95 | p99 | p999 |
|---|---|---|---|---|---|---|---|---|
| 1 | 0 | 0 | 0.0 | 0 | 0 | 0 | 0 | 0 |

```
[       0 ..        0 ] ████████████████████████████████       1  (100.0%)
                                                      0%  100%
```

_sparkline computed from time-ordered samples_

### ws_clients

| count | min | max | mean | p50 | p90 | p95 | p99 | p999 |
|---|---|---|---|---|---|---|---|---|
| 1 | 0 | 0 | 0.0 | 0 | 0 | 0 | 0 | 0 |

```
[       0 ..        0 ] ████████████████████████████████       1  (100.0%)
                                                      0%  100%
```

_sparkline computed from time-ordered samples_

### ws_dispatch_count

| count | min | max | mean | p50 | p90 | p95 | p99 | p999 |
|---|---|---|---|---|---|---|---|---|
| 1 | 0 | 0 | 0.0 | 0 | 0 | 0 | 0 | 0 |

```
[       0 ..        0 ] ████████████████████████████████       1  (100.0%)
                                                      0%  100%
```

_sparkline computed from time-ordered samples_

### ws_errors

| count | min | max | mean | p50 | p90 | p95 | p99 | p999 |
|---|---|---|---|---|---|---|---|---|
| 1 | 0 | 0 | 0.0 | 0 | 0 | 0 | 0 | 0 |

```
[       0 ..        0 ] ████████████████████████████████       1  (100.0%)
                                                      0%  100%
```

_sparkline computed from time-ordered samples_

## Per-span duration statistics

### audio_snapshot_read

| count | min | max | mean | p50 | p90 | p95 | p99 | p999 |
|---|---|---|---|---|---|---|---|---|
| 131 | 272 | 874 | 569.1 | 559 | 704 | 803 | 842 | 874 |

```
[     272 ..     309.62 µs] ██▋                                    2  (  1.5%)
[    309.62 ..     347.25 µs] █▍                                     1  (  0.8%)
[    347.25 ..     384.88 µs] ██████▋                                5  (  3.8%)
[    384.88 ..     422.50 µs] █████▍                                 4  (  3.1%)
[    422.50 ..     460.12 µs] ██████████▋                            8  (  6.1%)
[    460.12 ..     497.75 µs] ██████▋                                5  (  3.8%)
[    497.75 ..     535.38 µs] █████████████████████████████▍        22  ( 16.8%)
[    535.38 ..      573 µs] ████████████████████████████████      24  ( 18.3%)
[     573 ..     610.62 µs] ████████████████████████████          21  ( 16.0%)
[    610.62 ..     648.25 µs] ██████████████████▋                   14  ( 10.7%)
[    648.25 ..     685.88 µs] █████████▍                             7  (  5.3%)
[    685.88 ..     723.50 µs] ████████                               6  (  4.6%)
[    723.50 ..     761.12 µs] █████▍                                 4  (  3.1%)
[    761.12 ..     798.75 µs] █▍                                     1  (  0.8%)
[    798.75 ..     836.38 µs] █████▍                                 4  (  3.1%)
[    836.38 ..      874 µs] ████                                   3  (  2.3%)
                                                      0%  100%
```

### band_ratio_detect

| count | min | max | mean | p50 | p90 | p95 | p99 | p999 |
|---|---|---|---|---|---|---|---|---|
| 50 | 70 | 118 | 81.3 | 77 | 100 | 106 | 118 | 118 |

```
[      70 ..       73 µs] ████████████████████████████████      14  ( 28.0%)
[      73 ..       76 µs] ████████████████                       7  ( 14.0%)
[      76 ..       79 µs] ████████████████████▋                  9  ( 18.0%)
[      79 ..       82 µs] ███████████▍                           5  ( 10.0%)
[      82 ..       85 µs] ██▎                                    1  (  2.0%)
[      85 ..       88 µs] ██▎                                    1  (  2.0%)
[      88 ..       91 µs] ████▋                                  2  (  4.0%)
[      91 ..       94 µs] ████▋                                  2  (  4.0%)
[      94 ..       97 µs] ██████▉                                3  (  6.0%)
[      97 ..      100 µs]                                        0  (  0.0%)
[     100 ..      103 µs] ████▋                                  2  (  4.0%)
[     103 ..      106 µs] ██▎                                    1  (  2.0%)
[     106 ..      109 µs] ██▎                                    1  (  2.0%)
[     109 ..      112 µs]                                        0  (  0.0%)
[     112 ..      115 µs] ██▎                                    1  (  2.0%)
[     115 ..      118 µs] ██▎                                    1  (  2.0%)
                                                      0%  100%
```

### color_correction

| count | min | max | mean | p50 | p90 | p95 | p99 | p999 |
|---|---|---|---|---|---|---|---|---|
| 132 | 819 | 1299 | 1086.4 | 1087 | 1220 | 1258 | 1297 | 1299 |

```
[     819 ..      849 µs] ████████                               5  (  3.8%)
[     849 ..      879 µs] ████▊                                  3  (  2.3%)
[     879 ..      909 µs] █▋                                     1  (  0.8%)
[     909 ..      939 µs] █▋                                     1  (  0.8%)
[     939 ..      969 µs] █████████▋                             6  (  4.5%)
[     969 ..      999 µs] ██████████████▍                        9  (  6.8%)
[     999 ..     1029 µs] ████████████████████████████████      20  ( 15.2%)
[    1029 ..     1059 µs] ██████████████▍                        9  (  6.8%)
[    1059 ..     1089 µs] ████████████████████▊                 13  (  9.8%)
[    1089 ..     1119 µs] ████████████▊                          8  (  6.1%)
[    1119 ..     1149 µs] ██████████████████████▍               14  ( 10.6%)
[    1149 ..     1179 µs] ██████████████████████▍               14  ( 10.6%)
[    1179 ..     1209 µs] ██████████████████████▍               14  ( 10.6%)
[    1209 ..     1239 µs] ████▊                                  3  (  2.3%)
[    1239 ..     1269 µs] █████████▋                             6  (  4.5%)
[    1269 ..     1299 µs] █████████▋                             6  (  4.5%)
                                                      0%  100%
```

### controlbus_build

| count | min | max | mean | p50 | p90 | p95 | p99 | p999 |
|---|---|---|---|---|---|---|---|---|
| 50 | 3880 | 5393 | 4426.3 | 4393 | 4807 | 4953 | 5393 | 5393 |

```
[    3880 ..    3974.56 µs] ████████████████                       4  (  8.0%)
[   3974.56 ..    4069.12 µs] ████████████████████                   5  ( 10.0%)
[   4069.12 ..    4163.69 µs] ████████████████                       4  (  8.0%)
[   4163.69 ..    4258.25 µs] ████████████████████████████████       8  ( 16.0%)
[   4258.25 ..    4352.81 µs] ████████████                           3  (  6.0%)
[   4352.81 ..    4447.38 µs] ████████                               2  (  4.0%)
[   4447.38 ..    4541.94 µs] ████████████                           3  (  6.0%)
[   4541.94 ..    4636.50 µs] ████████████████████                   5  ( 10.0%)
[   4636.50 ..    4731.06 µs] ████████████████████████               6  ( 12.0%)
[   4731.06 ..    4825.62 µs] ████████████████████                   5  ( 10.0%)
[   4825.62 ..    4920.19 µs] ████                                   1  (  2.0%)
[   4920.19 ..    5014.75 µs] ████████                               2  (  4.0%)
[   5014.75 ..    5109.31 µs] ████                                   1  (  2.0%)
[   5109.31 ..    5203.88 µs]                                        0  (  0.0%)
[   5203.88 ..    5298.44 µs]                                        0  (  0.0%)
[   5298.44 ..     5393 µs] ████                                   1  (  2.0%)
                                                      0%  100%
```

### effect_render

| count | min | max | mean | p50 | p90 | p95 | p99 | p999 |
|---|---|---|---|---|---|---|---|---|
| 132 | 319 | 497 | 412.2 | 416 | 466 | 473 | 491 | 497 |

```
[     319 ..     330.12 µs] █████▋                                 3  (  2.3%)
[    330.12 ..     341.25 µs] ███████▌                               4  (  3.0%)
[    341.25 ..     352.38 µs] █████████████▏                         7  (  5.3%)
[    352.38 ..     363.50 µs] ██████████████████▉                   10  (  7.6%)
[    363.50 ..     374.62 µs] █████████████████                      9  (  6.8%)
[    374.62 ..     385.75 µs] █████████████████                      9  (  6.8%)
[    385.75 ..     396.88 µs] ███████████▎                           6  (  4.5%)
[    396.88 ..      408 µs] █████████████▏                         7  (  5.3%)
[     408 ..     419.12 µs] ██████████████████████████▍           14  ( 10.6%)
[    419.12 ..     430.25 µs] ████████████████████▊                 11  (  8.3%)
[    430.25 ..     441.38 µs] ███████████████                        8  (  6.1%)
[    441.38 ..     452.50 µs] ████████████████████████████████      17  ( 12.9%)
[    452.50 ..     463.62 µs] ██████████████████████▋               12  (  9.1%)
[    463.62 ..     474.75 µs] ██████████████████▉                   10  (  7.6%)
[    474.75 ..     485.88 µs] ███▊                                   2  (  1.5%)
[    485.88 ..      497 µs] █████▋                                 3  (  2.3%)
                                                      0%  100%
```

### fastled_rmt_show

| count | min | max | mean | p50 | p90 | p95 | p99 | p999 |
|---|---|---|---|---|---|---|---|---|
| 132 | 458 | 684 | 563.0 | 556 | 625 | 635 | 672 | 684 |

```
[     458 ..     472.12 µs] █▏                                     1  (  0.8%)
[    472.12 ..     486.25 µs] ██▍                                    2  (  1.5%)
[    486.25 ..     500.38 µs] ███▌                                   3  (  2.3%)
[    500.38 ..     514.50 µs] █████▉                                 5  (  3.8%)
[    514.50 ..     528.62 µs] ███████████▉                          10  (  7.6%)
[    528.62 ..     542.75 µs] ██████████████████████▌               19  ( 14.4%)
[    542.75 ..     556.88 µs] ████████████████████████████████      27  ( 20.5%)
[    556.88 ..      571 µs] ██████████████████████▌               19  ( 14.4%)
[     571 ..     585.12 µs] ██████████████▎                       12  (  9.1%)
[    585.12 ..     599.25 µs] ███████████████▍                      13  (  9.8%)
[    599.25 ..     613.38 µs] ███▌                                   3  (  2.3%)
[    613.38 ..     627.50 µs] ███████▏                               6  (  4.5%)
[    627.50 ..     641.62 µs] ████████▎                              7  (  5.3%)
[    641.62 ..     655.75 µs] ██▍                                    2  (  1.5%)
[    655.75 ..     669.88 µs] █▏                                     1  (  0.8%)
[    669.88 ..      684 µs] ██▍                                    2  (  1.5%)
                                                      0%  100%
```

### i2s_dma_read

| count | min | max | mean | p50 | p90 | p95 | p99 | p999 |
|---|---|---|---|---|---|---|---|---|
| 101 | 6988 | 9581 | 8420.0 | 8438 | 9265 | 9313 | 9462 | 9581 |

```
[    6988 ..    7150.06 µs] ████████                               3  (  3.0%)
[   7150.06 ..    7312.12 µs] ████████                               3  (  3.0%)
[   7312.12 ..    7474.19 µs] ██▋                                    1  (  1.0%)
[   7474.19 ..    7636.25 µs] █████▍                                 2  (  2.0%)
[   7636.25 ..    7798.31 µs] ████████████████                       6  (  5.9%)
[   7798.31 ..    7960.38 µs] ██████████████████▋                    7  (  6.9%)
[   7960.38 ..    8122.44 µs] ████████████████████████████████      12  ( 11.9%)
[   8122.44 ..    8284.50 µs] █████████████████████████████▍        11  ( 10.9%)
[   8284.50 ..    8446.56 µs] ████████████████                       6  (  5.9%)
[   8446.56 ..    8608.62 µs] ██████████████████████████▋           10  (  9.9%)
[   8608.62 ..    8770.69 µs] █████████████████████▍                 8  (  7.9%)
[   8770.69 ..    8932.75 µs] ██████████████████████████▋           10  (  9.9%)
[   8932.75 ..    9094.81 µs] ████████████████                       6  (  5.9%)
[   9094.81 ..    9256.88 µs] ██████████▋                            4  (  4.0%)
[   9256.88 ..    9418.94 µs] ██████████████████▋                    7  (  6.9%)
[   9418.94 ..     9581 µs] █████████████▍                         5  (  5.0%)
                                                      0%  100%
```

### onset_decision

| count | min | max | mean | p50 | p90 | p95 | p99 | p999 |
|---|---|---|---|---|---|---|---|---|
| 50 | 818 | 1176 | 951.7 | 923 | 1126 | 1150 | 1176 | 1176 |

```
[     818 ..     840.38 µs] ████████████████████████████████      17  ( 34.0%)
[    840.38 ..     862.75 µs]                                        0  (  0.0%)
[    862.75 ..     885.12 µs] █████▋                                 3  (  6.0%)
[    885.12 ..     907.50 µs] █████▋                                 3  (  6.0%)
[    907.50 ..     929.88 µs] █████▋                                 3  (  6.0%)
[    929.88 ..     952.25 µs] ███▊                                   2  (  4.0%)
[    952.25 ..     974.62 µs]                                        0  (  0.0%)
[    974.62 ..      997 µs] █████▋                                 3  (  6.0%)
[     997 ..    1019.38 µs] █▉                                     1  (  2.0%)
[   1019.38 ..    1041.75 µs] ███▊                                   2  (  4.0%)
[   1041.75 ..    1064.12 µs] ███████████▎                           6  ( 12.0%)
[   1064.12 ..    1086.50 µs] █▉                                     1  (  2.0%)
[   1086.50 ..    1108.88 µs]                                        0  (  0.0%)
[   1108.88 ..    1131.25 µs] █████████▍                             5  ( 10.0%)
[   1131.25 ..    1153.62 µs] ███▊                                   2  (  4.0%)
[   1153.62 ..     1176 µs] ███▊                                   2  (  4.0%)
                                                      0%  100%
```

### onset_detect

| count | min | max | mean | p50 | p90 | p95 | p99 | p999 |
|---|---|---|---|---|---|---|---|---|
| 50 | 1711 | 2590 | 2031.1 | 1924 | 2442 | 2508 | 2590 | 2590 |

```
[    1711 ..    1765.94 µs] ████████████████████████████████      14  ( 28.0%)
[   1765.94 ..    1820.88 µs] ████▋                                  2  (  4.0%)
[   1820.88 ..    1875.81 µs] █████████▏                             4  (  8.0%)
[   1875.81 ..    1930.75 µs] ███████████▍                           5  ( 10.0%)
[   1930.75 ..    1985.69 µs] ████▋                                  2  (  4.0%)
[   1985.69 ..    2040.62 µs] ██▎                                    1  (  2.0%)
[   2040.62 ..    2095.56 µs]                                        0  (  0.0%)
[   2095.56 ..    2150.50 µs] █████████▏                             4  (  8.0%)
[   2150.50 ..    2205.44 µs] ██████▉                                3  (  6.0%)
[   2205.44 ..    2260.38 µs] ██████▉                                3  (  6.0%)
[   2260.38 ..    2315.31 µs] ██████▉                                3  (  6.0%)
[   2315.31 ..    2370.25 µs] ████▋                                  2  (  4.0%)
[   2370.25 ..    2425.19 µs] ██▎                                    1  (  2.0%)
[   2425.19 ..    2480.12 µs] ████▋                                  2  (  4.0%)
[   2480.12 ..    2535.06 µs] ██████▉                                3  (  6.0%)
[   2535.06 ..     2590 µs] ██▎                                    1  (  2.0%)
                                                      0%  100%
```

### onset_fft_frontend

| count | min | max | mean | p50 | p90 | p95 | p99 | p999 |
|---|---|---|---|---|---|---|---|---|
| 50 | 746 | 1322 | 926.3 | 860 | 1193 | 1238 | 1322 | 1322 |

```
[     746 ..      782 µs] ██████████████████████████▏            9  ( 18.0%)
[     782 ..      818 µs] ████████████████████████████████      11  ( 22.0%)
[     818 ..      854 µs] █████▉                                 2  (  4.0%)
[     854 ..      890 µs] █████████████████▌                     6  ( 12.0%)
[     890 ..      926 µs] █████▉                                 2  (  4.0%)
[     926 ..      962 µs] ████████▊                              3  (  6.0%)
[     962 ..      998 µs] █████▉                                 2  (  4.0%)
[     998 ..     1034 µs] ██▉                                    1  (  2.0%)
[    1034 ..     1070 µs] ██▉                                    1  (  2.0%)
[    1070 ..     1106 µs] ██████████████▌                        5  ( 10.0%)
[    1106 ..     1142 µs]                                        0  (  0.0%)
[    1142 ..     1178 µs] █████▉                                 2  (  4.0%)
[    1178 ..     1214 µs] █████▉                                 2  (  4.0%)
[    1214 ..     1250 µs] ████████▊                              3  (  6.0%)
[    1250 ..     1286 µs]                                        0  (  0.0%)
[    1286 ..     1322 µs] ██▉                                    1  (  2.0%)
                                                      0%  100%
```

### onset_flux

| count | min | max | mean | p50 | p90 | p95 | p99 | p999 |
|---|---|---|---|---|---|---|---|---|
| 50 | 740 | 1045 | 858.7 | 804 | 1039 | 1043 | 1045 | 1045 |

```
[     740 ..     759.06 µs] ████████████████████████████████      17  ( 34.0%)
[    759.06 ..     778.12 µs]                                        0  (  0.0%)
[    778.12 ..     797.19 µs] █████████▍                             5  ( 10.0%)
[    797.19 ..     816.25 µs] █████████▍                             5  ( 10.0%)
[    816.25 ..     835.31 µs] █▉                                     1  (  2.0%)
[    835.31 ..     854.38 µs]                                        0  (  0.0%)
[    854.38 ..     873.44 µs]                                        0  (  0.0%)
[    873.44 ..     892.50 µs]                                        0  (  0.0%)
[    892.50 ..     911.56 µs] █▉                                     1  (  2.0%)
[    911.56 ..     930.62 µs] █████▋                                 3  (  6.0%)
[    930.62 ..     949.69 µs] █████▋                                 3  (  6.0%)
[    949.69 ..     968.75 µs] █████▋                                 3  (  6.0%)
[    968.75 ..     987.81 µs] ███████████▎                           6  ( 12.0%)
[    987.81 ..    1006.88 µs]                                        0  (  0.0%)
[   1006.88 ..    1025.94 µs]                                        0  (  0.0%)
[   1025.94 ..     1045 µs] ███████████▎                           6  ( 12.0%)
                                                      0%  100%
```

### pre_show_yield

| count | min | max | mean | p50 | p90 | p95 | p99 | p999 |
|---|---|---|---|---|---|---|---|---|
| 131 | 12 | 32 | 15.1 | 14 | 18 | 22 | 29 | 32 |

```
[      12 ..      13.25 µs] ████████████████████████████████      47  ( 35.9%)
[     13.25 ..      14.50 µs] ████████████████▍                     24  ( 18.3%)
[     14.50 ..      15.75 µs] ███████████████                       22  ( 16.8%)
[     15.75 ..       17 µs] ████████▏                             12  (  9.2%)
[      17 ..      18.25 µs] █████████▌                            14  ( 10.7%)
[     18.25 ..      19.50 µs] ██                                     3  (  2.3%)
[     19.50 ..      20.75 µs] █▍                                     2  (  1.5%)
[     20.75 ..       22 µs]                                        0  (  0.0%)
[      22 ..      23.25 µs] ▋                                      1  (  0.8%)
[     23.25 ..      24.50 µs] █▍                                     2  (  1.5%)
[     24.50 ..      25.75 µs]                                        0  (  0.0%)
[     25.75 ..       27 µs]                                        0  (  0.0%)
[      27 ..      28.25 µs] █▍                                     2  (  1.5%)
[     28.25 ..      29.50 µs] ▋                                      1  (  0.8%)
[     29.50 ..      30.75 µs]                                        0  (  0.0%)
[     30.75 ..       32 µs] ▋                                      1  (  0.8%)
                                                      0%  100%
```

### render_frame

| count | min | max | mean | p50 | p90 | p95 | p99 | p999 |
|---|---|---|---|---|---|---|---|---|
| 132 | 1137 | 1996 | 1537.9 | 1521 | 1791 | 1926 | 1983 | 1996 |

```
[    1137 ..    1190.69 µs] ██████▊                                4  (  3.0%)
[   1190.69 ..    1244.38 µs] ████████▍                              5  (  3.8%)
[   1244.38 ..    1298.06 µs] ████████▍                              5  (  3.8%)
[   1298.06 ..    1351.75 µs] ███████████▊                           7  (  5.3%)
[   1351.75 ..    1405.44 µs] ████████████████████▎                 12  (  9.1%)
[   1405.44 ..    1459.12 µs] █████████████████████▉                13  (  9.8%)
[   1459.12 ..    1512.81 µs] ███████████████████████▋              14  ( 10.6%)
[   1512.81 ..    1566.50 µs] ████████████████████████████████      19  ( 14.4%)
[   1566.50 ..    1620.19 µs] ███████████████████████████           16  ( 12.1%)
[   1620.19 ..    1673.88 µs] ███████████▊                           7  (  5.3%)
[   1673.88 ..    1727.56 µs] ███████████▊                           7  (  5.3%)
[   1727.56 ..    1781.25 µs] ███████████▊                           7  (  5.3%)
[   1781.25 ..    1834.94 µs] ████████▍                              5  (  3.8%)
[   1834.94 ..    1888.62 µs] █████                                  3  (  2.3%)
[   1888.62 ..    1942.31 µs] ███▍                                   2  (  1.5%)
[   1942.31 ..     1996 µs] ██████████▏                            6  (  4.5%)
                                                      0%  100%
```

### rts_render

| count | min | max | mean | p50 | p90 | p95 | p99 | p999 |
|---|---|---|---|---|---|---|---|---|
| 132 | 302 | 481 | 393.4 | 396 | 447 | 453 | 471 | 481 |

```
[     302 ..     313.19 µs] █████▋                                 3  (  2.3%)
[    313.19 ..     324.38 µs] ███████▌                               4  (  3.0%)
[    324.38 ..     335.56 µs] █████████▍                             5  (  3.8%)
[    335.56 ..     346.75 µs] ████████████████████████▌             13  (  9.8%)
[    346.75 ..     357.94 µs] █████████████████                      9  (  6.8%)
[    357.94 ..     369.12 µs] ██████████████████▉                   10  (  7.6%)
[    369.12 ..     380.31 µs] █████████████▏                         7  (  5.3%)
[    380.31 ..     391.50 µs] ███████████████                        8  (  6.1%)
[    391.50 ..     402.69 µs] ████████████████████████▌             13  (  9.8%)
[    402.69 ..     413.88 µs] ██████████████████▉                   10  (  7.6%)
[    413.88 ..     425.06 µs] ████████████████████▊                 11  (  8.3%)
[    425.06 ..     436.25 µs] ████████████████████████████████      17  ( 12.9%)
[    436.25 ..     447.44 µs] █████████████████                      9  (  6.8%)
[    447.44 ..     458.62 µs] █████████████████                      9  (  6.8%)
[    458.62 ..     469.81 µs] █▉                                     1  (  0.8%)
[    469.81 ..      481 µs] █████▋                                 3  (  2.3%)
                                                      0%  100%
```

### show_leds

| count | min | max | mean | p50 | p90 | p95 | p99 | p999 |
|---|---|---|---|---|---|---|---|---|
| 132 | 651 | 945 | 815.4 | 807 | 893 | 910 | 937 | 945 |

```
[     651 ..     669.38 µs] █▎                                     1  (  0.8%)
[    669.38 ..     687.75 µs]                                        0  (  0.0%)
[    687.75 ..     706.12 µs] █▎                                     1  (  0.8%)
[    706.12 ..     724.50 µs] █▎                                     1  (  0.8%)
[    724.50 ..     742.88 µs] █████▏                                 4  (  3.0%)
[    742.88 ..     761.25 µs] █████████                              7  (  5.3%)
[    761.25 ..     779.62 µs] ████████████████████▌                 16  ( 12.1%)
[    779.62 ..      798 µs] █████████████████████▊                17  ( 12.9%)
[     798 ..     816.38 µs] ████████████████████████████████      25  ( 18.9%)
[    816.38 ..     834.75 µs] █████████████████████████▋            20  ( 15.2%)
[    834.75 ..     853.12 µs] ███████████████▍                      12  (  9.1%)
[    853.12 ..     871.50 µs] ██████████████▏                       11  (  8.3%)
[    871.50 ..     889.88 µs] ███▉                                   3  (  2.3%)
[    889.88 ..     908.25 µs] █████████                              7  (  5.3%)
[    908.25 ..     926.62 µs] █████▏                                 4  (  3.0%)
[    926.62 ..      945 µs] ███▉                                   3  (  2.3%)
                                                      0%  100%
```

### snapshot_publish

| count | min | max | mean | p50 | p90 | p95 | p99 | p999 |
|---|---|---|---|---|---|---|---|---|
| 50 | 85 | 308 | 137.9 | 107 | 232 | 250 | 308 | 308 |

```
[      85 ..      98.94 µs] ████████████████████████████████      15  ( 30.0%)
[     98.94 ..     112.88 µs] █████████████████████████▋            12  ( 24.0%)
[    112.88 ..     126.81 µs] ██████████▋                            5  ( 10.0%)
[    126.81 ..     140.75 µs]                                        0  (  0.0%)
[    140.75 ..     154.69 µs] ████▎                                  2  (  4.0%)
[    154.69 ..     168.62 µs] ██████▍                                3  (  6.0%)
[    168.62 ..     182.56 µs] ██████▍                                3  (  6.0%)
[    182.56 ..     196.50 µs] ██▏                                    1  (  2.0%)
[    196.50 ..     210.44 µs] ████▎                                  2  (  4.0%)
[    210.44 ..     224.38 µs] ██▏                                    1  (  2.0%)
[    224.38 ..     238.31 µs] ████▎                                  2  (  4.0%)
[    238.31 ..     252.25 µs] ████▎                                  2  (  4.0%)
[    252.25 ..     266.19 µs] ██▏                                    1  (  2.0%)
[    266.19 ..     280.12 µs]                                        0  (  0.0%)
[    280.12 ..     294.06 µs]                                        0  (  0.0%)
[    294.06 ..      308 µs] ██▏                                    1  (  2.0%)
                                                      0%  100%
```

## Instant frequency

| Name | Count | First ts (µs) | Last ts (µs) | Mean interarrival (µs) |
|---|---|---|---|---|
| BR_HIHAT | 7 | 127156935 | 128274345 | 186235 |
| BR_KICK | 2 | 128109652 | 128298568 | 188916 |
| BR_SNARE | 5 | 127458737 | 128251501 | 198191 |
| ONSET_EVENT | 4 | 127203157 | 128132782 | 309875 |
| ONSET_HIHAT | 5 | 127227875 | 128298479 | 267651 |
| ONSET_KICK | 2 | 127366593 | 127878932 | 512339 |
| render_frame_deadline_miss | 131 | 127145616 | 128304620 | 8915 |

---
_Tool: analyse_trace v1.0 | Input: `/Users/spectrasynq/Workspace_Management/Software/Lightwave-Ledstrip/firmware-v3/docs/research/phase1b_runtime_evidence_2026-04-27/reboot_clean_rerun/traces/portishead_trip_hop_sparse.json`_

STDERR:
