CMD: python3 firmware-v3/tools/analyse_trace.py firmware-v3/docs/research/phase1b_runtime_evidence_2026-04-27/reboot_clean_rerun/traces/snoop_vocal_gfunk.json --output firmware-v3/docs/research/phase1b_runtime_evidence_2026-04-27/reboot_clean_rerun/reports/snoop_vocal_gfunk.report.md --json firmware-v3/docs/research/phase1b_runtime_evidence_2026-04-27/reboot_clean_rerun/reports/snoop_vocal_gfunk.report.json --deadline-span render_frame --deadline-us 2000 --quiet

STDOUT:
… render_frame_work_us p99 = 3882 µs (no baseline supplied)

## Capture summary

| Field | Value |
|---|---|
| File | `/Users/spectrasynq/Workspace_Management/Software/Lightwave-Ledstrip/firmware-v3/docs/research/phase1b_runtime_evidence_2026-04-27/reboot_clean_rerun/traces/snoop_vocal_gfunk.json` |
| Events | 5489 |
| Duration | 1.177 s |
| Counters | 71 |
| Spans | 16 |
| Instants | 7 |
| Regions | 1 |

## Render frame deadline misses

_No deadline misses detected._

## Per-counter statistics

### audio_chunk_deadline_miss_total

| count | min | max | mean | p50 | p90 | p95 | p99 | p999 |
|---|---|---|---|---|---|---|---|---|
| 101 | 15737 | 15837 | 15787.0 | 15787 | 15827 | 15832 | 15836 | 15837 |

```
[   15737 ..   15743.25 ] ████████████████████████████████       7  (  6.9%)
[  15743.25 ..   15749.50 ] ███████████████████████████▍           6  (  5.9%)
[  15749.50 ..   15755.75 ] ███████████████████████████▍           6  (  5.9%)
[  15755.75 ..    15762 ] ███████████████████████████▍           6  (  5.9%)
[   15762 ..   15768.25 ] ████████████████████████████████       7  (  6.9%)
[  15768.25 ..   15774.50 ] ███████████████████████████▍           6  (  5.9%)
[  15774.50 ..   15780.75 ] ███████████████████████████▍           6  (  5.9%)
[  15780.75 ..    15787 ] ███████████████████████████▍           6  (  5.9%)
[   15787 ..   15793.25 ] ████████████████████████████████       7  (  6.9%)
[  15793.25 ..   15799.50 ] ███████████████████████████▍           6  (  5.9%)
[  15799.50 ..   15805.75 ] ███████████████████████████▍           6  (  5.9%)
[  15805.75 ..    15812 ] ███████████████████████████▍           6  (  5.9%)
[   15812 ..   15818.25 ] ████████████████████████████████       7  (  6.9%)
[  15818.25 ..   15824.50 ] ███████████████████████████▍           6  (  5.9%)
[  15824.50 ..   15830.75 ] ███████████████████████████▍           6  (  5.9%)
[  15830.75 ..    15837 ] ████████████████████████████████       7  (  6.9%)
                                                      0%  100%
```

_sparkline computed from time-ordered samples_

### audio_chunk_work_us

| count | min | max | mean | p50 | p90 | p95 | p99 | p999 |
|---|---|---|---|---|---|---|---|---|
| 101 | 6932 | 9738 | 8349.5 | 8248 | 9017 | 9157 | 9657 | 9738 |

```
[    6932 ..    7107.38 ] ████                                   2  (  2.0%)
[   7107.38 ..    7282.75 ] ████████                               4  (  4.0%)
[   7282.75 ..    7458.12 ] ████████                               4  (  4.0%)
[   7458.12 ..    7633.50 ] ████                                   2  (  2.0%)
[   7633.50 ..    7808.88 ] ██████                                 3  (  3.0%)
[   7808.88 ..    7984.25 ] ██████████████████████████████        15  ( 14.9%)
[   7984.25 ..    8159.62 ] ██████████████                         7  (  6.9%)
[   8159.62 ..     8335 ] ████████████████████████████████      16  ( 15.8%)
[    8335 ..    8510.38 ] ████████████                           6  (  5.9%)
[   8510.38 ..    8685.75 ] ████████                               4  (  4.0%)
[   8685.75 ..    8861.12 ] ████████████████████████████          14  ( 13.9%)
[   8861.12 ..    9036.50 ] ████████████████████████████          14  ( 13.9%)
[   9036.50 ..    9211.88 ] ██████████                             5  (  5.0%)
[   9211.88 ..    9387.25 ] ██                                     1  (  1.0%)
[   9387.25 ..    9562.62 ] ██                                     1  (  1.0%)
[   9562.62 ..     9738 ] ██████                                 3  (  3.0%)
                                                      0%  100%
```

_sparkline computed from time-ordered samples_

### audio_confidence

| count | min | max | mean | p50 | p90 | p95 | p99 | p999 |
|---|---|---|---|---|---|---|---|---|
| 50 | 1000 | 1000 | 1000.0 | 1000 | 1000 | 1000 | 1000 | 1000 |

```
[    1000 ..     1000 ] ████████████████████████████████      50  (100.0%)
                                                      0%  100%
```

_sparkline computed from time-ordered samples_

### audio_hop_count

| count | min | max | mean | p50 | p90 | p95 | p99 | p999 |
|---|---|---|---|---|---|---|---|---|
| 50 | 7869 | 7918 | 7893.5 | 7893 | 7913 | 7916 | 7918 | 7918 |

```
[    7869 ..    7872.06 ] ████████████████████████████████       4  (  8.0%)
[   7872.06 ..    7875.12 ] ████████████████████████               3  (  6.0%)
[   7875.12 ..    7878.19 ] ████████████████████████               3  (  6.0%)
[   7878.19 ..    7881.25 ] ████████████████████████               3  (  6.0%)
[   7881.25 ..    7884.31 ] ████████████████████████               3  (  6.0%)
[   7884.31 ..    7887.38 ] ████████████████████████               3  (  6.0%)
[   7887.38 ..    7890.44 ] ████████████████████████               3  (  6.0%)
[   7890.44 ..    7893.50 ] ████████████████████████               3  (  6.0%)
[   7893.50 ..    7896.56 ] ████████████████████████               3  (  6.0%)
[   7896.56 ..    7899.62 ] ████████████████████████               3  (  6.0%)
[   7899.62 ..    7902.69 ] ████████████████████████               3  (  6.0%)
[   7902.69 ..    7905.75 ] ████████████████████████               3  (  6.0%)
[   7905.75 ..    7908.81 ] ████████████████████████               3  (  6.0%)
[   7908.81 ..    7911.88 ] ████████████████████████               3  (  6.0%)
[   7911.88 ..    7914.94 ] ████████████████████████               3  (  6.0%)
[   7914.94 ..     7918 ] ████████████████████████████████       4  (  8.0%)
                                                      0%  100%
```

_sparkline computed from time-ordered samples_

### audio_hop_deadline_miss_total

| count | min | max | mean | p50 | p90 | p95 | p99 | p999 |
|---|---|---|---|---|---|---|---|---|
| 50 | 7869 | 7918 | 7893.5 | 7893 | 7913 | 7916 | 7918 | 7918 |

```
[    7869 ..    7872.06 ] ████████████████████████████████       4  (  8.0%)
[   7872.06 ..    7875.12 ] ████████████████████████               3  (  6.0%)
[   7875.12 ..    7878.19 ] ████████████████████████               3  (  6.0%)
[   7878.19 ..    7881.25 ] ████████████████████████               3  (  6.0%)
[   7881.25 ..    7884.31 ] ████████████████████████               3  (  6.0%)
[   7884.31 ..    7887.38 ] ████████████████████████               3  (  6.0%)
[   7887.38 ..    7890.44 ] ████████████████████████               3  (  6.0%)
[   7890.44 ..    7893.50 ] ████████████████████████               3  (  6.0%)
[   7893.50 ..    7896.56 ] ████████████████████████               3  (  6.0%)
[   7896.56 ..    7899.62 ] ████████████████████████               3  (  6.0%)
[   7899.62 ..    7902.69 ] ████████████████████████               3  (  6.0%)
[   7902.69 ..    7905.75 ] ████████████████████████               3  (  6.0%)
[   7905.75 ..    7908.81 ] ████████████████████████               3  (  6.0%)
[   7908.81 ..    7911.88 ] ████████████████████████               3  (  6.0%)
[   7911.88 ..    7914.94 ] ████████████████████████               3  (  6.0%)
[   7914.94 ..     7918 ] ████████████████████████████████       4  (  8.0%)
                                                      0%  100%
```

_sparkline computed from time-ordered samples_

### audio_hop_freq

| count | min | max | mean | p50 | p90 | p95 | p99 | p999 |
|---|---|---|---|---|---|---|---|---|
| 50 | 3949 | 4628 | 4318.4 | 4319 | 4555 | 4606 | 4628 | 4628 |

```
[    3949 ..    3991.44 ] ████                                   1  (  2.0%)
[   3991.44 ..    4033.88 ]                                        0  (  0.0%)
[   4033.88 ..    4076.31 ] ████████████                           3  (  6.0%)
[   4076.31 ..    4118.75 ] ████████                               2  (  4.0%)
[   4118.75 ..    4161.19 ] ████████████████████                   5  ( 10.0%)
[   4161.19 ..    4203.62 ]                                        0  (  0.0%)
[   4203.62 ..    4246.06 ] ████████████████                       4  (  8.0%)
[   4246.06 ..    4288.50 ] ████████████████████████               6  ( 12.0%)
[   4288.50 ..    4330.94 ] ████████████████████████               6  ( 12.0%)
[   4330.94 ..    4373.38 ] ████████████████████████████████       8  ( 16.0%)
[   4373.38 ..    4415.81 ] ████████████                           3  (  6.0%)
[   4415.81 ..    4458.25 ] ████                                   1  (  2.0%)
[   4458.25 ..    4500.69 ] ████                                   1  (  2.0%)
[   4500.69 ..    4543.12 ] ████████████████                       4  (  8.0%)
[   4543.12 ..    4585.56 ] ████████                               2  (  4.0%)
[   4585.56 ..     4628 ] ████████████████                       4  (  8.0%)
                                                      0%  100%
```

_sparkline computed from time-ordered samples_

### audio_hop_us

| count | min | max | mean | p50 | p90 | p95 | p99 | p999 |
|---|---|---|---|---|---|---|---|---|
| 50 | 21187 | 24886 | 22752.3 | 22678 | 23851 | 24157 | 24886 | 24886 |

```
[   21187 ..   21418.19 ] ████████████████                       4  (  8.0%)
[  21418.19 ..   21649.38 ] ████████                               2  (  4.0%)
[  21649.38 ..   21880.56 ] ████████████████                       4  (  8.0%)
[  21880.56 ..   22111.75 ] ████████                               2  (  4.0%)
[  22111.75 ..   22342.94 ] ████                                   1  (  2.0%)
[  22342.94 ..   22574.12 ] ████████████████████████████████       8  ( 16.0%)
[  22574.12 ..   22805.31 ] ████████████████████████               6  ( 12.0%)
[  22805.31 ..   23036.50 ] ████████████████████                   5  ( 10.0%)
[  23036.50 ..   23267.69 ] ████████████████████████               6  ( 12.0%)
[  23267.69 ..   23498.88 ] ████                                   1  (  2.0%)
[  23498.88 ..   23730.06 ] ████████████                           3  (  6.0%)
[  23730.06 ..   23961.25 ] ████████████████                       4  (  8.0%)
[  23961.25 ..   24192.44 ] ████████                               2  (  4.0%)
[  24192.44 ..   24423.62 ] ████                                   1  (  2.0%)
[  24423.62 ..   24654.81 ]                                        0  (  0.0%)
[  24654.81 ..    24886 ] ████                                   1  (  2.0%)
                                                      0%  100%
```

_sparkline computed from time-ordered samples_

### audio_rms

| count | min | max | mean | p50 | p90 | p95 | p99 | p999 |
|---|---|---|---|---|---|---|---|---|
| 50 | 0 | 10000 | 6326.0 | 6278 | 8758 | 9516 | 10000 | 10000 |

```
[       0 ..      625 ] █████▍                                 2  (  4.0%)
[     625 ..     1250 ]                                        0  (  0.0%)
[    1250 ..     1875 ]                                        0  (  0.0%)
[    1875 ..     2500 ]                                        0  (  0.0%)
[    2500 ..     3125 ] █████▍                                 2  (  4.0%)
[    3125 ..     3750 ] ██▋                                    1  (  2.0%)
[    3750 ..     4375 ] █████▍                                 2  (  4.0%)
[    4375 ..     5000 ] ██▋                                    1  (  2.0%)
[    5000 ..     5625 ] ████████                               3  (  6.0%)
[    5625 ..     6250 ] ████████████████████████████████      12  ( 24.0%)
[    6250 ..     6875 ] █████████████▍                         5  ( 10.0%)
[    6875 ..     7500 ] █████████████████████████████▍        11  ( 22.0%)
[    7500 ..     8125 ] █████▍                                 2  (  4.0%)
[    8125 ..     8750 ] ████████                               3  (  6.0%)
[    8750 ..     9375 ] █████▍                                 2  (  4.0%)
[    9375 ..    10000 ] ██████████▋                            4  (  8.0%)
                                                      0%  100%
```

_sparkline computed from time-ordered samples_

### audio_rms_x1000

| count | min | max | mean | p50 | p90 | p95 | p99 | p999 |
|---|---|---|---|---|---|---|---|---|
| 50 | 0 | 1000 | 632.2 | 627 | 875 | 951 | 1000 | 1000 |

```
[       0 ..      62.50 ] █████▍                                 2  (  4.0%)
[     62.50 ..      125 ]                                        0  (  0.0%)
[     125 ..     187.50 ]                                        0  (  0.0%)
[    187.50 ..      250 ]                                        0  (  0.0%)
[     250 ..     312.50 ] █████▍                                 2  (  4.0%)
[    312.50 ..      375 ] ██▋                                    1  (  2.0%)
[     375 ..     437.50 ] █████▍                                 2  (  4.0%)
[    437.50 ..      500 ] ██▋                                    1  (  2.0%)
[     500 ..     562.50 ] ████████                               3  (  6.0%)
[    562.50 ..      625 ] ████████████████████████████████      12  ( 24.0%)
[     625 ..     687.50 ] █████████████▍                         5  ( 10.0%)
[    687.50 ..      750 ] █████████████████████████████▍        11  ( 22.0%)
[     750 ..     812.50 ] █████▍                                 2  (  4.0%)
[    812.50 ..      875 ] ████████                               3  (  6.0%)
[     875 ..     937.50 ] █████▍                                 2  (  4.0%)
[    937.50 ..     1000 ] ██████████▋                            4  (  8.0%)
                                                      0%  100%
```

_sparkline computed from time-ordered samples_

### audio_silence_scale

| count | min | max | mean | p50 | p90 | p95 | p99 | p999 |
|---|---|---|---|---|---|---|---|---|
| 50 | 999 | 999 | 999.0 | 999 | 999 | 999 | 999 | 999 |

```
[     999 ..      999 ] ████████████████████████████████      50  (100.0%)
                                                      0%  100%
```

_sparkline computed from time-ordered samples_

### audio_snapshot_age_us

| count | min | max | mean | p50 | p90 | p95 | p99 | p999 |
|---|---|---|---|---|---|---|---|---|
| 132 | 0 | 18030 | 7502.0 | 8876 | 17835 | 17928 | 18013 | 18030 |

```
[       0 ..    1126.88 ] ████████████████████████████████      51  ( 38.6%)
[   1126.88 ..    2253.75 ]                                        0  (  0.0%)
[   2253.75 ..    3380.62 ]                                        0  (  0.0%)
[   3380.62 ..    4507.50 ]                                        0  (  0.0%)
[   4507.50 ..    5634.38 ]                                        0  (  0.0%)
[   5634.38 ..    6761.25 ]                                        0  (  0.0%)
[   6761.25 ..    7888.12 ]                                        0  (  0.0%)
[   7888.12 ..     9015 ] ███████████████████████████▋          44  ( 33.3%)
[    9015 ..   10141.88 ] ████▍                                  7  (  5.3%)
[  10141.88 ..   11268.75 ]                                        0  (  0.0%)
[  11268.75 ..   12395.62 ]                                        0  (  0.0%)
[  12395.62 ..   13522.50 ]                                        0  (  0.0%)
[  13522.50 ..   14649.38 ]                                        0  (  0.0%)
[  14649.38 ..   15776.25 ]                                        0  (  0.0%)
[  15776.25 ..   16903.12 ]                                        0  (  0.0%)
[  16903.12 ..    18030 ] ██████████████████▉                   30  ( 22.7%)
                                                      0%  100%
```

_sparkline computed from time-ordered samples_

### audio_snapshot_copy_us

| count | min | max | mean | p50 | p90 | p95 | p99 | p999 |
|---|---|---|---|---|---|---|---|---|
| 131 | 84 | 442 | 259.1 | 259 | 342 | 365 | 437 | 442 |

```
[      84 ..     106.38 ] █████▉                                 5  (  3.8%)
[    106.38 ..     128.75 ] ██▍                                    2  (  1.5%)
[    128.75 ..     151.12 ] ███▌                                   3  (  2.3%)
[    151.12 ..     173.50 ] █████▉                                 5  (  3.8%)
[    173.50 ..     195.88 ] ██████████▋                            9  (  6.9%)
[    195.88 ..     218.25 ] ██████████▋                            9  (  6.9%)
[    218.25 ..     240.62 ] ███████████▉                          10  (  7.6%)
[    240.62 ..      263 ] ████████████████████████████████      27  ( 20.6%)
[     263 ..     285.38 ] █████████████████████▍                18  ( 13.7%)
[    285.38 ..     307.75 ] ██████████████▎                       12  (  9.2%)
[    307.75 ..     330.12 ] ██████████████▎                       12  (  9.2%)
[    330.12 ..     352.50 ] ███████▏                               6  (  4.6%)
[    352.50 ..     374.88 ] ████████▎                              7  (  5.3%)
[    374.88 ..     397.25 ] ██▍                                    2  (  1.5%)
[    397.25 ..     419.62 ] ██▍                                    2  (  1.5%)
[    419.62 ..      442 ] ██▍                                    2  (  1.5%)
                                                      0%  100%
```

_sparkline computed from time-ordered samples_

### audio_snapshot_hop_seq_lag

| count | min | max | mean | p50 | p90 | p95 | p99 | p999 |
|---|---|---|---|---|---|---|---|---|
| 131 | 0 | 1 | 0.4 | 0 | 1 | 1 | 1 | 1 |

```
[       0 ..       0.06 ] ████████████████████████████████      81  ( 61.8%)
[      0.06 ..       0.12 ]                                        0  (  0.0%)
[      0.12 ..       0.19 ]                                        0  (  0.0%)
[      0.19 ..       0.25 ]                                        0  (  0.0%)
[      0.25 ..       0.31 ]                                        0  (  0.0%)
[      0.31 ..       0.38 ]                                        0  (  0.0%)
[      0.38 ..       0.44 ]                                        0  (  0.0%)
[      0.44 ..       0.50 ]                                        0  (  0.0%)
[      0.50 ..       0.56 ]                                        0  (  0.0%)
[      0.56 ..       0.62 ]                                        0  (  0.0%)
[      0.62 ..       0.69 ]                                        0  (  0.0%)
[      0.69 ..       0.75 ]                                        0  (  0.0%)
[      0.75 ..       0.81 ]                                        0  (  0.0%)
[      0.81 ..       0.88 ]                                        0  (  0.0%)
[      0.88 ..       0.94 ]                                        0  (  0.0%)
[      0.94 ..        1 ] ███████████████████▊                  50  ( 38.2%)
                                                      0%  100%
```

_sparkline computed from time-ordered samples_

### band_ratio_us

| count | min | max | mean | p50 | p90 | p95 | p99 | p999 |
|---|---|---|---|---|---|---|---|---|
| 50 | 63 | 95 | 71.4 | 65 | 89 | 92 | 95 | 95 |

```
[      63 ..       65 ] ████████████████████████████████      18  ( 36.0%)
[      65 ..       67 ] █████████████████▊                    10  ( 20.0%)
[      67 ..       69 ] █████▍                                 3  (  6.0%)
[      69 ..       71 ] █████▍                                 3  (  6.0%)
[      71 ..       73 ]                                        0  (  0.0%)
[      73 ..       75 ]                                        0  (  0.0%)
[      75 ..       77 ] █▊                                     1  (  2.0%)
[      77 ..       79 ] ███████▏                               4  (  8.0%)
[      79 ..       81 ] █▊                                     1  (  2.0%)
[      81 ..       83 ] █▊                                     1  (  2.0%)
[      83 ..       85 ] █▊                                     1  (  2.0%)
[      85 ..       87 ]                                        0  (  0.0%)
[      87 ..       89 ] █▊                                     1  (  2.0%)
[      89 ..       91 ] █████▍                                 3  (  6.0%)
[      91 ..       93 ] █████▍                                 3  (  6.0%)
[      93 ..       95 ] █▊                                     1  (  2.0%)
                                                      0%  100%
```

_sparkline computed from time-ordered samples_

### br_hihat_energy

| count | min | max | mean | p50 | p90 | p95 | p99 | p999 |
|---|---|---|---|---|---|---|---|---|
| 50 | 123 | 1172 | 542.6 | 499 | 942 | 1077 | 1172 | 1172 |

```
[     123 ..     188.56 ] ████████                               2  (  4.0%)
[    188.56 ..     254.12 ] ████████████████████                   5  ( 10.0%)
[    254.12 ..     319.69 ] ████████████████████████████████       8  ( 16.0%)
[    319.69 ..     385.25 ] ████████                               2  (  4.0%)
[    385.25 ..     450.81 ] ████████████████                       4  (  8.0%)
[    450.81 ..     516.38 ] ████████████████████████               6  ( 12.0%)
[    516.38 ..     581.94 ] ████████████████████████               6  ( 12.0%)
[    581.94 ..     647.50 ] ████                                   1  (  2.0%)
[    647.50 ..     713.06 ] ████████████                           3  (  6.0%)
[    713.06 ..     778.62 ] ████████                               2  (  4.0%)
[    778.62 ..     844.19 ] ████████████                           3  (  6.0%)
[    844.19 ..     909.75 ] ████████                               2  (  4.0%)
[    909.75 ..     975.31 ] ████                                   1  (  2.0%)
[    975.31 ..    1040.88 ] ████████                               2  (  4.0%)
[   1040.88 ..    1106.44 ] ████                                   1  (  2.0%)
[   1106.44 ..     1172 ] ████████                               2  (  4.0%)
                                                      0%  100%
```

_sparkline computed from time-ordered samples_

### br_kick_energy

| count | min | max | mean | p50 | p90 | p95 | p99 | p999 |
|---|---|---|---|---|---|---|---|---|
| 50 | 35 | 206 | 108.2 | 106 | 177 | 203 | 206 | 206 |

```
[      35 ..      45.69 ] ████████████▊                          4  (  8.0%)
[     45.69 ..      56.38 ] █████████▋                             3  (  6.0%)
[     56.38 ..      67.06 ] ██████▍                                2  (  4.0%)
[     67.06 ..      77.75 ] ███▎                                   1  (  2.0%)
[     77.75 ..      88.44 ] ███▎                                   1  (  2.0%)
[     88.44 ..      99.12 ] ████████████████████████████████      10  ( 20.0%)
[     99.12 ..     109.81 ] ██████████████████████▍                7  ( 14.0%)
[    109.81 ..     120.50 ] ████████████████████████████████      10  ( 20.0%)
[    120.50 ..     131.19 ] ████████████▊                          4  (  8.0%)
[    131.19 ..     141.88 ]                                        0  (  0.0%)
[    141.88 ..     152.56 ] ███▎                                   1  (  2.0%)
[    152.56 ..     163.25 ]                                        0  (  0.0%)
[    163.25 ..     173.94 ] ███▎                                   1  (  2.0%)
[    173.94 ..     184.62 ] ██████▍                                2  (  4.0%)
[    184.62 ..     195.31 ] ███▎                                   1  (  2.0%)
[    195.31 ..      206 ] █████████▋                             3  (  6.0%)
                                                      0%  100%
```

_sparkline computed from time-ordered samples_

### br_raw_rms

| count | min | max | mean | p50 | p90 | p95 | p99 | p999 |
|---|---|---|---|---|---|---|---|---|
| 50 | 22426 | 84239 | 54181.8 | 54212 | 72309 | 82234 | 84239 | 84239 |

```
[   22426 ..   26289.31 ] ██████████▋                            2  (  4.0%)
[  26289.31 ..   30152.62 ]                                        0  (  0.0%)
[  30152.62 ..   34015.94 ] ██████████▋                            2  (  4.0%)
[  34015.94 ..   37879.25 ] ██████████▋                            2  (  4.0%)
[  37879.25 ..   41742.56 ] ██████████████████████████▋            5  ( 10.0%)
[  41742.56 ..   45605.88 ] █████████████████████▍                 4  (  8.0%)
[  45605.88 ..   49469.19 ] ██████████████████████████▋            5  ( 10.0%)
[  49469.19 ..   53332.50 ] █████████████████████▍                 4  (  8.0%)
[  53332.50 ..   57195.81 ] ████████████████████████████████       6  ( 12.0%)
[  57195.81 ..   61059.12 ] █████████████████████▍                 4  (  8.0%)
[  61059.12 ..   64922.44 ] █████████████████████▍                 4  (  8.0%)
[  64922.44 ..   68785.75 ] ████████████████                       3  (  6.0%)
[  68785.75 ..   72649.06 ] █████████████████████▍                 4  (  8.0%)
[  72649.06 ..   76512.38 ] ██████████▋                            2  (  4.0%)
[  76512.38 ..   80375.69 ]                                        0  (  0.0%)
[  80375.69 ..    84239 ] ████████████████                       3  (  6.0%)
                                                      0%  100%
```

_sparkline computed from time-ordered samples_

### br_rms_eligible

| count | min | max | mean | p50 | p90 | p95 | p99 | p999 |
|---|---|---|---|---|---|---|---|---|
| 50 | 1 | 1 | 1.0 | 1 | 1 | 1 | 1 | 1 |

```
[       1 ..        1 ] ████████████████████████████████      50  (100.0%)
                                                      0%  100%
```

_sparkline computed from time-ordered samples_

### br_snare_energy

| count | min | max | mean | p50 | p90 | p95 | p99 | p999 |
|---|---|---|---|---|---|---|---|---|
| 50 | 40 | 539 | 248.8 | 221 | 411 | 497 | 539 | 539 |

```
[      40 ..      71.19 ] ████████████████                       3  (  6.0%)
[     71.19 ..     102.38 ] ██████████▋                            2  (  4.0%)
[    102.38 ..     133.56 ] █████████████████████▍                 4  (  8.0%)
[    133.56 ..     164.75 ] ████████████████████████████████       6  ( 12.0%)
[    164.75 ..     195.94 ] ████████████████████████████████       6  ( 12.0%)
[    195.94 ..     227.12 ] █████████████████████▍                 4  (  8.0%)
[    227.12 ..     258.31 ] █████████████████████▍                 4  (  8.0%)
[    258.31 ..     289.50 ] █████████████████████▍                 4  (  8.0%)
[    289.50 ..     320.69 ] █████████████████████▍                 4  (  8.0%)
[    320.69 ..     351.88 ] ██████████▋                            2  (  4.0%)
[    351.88 ..     383.06 ] ██████████▋                            2  (  4.0%)
[    383.06 ..     414.25 ] █████████████████████▍                 4  (  8.0%)
[    414.25 ..     445.44 ]                                        0  (  0.0%)
[    445.44 ..     476.62 ] █████▍                                 1  (  2.0%)
[    476.62 ..     507.81 ] ██████████▋                            2  (  4.0%)
[    507.81 ..      539 ] ██████████▋                            2  (  4.0%)
                                                      0%  100%
```

_sparkline computed from time-ordered samples_

### color_correction_us

| count | min | max | mean | p50 | p90 | p95 | p99 | p999 |
|---|---|---|---|---|---|---|---|---|
| 132 | 617 | 1171 | 937.6 | 937 | 1080 | 1118 | 1157 | 1171 |

```
[     617 ..     651.62 ] █▌                                     1  (  0.8%)
[    651.62 ..     686.25 ] ████▍                                  3  (  2.3%)
[    686.25 ..     720.88 ] ████▍                                  3  (  2.3%)
[    720.88 ..     755.50 ] ███████▎                               5  (  3.8%)
[    755.50 ..     790.12 ] █████████████▏                         9  (  6.8%)
[    790.12 ..     824.75 ] ████████▊                              6  (  4.5%)
[    824.75 ..     859.38 ] █████▉                                 4  (  3.0%)
[    859.38 ..      894 ] ████████▊                              6  (  4.5%)
[     894 ..     928.62 ] ████████████████████████████████      22  ( 16.7%)
[    928.62 ..     963.25 ] ███████████████████████▎              16  ( 12.1%)
[    963.25 ..     997.88 ] ███████████▋                           8  (  6.1%)
[    997.88 ..    1032.50 ] ███████████████████████████▋          19  ( 14.4%)
[   1032.50 ..    1067.12 ] ████████████████                      11  (  8.3%)
[   1067.12 ..    1101.75 ] ██████████████▌                       10  (  7.6%)
[   1101.75 ..    1136.38 ] ███████▎                               5  (  3.8%)
[   1136.38 ..     1171 ] █████▉                                 4  (  3.0%)
                                                      0%  100%
```

_sparkline computed from time-ordered samples_

### controlbus_publish_copy_us

| count | min | max | mean | p50 | p90 | p95 | p99 | p999 |
|---|---|---|---|---|---|---|---|---|
| 50 | 72 | 284 | 117.7 | 96 | 189 | 194 | 284 | 284 |

```
[      72 ..      85.25 ] ████████████████████████████████      16  ( 32.0%)
[     85.25 ..      98.50 ] ██████████████████                     9  ( 18.0%)
[     98.50 ..     111.75 ] ██████████████████                     9  ( 18.0%)
[    111.75 ..      125 ]                                        0  (  0.0%)
[     125 ..     138.25 ] ██████                                 3  (  6.0%)
[    138.25 ..     151.50 ]                                        0  (  0.0%)
[    151.50 ..     164.75 ] ████████                               4  (  8.0%)
[    164.75 ..      178 ] ████                                   2  (  4.0%)
[     178 ..     191.25 ] ████████                               4  (  8.0%)
[    191.25 ..     204.50 ] ██                                     1  (  2.0%)
[    204.50 ..     217.75 ]                                        0  (  0.0%)
[    217.75 ..      231 ]                                        0  (  0.0%)
[     231 ..     244.25 ]                                        0  (  0.0%)
[    244.25 ..     257.50 ]                                        0  (  0.0%)
[    257.50 ..     270.75 ] ██                                     1  (  2.0%)
[    270.75 ..      284 ] ██                                     1  (  2.0%)
                                                      0%  100%
```

_sparkline computed from time-ordered samples_

### effect_id_active

| count | min | max | mean | p50 | p90 | p95 | p99 | p999 |
|---|---|---|---|---|---|---|---|---|
| 131 | 8448 | 8448 | 8448.0 | 8448 | 8448 | 8448 | 8448 | 8448 |

```
[    8448 ..     8448 ] ████████████████████████████████     131  (100.0%)
                                                      0%  100%
```

_sparkline computed from time-ordered samples_

### fps

| count | min | max | mean | p50 | p90 | p95 | p99 | p999 |
|---|---|---|---|---|---|---|---|---|
| 1 | 119 | 119 | 119.0 | 119 | 119 | 119 | 119 | 119 |

```
[     119 ..      119 ] ████████████████████████████████       1  (100.0%)
                                                      0%  100%
```

_sparkline computed from time-ordered samples_

### heap_free_internal_kb

| count | min | max | mean | p50 | p90 | p95 | p99 | p999 |
|---|---|---|---|---|---|---|---|---|
| 1 | 17 | 17 | 17.0 | 17 | 17 | 17 | 17 | 17 |

```
[      17 ..       17 ] ████████████████████████████████       1  (100.0%)
                                                      0%  100%
```

_sparkline computed from time-ordered samples_

### heap_free_psram_kb

| count | min | max | mean | p50 | p90 | p95 | p99 | p999 |
|---|---|---|---|---|---|---|---|---|
| 1 | 7812 | 7812 | 7812.0 | 7812 | 7812 | 7812 | 7812 | 7812 |

```
[    7812 ..     7812 ] ████████████████████████████████       1  (100.0%)
                                                      0%  100%
```

_sparkline computed from time-ordered samples_

### heap_largest_internal_kb

| count | min | max | mean | p50 | p90 | p95 | p99 | p999 |
|---|---|---|---|---|---|---|---|---|
| 1 | 7 | 7 | 7.0 | 7 | 7 | 7 | 7 | 7 |

```
[       7 ..        7 ] ████████████████████████████████       1  (100.0%)
                                                      0%  100%
```

_sparkline computed from time-ordered samples_

### heap_largest_psram_kb

| count | min | max | mean | p50 | p90 | p95 | p99 | p999 |
|---|---|---|---|---|---|---|---|---|
| 1 | 7807 | 7807 | 7807.0 | 7807 | 7807 | 7807 | 7807 | 7807 |

```
[    7807 ..     7807 ] ████████████████████████████████       1  (100.0%)
                                                      0%  100%
```

_sparkline computed from time-ordered samples_

### led_show_avg_us

| count | min | max | mean | p50 | p90 | p95 | p99 | p999 |
|---|---|---|---|---|---|---|---|---|
| 1 | 554 | 554 | 554.0 | 554 | 554 | 554 | 554 | 554 |

```
[     554 ..      554 ] ████████████████████████████████       1  (100.0%)
                                                      0%  100%
```

_sparkline computed from time-ordered samples_

### led_show_failures_total

| count | min | max | mean | p50 | p90 | p95 | p99 | p999 |
|---|---|---|---|---|---|---|---|---|
| 1 | 0 | 0 | 0.0 | 0 | 0 | 0 | 0 | 0 |

```
[       0 ..        0 ] ████████████████████████████████       1  (100.0%)
                                                      0%  100%
```

_sparkline computed from time-ordered samples_

### led_show_max_us

| count | min | max | mean | p50 | p90 | p95 | p99 | p999 |
|---|---|---|---|---|---|---|---|---|
| 1 | 2091 | 2091 | 2091.0 | 2091 | 2091 | 2091 | 2091 | 2091 |

```
[    2091 ..     2091 ] ████████████████████████████████       1  (100.0%)
                                                      0%  100%
```

_sparkline computed from time-ordered samples_

### led_show_skips_total

| count | min | max | mean | p50 | p90 | p95 | p99 | p999 |
|---|---|---|---|---|---|---|---|---|
| 1 | 0 | 0 | 0.0 | 0 | 0 | 0 | 0 | 0 |

```
[       0 ..        0 ] ████████████████████████████████       1  (100.0%)
                                                      0%  100%
```

_sparkline computed from time-ordered samples_

### onset_activity

| count | min | max | mean | p50 | p90 | p95 | p99 | p999 |
|---|---|---|---|---|---|---|---|---|
| 50 | 1000 | 1000 | 1000.0 | 1000 | 1000 | 1000 | 1000 | 1000 |

```
[    1000 ..     1000 ] ████████████████████████████████      50  (100.0%)
                                                      0%  100%
```

_sparkline computed from time-ordered samples_

### onset_bass_flux

| count | min | max | mean | p50 | p90 | p95 | p99 | p999 |
|---|---|---|---|---|---|---|---|---|
| 50 | 0 | 4198 | 1439.7 | 1182 | 2941 | 3586 | 4198 | 4198 |

```
[       0 ..     262.38 ] ████████████████                       4  (  8.0%)
[    262.38 ..     524.75 ] ████████████████████████               6  ( 12.0%)
[    524.75 ..     787.12 ] ████████████                           3  (  6.0%)
[    787.12 ..    1049.50 ] ████████████████████████████████       8  ( 16.0%)
[   1049.50 ..    1311.88 ] ████████████████████                   5  ( 10.0%)
[   1311.88 ..    1574.25 ] ████████████████████████████           7  ( 14.0%)
[   1574.25 ..    1836.62 ] ████████                               2  (  4.0%)
[   1836.62 ..     2099 ] ████████                               2  (  4.0%)
[    2099 ..    2361.38 ] ████████████████                       4  (  8.0%)
[   2361.38 ..    2623.75 ] ████████████                           3  (  6.0%)
[   2623.75 ..    2886.12 ]                                        0  (  0.0%)
[   2886.12 ..    3148.50 ] ████████                               2  (  4.0%)
[   3148.50 ..    3410.88 ] ████                                   1  (  2.0%)
[   3410.88 ..    3673.25 ] ████                                   1  (  2.0%)
[   3673.25 ..    3935.62 ] ████                                   1  (  2.0%)
[   3935.62 ..     4198 ] ████                                   1  (  2.0%)
                                                      0%  100%
```

_sparkline computed from time-ordered samples_

### onset_decision_us

| count | min | max | mean | p50 | p90 | p95 | p99 | p999 |
|---|---|---|---|---|---|---|---|---|
| 50 | 813 | 1202 | 947.8 | 909 | 1120 | 1156 | 1202 | 1202 |

```
[     813 ..     837.31 ] ████████████████████████████████      18  ( 36.0%)
[    837.31 ..     861.62 ]                                        0  (  0.0%)
[    861.62 ..     885.94 ] █▊                                     1  (  2.0%)
[    885.94 ..     910.25 ] ██████████▋                            6  ( 12.0%)
[    910.25 ..     934.56 ] ███▌                                   2  (  4.0%)
[    934.56 ..     958.88 ]                                        0  (  0.0%)
[    958.88 ..     983.19 ] █▊                                     1  (  2.0%)
[    983.19 ..    1007.50 ] █████▍                                 3  (  6.0%)
[   1007.50 ..    1031.81 ] █████▍                                 3  (  6.0%)
[   1031.81 ..    1056.12 ] ██████████▋                            6  ( 12.0%)
[   1056.12 ..    1080.44 ] ███▌                                   2  (  4.0%)
[   1080.44 ..    1104.75 ] ███▌                                   2  (  4.0%)
[   1104.75 ..    1129.06 ] █▊                                     1  (  2.0%)
[   1129.06 ..    1153.38 ] ███▌                                   2  (  4.0%)
[   1153.38 ..    1177.69 ] ███▌                                   2  (  4.0%)
[   1177.69 ..     1202 ] █▊                                     1  (  2.0%)
                                                      0%  100%
```

_sparkline computed from time-ordered samples_

### onset_env

| count | min | max | mean | p50 | p90 | p95 | p99 | p999 |
|---|---|---|---|---|---|---|---|---|
| 50 | 0 | 32893 | 1752.3 | 0 | 4219 | 14646 | 32893 | 32893 |

```
[       0 ..    2055.81 ] ████████████████████████████████      44  ( 88.0%)
[   2055.81 ..    4111.62 ]                                        0  (  0.0%)
[   4111.62 ..    6167.44 ] █▌                                     2  (  4.0%)
[   6167.44 ..    8223.25 ]                                        0  (  0.0%)
[   8223.25 ..   10279.06 ]                                        0  (  0.0%)
[  10279.06 ..   12334.88 ] ▊                                      1  (  2.0%)
[  12334.88 ..   14390.69 ]                                        0  (  0.0%)
[  14390.69 ..   16446.50 ] ▊                                      1  (  2.0%)
[  16446.50 ..   18502.31 ] ▊                                      1  (  2.0%)
[  18502.31 ..   20558.12 ]                                        0  (  0.0%)
[  20558.12 ..   22613.94 ]                                        0  (  0.0%)
[  22613.94 ..   24669.75 ]                                        0  (  0.0%)
[  24669.75 ..   26725.56 ]                                        0  (  0.0%)
[  26725.56 ..   28781.38 ]                                        0  (  0.0%)
[  28781.38 ..   30837.19 ]                                        0  (  0.0%)
[  30837.19 ..    32893 ] ▊                                      1  (  2.0%)
                                                      0%  100%
```

_sparkline computed from time-ordered samples_

### onset_event_strength

| count | min | max | mean | p50 | p90 | p95 | p99 | p999 |
|---|---|---|---|---|---|---|---|---|
| 50 | 0 | 32893 | 1135.5 | 0 | 0 | 4219 | 32893 | 32893 |

```
[       0 ..    2055.81 ] ████████████████████████████████      47  ( 94.0%)
[   2055.81 ..    4111.62 ]                                        0  (  0.0%)
[   4111.62 ..    6167.44 ] ▋                                      1  (  2.0%)
[   6167.44 ..    8223.25 ]                                        0  (  0.0%)
[   8223.25 ..   10279.06 ]                                        0  (  0.0%)
[  10279.06 ..   12334.88 ]                                        0  (  0.0%)
[  12334.88 ..   14390.69 ]                                        0  (  0.0%)
[  14390.69 ..   16446.50 ]                                        0  (  0.0%)
[  16446.50 ..   18502.31 ] ▋                                      1  (  2.0%)
[  18502.31 ..   20558.12 ]                                        0  (  0.0%)
[  20558.12 ..   22613.94 ]                                        0  (  0.0%)
[  22613.94 ..   24669.75 ]                                        0  (  0.0%)
[  24669.75 ..   26725.56 ]                                        0  (  0.0%)
[  26725.56 ..   28781.38 ]                                        0  (  0.0%)
[  28781.38 ..   30837.19 ]                                        0  (  0.0%)
[  30837.19 ..    32893 ] ▋                                      1  (  2.0%)
                                                      0%  100%
```

_sparkline computed from time-ordered samples_

### onset_fft_frontend_us

| count | min | max | mean | p50 | p90 | p95 | p99 | p999 |
|---|---|---|---|---|---|---|---|---|
| 50 | 754 | 1243 | 954.0 | 892 | 1208 | 1218 | 1243 | 1243 |

```
[     754 ..     784.56 ] ████████████████████▍                  7  ( 14.0%)
[    784.56 ..     815.12 ] ████████████████████████████████      11  ( 22.0%)
[    815.12 ..     845.69 ] ██▉                                    1  (  2.0%)
[    845.69 ..     876.25 ] ███████████▋                           4  (  8.0%)
[    876.25 ..     906.81 ] ████████▊                              3  (  6.0%)
[    906.81 ..     937.38 ] ████████▊                              3  (  6.0%)
[    937.38 ..     967.94 ] █████▉                                 2  (  4.0%)
[    967.94 ..     998.50 ] █████▉                                 2  (  4.0%)
[    998.50 ..    1029.06 ]                                        0  (  0.0%)
[   1029.06 ..    1059.62 ] █████▉                                 2  (  4.0%)
[   1059.62 ..    1090.19 ]                                        0  (  0.0%)
[   1090.19 ..    1120.75 ] █████▉                                 2  (  4.0%)
[   1120.75 ..    1151.31 ] ██▉                                    1  (  2.0%)
[   1151.31 ..    1181.88 ]                                        0  (  0.0%)
[   1181.88 ..    1212.44 ] ███████████████████████▎               8  ( 16.0%)
[   1212.44 ..     1243 ] ███████████▋                           4  (  8.0%)
                                                      0%  100%
```

_sparkline computed from time-ordered samples_

### onset_flux

| count | min | max | mean | p50 | p90 | p95 | p99 | p999 |
|---|---|---|---|---|---|---|---|---|
| 50 | 14228 | 80659 | 36496.0 | 31177 | 57510 | 62179 | 80659 | 80659 |

```
[   14228 ..   18379.94 ] ████████▊                              3  (  6.0%)
[  18379.94 ..   22531.88 ] ████████▊                              3  (  6.0%)
[  22531.88 ..   26683.81 ] ████████████████████████████████      11  ( 22.0%)
[  26683.81 ..   30835.75 ] ████████████████████▍                  7  ( 14.0%)
[  30835.75 ..   34987.69 ] ████████▊                              3  (  6.0%)
[  34987.69 ..   39139.62 ] ██████████████▌                        5  ( 10.0%)
[  39139.62 ..   43291.56 ] ████████▊                              3  (  6.0%)
[  43291.56 ..   47443.50 ] ████████▊                              3  (  6.0%)
[  47443.50 ..   51595.44 ] ████████▊                              3  (  6.0%)
[  51595.44 ..   55747.38 ] █████▉                                 2  (  4.0%)
[  55747.38 ..   59899.31 ] ████████▊                              3  (  6.0%)
[  59899.31 ..   64051.25 ] █████▉                                 2  (  4.0%)
[  64051.25 ..   68203.19 ]                                        0  (  0.0%)
[  68203.19 ..   72355.12 ] ██▉                                    1  (  2.0%)
[  72355.12 ..   76507.06 ]                                        0  (  0.0%)
[  76507.06 ..    80659 ] ██▉                                    1  (  2.0%)
                                                      0%  100%
```

_sparkline computed from time-ordered samples_

### onset_flux_us

| count | min | max | mean | p50 | p90 | p95 | p99 | p999 |
|---|---|---|---|---|---|---|---|---|
| 50 | 744 | 1078 | 866.4 | 806 | 1046 | 1050 | 1078 | 1078 |

```
[     744 ..     764.88 ] ████████████████████████████████      18  ( 36.0%)
[    764.88 ..     785.75 ]                                        0  (  0.0%)
[    785.75 ..     806.62 ] ████████████▌                          7  ( 14.0%)
[    806.62 ..     827.50 ] ███▌                                   2  (  4.0%)
[    827.50 ..     848.38 ]                                        0  (  0.0%)
[    848.38 ..     869.25 ]                                        0  (  0.0%)
[    869.25 ..     890.12 ]                                        0  (  0.0%)
[    890.12 ..      911 ] ███▌                                   2  (  4.0%)
[     911 ..     931.88 ] █▊                                     1  (  2.0%)
[    931.88 ..     952.75 ] ██████████▋                            6  ( 12.0%)
[    952.75 ..     973.62 ] ███████▏                               4  (  8.0%)
[    973.62 ..     994.50 ] ███▌                                   2  (  4.0%)
[    994.50 ..    1015.38 ] ███▌                                   2  (  4.0%)
[   1015.38 ..    1036.25 ]                                        0  (  0.0%)
[   1036.25 ..    1057.12 ] ███████▏                               4  (  8.0%)
[   1057.12 ..     1078 ] ███▌                                   2  (  4.0%)
                                                      0%  100%
```

_sparkline computed from time-ordered samples_

### onset_gate_flags

| count | min | max | mean | p50 | p90 | p95 | p99 | p999 |
|---|---|---|---|---|---|---|---|---|
| 50 | 0 | 0 | 0.0 | 0 | 0 | 0 | 0 | 0 |

```
[       0 ..        0 ] ████████████████████████████████      50  (100.0%)
                                                      0%  100%
```

_sparkline computed from time-ordered samples_

### onset_high_flux

| count | min | max | mean | p50 | p90 | p95 | p99 | p999 |
|---|---|---|---|---|---|---|---|---|
| 50 | 7447 | 146696 | 55363.3 | 47048 | 106851 | 107580 | 146696 | 146696 |

```
[    7447 ..   16150.06 ] ████▉                                  2  (  4.0%)
[  16150.06 ..   24853.12 ] ███████▍                               3  (  6.0%)
[  24853.12 ..   33556.19 ] █████████▉                             4  (  8.0%)
[  33556.19 ..   42259.25 ] ████████████████████████████████      13  ( 26.0%)
[  42259.25 ..   50962.31 ] ████████████▎                          5  ( 10.0%)
[  50962.31 ..   59665.38 ] █████████████████▎                     7  ( 14.0%)
[  59665.38 ..   68368.44 ] ████████████▎                          5  ( 10.0%)
[  68368.44 ..   77071.50 ] ████▉                                  2  (  4.0%)
[  77071.50 ..   85774.56 ] ██▌                                    1  (  2.0%)
[  85774.56 ..   94477.62 ] ██▌                                    1  (  2.0%)
[  94477.62 ..  103180.69 ]                                        0  (  0.0%)
[ 103180.69 ..  111883.75 ] ████████████▎                          5  ( 10.0%)
[ 111883.75 ..  120586.81 ]                                        0  (  0.0%)
[ 120586.81 ..  129289.88 ]                                        0  (  0.0%)
[ 129289.88 ..  137992.94 ] ██▌                                    1  (  2.0%)
[ 137992.94 ..   146696 ] ██▌                                    1  (  2.0%)
                                                      0%  100%
```

_sparkline computed from time-ordered samples_

### onset_input_rms

| count | min | max | mean | p50 | p90 | p95 | p99 | p999 |
|---|---|---|---|---|---|---|---|---|
| 50 | 22426 | 84239 | 54181.8 | 54212 | 72309 | 82234 | 84239 | 84239 |

```
[   22426 ..   26289.31 ] ██████████▋                            2  (  4.0%)
[  26289.31 ..   30152.62 ]                                        0  (  0.0%)
[  30152.62 ..   34015.94 ] ██████████▋                            2  (  4.0%)
[  34015.94 ..   37879.25 ] ██████████▋                            2  (  4.0%)
[  37879.25 ..   41742.56 ] ██████████████████████████▋            5  ( 10.0%)
[  41742.56 ..   45605.88 ] █████████████████████▍                 4  (  8.0%)
[  45605.88 ..   49469.19 ] ██████████████████████████▋            5  ( 10.0%)
[  49469.19 ..   53332.50 ] █████████████████████▍                 4  (  8.0%)
[  53332.50 ..   57195.81 ] ████████████████████████████████       6  ( 12.0%)
[  57195.81 ..   61059.12 ] █████████████████████▍                 4  (  8.0%)
[  61059.12 ..   64922.44 ] █████████████████████▍                 4  (  8.0%)
[  64922.44 ..   68785.75 ] ████████████████                       3  (  6.0%)
[  68785.75 ..   72649.06 ] █████████████████████▍                 4  (  8.0%)
[  72649.06 ..   76512.38 ] ██████████▋                            2  (  4.0%)
[  76512.38 ..   80375.69 ]                                        0  (  0.0%)
[  80375.69 ..    84239 ] ████████████████                       3  (  6.0%)
                                                      0%  100%
```

_sparkline computed from time-ordered samples_

### onset_mid_flux

| count | min | max | mean | p50 | p90 | p95 | p99 | p999 |
|---|---|---|---|---|---|---|---|---|
| 50 | 1334 | 24008 | 6975.8 | 6370 | 11412 | 17087 | 24008 | 24008 |

```
[    1334 ..    2751.12 ] ████████████████████▍                  7  ( 14.0%)
[   2751.12 ..    4168.25 ] ██████████████████████████▏            9  ( 18.0%)
[   4168.25 ..    5585.38 ] ███████████▋                           4  (  8.0%)
[   5585.38 ..    7002.50 ] ████████████████████████████████      11  ( 22.0%)
[   7002.50 ..    8419.62 ] █████████████████▌                     6  ( 12.0%)
[   8419.62 ..    9836.75 ] ████████▊                              3  (  6.0%)
[   9836.75 ..   11253.88 ] ███████████▋                           4  (  8.0%)
[  11253.88 ..    12671 ] █████▉                                 2  (  4.0%)
[   12671 ..   14088.12 ] ██▉                                    1  (  2.0%)
[  14088.12 ..   15505.25 ]                                        0  (  0.0%)
[  15505.25 ..   16922.38 ]                                        0  (  0.0%)
[  16922.38 ..   18339.50 ] ██▉                                    1  (  2.0%)
[  18339.50 ..   19756.62 ] ██▉                                    1  (  2.0%)
[  19756.62 ..   21173.75 ]                                        0  (  0.0%)
[  21173.75 ..   22590.88 ]                                        0  (  0.0%)
[  22590.88 ..    24008 ] ██▉                                    1  (  2.0%)
                                                      0%  100%
```

_sparkline computed from time-ordered samples_

### onset_noise_floor

| count | min | max | mean | p50 | p90 | p95 | p99 | p999 |
|---|---|---|---|---|---|---|---|---|
| 50 | 3405 | 3405 | 3405.0 | 3405 | 3405 | 3405 | 3405 | 3405 |

```
[    3405 ..     3405 ] ████████████████████████████████      50  (100.0%)
                                                      0%  100%
```

_sparkline computed from time-ordered samples_

### onset_process_us

| count | min | max | mean | p50 | p90 | p95 | p99 | p999 |
|---|---|---|---|---|---|---|---|---|
| 50 | 1585 | 2425 | 1920.7 | 1782 | 2304 | 2377 | 2425 | 2425 |

```
[    1585 ..    1637.50 ] ████████████████████████████████      11  ( 22.0%)
[   1637.50 ..     1690 ] ██▉                                    1  (  2.0%)
[    1690 ..    1742.50 ] ██████████████████████████▏            9  ( 18.0%)
[   1742.50 ..     1795 ] ██████████████▌                        5  ( 10.0%)
[    1795 ..    1847.50 ] ██▉                                    1  (  2.0%)
[   1847.50 ..     1900 ] ██▉                                    1  (  2.0%)
[    1900 ..    1952.50 ] █████▉                                 2  (  4.0%)
[   1952.50 ..     2005 ] ██▉                                    1  (  2.0%)
[    2005 ..    2057.50 ] ████████▊                              3  (  6.0%)
[   2057.50 ..     2110 ] ██▉                                    1  (  2.0%)
[    2110 ..    2162.50 ] ██▉                                    1  (  2.0%)
[   2162.50 ..     2215 ] █████▉                                 2  (  4.0%)
[    2215 ..    2267.50 ] ██▉                                    1  (  2.0%)
[   2267.50 ..     2320 ] █████████████████▌                     6  ( 12.0%)
[    2320 ..    2372.50 ] █████▉                                 2  (  4.0%)
[   2372.50 ..     2425 ] ████████▊                              3  (  6.0%)
                                                      0%  100%
```

_sparkline computed from time-ordered samples_

### render_frame_work_us

| count | min | max | mean | p50 | p90 | p95 | p99 | p999 |
|---|---|---|---|---|---|---|---|---|
| 131 | 2617 | 3892 | 3315.4 | 3300 | 3625 | 3829 | 3882 | 3892 |

```
[    2617 ..    2696.69 ] █▏                                     1  (  0.8%)
[   2696.69 ..    2776.38 ] █▏                                     1  (  0.8%)
[   2776.38 ..    2856.06 ]                                        0  (  0.0%)
[   2856.06 ..    2935.75 ] ███▌                                   3  (  2.3%)
[   2935.75 ..    3015.44 ] ████████▎                              7  (  5.3%)
[   3015.44 ..    3095.12 ] █████████████████▊                    15  ( 11.5%)
[   3095.12 ..    3174.81 ] █████████████                         11  (  8.4%)
[   3174.81 ..    3254.50 ] ███████████████████                   16  ( 12.2%)
[   3254.50 ..    3334.19 ] █████████████████████▍                18  ( 13.7%)
[   3334.19 ..    3413.88 ] ██████████████▎                       12  (  9.2%)
[   3413.88 ..    3493.56 ] ████████████████████████████████      27  ( 20.6%)
[   3493.56 ..    3573.25 ] ███████▏                               6  (  4.6%)
[   3573.25 ..    3652.94 ] █▏                                     1  (  0.8%)
[   3652.94 ..    3732.62 ] ███▌                                   3  (  2.3%)
[   3732.62 ..    3812.31 ] ██▍                                    2  (  1.5%)
[   3812.31 ..     3892 ] █████████▌                             8  (  6.1%)
                                                      0%  100%
```

_sparkline computed from time-ordered samples_

### rmt_errors_total

| count | min | max | mean | p50 | p90 | p95 | p99 | p999 |
|---|---|---|---|---|---|---|---|---|
| 1 | 0 | 0 | 0.0 | 0 | 0 | 0 | 0 | 0 |

```
[       0 ..        0 ] ████████████████████████████████       1  (100.0%)
                                                      0%  100%
```

_sparkline computed from time-ordered samples_

### rmt_underruns_total

| count | min | max | mean | p50 | p90 | p95 | p99 | p999 |
|---|---|---|---|---|---|---|---|---|
| 1 | 0 | 0 | 0.0 | 0 | 0 | 0 | 0 | 0 |

```
[       0 ..        0 ] ████████████████████████████████       1  (100.0%)
                                                      0%  100%
```

_sparkline computed from time-ordered samples_

### rts_audio_conf

| count | min | max | mean | p50 | p90 | p95 | p99 | p999 |
|---|---|---|---|---|---|---|---|---|
| 132 | 1000 | 1000 | 1000.0 | 1000 | 1000 | 1000 | 1000 | 1000 |

```
[    1000 ..     1000 ] ████████████████████████████████     132  (100.0%)
                                                      0%  100%
```

_sparkline computed from time-ordered samples_

### rts_fade_amount

| count | min | max | mean | p50 | p90 | p95 | p99 | p999 |
|---|---|---|---|---|---|---|---|---|
| 132 | 0 | 0 | 0.0 | 0 | 0 | 0 | 0 | 0 |

```
[       0 ..        0 ] ████████████████████████████████     132  (100.0%)
                                                      0%  100%
```

_sparkline computed from time-ordered samples_

### rts_fast_rms

| count | min | max | mean | p50 | p90 | p95 | p99 | p999 |
|---|---|---|---|---|---|---|---|---|
| 132 | 0 | 1000 | 639.6 | 627 | 878 | 1000 | 1000 | 1000 |

```
[       0 ..      62.50 ] █████                                  5  (  3.8%)
[     62.50 ..      125 ]                                        0  (  0.0%)
[     125 ..     187.50 ]                                        0  (  0.0%)
[    187.50 ..      250 ]                                        0  (  0.0%)
[     250 ..     312.50 ] █████                                  5  (  3.8%)
[    312.50 ..      375 ] ███                                    3  (  2.3%)
[     375 ..     437.50 ] ██████                                 6  (  4.5%)
[    437.50 ..      500 ] ██                                     2  (  1.5%)
[     500 ..     562.50 ] ████████                               8  (  6.1%)
[    562.50 ..      625 ] ████████████████████████████████      32  ( 24.2%)
[     625 ..     687.50 ] ████████████                          12  (  9.1%)
[    687.50 ..      750 ] ██████████████████████████            26  ( 19.7%)
[     750 ..     812.50 ] ██████                                 6  (  4.5%)
[    812.50 ..      875 ] █████████                              9  (  6.8%)
[     875 ..     937.50 ] █████                                  5  (  3.8%)
[    937.50 ..     1000 ] █████████████                         13  (  9.8%)
                                                      0%  100%
```

_sparkline computed from time-ordered samples_

### rts_onset_env_pushed

| count | min | max | mean | p50 | p90 | p95 | p99 | p999 |
|---|---|---|---|---|---|---|---|---|
| 132 | 999 | 999 | 999.0 | 999 | 999 | 999 | 999 | 999 |

```
[     999 ..      999 ] ████████████████████████████████     132  (100.0%)
                                                      0%  100%
```

_sparkline computed from time-ordered samples_

### rts_onset_flux

| count | min | max | mean | p50 | p90 | p95 | p99 | p999 |
|---|---|---|---|---|---|---|---|---|
| 132 | 14228 | 80659 | 36938.9 | 31177 | 57639 | 62179 | 80659 | 80659 |

```
[   14228 ..   18379.94 ] ███████▌                               7  (  5.3%)
[  18379.94 ..   22531.88 ] ████████▌                              8  (  6.1%)
[  22531.88 ..   26683.81 ] ████████████████████████████████      30  ( 22.7%)
[  26683.81 ..   30835.75 ] ████████████████████▎                 19  ( 14.4%)
[  30835.75 ..   34987.69 ] ████████▌                              8  (  6.1%)
[  34987.69 ..   39139.62 ] ███████████▊                          11  (  8.3%)
[  39139.62 ..   43291.56 ] ██████▍                                6  (  4.5%)
[  43291.56 ..   47443.50 ] ████████▌                              8  (  6.1%)
[  47443.50 ..   51595.44 ] ███████▌                               7  (  5.3%)
[  51595.44 ..   55747.38 ] ██████▍                                6  (  4.5%)
[  55747.38 ..   59899.31 ] ███████████▊                          11  (  8.3%)
[  59899.31 ..   64051.25 ] ██████▍                                6  (  4.5%)
[  64051.25 ..   68203.19 ]                                        0  (  0.0%)
[  68203.19 ..   72355.12 ] ███▎                                   3  (  2.3%)
[  72355.12 ..   76507.06 ]                                        0  (  0.0%)
[  76507.06 ..    80659 ] ██▏                                    2  (  1.5%)
                                                      0%  100%
```

_sparkline computed from time-ordered samples_

### rts_push_interval_us

| count | min | max | mean | p50 | p90 | p95 | p99 | p999 |
|---|---|---|---|---|---|---|---|---|
| 132 | 33333 | 33333 | 33333.0 | 33333 | 33333 | 33333 | 33333 | 33333 |

```
[   33333 ..    33333 ] ████████████████████████████████     132  (100.0%)
                                                      0%  100%
```

_sparkline computed from time-ordered samples_

### rts_pushes

| count | min | max | mean | p50 | p90 | p95 | p99 | p999 |
|---|---|---|---|---|---|---|---|---|
| 132 | 0 | 1 | 0.3 | 0 | 1 | 1 | 1 | 1 |

```
[       0 ..       0.06 ] ████████████████████████████████      97  ( 73.5%)
[      0.06 ..       0.12 ]                                        0  (  0.0%)
[      0.12 ..       0.19 ]                                        0  (  0.0%)
[      0.19 ..       0.25 ]                                        0  (  0.0%)
[      0.25 ..       0.31 ]                                        0  (  0.0%)
[      0.31 ..       0.38 ]                                        0  (  0.0%)
[      0.38 ..       0.44 ]                                        0  (  0.0%)
[      0.44 ..       0.50 ]                                        0  (  0.0%)
[      0.50 ..       0.56 ]                                        0  (  0.0%)
[      0.56 ..       0.62 ]                                        0  (  0.0%)
[      0.62 ..       0.69 ]                                        0  (  0.0%)
[      0.69 ..       0.75 ]                                        0  (  0.0%)
[      0.75 ..       0.81 ]                                        0  (  0.0%)
[      0.81 ..       0.88 ]                                        0  (  0.0%)
[      0.88 ..       0.94 ]                                        0  (  0.0%)
[      0.94 ..        1 ] ███████████▌                          35  ( 26.5%)
                                                      0%  100%
```

_sparkline computed from time-ordered samples_

### rts_ring_count

| count | min | max | mean | p50 | p90 | p95 | p99 | p999 |
|---|---|---|---|---|---|---|---|---|
| 132 | 80 | 80 | 80.0 | 80 | 80 | 80 | 80 | 80 |

```
[      80 ..       80 ] ████████████████████████████████     132  (100.0%)
                                                      0%  100%
```

_sparkline computed from time-ordered samples_

### rts_silent_scale

| count | min | max | mean | p50 | p90 | p95 | p99 | p999 |
|---|---|---|---|---|---|---|---|---|
| 132 | 999 | 999 | 999.0 | 999 | 999 | 999 | 999 | 999 |

```
[     999 ..      999 ] ████████████████████████████████     132  (100.0%)
                                                      0%  100%
```

_sparkline computed from time-ordered samples_

### snapshot_read_retries_total

| count | min | max | mean | p50 | p90 | p95 | p99 | p999 |
|---|---|---|---|---|---|---|---|---|
| 131 | 251 | 251 | 251.0 | 251 | 251 | 251 | 251 | 251 |

```
[     251 ..      251 ] ████████████████████████████████     131  (100.0%)
                                                      0%  100%
```

_sparkline computed from time-ordered samples_

### spectral_novelty

| count | min | max | mean | p50 | p90 | p95 | p99 | p999 |
|---|---|---|---|---|---|---|---|---|
| 50 | 49 | 440 | 185.8 | 170 | 328 | 363 | 440 | 440 |

```
[      49 ..      73.44 ] ████████████████████████████           7  ( 14.0%)
[     73.44 ..      97.88 ] ████████████                           3  (  6.0%)
[     97.88 ..     122.31 ] ████████████████                       4  (  8.0%)
[    122.31 ..     146.75 ] ████████████                           3  (  6.0%)
[    146.75 ..     171.19 ] ████████████████████████████████       8  ( 16.0%)
[    171.19 ..     195.62 ] ████████████████████████               6  ( 12.0%)
[    195.62 ..     220.06 ] ████████████████                       4  (  8.0%)
[    220.06 ..     244.50 ] ████████████                           3  (  6.0%)
[    244.50 ..     268.94 ] ████████████████████                   5  ( 10.0%)
[    268.94 ..     293.38 ]                                        0  (  0.0%)
[    293.38 ..     317.81 ] ████                                   1  (  2.0%)
[    317.81 ..     342.25 ] ████                                   1  (  2.0%)
[    342.25 ..     366.69 ] ████████████                           3  (  6.0%)
[    366.69 ..     391.12 ]                                        0  (  0.0%)
[    391.12 ..     415.56 ]                                        0  (  0.0%)
[    415.56 ..      440 ] ████████                               2  (  4.0%)
                                                      0%  100%
```

_sparkline computed from time-ordered samples_

### task_stack_hwm_audio

| count | min | max | mean | p50 | p90 | p95 | p99 | p999 |
|---|---|---|---|---|---|---|---|---|
| 1 | 8764 | 8764 | 8764.0 | 8764 | 8764 | 8764 | 8764 | 8764 |

```
[    8764 ..     8764 ] ████████████████████████████████       1  (100.0%)
                                                      0%  100%
```

_sparkline computed from time-ordered samples_

### task_stack_hwm_loop

| count | min | max | mean | p50 | p90 | p95 | p99 | p999 |
|---|---|---|---|---|---|---|---|---|
| 1 | 2236 | 2236 | 2236.0 | 2236 | 2236 | 2236 | 2236 | 2236 |

```
[    2236 ..     2236 ] ████████████████████████████████       1  (100.0%)
                                                      0%  100%
```

_sparkline computed from time-ordered samples_

### task_stack_hwm_renderer

| count | min | max | mean | p50 | p90 | p95 | p99 | p999 |
|---|---|---|---|---|---|---|---|---|
| 1 | 10480 | 10480 | 10480.0 | 10480 | 10480 | 10480 | 10480 | 10480 |

```
[   10480 ..    10480 ] ████████████████████████████████       1  (100.0%)
                                                      0%  100%
```

_sparkline computed from time-ordered samples_

### task_stack_hwm_show_director

| count | min | max | mean | p50 | p90 | p95 | p99 | p999 |
|---|---|---|---|---|---|---|---|---|
| 1 | 10544 | 10544 | 10544.0 | 10544 | 10544 | 10544 | 10544 | 10544 |

```
[   10544 ..    10544 ] ████████████████████████████████       1  (100.0%)
                                                      0%  100%
```

_sparkline computed from time-ordered samples_

### temp_celsius_x10

| count | min | max | mean | p50 | p90 | p95 | p99 | p999 |
|---|---|---|---|---|---|---|---|---|
| 1 | 737 | 737 | 737.0 | 737 | 737 | 737 | 737 | 737 |

```
[     737 ..      737 ] ████████████████████████████████       1  (100.0%)
                                                      0%  100%
```

_sparkline computed from time-ordered samples_

### trace_mode_enabled

| count | min | max | mean | p50 | p90 | p95 | p99 | p999 |
|---|---|---|---|---|---|---|---|---|
| 1 | 1 | 1 | 1.0 | 1 | 1 | 1 | 1 | 1 |

```
[       1 ..        1 ] ████████████████████████████████       1  (100.0%)
                                                      0%  100%
```

_sparkline computed from time-ordered samples_

### wifi_ap_mode

| count | min | max | mean | p50 | p90 | p95 | p99 | p999 |
|---|---|---|---|---|---|---|---|---|
| 1 | 1 | 1 | 1.0 | 1 | 1 | 1 | 1 | 1 |

```
[       1 ..        1 ] ████████████████████████████████       1  (100.0%)
                                                      0%  100%
```

_sparkline computed from time-ordered samples_

### wifi_clients

| count | min | max | mean | p50 | p90 | p95 | p99 | p999 |
|---|---|---|---|---|---|---|---|---|
| 1 | 0 | 0 | 0.0 | 0 | 0 | 0 | 0 | 0 |

```
[       0 ..        0 ] ████████████████████████████████       1  (100.0%)
                                                      0%  100%
```

_sparkline computed from time-ordered samples_

### ws_client_count

| count | min | max | mean | p50 | p90 | p95 | p99 | p999 |
|---|---|---|---|---|---|---|---|---|
| 1 | 0 | 0 | 0.0 | 0 | 0 | 0 | 0 | 0 |

```
[       0 ..        0 ] ████████████████████████████████       1  (100.0%)
                                                      0%  100%
```

_sparkline computed from time-ordered samples_

### ws_clients

| count | min | max | mean | p50 | p90 | p95 | p99 | p999 |
|---|---|---|---|---|---|---|---|---|
| 1 | 0 | 0 | 0.0 | 0 | 0 | 0 | 0 | 0 |

```
[       0 ..        0 ] ████████████████████████████████       1  (100.0%)
                                                      0%  100%
```

_sparkline computed from time-ordered samples_

### ws_dispatch_count

| count | min | max | mean | p50 | p90 | p95 | p99 | p999 |
|---|---|---|---|---|---|---|---|---|
| 1 | 0 | 0 | 0.0 | 0 | 0 | 0 | 0 | 0 |

```
[       0 ..        0 ] ████████████████████████████████       1  (100.0%)
                                                      0%  100%
```

_sparkline computed from time-ordered samples_

### ws_errors

| count | min | max | mean | p50 | p90 | p95 | p99 | p999 |
|---|---|---|---|---|---|---|---|---|
| 1 | 0 | 0 | 0.0 | 0 | 0 | 0 | 0 | 0 |

```
[       0 ..        0 ] ████████████████████████████████       1  (100.0%)
                                                      0%  100%
```

_sparkline computed from time-ordered samples_

## Per-span duration statistics

### audio_snapshot_read

| count | min | max | mean | p50 | p90 | p95 | p99 | p999 |
|---|---|---|---|---|---|---|---|---|
| 132 | 276 | 840 | 562.1 | 556 | 689 | 720 | 825 | 840 |

```
[     276 ..     311.25 µs] ████▍                                  3  (  2.3%)
[    311.25 ..     346.50 µs]                                        0  (  0.0%)
[    346.50 ..     381.75 µs] █▌                                     1  (  0.8%)
[    381.75 ..      417 µs] ██████████▏                            7  (  5.3%)
[     417 ..     452.25 µs] ██████████████▌                       10  (  7.6%)
[    452.25 ..     487.50 µs] █████▉                                 4  (  3.0%)
[    487.50 ..     522.75 µs] █████████████████████████████▏        20  ( 15.2%)
[    522.75 ..      558 µs] ████████████████████████████████      22  ( 16.7%)
[     558 ..     593.25 µs] ██████████████████████████▏           18  ( 13.6%)
[    593.25 ..     628.50 µs] ████████████████                      11  (  8.3%)
[    628.50 ..     663.75 µs] ████████████████████▍                 14  ( 10.6%)
[    663.75 ..      699 µs] █████████████████▌                    12  (  9.1%)
[     699 ..     734.25 µs] █████▉                                 4  (  3.0%)
[    734.25 ..     769.50 µs] ████▍                                  3  (  2.3%)
[    769.50 ..     804.75 µs]                                        0  (  0.0%)
[    804.75 ..      840 µs] ████▍                                  3  (  2.3%)
                                                      0%  100%
```

### band_ratio_detect

| count | min | max | mean | p50 | p90 | p95 | p99 | p999 |
|---|---|---|---|---|---|---|---|---|
| 50 | 70 | 108 | 79.8 | 73 | 97 | 99 | 108 | 108 |

```
[      70 ..      72.38 µs] ████████████████████████████████      21  ( 42.0%)
[     72.38 ..      74.75 µs] ███████▋                               5  ( 10.0%)
[     74.75 ..      77.12 µs] █████████▏                             6  ( 12.0%)
[     77.12 ..      79.50 µs] █▌                                     1  (  2.0%)
[     79.50 ..      81.88 µs]                                        0  (  0.0%)
[     81.88 ..      84.25 µs]                                        0  (  0.0%)
[     84.25 ..      86.62 µs] ████▋                                  3  (  6.0%)
[     86.62 ..       89 µs] ████▋                                  3  (  6.0%)
[      89 ..      91.38 µs]                                        0  (  0.0%)
[     91.38 ..      93.75 µs] ███                                    2  (  4.0%)
[     93.75 ..      96.12 µs] █▌                                     1  (  2.0%)
[     96.12 ..      98.50 µs] ███████▋                               5  ( 10.0%)
[     98.50 ..     100.88 µs] ███                                    2  (  4.0%)
[    100.88 ..     103.25 µs]                                        0  (  0.0%)
[    103.25 ..     105.62 µs]                                        0  (  0.0%)
[    105.62 ..      108 µs] █▌                                     1  (  2.0%)
                                                      0%  100%
```

### color_correction

| count | min | max | mean | p50 | p90 | p95 | p99 | p999 |
|---|---|---|---|---|---|---|---|---|
| 132 | 635 | 1189 | 954.6 | 956 | 1099 | 1136 | 1175 | 1189 |

```
[     635 ..     669.62 µs] █▌                                     1  (  0.8%)
[    669.62 ..     704.25 µs] ████▋                                  3  (  2.3%)
[    704.25 ..     738.88 µs] ██████▏                                4  (  3.0%)
[    738.88 ..     773.50 µs] ███████▋                               5  (  3.8%)
[    773.50 ..     808.12 µs] ███████████████▎                      10  (  7.6%)
[    808.12 ..     842.75 µs] ██████▏                                4  (  3.0%)
[    842.75 ..     877.38 µs] ██████▏                                4  (  3.0%)
[    877.38 ..      912 µs] ██████████▋                            7  (  5.3%)
[     912 ..     946.62 µs] ████████████████████████████████      21  ( 15.9%)
[    946.62 ..     981.25 µs] █████████████████████████▉            17  ( 12.9%)
[    981.25 ..    1015.88 µs] ██████████▋                            7  (  5.3%)
[   1015.88 ..    1050.50 µs] █████████████████████████████         19  ( 14.4%)
[   1050.50 ..    1085.12 µs] ██████████████████▎                   12  (  9.1%)
[   1085.12 ..    1119.75 µs] █████████████▊                         9  (  6.8%)
[   1119.75 ..    1154.38 µs] ███████▋                               5  (  3.8%)
[   1154.38 ..     1189 µs] ██████▏                                4  (  3.0%)
                                                      0%  100%
```

### controlbus_build

| count | min | max | mean | p50 | p90 | p95 | p99 | p999 |
|---|---|---|---|---|---|---|---|---|
| 50 | 3891 | 5054 | 4440.0 | 4435 | 4863 | 4947 | 5054 | 5054 |

```
[    3891 ..    3963.69 µs] █████████████████▊                     5  ( 10.0%)
[   3963.69 ..    4036.38 µs] ███▌                                   1  (  2.0%)
[   4036.38 ..    4109.06 µs] ██████████████▎                        4  (  8.0%)
[   4109.06 ..    4181.75 µs] ███▌                                   1  (  2.0%)
[   4181.75 ..    4254.44 µs] ████████████████████████████████       9  ( 18.0%)
[   4254.44 ..    4327.12 µs] ███▌                                   1  (  2.0%)
[   4327.12 ..    4399.81 µs] ███████▏                               2  (  4.0%)
[   4399.81 ..    4472.50 µs] ███████▏                               2  (  4.0%)
[   4472.50 ..    4545.19 µs] █████████████████▊                     5  ( 10.0%)
[   4545.19 ..    4617.88 µs] ██████████████▎                        4  (  8.0%)
[   4617.88 ..    4690.56 µs]                                        0  (  0.0%)
[   4690.56 ..    4763.25 µs] █████████████████▊                     5  ( 10.0%)
[   4763.25 ..    4835.94 µs] █████████████████▊                     5  ( 10.0%)
[   4835.94 ..    4908.62 µs] ██████████▋                            3  (  6.0%)
[   4908.62 ..    4981.31 µs] ███▌                                   1  (  2.0%)
[   4981.31 ..     5054 µs] ███████▏                               2  (  4.0%)
                                                      0%  100%
```

### effect_render

| count | min | max | mean | p50 | p90 | p95 | p99 | p999 |
|---|---|---|---|---|---|---|---|---|
| 132 | 294 | 468 | 383.7 | 384 | 442 | 450 | 461 | 468 |

```
[     294 ..     304.88 µs] ████████████                           6  (  4.5%)
[    304.88 ..     315.75 µs] ██████████                             5  (  3.8%)
[    315.75 ..     326.62 µs] ████████████                           6  (  4.5%)
[    326.62 ..     337.50 µs] ██████████████                         7  (  5.3%)
[    337.50 ..     348.38 µs] ██████████████████                     9  (  6.8%)
[    348.38 ..     359.25 µs] ████████████████████                  10  (  7.6%)
[    359.25 ..     370.12 µs] ████████████████████                  10  (  7.6%)
[    370.12 ..      381 µs] ████████████                           6  (  4.5%)
[     381 ..     391.88 µs] ██████████████████████                11  (  8.3%)
[    391.88 ..     402.75 µs] ████████████████                       8  (  6.1%)
[    402.75 ..     413.62 µs] ████████████████████████████████      16  ( 12.1%)
[    413.62 ..     424.50 µs] ██████████████                         7  (  5.3%)
[    424.50 ..     435.38 µs] ██████████████████████████            13  (  9.8%)
[    435.38 ..     446.25 µs] ██████████████████                     9  (  6.8%)
[    446.25 ..     457.12 µs] ████████                               4  (  3.0%)
[    457.12 ..      468 µs] ██████████                             5  (  3.8%)
                                                      0%  100%
```

### fastled_rmt_show

| count | min | max | mean | p50 | p90 | p95 | p99 | p999 |
|---|---|---|---|---|---|---|---|---|
| 132 | 457 | 672 | 566.8 | 561 | 620 | 643 | 670 | 672 |

```
[     457 ..     470.44 µs] █▍                                     1  (  0.8%)
[    470.44 ..     483.88 µs]                                        0  (  0.0%)
[    483.88 ..     497.31 µs] ████                                   3  (  2.3%)
[    497.31 ..     510.75 µs] ██▋                                    2  (  1.5%)
[    510.75 ..     524.19 µs] █████████▍                             7  (  5.3%)
[    524.19 ..     537.62 µs] ████████████████                      12  (  9.1%)
[    537.62 ..     551.06 µs] ████████████████████████████████      24  ( 18.2%)
[    551.06 ..     564.50 µs] █████████████████████████████▍        22  ( 16.7%)
[    564.50 ..     577.94 µs] █████████████████████████▍            19  ( 14.4%)
[    577.94 ..     591.38 µs] ██████████████████▋                   14  ( 10.6%)
[    591.38 ..     604.81 µs] ██████▋                                5  (  3.8%)
[    604.81 ..     618.25 µs] ██████████▋                            8  (  6.1%)
[    618.25 ..     631.69 µs] ████████                               6  (  4.5%)
[    631.69 ..     645.12 µs] ████                                   3  (  2.3%)
[    645.12 ..     658.56 µs] ██▋                                    2  (  1.5%)
[    658.56 ..      672 µs] █████▍                                 4  (  3.0%)
                                                      0%  100%
```

### i2s_dma_read

| count | min | max | mean | p50 | p90 | p95 | p99 | p999 |
|---|---|---|---|---|---|---|---|---|
| 101 | 6923 | 9730 | 8340.0 | 8239 | 9009 | 9149 | 9646 | 9730 |

```
[    6923 ..    7098.44 µs] ████                                   2  (  2.0%)
[   7098.44 ..    7273.88 µs] ████████                               4  (  4.0%)
[   7273.88 ..    7449.31 µs] ████████                               4  (  4.0%)
[   7449.31 ..    7624.75 µs] ████                                   2  (  2.0%)
[   7624.75 ..    7800.19 µs] ██████                                 3  (  3.0%)
[   7800.19 ..    7975.62 µs] ██████████████████████████████        15  ( 14.9%)
[   7975.62 ..    8151.06 µs] ██████████████                         7  (  6.9%)
[   8151.06 ..    8326.50 µs] ████████████████████████████████      16  ( 15.8%)
[   8326.50 ..    8501.94 µs] ████████████                           6  (  5.9%)
[   8501.94 ..    8677.38 µs] ████████                               4  (  4.0%)
[   8677.38 ..    8852.81 µs] ████████████████████████████          14  ( 13.9%)
[   8852.81 ..    9028.25 µs] ████████████████████████████          14  ( 13.9%)
[   9028.25 ..    9203.69 µs] ██████████                             5  (  5.0%)
[   9203.69 ..    9379.12 µs] ██                                     1  (  1.0%)
[   9379.12 ..    9554.56 µs] ██                                     1  (  1.0%)
[   9554.56 ..     9730 µs] ██████                                 3  (  3.0%)
                                                      0%  100%
```

### onset_decision

| count | min | max | mean | p50 | p90 | p95 | p99 | p999 |
|---|---|---|---|---|---|---|---|---|
| 50 | 813 | 1207 | 948.5 | 911 | 1121 | 1153 | 1207 | 1207 |

```
[     813 ..     837.62 µs] ████████████████████████████████      18  ( 36.0%)
[    837.62 ..     862.25 µs]                                        0  (  0.0%)
[    862.25 ..     886.88 µs] █▊                                     1  (  2.0%)
[    886.88 ..     911.50 µs] ██████████▋                            6  ( 12.0%)
[    911.50 ..     936.12 µs] ███▌                                   2  (  4.0%)
[    936.12 ..     960.75 µs]                                        0  (  0.0%)
[    960.75 ..     985.38 µs] █▊                                     1  (  2.0%)
[    985.38 ..     1010 µs] ███████▏                               4  (  8.0%)
[    1010 ..    1034.62 µs] ███▌                                   2  (  4.0%)
[   1034.62 ..    1059.25 µs] ██████████▋                            6  ( 12.0%)
[   1059.25 ..    1083.88 µs] ███▌                                   2  (  4.0%)
[   1083.88 ..    1108.50 µs] ███▌                                   2  (  4.0%)
[   1108.50 ..    1133.12 µs] █▊                                     1  (  2.0%)
[   1133.12 ..    1157.75 µs] █████▍                                 3  (  6.0%)
[   1157.75 ..    1182.38 µs] █▊                                     1  (  2.0%)
[   1182.38 ..     1207 µs] █▊                                     1  (  2.0%)
                                                      0%  100%
```

### onset_detect

| count | min | max | mean | p50 | p90 | p95 | p99 | p999 |
|---|---|---|---|---|---|---|---|---|
| 50 | 1705 | 2561 | 2048.0 | 1918 | 2430 | 2519 | 2561 | 2561 |

```
[    1705 ..    1758.50 µs] ████████████████████████████████      10  ( 20.0%)
[   1758.50 ..     1812 µs] ██████▍                                2  (  4.0%)
[    1812 ..    1865.50 µs] ███████████████████▎                   6  ( 12.0%)
[   1865.50 ..     1919 µs] ██████████████████████▍                7  ( 14.0%)
[    1919 ..    1972.50 µs] ██████▍                                2  (  4.0%)
[   1972.50 ..     2026 µs] ███▎                                   1  (  2.0%)
[    2026 ..    2079.50 µs] ██████▍                                2  (  4.0%)
[   2079.50 ..     2133 µs] ███▎                                   1  (  2.0%)
[    2133 ..    2186.50 µs] █████████▋                             3  (  6.0%)
[   2186.50 ..     2240 µs] ███▎                                   1  (  2.0%)
[    2240 ..    2293.50 µs] ███▎                                   1  (  2.0%)
[   2293.50 ..     2347 µs] ██████▍                                2  (  4.0%)
[    2347 ..    2400.50 µs] ███▎                                   1  (  2.0%)
[   2400.50 ..     2454 µs] ███████████████████▎                   6  ( 12.0%)
[    2454 ..    2507.50 µs] ██████▍                                2  (  4.0%)
[   2507.50 ..     2561 µs] █████████▋                             3  (  6.0%)
                                                      0%  100%
```

### onset_fft_frontend

| count | min | max | mean | p50 | p90 | p95 | p99 | p999 |
|---|---|---|---|---|---|---|---|---|
| 50 | 745 | 1233 | 945.6 | 884 | 1200 | 1211 | 1233 | 1233 |

```
[     745 ..     775.50 µs] ████████████████████▍                  7  ( 14.0%)
[    775.50 ..      806 µs] ████████████████████████████████      11  ( 22.0%)
[     806 ..     836.50 µs] ██▉                                    1  (  2.0%)
[    836.50 ..      867 µs] ███████████▋                           4  (  8.0%)
[     867 ..     897.50 µs] ████████▊                              3  (  6.0%)
[    897.50 ..      928 µs] ████████▊                              3  (  6.0%)
[     928 ..     958.50 µs] █████▉                                 2  (  4.0%)
[    958.50 ..      989 µs] █████▉                                 2  (  4.0%)
[     989 ..    1019.50 µs]                                        0  (  0.0%)
[   1019.50 ..     1050 µs] █████▉                                 2  (  4.0%)
[    1050 ..    1080.50 µs]                                        0  (  0.0%)
[   1080.50 ..     1111 µs] █████▉                                 2  (  4.0%)
[    1111 ..    1141.50 µs] ██▉                                    1  (  2.0%)
[   1141.50 ..     1172 µs]                                        0  (  0.0%)
[    1172 ..    1202.50 µs] ███████████████████████▎               8  ( 16.0%)
[   1202.50 ..     1233 µs] ███████████▋                           4  (  8.0%)
                                                      0%  100%
```

### onset_flux

| count | min | max | mean | p50 | p90 | p95 | p99 | p999 |
|---|---|---|---|---|---|---|---|---|
| 50 | 738 | 1072 | 859.5 | 799 | 1039 | 1042 | 1072 | 1072 |

```
[     738 ..     758.88 µs] ████████████████████████████████      18  ( 36.0%)
[    758.88 ..     779.75 µs]                                        0  (  0.0%)
[    779.75 ..     800.62 µs] ████████████▌                          7  ( 14.0%)
[    800.62 ..     821.50 µs] ███▌                                   2  (  4.0%)
[    821.50 ..     842.38 µs]                                        0  (  0.0%)
[    842.38 ..     863.25 µs]                                        0  (  0.0%)
[    863.25 ..     884.12 µs]                                        0  (  0.0%)
[    884.12 ..      905 µs] ███▌                                   2  (  4.0%)
[     905 ..     925.88 µs] █▊                                     1  (  2.0%)
[    925.88 ..     946.75 µs] ██████████▋                            6  ( 12.0%)
[    946.75 ..     967.62 µs] ███████▏                               4  (  8.0%)
[    967.62 ..     988.50 µs] ███▌                                   2  (  4.0%)
[    988.50 ..    1009.38 µs] ███▌                                   2  (  4.0%)
[   1009.38 ..    1030.25 µs]                                        0  (  0.0%)
[   1030.25 ..    1051.12 µs] ███████▏                               4  (  8.0%)
[   1051.12 ..     1072 µs] ███▌                                   2  (  4.0%)
                                                      0%  100%
```

### pre_show_yield

| count | min | max | mean | p50 | p90 | p95 | p99 | p999 |
|---|---|---|---|---|---|---|---|---|
| 131 | 12 | 27 | 15.0 | 14 | 18 | 21 | 27 | 27 |

```
[      12 ..      12.94 µs] ████████▌                              9  (  6.9%)
[     12.94 ..      13.88 µs] ████████████████████████████████      34  ( 26.0%)
[     13.88 ..      14.81 µs] █████████████████████████████▏        31  ( 23.7%)
[     14.81 ..      15.75 µs] ████████████████████▊                 22  ( 16.8%)
[     15.75 ..      16.69 µs] ███████▌                               8  (  6.1%)
[     16.69 ..      17.62 µs] ███████▌                               8  (  6.1%)
[     17.62 ..      18.56 µs] ██████▋                                7  (  5.3%)
[     18.56 ..      19.50 µs] ████▊                                  5  (  3.8%)
[     19.50 ..      20.44 µs]                                        0  (  0.0%)
[     20.44 ..      21.38 µs] █                                      1  (  0.8%)
[     21.38 ..      22.31 µs]                                        0  (  0.0%)
[     22.31 ..      23.25 µs] █                                      1  (  0.8%)
[     23.25 ..      24.19 µs] █▉                                     2  (  1.5%)
[     24.19 ..      25.12 µs] █                                      1  (  0.8%)
[     25.12 ..      26.06 µs]                                        0  (  0.0%)
[     26.06 ..       27 µs] █▉                                     2  (  1.5%)
                                                      0%  100%
```

### render_frame

| count | min | max | mean | p50 | p90 | p95 | p99 | p999 |
|---|---|---|---|---|---|---|---|---|
| 132 | 1102 | 1972 | 1508.7 | 1501 | 1784 | 1911 | 1970 | 1972 |

```
[    1102 ..    1156.38 µs] ███▊                                   3  (  2.3%)
[   1156.38 ..    1210.75 µs] █▎                                     1  (  0.8%)
[   1210.75 ..    1265.12 µs] █████████████▌                        11  (  8.3%)
[   1265.12 ..    1319.50 µs] ███▊                                   3  (  2.3%)
[   1319.50 ..    1373.88 µs] ███████████████████▊                  16  ( 12.1%)
[   1373.88 ..    1428.25 µs] ████████████▎                         10  (  7.6%)
[   1428.25 ..    1482.62 µs] █████████████▌                        11  (  8.3%)
[   1482.62 ..     1537 µs] ████████████████████████████████      26  ( 19.7%)
[    1537 ..    1591.38 µs] ███████████████████████▍              19  ( 14.4%)
[   1591.38 ..    1645.75 µs] ████████▋                              7  (  5.3%)
[   1645.75 ..    1700.12 µs] ██▌                                    2  (  1.5%)
[   1700.12 ..    1754.50 µs] ████████▋                              7  (  5.3%)
[   1754.50 ..    1808.88 µs] ██████▏                                5  (  3.8%)
[   1808.88 ..    1863.25 µs] ██▌                                    2  (  1.5%)
[   1863.25 ..    1917.62 µs] ████▉                                  4  (  3.0%)
[   1917.62 ..     1972 µs] ██████▏                                5  (  3.8%)
                                                      0%  100%
```

### rts_render

| count | min | max | mean | p50 | p90 | p95 | p99 | p999 |
|---|---|---|---|---|---|---|---|---|
| 132 | 277 | 447 | 364.5 | 364 | 421 | 430 | 442 | 447 |

```
[     277 ..     287.62 µs] █████████████▊                         6  (  4.5%)
[    287.62 ..     298.25 µs] ████████████████                       7  (  5.3%)
[    298.25 ..     308.88 µs] █████████████▊                         6  (  4.5%)
[    308.88 ..     319.50 µs] █████████▏                             4  (  3.0%)
[    319.50 ..     330.12 µs] ███████████████████████████▍          12  (  9.1%)
[    330.12 ..     340.75 µs] ████████████████████▋                  9  (  6.8%)
[    340.75 ..     351.38 µs] ████████████████████▋                  9  (  6.8%)
[    351.38 ..      362 µs] █████████▏                             4  (  3.0%)
[     362 ..     372.62 µs] ███████████████████████████▍          12  (  9.1%)
[    372.62 ..     383.25 µs] █████████████████████████▏            11  (  8.3%)
[    383.25 ..     393.88 µs] ███████████████████████████▍          12  (  9.1%)
[    393.88 ..     404.50 µs] ████████████████████▋                  9  (  6.8%)
[    404.50 ..     415.12 µs] ████████████████████████████████      14  ( 10.6%)
[    415.12 ..     425.75 µs] ████████████████                       7  (  5.3%)
[    425.75 ..     436.38 µs] ███████████▍                           5  (  3.8%)
[    436.38 ..      447 µs] ███████████▍                           5  (  3.8%)
                                                      0%  100%
```

### show_leds

| count | min | max | mean | p50 | p90 | p95 | p99 | p999 |
|---|---|---|---|---|---|---|---|---|
| 132 | 677 | 941 | 822.1 | 814 | 887 | 915 | 928 | 941 |

```
[     677 ..     693.50 µs] ████▋                                  3  (  2.3%)
[    693.50 ..      710 µs]                                        0  (  0.0%)
[     710 ..     726.50 µs] █▌                                     1  (  0.8%)
[    726.50 ..      743 µs] █▌                                     1  (  0.8%)
[     743 ..     759.50 µs] █▌                                     1  (  0.8%)
[    759.50 ..      776 µs] ███████████████▎                      10  (  7.6%)
[     776 ..     792.50 µs] ████████████████████████████████      21  ( 15.9%)
[    792.50 ..      809 µs] ██████████████████████████████▌       20  ( 15.2%)
[     809 ..     825.50 µs] ████████████████████████▍             16  ( 12.1%)
[    825.50 ..      842 µs] ███████████████████████████▍          18  ( 13.6%)
[     842 ..     858.50 µs] ████████████████▊                     11  (  8.3%)
[    858.50 ..      875 µs] ██████████████████▎                   12  (  9.1%)
[     875 ..     891.50 µs] ██████████▋                            7  (  5.3%)
[    891.50 ..      908 µs] ███                                    2  (  1.5%)
[     908 ..     924.50 µs] █████████▏                             6  (  4.5%)
[    924.50 ..      941 µs] ████▋                                  3  (  2.3%)
                                                      0%  100%
```

### snapshot_publish

| count | min | max | mean | p50 | p90 | p95 | p99 | p999 |
|---|---|---|---|---|---|---|---|---|
| 50 | 89 | 302 | 134.4 | 112 | 208 | 214 | 302 | 302 |

```
[      89 ..     102.31 µs] ████████████████████████████████      16  ( 32.0%)
[    102.31 ..     115.62 µs] ██████████████████████                11  ( 22.0%)
[    115.62 ..     128.94 µs] ██████████████                         7  ( 14.0%)
[    128.94 ..     142.25 µs]                                        0  (  0.0%)
[    142.25 ..     155.56 µs] ████                                   2  (  4.0%)
[    155.56 ..     168.88 µs] ██                                     1  (  2.0%)
[    168.88 ..     182.19 µs] ████████                               4  (  8.0%)
[    182.19 ..     195.50 µs] ████                                   2  (  4.0%)
[    195.50 ..     208.81 µs] ██████                                 3  (  6.0%)
[    208.81 ..     222.12 µs] ████                                   2  (  4.0%)
[    222.12 ..     235.44 µs]                                        0  (  0.0%)
[    235.44 ..     248.75 µs]                                        0  (  0.0%)
[    248.75 ..     262.06 µs]                                        0  (  0.0%)
[    262.06 ..     275.38 µs]                                        0  (  0.0%)
[    275.38 ..     288.69 µs] ██                                     1  (  2.0%)
[    288.69 ..      302 µs] ██                                     1  (  2.0%)
                                                      0%  100%
```

## Instant frequency

| Name | Count | First ts (µs) | Last ts (µs) | Mean interarrival (µs) |
|---|---|---|---|---|
| BR_HIHAT | 3 | 183958187 | 184909392 | 475602 |
| BR_SNARE | 3 | 183795276 | 184840890 | 522807 |
| ONSET_EVENT | 4 | 184074084 | 184887479 | 271132 |
| ONSET_HIHAT | 1 | 184678445 | 184678445 | — |
| ONSET_KICK | 2 | 184308702 | 184516432 | 207730 |
| ONSET_SNARE | 3 | 184122540 | 184585604 | 231532 |
| render_frame_deadline_miss | 131 | 183765407 | 184923724 | 8910 |

---
_Tool: analyse_trace v1.0 | Input: `/Users/spectrasynq/Workspace_Management/Software/Lightwave-Ledstrip/firmware-v3/docs/research/phase1b_runtime_evidence_2026-04-27/reboot_clean_rerun/traces/snoop_vocal_gfunk.json`_

STDERR:
