CMD: python3 firmware-v3/tools/analyse_trace.py firmware-v3/docs/research/phase1b_runtime_evidence_2026-04-27/reboot_clean_rerun/traces/tool_heavy_effect.json --output firmware-v3/docs/research/phase1b_runtime_evidence_2026-04-27/reboot_clean_rerun/reports/tool_heavy_effect.report.md --json firmware-v3/docs/research/phase1b_runtime_evidence_2026-04-27/reboot_clean_rerun/reports/tool_heavy_effect.report.json --deadline-span render_frame --deadline-us 2000 --quiet

STDOUT:
… render_frame_work_us p99 = 3919 µs (no baseline supplied)

## Capture summary

| Field | Value |
|---|---|
| File | `/Users/spectrasynq/Workspace_Management/Software/Lightwave-Ledstrip/firmware-v3/docs/research/phase1b_runtime_evidence_2026-04-27/reboot_clean_rerun/traces/tool_heavy_effect.json` |
| Events | 5497 |
| Duration | 1.220 s |
| Counters | 70 |
| Spans | 16 |
| Instants | 11 |
| Regions | 1 |

## Render frame deadline misses

_No deadline misses detected._

## Per-counter statistics

### audio_chunk_deadline_miss_total

| count | min | max | mean | p50 | p90 | p95 | p99 | p999 |
|---|---|---|---|---|---|---|---|---|
| 105 | 16938 | 17042 | 16990.0 | 16990 | 17032 | 17037 | 17041 | 17042 |

```
[   16938 ..   16944.50 ] ████████████████████████████████       7  (  6.7%)
[  16944.50 ..    16951 ] ███████████████████████████▍           6  (  5.7%)
[   16951 ..   16957.50 ] ████████████████████████████████       7  (  6.7%)
[  16957.50 ..    16964 ] ███████████████████████████▍           6  (  5.7%)
[   16964 ..   16970.50 ] ████████████████████████████████       7  (  6.7%)
[  16970.50 ..    16977 ] ███████████████████████████▍           6  (  5.7%)
[   16977 ..   16983.50 ] ████████████████████████████████       7  (  6.7%)
[  16983.50 ..    16990 ] ███████████████████████████▍           6  (  5.7%)
[   16990 ..   16996.50 ] ████████████████████████████████       7  (  6.7%)
[  16996.50 ..    17003 ] ███████████████████████████▍           6  (  5.7%)
[   17003 ..   17009.50 ] ████████████████████████████████       7  (  6.7%)
[  17009.50 ..    17016 ] ███████████████████████████▍           6  (  5.7%)
[   17016 ..   17022.50 ] ████████████████████████████████       7  (  6.7%)
[  17022.50 ..    17029 ] ███████████████████████████▍           6  (  5.7%)
[   17029 ..   17035.50 ] ████████████████████████████████       7  (  6.7%)
[  17035.50 ..    17042 ] ████████████████████████████████       7  (  6.7%)
                                                      0%  100%
```

_sparkline computed from time-ordered samples_

### audio_chunk_work_us

| count | min | max | mean | p50 | p90 | p95 | p99 | p999 |
|---|---|---|---|---|---|---|---|---|
| 105 | 7036 | 9930 | 8353.0 | 8324 | 9215 | 9325 | 9732 | 9930 |

```
[    7036 ..    7216.88 ] ████████████████                       7  (  6.7%)
[   7216.88 ..    7397.75 ] ██████▉                                3  (  2.9%)
[   7397.75 ..    7578.62 ] ████▋                                  2  (  1.9%)
[   7578.62 ..    7759.50 ] █████████▏                             4  (  3.8%)
[   7759.50 ..    7940.38 ] ███████████████████████████▍          12  ( 11.4%)
[   7940.38 ..    8121.25 ] ████████████████████▋                  9  (  8.6%)
[   8121.25 ..    8302.12 ] ████████████████████████████████      14  ( 13.3%)
[   8302.12 ..     8483 ] █████████████████████████▏            11  ( 10.5%)
[    8483 ..    8663.88 ] ██████████████████████▉               10  (  9.5%)
[   8663.88 ..    8844.75 ] █████████▏                             4  (  3.8%)
[   8844.75 ..    9025.62 ] ███████████████████████████▍          12  ( 11.4%)
[   9025.62 ..    9206.50 ] █████████████▊                         6  (  5.7%)
[   9206.50 ..    9387.38 ] █████████████▊                         6  (  5.7%)
[   9387.38 ..    9568.25 ] ██████▉                                3  (  2.9%)
[   9568.25 ..    9749.12 ] ██▎                                    1  (  1.0%)
[   9749.12 ..     9930 ] ██▎                                    1  (  1.0%)
                                                      0%  100%
```

_sparkline computed from time-ordered samples_

### audio_confidence

| count | min | max | mean | p50 | p90 | p95 | p99 | p999 |
|---|---|---|---|---|---|---|---|---|
| 53 | 1000 | 1000 | 1000.0 | 1000 | 1000 | 1000 | 1000 | 1000 |

```
[    1000 ..     1000 ] ████████████████████████████████      53  (100.0%)
                                                      0%  100%
```

_sparkline computed from time-ordered samples_

### audio_hop_count

| count | min | max | mean | p50 | p90 | p95 | p99 | p999 |
|---|---|---|---|---|---|---|---|---|
| 52 | 8469 | 8520 | 8494.5 | 8494 | 8515 | 8518 | 8520 | 8520 |

```
[    8469 ..    8472.19 ] ████████████████████████████████       4  (  7.7%)
[   8472.19 ..    8475.38 ] ████████████████████████               3  (  5.8%)
[   8475.38 ..    8478.56 ] ████████████████████████               3  (  5.8%)
[   8478.56 ..    8481.75 ] ████████████████████████               3  (  5.8%)
[   8481.75 ..    8484.94 ] ████████████████████████               3  (  5.8%)
[   8484.94 ..    8488.12 ] ████████████████████████████████       4  (  7.7%)
[   8488.12 ..    8491.31 ] ████████████████████████               3  (  5.8%)
[   8491.31 ..    8494.50 ] ████████████████████████               3  (  5.8%)
[   8494.50 ..    8497.69 ] ████████████████████████               3  (  5.8%)
[   8497.69 ..    8500.88 ] ████████████████████████               3  (  5.8%)
[   8500.88 ..    8504.06 ] ████████████████████████████████       4  (  7.7%)
[   8504.06 ..    8507.25 ] ████████████████████████               3  (  5.8%)
[   8507.25 ..    8510.44 ] ████████████████████████               3  (  5.8%)
[   8510.44 ..    8513.62 ] ████████████████████████               3  (  5.8%)
[   8513.62 ..    8516.81 ] ████████████████████████               3  (  5.8%)
[   8516.81 ..     8520 ] ████████████████████████████████       4  (  7.7%)
                                                      0%  100%
```

_sparkline computed from time-ordered samples_

### audio_hop_deadline_miss_total

| count | min | max | mean | p50 | p90 | p95 | p99 | p999 |
|---|---|---|---|---|---|---|---|---|
| 52 | 8469 | 8520 | 8494.5 | 8494 | 8515 | 8518 | 8520 | 8520 |

```
[    8469 ..    8472.19 ] ████████████████████████████████       4  (  7.7%)
[   8472.19 ..    8475.38 ] ████████████████████████               3  (  5.8%)
[   8475.38 ..    8478.56 ] ████████████████████████               3  (  5.8%)
[   8478.56 ..    8481.75 ] ████████████████████████               3  (  5.8%)
[   8481.75 ..    8484.94 ] ████████████████████████               3  (  5.8%)
[   8484.94 ..    8488.12 ] ████████████████████████████████       4  (  7.7%)
[   8488.12 ..    8491.31 ] ████████████████████████               3  (  5.8%)
[   8491.31 ..    8494.50 ] ████████████████████████               3  (  5.8%)
[   8494.50 ..    8497.69 ] ████████████████████████               3  (  5.8%)
[   8497.69 ..    8500.88 ] ████████████████████████               3  (  5.8%)
[   8500.88 ..    8504.06 ] ████████████████████████████████       4  (  7.7%)
[   8504.06 ..    8507.25 ] ████████████████████████               3  (  5.8%)
[   8507.25 ..    8510.44 ] ████████████████████████               3  (  5.8%)
[   8510.44 ..    8513.62 ] ████████████████████████               3  (  5.8%)
[   8513.62 ..    8516.81 ] ████████████████████████               3  (  5.8%)
[   8516.81 ..     8520 ] ████████████████████████████████       4  (  7.7%)
                                                      0%  100%
```

_sparkline computed from time-ordered samples_

### audio_hop_freq

| count | min | max | mean | p50 | p90 | p95 | p99 | p999 |
|---|---|---|---|---|---|---|---|---|
| 52 | 3867 | 4643 | 4308.8 | 4292 | 4554 | 4566 | 4643 | 4643 |

```
[    3867 ..    3915.50 ] ████                                   1  (  1.9%)
[   3915.50 ..     3964 ]                                        0  (  0.0%)
[    3964 ..    4012.50 ]                                        0  (  0.0%)
[   4012.50 ..     4061 ] ████████                               2  (  3.8%)
[    4061 ..    4109.50 ] ████████████                           3  (  5.8%)
[   4109.50 ..     4158 ] ████                                   1  (  1.9%)
[    4158 ..    4206.50 ] ████████████████                       4  (  7.7%)
[   4206.50 ..     4255 ] ████████████████████████████████       8  ( 15.4%)
[    4255 ..    4303.50 ] ████████████████████████████████       8  ( 15.4%)
[   4303.50 ..     4352 ] ████████████████████████████████       8  ( 15.4%)
[    4352 ..    4400.50 ] ████████████████████                   5  (  9.6%)
[   4400.50 ..     4449 ] ████████                               2  (  3.8%)
[    4449 ..    4497.50 ] ████████                               2  (  3.8%)
[   4497.50 ..     4546 ] ████████                               2  (  3.8%)
[    4546 ..    4594.50 ] ████████████████                       4  (  7.7%)
[   4594.50 ..     4643 ] ████████                               2  (  3.8%)
                                                      0%  100%
```

_sparkline computed from time-ordered samples_

### audio_hop_us

| count | min | max | mean | p50 | p90 | p95 | p99 | p999 |
|---|---|---|---|---|---|---|---|---|
| 52 | 21120 | 25426 | 22802.8 | 22850 | 23997 | 24191 | 25426 | 25426 |

```
[   21120 ..   21389.12 ] ███████▏                               2  (  3.8%)
[  21389.12 ..   21658.25 ] █████████████████████▍                 6  ( 11.5%)
[  21658.25 ..   21927.38 ] ███████▏                               2  (  3.8%)
[  21927.38 ..   22196.50 ]                                        0  (  0.0%)
[  22196.50 ..   22465.62 ] █████████████████▊                     5  (  9.6%)
[  22465.62 ..   22734.75 ] ████████████████████████████▌          8  ( 15.4%)
[  22734.75 ..   23003.88 ] ████████████████████████████████       9  ( 17.3%)
[  23003.88 ..    23273 ] ████████████████████████▉              7  ( 13.5%)
[   23273 ..   23542.12 ] ██████████████▎                        4  (  7.7%)
[  23542.12 ..   23811.25 ] ██████████▋                            3  (  5.8%)
[  23811.25 ..   24080.38 ] ███████▏                               2  (  3.8%)
[  24080.38 ..   24349.50 ] ███████▏                               2  (  3.8%)
[  24349.50 ..   24618.62 ] ███▌                                   1  (  1.9%)
[  24618.62 ..   24887.75 ]                                        0  (  0.0%)
[  24887.75 ..   25156.88 ]                                        0  (  0.0%)
[  25156.88 ..    25426 ] ███▌                                   1  (  1.9%)
                                                      0%  100%
```

_sparkline computed from time-ordered samples_

### audio_rms

| count | min | max | mean | p50 | p90 | p95 | p99 | p999 |
|---|---|---|---|---|---|---|---|---|
| 52 | 0 | 10000 | 6259.6 | 6903 | 9568 | 10000 | 10000 | 10000 |

```
[       0 ..      625 ] ████████████████                       4  (  7.7%)
[     625 ..     1250 ]                                        0  (  0.0%)
[    1250 ..     1875 ]                                        0  (  0.0%)
[    1875 ..     2500 ] ████████████████████                   5  (  9.6%)
[    2500 ..     3125 ]                                        0  (  0.0%)
[    3125 ..     3750 ] ████████                               2  (  3.8%)
[    3750 ..     4375 ]                                        0  (  0.0%)
[    4375 ..     5000 ] ████████                               2  (  3.8%)
[    5000 ..     5625 ] ████████████                           3  (  5.8%)
[    5625 ..     6250 ] ████████████████████████               6  ( 11.5%)
[    6250 ..     6875 ] ████████████                           3  (  5.8%)
[    6875 ..     7500 ] ████████████████████████████████       8  ( 15.4%)
[    7500 ..     8125 ] ████████████████                       4  (  7.7%)
[    8125 ..     8750 ] ████████████████                       4  (  7.7%)
[    8750 ..     9375 ] ████████████████████                   5  (  9.6%)
[    9375 ..    10000 ] ████████████████████████               6  ( 11.5%)
                                                      0%  100%
```

_sparkline computed from time-ordered samples_

### audio_rms_x1000

| count | min | max | mean | p50 | p90 | p95 | p99 | p999 |
|---|---|---|---|---|---|---|---|---|
| 52 | 0 | 1000 | 625.6 | 690 | 956 | 1000 | 1000 | 1000 |

```
[       0 ..      62.50 ] ████████████████                       4  (  7.7%)
[     62.50 ..      125 ]                                        0  (  0.0%)
[     125 ..     187.50 ]                                        0  (  0.0%)
[    187.50 ..      250 ] ████████████████████                   5  (  9.6%)
[     250 ..     312.50 ]                                        0  (  0.0%)
[    312.50 ..      375 ] ████████                               2  (  3.8%)
[     375 ..     437.50 ] ████                                   1  (  1.9%)
[    437.50 ..      500 ] ████                                   1  (  1.9%)
[     500 ..     562.50 ] ████████████                           3  (  5.8%)
[    562.50 ..      625 ] ████████████████████████               6  ( 11.5%)
[     625 ..     687.50 ] ████████████                           3  (  5.8%)
[    687.50 ..      750 ] ████████████████████████████████       8  ( 15.4%)
[     750 ..     812.50 ] ████████████████                       4  (  7.7%)
[    812.50 ..      875 ] ████████████████                       4  (  7.7%)
[     875 ..     937.50 ] ████████████████████                   5  (  9.6%)
[    937.50 ..     1000 ] ████████████████████████               6  ( 11.5%)
                                                      0%  100%
```

_sparkline computed from time-ordered samples_

### audio_silence_scale

| count | min | max | mean | p50 | p90 | p95 | p99 | p999 |
|---|---|---|---|---|---|---|---|---|
| 52 | 999 | 999 | 999.0 | 999 | 999 | 999 | 999 | 999 |

```
[     999 ..      999 ] ████████████████████████████████      52  (100.0%)
                                                      0%  100%
```

_sparkline computed from time-ordered samples_

### audio_snapshot_age_us

| count | min | max | mean | p50 | p90 | p95 | p99 | p999 |
|---|---|---|---|---|---|---|---|---|
| 136 | 0 | 18118 | 7608.1 | 8868 | 17843 | 17965 | 18034 | 18118 |

```
[       0 ..    1132.38 ] ████████████████████████████████      52  ( 38.2%)
[   1132.38 ..    2264.75 ]                                        0  (  0.0%)
[   2264.75 ..    3397.12 ]                                        0  (  0.0%)
[   3397.12 ..    4529.50 ]                                        0  (  0.0%)
[   4529.50 ..    5661.88 ]                                        0  (  0.0%)
[   5661.88 ..    6794.25 ]                                        0  (  0.0%)
[   6794.25 ..    7926.62 ]                                        0  (  0.0%)
[   7926.62 ..     9059 ] ████████████████████████████▎         46  ( 33.8%)
[    9059 ..   10191.38 ] ███▊                                   6  (  4.4%)
[  10191.38 ..   11323.75 ]                                        0  (  0.0%)
[  11323.75 ..   12456.12 ]                                        0  (  0.0%)
[  12456.12 ..   13588.50 ]                                        0  (  0.0%)
[  13588.50 ..   14720.88 ]                                        0  (  0.0%)
[  14720.88 ..   15853.25 ]                                        0  (  0.0%)
[  15853.25 ..   16985.62 ]                                        0  (  0.0%)
[  16985.62 ..    18118 ] ███████████████████▊                  32  ( 23.5%)
                                                      0%  100%
```

_sparkline computed from time-ordered samples_

### audio_snapshot_copy_us

| count | min | max | mean | p50 | p90 | p95 | p99 | p999 |
|---|---|---|---|---|---|---|---|---|
| 136 | 76 | 445 | 259.7 | 260 | 350 | 419 | 444 | 445 |

```
[      76 ..      99.06 ] ██████▍                                5  (  3.7%)
[     99.06 ..     122.12 ]                                        0  (  0.0%)
[    122.12 ..     145.19 ] █████▏                                 4  (  2.9%)
[    145.19 ..     168.25 ] █████████                              7  (  5.1%)
[    168.25 ..     191.31 ] ███████████████▍                      12  (  8.8%)
[    191.31 ..     214.38 ] ███▉                                   3  (  2.2%)
[    214.38 ..     237.44 ] ████████████████▋                     13  (  9.6%)
[    237.44 ..     260.50 ] ████████████████████████████████      25  ( 18.4%)
[    260.50 ..     283.56 ] ████████████████████████████▏         22  ( 16.2%)
[    283.56 ..     306.62 ] ███████████████████▎                  15  ( 11.0%)
[    306.62 ..     329.69 ] ████████████▊                         10  (  7.4%)
[    329.69 ..     352.75 ] █████████                              7  (  5.1%)
[    352.75 ..     375.81 ] █████▏                                 4  (  2.9%)
[    375.81 ..     398.88 ] █▎                                     1  (  0.7%)
[    398.88 ..     421.94 ] ██▌                                    2  (  1.5%)
[    421.94 ..      445 ] ███████▋                               6  (  4.4%)
                                                      0%  100%
```

_sparkline computed from time-ordered samples_

### audio_snapshot_hop_seq_lag

| count | min | max | mean | p50 | p90 | p95 | p99 | p999 |
|---|---|---|---|---|---|---|---|---|
| 136 | 0 | 1 | 0.4 | 0 | 1 | 1 | 1 | 1 |

```
[       0 ..       0.06 ] ████████████████████████████████      84  ( 61.8%)
[      0.06 ..       0.12 ]                                        0  (  0.0%)
[      0.12 ..       0.19 ]                                        0  (  0.0%)
[      0.19 ..       0.25 ]                                        0  (  0.0%)
[      0.25 ..       0.31 ]                                        0  (  0.0%)
[      0.31 ..       0.38 ]                                        0  (  0.0%)
[      0.38 ..       0.44 ]                                        0  (  0.0%)
[      0.44 ..       0.50 ]                                        0  (  0.0%)
[      0.50 ..       0.56 ]                                        0  (  0.0%)
[      0.56 ..       0.62 ]                                        0  (  0.0%)
[      0.62 ..       0.69 ]                                        0  (  0.0%)
[      0.69 ..       0.75 ]                                        0  (  0.0%)
[      0.75 ..       0.81 ]                                        0  (  0.0%)
[      0.81 ..       0.88 ]                                        0  (  0.0%)
[      0.88 ..       0.94 ]                                        0  (  0.0%)
[      0.94 ..        1 ] ███████████████████▊                  52  ( 38.2%)
                                                      0%  100%
```

_sparkline computed from time-ordered samples_

### band_ratio_us

| count | min | max | mean | p50 | p90 | p95 | p99 | p999 |
|---|---|---|---|---|---|---|---|---|
| 53 | 63 | 95 | 70.0 | 66 | 83 | 91 | 95 | 95 |

```
[      63 ..       65 ] ████████████████████████████████      21  ( 39.6%)
[      65 ..       67 ] █████████████▊                         9  ( 17.0%)
[      67 ..       69 ] ████▋                                  3  (  5.7%)
[      69 ..       71 ] ████▋                                  3  (  5.7%)
[      71 ..       73 ] ████▋                                  3  (  5.7%)
[      73 ..       75 ]                                        0  (  0.0%)
[      75 ..       77 ] ████▋                                  3  (  5.7%)
[      77 ..       79 ] ███                                    2  (  3.8%)
[      79 ..       81 ] ███                                    2  (  3.8%)
[      81 ..       83 ] █▌                                     1  (  1.9%)
[      83 ..       85 ] █▌                                     1  (  1.9%)
[      85 ..       87 ] ███                                    2  (  3.8%)
[      87 ..       89 ]                                        0  (  0.0%)
[      89 ..       91 ]                                        0  (  0.0%)
[      91 ..       93 ] █▌                                     1  (  1.9%)
[      93 ..       95 ] ███                                    2  (  3.8%)
                                                      0%  100%
```

_sparkline computed from time-ordered samples_

### bps_active_sprites

| count | min | max | mean | p50 | p90 | p95 | p99 | p999 |
|---|---|---|---|---|---|---|---|---|
| 137 | 8 | 8 | 8.0 | 8 | 8 | 8 | 8 | 8 |

```
[       8 ..        8 ] ████████████████████████████████     137  (100.0%)
                                                      0%  100%
```

_sparkline computed from time-ordered samples_

### bps_audio_conf

| count | min | max | mean | p50 | p90 | p95 | p99 | p999 |
|---|---|---|---|---|---|---|---|---|
| 136 | 1000 | 1000 | 1000.0 | 1000 | 1000 | 1000 | 1000 | 1000 |

```
[    1000 ..     1000 ] ████████████████████████████████     136  (100.0%)
                                                      0%  100%
```

_sparkline computed from time-ordered samples_

### bps_beat_in_bar

| count | min | max | mean | p50 | p90 | p95 | p99 | p999 |
|---|---|---|---|---|---|---|---|---|
| 136 | 3 | 3 | 3.0 | 3 | 3 | 3 | 3 | 3 |

```
[       3 ..        3 ] ████████████████████████████████     136  (100.0%)
                                                      0%  100%
```

_sparkline computed from time-ordered samples_

### bps_dominant_chroma

| count | min | max | mean | p50 | p90 | p95 | p99 | p999 |
|---|---|---|---|---|---|---|---|---|
| 13 | 99 | 130 | 114.2 | 108 | 129 | 130 | 130 | 130 |

```
[      99 ..     100.94 ] ████████████▊                          2  ( 15.4%)
[    100.94 ..     102.88 ]                                        0  (  0.0%)
[    102.88 ..     104.81 ]                                        0  (  0.0%)
[    104.81 ..     106.75 ]                                        0  (  0.0%)
[    106.75 ..     108.69 ] ████████████████████████████████       5  ( 38.5%)
[    108.69 ..     110.62 ]                                        0  (  0.0%)
[    110.62 ..     112.56 ]                                        0  (  0.0%)
[    112.56 ..     114.50 ]                                        0  (  0.0%)
[    114.50 ..     116.44 ]                                        0  (  0.0%)
[    116.44 ..     118.38 ] ██████▍                                1  (  7.7%)
[    118.38 ..     120.31 ] ████████████▊                          2  ( 15.4%)
[    120.31 ..     122.25 ]                                        0  (  0.0%)
[    122.25 ..     124.19 ]                                        0  (  0.0%)
[    124.19 ..     126.12 ]                                        0  (  0.0%)
[    126.12 ..     128.06 ]                                        0  (  0.0%)
[    128.06 ..      130 ] ███████████████████▎                   3  ( 23.1%)
                                                      0%  100%
```

_sparkline computed from time-ordered samples_

### bps_kick_trigger

| count | min | max | mean | p50 | p90 | p95 | p99 | p999 |
|---|---|---|---|---|---|---|---|---|
| 136 | 0 | 1 | 0.1 | 0 | 0 | 1 | 1 | 1 |

```
[       0 ..       0.06 ] ████████████████████████████████     123  ( 90.4%)
[      0.06 ..       0.12 ]                                        0  (  0.0%)
[      0.12 ..       0.19 ]                                        0  (  0.0%)
[      0.19 ..       0.25 ]                                        0  (  0.0%)
[      0.25 ..       0.31 ]                                        0  (  0.0%)
[      0.31 ..       0.38 ]                                        0  (  0.0%)
[      0.38 ..       0.44 ]                                        0  (  0.0%)
[      0.44 ..       0.50 ]                                        0  (  0.0%)
[      0.50 ..       0.56 ]                                        0  (  0.0%)
[      0.56 ..       0.62 ]                                        0  (  0.0%)
[      0.62 ..       0.69 ]                                        0  (  0.0%)
[      0.69 ..       0.75 ]                                        0  (  0.0%)
[      0.75 ..       0.81 ]                                        0  (  0.0%)
[      0.81 ..       0.88 ]                                        0  (  0.0%)
[      0.88 ..       0.94 ]                                        0  (  0.0%)
[      0.94 ..        1 ] ███▍                                  13  (  9.6%)
                                                      0%  100%
```

_sparkline computed from time-ordered samples_

### bps_oldest_sprite_age_ms

| count | min | max | mean | p50 | p90 | p95 | p99 | p999 |
|---|---|---|---|---|---|---|---|---|
| 137 | 198 | 378 | 280.6 | 279 | 337 | 351 | 373 | 378 |

```
[     198 ..     209.25 ] ███████████████                        8  (  5.8%)
[    209.25 ..     220.50 ] █████████████████                      9  (  6.6%)
[    220.50 ..     231.75 ] ███████████▎                           6  (  4.4%)
[    231.75 ..      243 ] ███████████▎                           6  (  4.4%)
[     243 ..     254.25 ] █████████████████                      9  (  6.6%)
[    254.25 ..     265.50 ] ████████████████████████████████      17  ( 12.4%)
[    265.50 ..     276.75 ] ██████████████████▉                   10  (  7.3%)
[    276.75 ..      288 ] ██████████████████▉                   10  (  7.3%)
[     288 ..     299.25 ] ██████████████████████▋               12  (  8.8%)
[    299.25 ..     310.50 ] ██████████████████████▋               12  (  8.8%)
[    310.50 ..     321.75 ] ███████████████                        8  (  5.8%)
[    321.75 ..      333 ] ███████████████                        8  (  5.8%)
[     333 ..     344.25 ] ██████████████████████████▍           14  ( 10.2%)
[    344.25 ..     355.50 ] █████▋                                 3  (  2.2%)
[    355.50 ..     366.75 ] ███▊                                   2  (  1.5%)
[    366.75 ..      378 ] █████▋                                 3  (  2.2%)
                                                      0%  100%
```

_sparkline computed from time-ordered samples_

### bps_silent_scale

| count | min | max | mean | p50 | p90 | p95 | p99 | p999 |
|---|---|---|---|---|---|---|---|---|
| 136 | 999 | 999 | 999.0 | 999 | 999 | 999 | 999 | 999 |

```
[     999 ..      999 ] ████████████████████████████████     136  (100.0%)
                                                      0%  100%
```

_sparkline computed from time-ordered samples_

### bps_tempo_conf

| count | min | max | mean | p50 | p90 | p95 | p99 | p999 |
|---|---|---|---|---|---|---|---|---|
| 136 | 327 | 439 | 386.2 | 387 | 430 | 435 | 439 | 439 |

```
[     327 ..      334 ] ███████████████████▊                   8  (  5.9%)
[     334 ..      341 ] ███████████████████▊                   8  (  5.9%)
[     341 ..      348 ] ████████████▎                          5  (  3.7%)
[     348 ..      355 ] ███████████████████▊                   8  (  5.9%)
[     355 ..      362 ] ███████████████████▊                   8  (  5.9%)
[     362 ..      369 ] ███████████████████▊                   8  (  5.9%)
[     369 ..      376 ] ███████████████████▊                   8  (  5.9%)
[     376 ..      383 ] █████████████████▎                     7  (  5.1%)
[     383 ..      390 ] ███████████████████████████▏          11  (  8.1%)
[     390 ..      397 ] ███████████████████▊                   8  (  5.9%)
[     397 ..      404 ] ███████████████████▊                   8  (  5.9%)
[     404 ..      411 ] ████████████████████████▋             10  (  7.4%)
[     411 ..      418 ] ███████████████████▊                   8  (  5.9%)
[     418 ..      425 ] ████████████████████████▋             10  (  7.4%)
[     425 ..      432 ] ███████████████████▊                   8  (  5.9%)
[     432 ..      439 ] ████████████████████████████████      13  (  9.6%)
                                                      0%  100%
```

_sparkline computed from time-ordered samples_

### br_hihat_energy

| count | min | max | mean | p50 | p90 | p95 | p99 | p999 |
|---|---|---|---|---|---|---|---|---|
| 53 | 52 | 1137 | 506.5 | 493 | 869 | 913 | 1137 | 1137 |

```
[      52 ..     119.81 ] ███████████████████████████▍           6  ( 11.3%)
[    119.81 ..     187.62 ] █████████████▊                         3  (  5.7%)
[    187.62 ..     255.44 ] █████████▏                             2  (  3.8%)
[    255.44 ..     323.25 ] ██████████████████████▉                5  (  9.4%)
[    323.25 ..     391.06 ] █████████▏                             2  (  3.8%)
[    391.06 ..     458.88 ] ██████████████████▎                    4  (  7.5%)
[    458.88 ..     526.69 ] ████████████████████████████████       7  ( 13.2%)
[    526.69 ..     594.50 ] ██████████████████████▉                5  (  9.4%)
[    594.50 ..     662.31 ] ██████████████████▎                    4  (  7.5%)
[    662.31 ..     730.12 ] █████████████▊                         3  (  5.7%)
[    730.12 ..     797.94 ] █████████████▊                         3  (  5.7%)
[    797.94 ..     865.75 ] █████████████▊                         3  (  5.7%)
[    865.75 ..     933.56 ] ██████████████████▎                    4  (  7.5%)
[    933.56 ..    1001.38 ]                                        0  (  0.0%)
[   1001.38 ..    1069.19 ]                                        0  (  0.0%)
[   1069.19 ..     1137 ] █████████▏                             2  (  3.8%)
                                                      0%  100%
```

_sparkline computed from time-ordered samples_

### br_kick_energy

| count | min | max | mean | p50 | p90 | p95 | p99 | p999 |
|---|---|---|---|---|---|---|---|---|
| 53 | 298 | 768 | 573.1 | 600 | 727 | 756 | 768 | 768 |

```
[     298 ..     327.38 ] ██████████▋                            2  (  3.8%)
[    327.38 ..     356.75 ] ██████████▋                            2  (  3.8%)
[    356.75 ..     386.12 ] █████▍                                 1  (  1.9%)
[    386.12 ..     415.50 ] █████████████████████▍                 4  (  7.5%)
[    415.50 ..     444.88 ] █████▍                                 1  (  1.9%)
[    444.88 ..     474.25 ] ██████████▋                            2  (  3.8%)
[    474.25 ..     503.62 ] ████████████████                       3  (  5.7%)
[    503.62 ..      533 ] ████████████████                       3  (  5.7%)
[     533 ..     562.38 ] █████████████████████▍                 4  (  7.5%)
[    562.38 ..     591.75 ] █████████████████████▍                 4  (  7.5%)
[    591.75 ..     621.12 ] ████████████████████████████████       6  ( 11.3%)
[    621.12 ..     650.50 ] ██████████████████████████▋            5  (  9.4%)
[    650.50 ..     679.88 ] ████████████████                       3  (  5.7%)
[    679.88 ..     709.25 ] ██████████████████████████▋            5  (  9.4%)
[    709.25 ..     738.62 ] █████████████████████▍                 4  (  7.5%)
[    738.62 ..      768 ] █████████████████████▍                 4  (  7.5%)
                                                      0%  100%
```

_sparkline computed from time-ordered samples_

### br_raw_rms

| count | min | max | mean | p50 | p90 | p95 | p99 | p999 |
|---|---|---|---|---|---|---|---|---|
| 53 | 5937 | 90908 | 40240.7 | 38617 | 59015 | 62906 | 90908 | 90908 |

```
[    5937 ..   11247.69 ] ██▉                                    1  (  1.9%)
[  11247.69 ..   16558.38 ] ██▉                                    1  (  1.9%)
[  16558.38 ..   21869.06 ] ████████▊                              3  (  5.7%)
[  21869.06 ..   27179.75 ] ███████████▋                           4  (  7.5%)
[  27179.75 ..   32490.44 ] ██████████████▌                        5  (  9.4%)
[  32490.44 ..   37801.12 ] ████████████████████████████████      11  ( 20.8%)
[  37801.12 ..   43111.81 ] ██████████████████████████▏            9  ( 17.0%)
[  43111.81 ..   48422.50 ] ███████████▋                           4  (  7.5%)
[  48422.50 ..   53733.19 ] ████████████████████▍                  7  ( 13.2%)
[  53733.19 ..   59043.88 ] ████████▊                              3  (  5.7%)
[  59043.88 ..   64354.56 ] ████████▊                              3  (  5.7%)
[  64354.56 ..   69665.25 ] ██▉                                    1  (  1.9%)
[  69665.25 ..   74975.94 ]                                        0  (  0.0%)
[  74975.94 ..   80286.62 ]                                        0  (  0.0%)
[  80286.62 ..   85597.31 ]                                        0  (  0.0%)
[  85597.31 ..    90908 ] ██▉                                    1  (  1.9%)
                                                      0%  100%
```

_sparkline computed from time-ordered samples_

### br_rms_eligible

| count | min | max | mean | p50 | p90 | p95 | p99 | p999 |
|---|---|---|---|---|---|---|---|---|
| 53 | 1 | 1 | 1.0 | 1 | 1 | 1 | 1 | 1 |

```
[       1 ..        1 ] ████████████████████████████████      53  (100.0%)
                                                      0%  100%
```

_sparkline computed from time-ordered samples_

### br_snare_energy

| count | min | max | mean | p50 | p90 | p95 | p99 | p999 |
|---|---|---|---|---|---|---|---|---|
| 53 | 71 | 1220 | 410.5 | 349 | 736 | 996 | 1220 | 1220 |

```
[      71 ..     142.81 ] ██████████                             5  (  9.4%)
[    142.81 ..     214.62 ] ██████                                 3  (  5.7%)
[    214.62 ..     286.44 ] ██████████                             5  (  9.4%)
[    286.44 ..     358.25 ] ████████████████████████████████      16  ( 30.2%)
[    358.25 ..     430.06 ] ██████████████                         7  ( 13.2%)
[    430.06 ..     501.88 ] ████████████                           6  ( 11.3%)
[    501.88 ..     573.69 ] ████                                   2  (  3.8%)
[    573.69 ..     645.50 ]                                        0  (  0.0%)
[    645.50 ..     717.31 ] ██████                                 3  (  5.7%)
[    717.31 ..     789.12 ] ████                                   2  (  3.8%)
[    789.12 ..     860.94 ]                                        0  (  0.0%)
[    860.94 ..     932.75 ] ██                                     1  (  1.9%)
[    932.75 ..    1004.56 ] ██                                     1  (  1.9%)
[   1004.56 ..    1076.38 ]                                        0  (  0.0%)
[   1076.38 ..    1148.19 ] ██                                     1  (  1.9%)
[   1148.19 ..     1220 ] ██                                     1  (  1.9%)
                                                      0%  100%
```

_sparkline computed from time-ordered samples_

### color_correction_us

| count | min | max | mean | p50 | p90 | p95 | p99 | p999 |
|---|---|---|---|---|---|---|---|---|
| 137 | 425 | 1240 | 808.9 | 794 | 1122 | 1150 | 1206 | 1240 |

```
[     425 ..     475.94 ] █████▏                                 4  (  2.9%)
[    475.94 ..     526.88 ] ███████████▌                           9  (  6.6%)
[    526.88 ..     577.81 ] ███████████████████▎                  15  ( 10.9%)
[    577.81 ..     628.75 ] ████████████████████████████████      25  ( 18.2%)
[    628.75 ..     679.69 ] ██████████████▏                       11  (  8.0%)
[    679.69 ..     730.62 ] ███▉                                   3  (  2.2%)
[    730.62 ..     781.56 ] █▎                                     1  (  0.7%)
[    781.56 ..     832.50 ] ███▉                                   3  (  2.2%)
[    832.50 ..     883.44 ] ██▌                                    2  (  1.5%)
[    883.44 ..     934.38 ] █████████                              7  (  5.1%)
[    934.38 ..     985.31 ] ████████████████▋                     13  (  9.5%)
[    985.31 ..    1036.25 ] ██████████▎                            8  (  5.8%)
[   1036.25 ..    1087.19 ] ██████████████▏                       11  (  8.0%)
[   1087.19 ..    1138.12 ] █████████████████▉                    14  ( 10.2%)
[   1138.12 ..    1189.06 ] ███████████▌                           9  (  6.6%)
[   1189.06 ..     1240 ] ██▌                                    2  (  1.5%)
                                                      0%  100%
```

_sparkline computed from time-ordered samples_

### controlbus_publish_copy_us

| count | min | max | mean | p50 | p90 | p95 | p99 | p999 |
|---|---|---|---|---|---|---|---|---|
| 52 | 72 | 270 | 110.7 | 95 | 170 | 202 | 270 | 270 |

```
[      72 ..      84.38 ] ████████████████████████████████      20  ( 38.5%)
[     84.38 ..      96.75 ] ███████████▎                           7  ( 13.5%)
[     96.75 ..     109.12 ] █████████████████▋                    11  ( 21.2%)
[    109.12 ..     121.50 ] █▋                                     1  (  1.9%)
[    121.50 ..     133.88 ] ███▎                                   2  (  3.8%)
[    133.88 ..     146.25 ]                                        0  (  0.0%)
[    146.25 ..     158.62 ] ██████▍                                4  (  7.7%)
[    158.62 ..      171 ] ███▎                                   2  (  3.8%)
[     171 ..     183.38 ] █▋                                     1  (  1.9%)
[    183.38 ..     195.75 ] █▋                                     1  (  1.9%)
[    195.75 ..     208.12 ] █▋                                     1  (  1.9%)
[    208.12 ..     220.50 ]                                        0  (  0.0%)
[    220.50 ..     232.88 ]                                        0  (  0.0%)
[    232.88 ..     245.25 ]                                        0  (  0.0%)
[    245.25 ..     257.62 ] █▋                                     1  (  1.9%)
[    257.62 ..      270 ] █▋                                     1  (  1.9%)
                                                      0%  100%
```

_sparkline computed from time-ordered samples_

### effect_id_active

| count | min | max | mean | p50 | p90 | p95 | p99 | p999 |
|---|---|---|---|---|---|---|---|---|
| 136 | 8450 | 8450 | 8450.0 | 8450 | 8450 | 8450 | 8450 | 8450 |

```
[    8450 ..     8450 ] ████████████████████████████████     136  (100.0%)
                                                      0%  100%
```

_sparkline computed from time-ordered samples_

### fps

| count | min | max | mean | p50 | p90 | p95 | p99 | p999 |
|---|---|---|---|---|---|---|---|---|
| 1 | 119 | 119 | 119.0 | 119 | 119 | 119 | 119 | 119 |

```
[     119 ..      119 ] ████████████████████████████████       1  (100.0%)
                                                      0%  100%
```

_sparkline computed from time-ordered samples_

### heap_free_internal_kb

| count | min | max | mean | p50 | p90 | p95 | p99 | p999 |
|---|---|---|---|---|---|---|---|---|
| 1 | 17 | 17 | 17.0 | 17 | 17 | 17 | 17 | 17 |

```
[      17 ..       17 ] ████████████████████████████████       1  (100.0%)
                                                      0%  100%
```

_sparkline computed from time-ordered samples_

### heap_free_psram_kb

| count | min | max | mean | p50 | p90 | p95 | p99 | p999 |
|---|---|---|---|---|---|---|---|---|
| 1 | 7812 | 7812 | 7812.0 | 7812 | 7812 | 7812 | 7812 | 7812 |

```
[    7812 ..     7812 ] ████████████████████████████████       1  (100.0%)
                                                      0%  100%
```

_sparkline computed from time-ordered samples_

### heap_largest_internal_kb

| count | min | max | mean | p50 | p90 | p95 | p99 | p999 |
|---|---|---|---|---|---|---|---|---|
| 1 | 7 | 7 | 7.0 | 7 | 7 | 7 | 7 | 7 |

```
[       7 ..        7 ] ████████████████████████████████       1  (100.0%)
                                                      0%  100%
```

_sparkline computed from time-ordered samples_

### heap_largest_psram_kb

| count | min | max | mean | p50 | p90 | p95 | p99 | p999 |
|---|---|---|---|---|---|---|---|---|
| 1 | 7807 | 7807 | 7807.0 | 7807 | 7807 | 7807 | 7807 | 7807 |

```
[    7807 ..     7807 ] ████████████████████████████████       1  (100.0%)
                                                      0%  100%
```

_sparkline computed from time-ordered samples_

### led_show_avg_us

| count | min | max | mean | p50 | p90 | p95 | p99 | p999 |
|---|---|---|---|---|---|---|---|---|
| 1 | 556 | 556 | 556.0 | 556 | 556 | 556 | 556 | 556 |

```
[     556 ..      556 ] ████████████████████████████████       1  (100.0%)
                                                      0%  100%
```

_sparkline computed from time-ordered samples_

### led_show_failures_total

| count | min | max | mean | p50 | p90 | p95 | p99 | p999 |
|---|---|---|---|---|---|---|---|---|
| 1 | 0 | 0 | 0.0 | 0 | 0 | 0 | 0 | 0 |

```
[       0 ..        0 ] ████████████████████████████████       1  (100.0%)
                                                      0%  100%
```

_sparkline computed from time-ordered samples_

### led_show_max_us

| count | min | max | mean | p50 | p90 | p95 | p99 | p999 |
|---|---|---|---|---|---|---|---|---|
| 1 | 2091 | 2091 | 2091.0 | 2091 | 2091 | 2091 | 2091 | 2091 |

```
[    2091 ..     2091 ] ████████████████████████████████       1  (100.0%)
                                                      0%  100%
```

_sparkline computed from time-ordered samples_

### led_show_skips_total

| count | min | max | mean | p50 | p90 | p95 | p99 | p999 |
|---|---|---|---|---|---|---|---|---|
| 1 | 0 | 0 | 0.0 | 0 | 0 | 0 | 0 | 0 |

```
[       0 ..        0 ] ████████████████████████████████       1  (100.0%)
                                                      0%  100%
```

_sparkline computed from time-ordered samples_

### onset_activity

| count | min | max | mean | p50 | p90 | p95 | p99 | p999 |
|---|---|---|---|---|---|---|---|---|
| 53 | 116 | 1000 | 983.3 | 1000 | 1000 | 1000 | 1000 | 1000 |

```
[     116 ..     171.25 ] ▋                                      1  (  1.9%)
[    171.25 ..     226.50 ]                                        0  (  0.0%)
[    226.50 ..     281.75 ]                                        0  (  0.0%)
[    281.75 ..      337 ]                                        0  (  0.0%)
[     337 ..     392.25 ]                                        0  (  0.0%)
[    392.25 ..     447.50 ]                                        0  (  0.0%)
[    447.50 ..     502.75 ]                                        0  (  0.0%)
[    502.75 ..      558 ]                                        0  (  0.0%)
[     558 ..     613.25 ]                                        0  (  0.0%)
[    613.25 ..     668.50 ]                                        0  (  0.0%)
[    668.50 ..     723.75 ]                                        0  (  0.0%)
[    723.75 ..      779 ]                                        0  (  0.0%)
[     779 ..     834.25 ]                                        0  (  0.0%)
[    834.25 ..     889.50 ]                                        0  (  0.0%)
[    889.50 ..     944.75 ]                                        0  (  0.0%)
[    944.75 ..     1000 ] ████████████████████████████████      52  ( 98.1%)
                                                      0%  100%
```

_sparkline computed from time-ordered samples_

### onset_bass_flux

| count | min | max | mean | p50 | p90 | p95 | p99 | p999 |
|---|---|---|---|---|---|---|---|---|
| 53 | 0 | 10204 | 1711.8 | 1347 | 3264 | 4091 | 10204 | 10204 |

```
[       0 ..     637.75 ] ████████████████████████████████      14  ( 26.4%)
[    637.75 ..    1275.50 ] ██████████████████████▉               10  ( 18.9%)
[   1275.50 ..    1913.25 ] ██████████████████████▉               10  ( 18.9%)
[   1913.25 ..     2551 ] ███████████████████████████▍          12  ( 22.6%)
[    2551 ..    3188.75 ] ██▎                                    1  (  1.9%)
[   3188.75 ..    3826.50 ] ████▋                                  2  (  3.8%)
[   3826.50 ..    4464.25 ] ████▋                                  2  (  3.8%)
[   4464.25 ..     5102 ]                                        0  (  0.0%)
[    5102 ..    5739.75 ] ██▎                                    1  (  1.9%)
[   5739.75 ..    6377.50 ]                                        0  (  0.0%)
[   6377.50 ..    7015.25 ]                                        0  (  0.0%)
[   7015.25 ..     7653 ]                                        0  (  0.0%)
[    7653 ..    8290.75 ]                                        0  (  0.0%)
[   8290.75 ..    8928.50 ]                                        0  (  0.0%)
[   8928.50 ..    9566.25 ]                                        0  (  0.0%)
[   9566.25 ..    10204 ] ██▎                                    1  (  1.9%)
                                                      0%  100%
```

_sparkline computed from time-ordered samples_

### onset_decision_us

| count | min | max | mean | p50 | p90 | p95 | p99 | p999 |
|---|---|---|---|---|---|---|---|---|
| 53 | 815 | 1470 | 962.9 | 924 | 1114 | 1226 | 1470 | 1470 |

```
[     815 ..     855.94 ] ████████████████████████████████      17  ( 32.1%)
[    855.94 ..     896.88 ] █████▋                                 3  (  5.7%)
[    896.88 ..     937.81 ] █████████████▏                         7  ( 13.2%)
[    937.81 ..     978.75 ] ███▊                                   2  (  3.8%)
[    978.75 ..    1019.69 ] ███████████▎                           6  ( 11.3%)
[   1019.69 ..    1060.62 ] █████████████▏                         7  ( 13.2%)
[   1060.62 ..    1101.56 ] ███████▌                               4  (  7.5%)
[   1101.56 ..    1142.50 ] ███████▌                               4  (  7.5%)
[   1142.50 ..    1183.44 ]                                        0  (  0.0%)
[   1183.44 ..    1224.38 ]                                        0  (  0.0%)
[   1224.38 ..    1265.31 ] █▉                                     1  (  1.9%)
[   1265.31 ..    1306.25 ] █▉                                     1  (  1.9%)
[   1306.25 ..    1347.19 ]                                        0  (  0.0%)
[   1347.19 ..    1388.12 ]                                        0  (  0.0%)
[   1388.12 ..    1429.06 ]                                        0  (  0.0%)
[   1429.06 ..     1470 ] █▉                                     1  (  1.9%)
                                                      0%  100%
```

_sparkline computed from time-ordered samples_

### onset_env

| count | min | max | mean | p50 | p90 | p95 | p99 | p999 |
|---|---|---|---|---|---|---|---|---|
| 53 | 0 | 58253 | 6656.9 | 0 | 34622 | 43346 | 58253 | 58253 |

```
[       0 ..    3640.81 ] ████████████████████████████████      41  ( 77.4%)
[   3640.81 ..    7281.62 ] ▊                                      1  (  1.9%)
[   7281.62 ..   10922.44 ] ▊                                      1  (  1.9%)
[  10922.44 ..   14563.25 ] ▊                                      1  (  1.9%)
[  14563.25 ..   18204.06 ]                                        0  (  0.0%)
[  18204.06 ..   21844.88 ] █▌                                     2  (  3.8%)
[  21844.88 ..   25485.69 ] ▊                                      1  (  1.9%)
[  25485.69 ..   29126.50 ]                                        0  (  0.0%)
[  29126.50 ..   32767.31 ]                                        0  (  0.0%)
[  32767.31 ..   36408.12 ] ▊                                      1  (  1.9%)
[  36408.12 ..   40048.94 ] ▊                                      1  (  1.9%)
[  40048.94 ..   43689.75 ] ██▍                                    3  (  5.7%)
[  43689.75 ..   47330.56 ]                                        0  (  0.0%)
[  47330.56 ..   50971.38 ]                                        0  (  0.0%)
[  50971.38 ..   54612.19 ]                                        0  (  0.0%)
[  54612.19 ..    58253 ] ▊                                      1  (  1.9%)
                                                      0%  100%
```

_sparkline computed from time-ordered samples_

### onset_event_strength

| count | min | max | mean | p50 | p90 | p95 | p99 | p999 |
|---|---|---|---|---|---|---|---|---|
| 53 | 0 | 58253 | 3308.3 | 0 | 0 | 34622 | 58253 | 58253 |

```
[       0 ..    3640.81 ] ████████████████████████████████      48  ( 90.6%)
[   3640.81 ..    7281.62 ]                                        0  (  0.0%)
[   7281.62 ..   10922.44 ]                                        0  (  0.0%)
[  10922.44 ..   14563.25 ]                                        0  (  0.0%)
[  14563.25 ..   18204.06 ]                                        0  (  0.0%)
[  18204.06 ..   21844.88 ] █▍                                     2  (  3.8%)
[  21844.88 ..   25485.69 ]                                        0  (  0.0%)
[  25485.69 ..   29126.50 ]                                        0  (  0.0%)
[  29126.50 ..   32767.31 ]                                        0  (  0.0%)
[  32767.31 ..   36408.12 ] ▋                                      1  (  1.9%)
[  36408.12 ..   40048.94 ]                                        0  (  0.0%)
[  40048.94 ..   43689.75 ] ▋                                      1  (  1.9%)
[  43689.75 ..   47330.56 ]                                        0  (  0.0%)
[  47330.56 ..   50971.38 ]                                        0  (  0.0%)
[  50971.38 ..   54612.19 ]                                        0  (  0.0%)
[  54612.19 ..    58253 ] ▋                                      1  (  1.9%)
                                                      0%  100%
```

_sparkline computed from time-ordered samples_

### onset_fft_frontend_us

| count | min | max | mean | p50 | p90 | p95 | p99 | p999 |
|---|---|---|---|---|---|---|---|---|
| 53 | 763 | 1333 | 936.8 | 841 | 1203 | 1294 | 1333 | 1333 |

```
[     763 ..     798.62 ] ████████████████████████████████      17  ( 32.1%)
[    798.62 ..     834.25 ] █████████████████                      9  ( 17.0%)
[    834.25 ..     869.88 ] █████▋                                 3  (  5.7%)
[    869.88 ..     905.50 ] █████▋                                 3  (  5.7%)
[    905.50 ..     941.12 ]                                        0  (  0.0%)
[    941.12 ..     976.75 ] ███▊                                   2  (  3.8%)
[    976.75 ..    1012.38 ] █▉                                     1  (  1.9%)
[   1012.38 ..     1048 ] █████▋                                 3  (  5.7%)
[    1048 ..    1083.62 ]                                        0  (  0.0%)
[   1083.62 ..    1119.25 ] ███▊                                   2  (  3.8%)
[   1119.25 ..    1154.88 ] █████▋                                 3  (  5.7%)
[   1154.88 ..    1190.50 ] █████▋                                 3  (  5.7%)
[   1190.50 ..    1226.12 ] █████▋                                 3  (  5.7%)
[   1226.12 ..    1261.75 ] █▉                                     1  (  1.9%)
[   1261.75 ..    1297.38 ] █▉                                     1  (  1.9%)
[   1297.38 ..     1333 ] ███▊                                   2  (  3.8%)
                                                      0%  100%
```

_sparkline computed from time-ordered samples_

### onset_flux

| count | min | max | mean | p50 | p90 | p95 | p99 | p999 |
|---|---|---|---|---|---|---|---|---|
| 53 | 7837 | 96024 | 37345.6 | 30664 | 74647 | 85894 | 96024 | 96024 |

```
[    7837 ..   13348.69 ] ████████████▊                          4  (  7.5%)
[  13348.69 ..   18860.38 ] ██████████████████████▍                7  ( 13.2%)
[  18860.38 ..   24372.06 ] ████████████████                       5  (  9.4%)
[  24372.06 ..   29883.75 ] ████████████████████████████████      10  ( 18.9%)
[  29883.75 ..   35395.44 ] ████████████████                       5  (  9.4%)
[  35395.44 ..   40907.12 ] ████████████▊                          4  (  7.5%)
[  40907.12 ..   46418.81 ] ████████████████                       5  (  9.4%)
[  46418.81 ..   51930.50 ] ██████▍                                2  (  3.8%)
[  51930.50 ..   57442.19 ] ███▎                                   1  (  1.9%)
[  57442.19 ..   62953.88 ] ██████▍                                2  (  3.8%)
[  62953.88 ..   68465.56 ] ███▎                                   1  (  1.9%)
[  68465.56 ..   73977.25 ] ███▎                                   1  (  1.9%)
[  73977.25 ..   79488.94 ] ███▎                                   1  (  1.9%)
[  79488.94 ..   85000.62 ] ██████▍                                2  (  3.8%)
[  85000.62 ..   90512.31 ] ██████▍                                2  (  3.8%)
[  90512.31 ..    96024 ] ███▎                                   1  (  1.9%)
                                                      0%  100%
```

_sparkline computed from time-ordered samples_

### onset_flux_us

| count | min | max | mean | p50 | p90 | p95 | p99 | p999 |
|---|---|---|---|---|---|---|---|---|
| 53 | 747 | 1392 | 880.7 | 836 | 1042 | 1092 | 1392 | 1392 |

```
[     747 ..     787.31 ] ████████████████████████████████      17  ( 32.1%)
[    787.31 ..     827.62 ] █████████████████                      9  ( 17.0%)
[    827.62 ..     867.94 ] █████▋                                 3  (  5.7%)
[    867.94 ..     908.25 ] ███▊                                   2  (  3.8%)
[    908.25 ..     948.56 ] ███████▌                               4  (  7.5%)
[    948.56 ..     988.88 ] ██████████████████████▋               12  ( 22.6%)
[    988.88 ..    1029.19 ]                                        0  (  0.0%)
[   1029.19 ..    1069.50 ] █████▋                                 3  (  5.7%)
[   1069.50 ..    1109.81 ] █▉                                     1  (  1.9%)
[   1109.81 ..    1150.12 ]                                        0  (  0.0%)
[   1150.12 ..    1190.44 ]                                        0  (  0.0%)
[   1190.44 ..    1230.75 ]                                        0  (  0.0%)
[   1230.75 ..    1271.06 ] █▉                                     1  (  1.9%)
[   1271.06 ..    1311.38 ]                                        0  (  0.0%)
[   1311.38 ..    1351.69 ]                                        0  (  0.0%)
[   1351.69 ..     1392 ] █▉                                     1  (  1.9%)
                                                      0%  100%
```

_sparkline computed from time-ordered samples_

### onset_gate_flags

| count | min | max | mean | p50 | p90 | p95 | p99 | p999 |
|---|---|---|---|---|---|---|---|---|
| 53 | 0 | 0 | 0.0 | 0 | 0 | 0 | 0 | 0 |

```
[       0 ..        0 ] ████████████████████████████████      53  (100.0%)
                                                      0%  100%
```

_sparkline computed from time-ordered samples_

### onset_high_flux

| count | min | max | mean | p50 | p90 | p95 | p99 | p999 |
|---|---|---|---|---|---|---|---|---|
| 53 | 2120 | 259422 | 58460.6 | 39611 | 128032 | 153044 | 259422 | 259422 |

```
[    2120 ..   18201.38 ] ████████████████████████████████      13  ( 24.5%)
[  18201.38 ..   34282.75 ] ████████████████████████▋             10  ( 18.9%)
[  34282.75 ..   50364.12 ] ██████████████████████▏                9  ( 17.0%)
[  50364.12 ..   66445.50 ] █████████▉                             4  (  7.5%)
[  66445.50 ..   82526.88 ] ████████████▎                          5  (  9.4%)
[  82526.88 ..   98608.25 ]                                        0  (  0.0%)
[  98608.25 ..  114689.62 ] █████████▉                             4  (  7.5%)
[ 114689.62 ..   130771 ] ███████▍                               3  (  5.7%)
[  130771 ..  146852.38 ] ████▉                                  2  (  3.8%)
[ 146852.38 ..  162933.75 ] ██▌                                    1  (  1.9%)
[ 162933.75 ..  179015.12 ]                                        0  (  0.0%)
[ 179015.12 ..  195096.50 ]                                        0  (  0.0%)
[ 195096.50 ..  211177.88 ]                                        0  (  0.0%)
[ 211177.88 ..  227259.25 ]                                        0  (  0.0%)
[ 227259.25 ..  243340.62 ]                                        0  (  0.0%)
[ 243340.62 ..   259422 ] ████▉                                  2  (  3.8%)
                                                      0%  100%
```

_sparkline computed from time-ordered samples_

### onset_input_rms

| count | min | max | mean | p50 | p90 | p95 | p99 | p999 |
|---|---|---|---|---|---|---|---|---|
| 53 | 5937 | 90908 | 40240.7 | 38617 | 59015 | 62906 | 90908 | 90908 |

```
[    5937 ..   11247.69 ] ██▉                                    1  (  1.9%)
[  11247.69 ..   16558.38 ] ██▉                                    1  (  1.9%)
[  16558.38 ..   21869.06 ] ████████▊                              3  (  5.7%)
[  21869.06 ..   27179.75 ] ███████████▋                           4  (  7.5%)
[  27179.75 ..   32490.44 ] ██████████████▌                        5  (  9.4%)
[  32490.44 ..   37801.12 ] ████████████████████████████████      11  ( 20.8%)
[  37801.12 ..   43111.81 ] ██████████████████████████▏            9  ( 17.0%)
[  43111.81 ..   48422.50 ] ███████████▋                           4  (  7.5%)
[  48422.50 ..   53733.19 ] ████████████████████▍                  7  ( 13.2%)
[  53733.19 ..   59043.88 ] ████████▊                              3  (  5.7%)
[  59043.88 ..   64354.56 ] ████████▊                              3  (  5.7%)
[  64354.56 ..   69665.25 ] ██▉                                    1  (  1.9%)
[  69665.25 ..   74975.94 ]                                        0  (  0.0%)
[  74975.94 ..   80286.62 ]                                        0  (  0.0%)
[  80286.62 ..   85597.31 ]                                        0  (  0.0%)
[  85597.31 ..    90908 ] ██▉                                    1  (  1.9%)
                                                      0%  100%
```

_sparkline computed from time-ordered samples_

### onset_mid_flux

| count | min | max | mean | p50 | p90 | p95 | p99 | p999 |
|---|---|---|---|---|---|---|---|---|
| 53 | 280 | 19242 | 7189.3 | 6548 | 13892 | 17047 | 19242 | 19242 |

```
[     280 ..    1465.12 ] ██▌                                    1  (  1.9%)
[   1465.12 ..    2650.25 ] █████████▉                             4  (  7.5%)
[   2650.25 ..    3835.38 ] ████████████████████████████████      13  ( 24.5%)
[   3835.38 ..    5020.50 ] █████████▉                             4  (  7.5%)
[   5020.50 ..    6205.62 ] ████▉                                  2  (  3.8%)
[   6205.62 ..    7390.75 ] ██████████████████████▏                9  ( 17.0%)
[   7390.75 ..    8575.88 ] ██▌                                    1  (  1.9%)
[   8575.88 ..     9761 ] █████████████████▎                     7  ( 13.2%)
[    9761 ..   10946.12 ] ███████▍                               3  (  5.7%)
[  10946.12 ..   12131.25 ] ████▉                                  2  (  3.8%)
[  12131.25 ..   13316.38 ] ██▌                                    1  (  1.9%)
[  13316.38 ..   14501.50 ] ████▉                                  2  (  3.8%)
[  14501.50 ..   15686.62 ]                                        0  (  0.0%)
[  15686.62 ..   16871.75 ] ██▌                                    1  (  1.9%)
[  16871.75 ..   18056.88 ] ██▌                                    1  (  1.9%)
[  18056.88 ..    19242 ] ████▉                                  2  (  3.8%)
                                                      0%  100%
```

_sparkline computed from time-ordered samples_

### onset_noise_floor

| count | min | max | mean | p50 | p90 | p95 | p99 | p999 |
|---|---|---|---|---|---|---|---|---|
| 53 | 3537 | 3544 | 3538.2 | 3537 | 3544 | 3544 | 3544 | 3544 |

```
[    3537 ..    3537.44 ] ████████████████████████████████      44  ( 83.0%)
[   3537.44 ..    3537.88 ]                                        0  (  0.0%)
[   3537.88 ..    3538.31 ]                                        0  (  0.0%)
[   3538.31 ..    3538.75 ]                                        0  (  0.0%)
[   3538.75 ..    3539.19 ]                                        0  (  0.0%)
[   3539.19 ..    3539.62 ]                                        0  (  0.0%)
[   3539.62 ..    3540.06 ]                                        0  (  0.0%)
[   3540.06 ..    3540.50 ]                                        0  (  0.0%)
[   3540.50 ..    3540.94 ]                                        0  (  0.0%)
[   3540.94 ..    3541.38 ]                                        0  (  0.0%)
[   3541.38 ..    3541.81 ]                                        0  (  0.0%)
[   3541.81 ..    3542.25 ]                                        0  (  0.0%)
[   3542.25 ..    3542.69 ]                                        0  (  0.0%)
[   3542.69 ..    3543.12 ]                                        0  (  0.0%)
[   3543.12 ..    3543.56 ]                                        0  (  0.0%)
[   3543.56 ..     3544 ] ██████▌                                9  ( 17.0%)
                                                      0%  100%
```

_sparkline computed from time-ordered samples_

### onset_process_us

| count | min | max | mean | p50 | p90 | p95 | p99 | p999 |
|---|---|---|---|---|---|---|---|---|
| 53 | 1596 | 2677 | 1918.5 | 1819 | 2410 | 2481 | 2677 | 2677 |

```
[    1596 ..    1663.56 ] ████████████████████████████████      14  ( 26.4%)
[   1663.56 ..    1731.12 ] ██████████████████▎                    8  ( 15.1%)
[   1731.12 ..    1798.69 ] ██████▉                                3  (  5.7%)
[   1798.69 ..    1866.25 ] ███████████▍                           5  (  9.4%)
[   1866.25 ..    1933.81 ] ████▋                                  2  (  3.8%)
[   1933.81 ..    2001.38 ] █████████▏                             4  (  7.5%)
[   2001.38 ..    2068.94 ] ████▋                                  2  (  3.8%)
[   2068.94 ..    2136.50 ]                                        0  (  0.0%)
[   2136.50 ..    2204.06 ] ██████▉                                3  (  5.7%)
[   2204.06 ..    2271.62 ] ████▋                                  2  (  3.8%)
[   2271.62 ..    2339.19 ] █████████▏                             4  (  7.5%)
[   2339.19 ..    2406.75 ]                                        0  (  0.0%)
[   2406.75 ..    2474.31 ] ██████▉                                3  (  5.7%)
[   2474.31 ..    2541.88 ] ████▋                                  2  (  3.8%)
[   2541.88 ..    2609.44 ]                                        0  (  0.0%)
[   2609.44 ..     2677 ] ██▎                                    1  (  1.9%)
                                                      0%  100%
```

_sparkline computed from time-ordered samples_

### render_frame_work_us

| count | min | max | mean | p50 | p90 | p95 | p99 | p999 |
|---|---|---|---|---|---|---|---|---|
| 136 | 2430 | 3929 | 3154.4 | 3142 | 3611 | 3755 | 3919 | 3929 |

```
[    2430 ..    2523.69 ] ████▎                                  2  (  1.5%)
[   2523.69 ..    2617.38 ] ██████▍                                3  (  2.2%)
[   2617.38 ..    2711.06 ] ███████████████████████████▊          13  (  9.6%)
[   2711.06 ..    2804.75 ] ██████████████▉                        7  (  5.1%)
[   2804.75 ..    2898.44 ] █████████████████████▍                10  (  7.4%)
[   2898.44 ..    2992.12 ] ████████████████████████████████      15  ( 11.0%)
[   2992.12 ..    3085.81 ] █████████████████████▍                10  (  7.4%)
[   3085.81 ..    3179.50 ] █████████████████████████▋            12  (  8.8%)
[   3179.50 ..    3273.19 ] ████████████████████████████████      15  ( 11.0%)
[   3273.19 ..    3366.88 ] █████████████████████▍                10  (  7.4%)
[   3366.88 ..    3460.56 ] ██████████████▉                        7  (  5.1%)
[   3460.56 ..    3554.25 ] █████████████████████████████▉        14  ( 10.3%)
[   3554.25 ..    3647.94 ] ███████████████████▎                   9  (  6.6%)
[   3647.94 ..    3741.62 ] ████▎                                  2  (  1.5%)
[   3741.62 ..    3835.31 ] ██████▍                                3  (  2.2%)
[   3835.31 ..     3929 ] ████████▌                              4  (  2.9%)
                                                      0%  100%
```

_sparkline computed from time-ordered samples_

### rmt_errors_total

| count | min | max | mean | p50 | p90 | p95 | p99 | p999 |
|---|---|---|---|---|---|---|---|---|
| 1 | 0 | 0 | 0.0 | 0 | 0 | 0 | 0 | 0 |

```
[       0 ..        0 ] ████████████████████████████████       1  (100.0%)
                                                      0%  100%
```

_sparkline computed from time-ordered samples_

### rmt_underruns_total

| count | min | max | mean | p50 | p90 | p95 | p99 | p999 |
|---|---|---|---|---|---|---|---|---|
| 1 | 0 | 0 | 0.0 | 0 | 0 | 0 | 0 | 0 |

```
[       0 ..        0 ] ████████████████████████████████       1  (100.0%)
                                                      0%  100%
```

_sparkline computed from time-ordered samples_

### snapshot_read_retries_total

| count | min | max | mean | p50 | p90 | p95 | p99 | p999 |
|---|---|---|---|---|---|---|---|---|
| 136 | 274 | 277 | 275.5 | 276 | 277 | 277 | 277 | 277 |

```
[     274 ..     274.19 ] ███████████▎                          21  ( 15.4%)
[    274.19 ..     274.38 ]                                        0  (  0.0%)
[    274.38 ..     274.56 ]                                        0  (  0.0%)
[    274.56 ..     274.75 ]                                        0  (  0.0%)
[    274.75 ..     274.94 ]                                        0  (  0.0%)
[    274.94 ..     275.12 ] ████████████████████▊                 39  ( 28.7%)
[    275.12 ..     275.31 ]                                        0  (  0.0%)
[    275.31 ..     275.50 ]                                        0  (  0.0%)
[    275.50 ..     275.69 ]                                        0  (  0.0%)
[    275.69 ..     275.88 ]                                        0  (  0.0%)
[    275.88 ..     276.06 ] ████████████████████████████████      60  ( 44.1%)
[    276.06 ..     276.25 ]                                        0  (  0.0%)
[    276.25 ..     276.44 ]                                        0  (  0.0%)
[    276.44 ..     276.62 ]                                        0  (  0.0%)
[    276.62 ..     276.81 ]                                        0  (  0.0%)
[    276.81 ..      277 ] ████████▌                             16  ( 11.8%)
                                                      0%  100%
```

_sparkline computed from time-ordered samples_

### spectral_novelty

| count | min | max | mean | p50 | p90 | p95 | p99 | p999 |
|---|---|---|---|---|---|---|---|---|
| 53 | 47 | 564 | 220.1 | 192 | 334 | 413 | 564 | 564 |

```
[      47 ..      79.31 ] ███▎                                   1  (  1.9%)
[     79.31 ..     111.62 ] ██████▍                                2  (  3.8%)
[    111.62 ..     143.94 ] ████████████████████████████████      10  ( 18.9%)
[    143.94 ..     176.25 ] ████████████████████████████████      10  ( 18.9%)
[    176.25 ..     208.56 ] ████████████████                       5  (  9.4%)
[    208.56 ..     240.88 ] ███████████████████▎                   6  ( 11.3%)
[    240.88 ..     273.19 ] ████████████████                       5  (  9.4%)
[    273.19 ..     305.50 ] ████████████████                       5  (  9.4%)
[    305.50 ..     337.81 ] ████████████▊                          4  (  7.5%)
[    337.81 ..     370.12 ]                                        0  (  0.0%)
[    370.12 ..     402.44 ] ██████▍                                2  (  3.8%)
[    402.44 ..     434.75 ] ███▎                                   1  (  1.9%)
[    434.75 ..     467.06 ]                                        0  (  0.0%)
[    467.06 ..     499.38 ]                                        0  (  0.0%)
[    499.38 ..     531.69 ] ███▎                                   1  (  1.9%)
[    531.69 ..      564 ] ███▎                                   1  (  1.9%)
                                                      0%  100%
```

_sparkline computed from time-ordered samples_

### task_stack_hwm_audio

| count | min | max | mean | p50 | p90 | p95 | p99 | p999 |
|---|---|---|---|---|---|---|---|---|
| 1 | 8764 | 8764 | 8764.0 | 8764 | 8764 | 8764 | 8764 | 8764 |

```
[    8764 ..     8764 ] ████████████████████████████████       1  (100.0%)
                                                      0%  100%
```

_sparkline computed from time-ordered samples_

### task_stack_hwm_loop

| count | min | max | mean | p50 | p90 | p95 | p99 | p999 |
|---|---|---|---|---|---|---|---|---|
| 1 | 2236 | 2236 | 2236.0 | 2236 | 2236 | 2236 | 2236 | 2236 |

```
[    2236 ..     2236 ] ████████████████████████████████       1  (100.0%)
                                                      0%  100%
```

_sparkline computed from time-ordered samples_

### task_stack_hwm_renderer

| count | min | max | mean | p50 | p90 | p95 | p99 | p999 |
|---|---|---|---|---|---|---|---|---|
| 1 | 10480 | 10480 | 10480.0 | 10480 | 10480 | 10480 | 10480 | 10480 |

```
[   10480 ..    10480 ] ████████████████████████████████       1  (100.0%)
                                                      0%  100%
```

_sparkline computed from time-ordered samples_

### task_stack_hwm_show_director

| count | min | max | mean | p50 | p90 | p95 | p99 | p999 |
|---|---|---|---|---|---|---|---|---|
| 1 | 10544 | 10544 | 10544.0 | 10544 | 10544 | 10544 | 10544 | 10544 |

```
[   10544 ..    10544 ] ████████████████████████████████       1  (100.0%)
                                                      0%  100%
```

_sparkline computed from time-ordered samples_

### temp_celsius_x10

| count | min | max | mean | p50 | p90 | p95 | p99 | p999 |
|---|---|---|---|---|---|---|---|---|
| 1 | 737 | 737 | 737.0 | 737 | 737 | 737 | 737 | 737 |

```
[     737 ..      737 ] ████████████████████████████████       1  (100.0%)
                                                      0%  100%
```

_sparkline computed from time-ordered samples_

### trace_mode_enabled

| count | min | max | mean | p50 | p90 | p95 | p99 | p999 |
|---|---|---|---|---|---|---|---|---|
| 1 | 1 | 1 | 1.0 | 1 | 1 | 1 | 1 | 1 |

```
[       1 ..        1 ] ████████████████████████████████       1  (100.0%)
                                                      0%  100%
```

_sparkline computed from time-ordered samples_

### wifi_ap_mode

| count | min | max | mean | p50 | p90 | p95 | p99 | p999 |
|---|---|---|---|---|---|---|---|---|
| 1 | 1 | 1 | 1.0 | 1 | 1 | 1 | 1 | 1 |

```
[       1 ..        1 ] ████████████████████████████████       1  (100.0%)
                                                      0%  100%
```

_sparkline computed from time-ordered samples_

### wifi_clients

| count | min | max | mean | p50 | p90 | p95 | p99 | p999 |
|---|---|---|---|---|---|---|---|---|
| 1 | 0 | 0 | 0.0 | 0 | 0 | 0 | 0 | 0 |

```
[       0 ..        0 ] ████████████████████████████████       1  (100.0%)
                                                      0%  100%
```

_sparkline computed from time-ordered samples_

### ws_client_count

| count | min | max | mean | p50 | p90 | p95 | p99 | p999 |
|---|---|---|---|---|---|---|---|---|
| 1 | 0 | 0 | 0.0 | 0 | 0 | 0 | 0 | 0 |

```
[       0 ..        0 ] ████████████████████████████████       1  (100.0%)
                                                      0%  100%
```

_sparkline computed from time-ordered samples_

### ws_clients

| count | min | max | mean | p50 | p90 | p95 | p99 | p999 |
|---|---|---|---|---|---|---|---|---|
| 1 | 0 | 0 | 0.0 | 0 | 0 | 0 | 0 | 0 |

```
[       0 ..        0 ] ████████████████████████████████       1  (100.0%)
                                                      0%  100%
```

_sparkline computed from time-ordered samples_

### ws_dispatch_count

| count | min | max | mean | p50 | p90 | p95 | p99 | p999 |
|---|---|---|---|---|---|---|---|---|
| 1 | 0 | 0 | 0.0 | 0 | 0 | 0 | 0 | 0 |

```
[       0 ..        0 ] ████████████████████████████████       1  (100.0%)
                                                      0%  100%
```

_sparkline computed from time-ordered samples_

### ws_errors

| count | min | max | mean | p50 | p90 | p95 | p99 | p999 |
|---|---|---|---|---|---|---|---|---|
| 1 | 0 | 0 | 0.0 | 0 | 0 | 0 | 0 | 0 |

```
[       0 ..        0 ] ████████████████████████████████       1  (100.0%)
                                                      0%  100%
```

_sparkline computed from time-ordered samples_

## Per-span duration statistics

### audio_snapshot_read

| count | min | max | mean | p50 | p90 | p95 | p99 | p999 |
|---|---|---|---|---|---|---|---|---|
| 136 | 280 | 869 | 556.3 | 557 | 696 | 771 | 865 | 869 |

```
[     280 ..     316.81 µs] ██▏                                    2  (  1.5%)
[    316.81 ..     353.62 µs] █▏                                     1  (  0.7%)
[    353.62 ..     390.44 µs] ██████▍                                6  (  4.4%)
[    390.44 ..     427.25 µs] ███████████▊                          11  (  8.1%)
[    427.25 ..     464.06 µs] ███████▌                               7  (  5.1%)
[    464.06 ..     500.88 µs] █████████▋                             9  (  6.6%)
[    500.88 ..     537.69 µs] ██████████████████▏                   17  ( 12.5%)
[    537.69 ..     574.50 µs] ████████████████████████████████      30  ( 22.1%)
[    574.50 ..     611.31 µs] ██████████████████████▍               21  ( 15.4%)
[    611.31 ..     648.12 µs] ███████▌                               7  (  5.1%)
[    648.12 ..     684.94 µs] ████████▌                              8  (  5.9%)
[    684.94 ..     721.75 µs] ███████▌                               7  (  5.1%)
[    721.75 ..     758.56 µs] ███▎                                   3  (  2.2%)
[    758.56 ..     795.38 µs] ██▏                                    2  (  1.5%)
[    795.38 ..     832.19 µs] ██▏                                    2  (  1.5%)
[    832.19 ..      869 µs] ███▎                                   3  (  2.2%)
                                                      0%  100%
```

### band_ratio_detect

| count | min | max | mean | p50 | p90 | p95 | p99 | p999 |
|---|---|---|---|---|---|---|---|---|
| 53 | 70 | 106 | 78.6 | 74 | 90 | 101 | 106 | 106 |

```
[      70 ..      72.25 µs] ████████████████████████████████      21  ( 39.6%)
[     72.25 ..      74.50 µs] ██████████▋                            7  ( 13.2%)
[     74.50 ..      76.75 µs] █▌                                     1  (  1.9%)
[     76.75 ..       79 µs] █▌                                     1  (  1.9%)
[      79 ..      81.25 µs] █████████▏                             6  ( 11.3%)
[     81.25 ..      83.50 µs] ██████▏                                4  (  7.5%)
[     83.50 ..      85.75 µs] █▌                                     1  (  1.9%)
[     85.75 ..       88 µs] ██████▏                                4  (  7.5%)
[      88 ..      90.25 µs] ████▋                                  3  (  5.7%)
[     90.25 ..      92.50 µs]                                        0  (  0.0%)
[     92.50 ..      94.75 µs] █▌                                     1  (  1.9%)
[     94.75 ..       97 µs]                                        0  (  0.0%)
[      97 ..      99.25 µs] █▌                                     1  (  1.9%)
[     99.25 ..     101.50 µs] █▌                                     1  (  1.9%)
[    101.50 ..     103.75 µs] █▌                                     1  (  1.9%)
[    103.75 ..      106 µs] █▌                                     1  (  1.9%)
                                                      0%  100%
```

### bps_render

| count | min | max | mean | p50 | p90 | p95 | p99 | p999 |
|---|---|---|---|---|---|---|---|---|
| 137 | 273 | 460 | 379.1 | 378 | 430 | 435 | 456 | 460 |

```
[     273 ..     284.69 µs] ██████▍                                5  (  3.6%)
[    284.69 ..     296.38 µs] █▎                                     1  (  0.7%)
[    296.38 ..     308.06 µs] █▎                                     1  (  0.7%)
[    308.06 ..     319.75 µs] ██▌                                    2  (  1.5%)
[    319.75 ..     331.44 µs] ████████████████▋                     13  (  9.5%)
[    331.44 ..     343.12 µs] ███████████▌                           9  (  6.6%)
[    343.12 ..     354.81 µs] ███▉                                   3  (  2.2%)
[    354.81 ..     366.50 µs] ████████████████▋                     13  (  9.5%)
[    366.50 ..     378.19 µs] ████████████████████████████████      25  ( 18.2%)
[    378.19 ..     389.88 µs] ████████████▊                         10  (  7.3%)
[    389.88 ..     401.56 µs] ████████████▊                         10  (  7.3%)
[    401.56 ..     413.25 µs] █████████                              7  (  5.1%)
[    413.25 ..     424.94 µs] █████████████████▉                    14  ( 10.2%)
[    424.94 ..     436.62 µs] ███████████████████████               18  ( 13.1%)
[    436.62 ..     448.31 µs] █▎                                     1  (  0.7%)
[    448.31 ..      460 µs] ██████▍                                5  (  3.6%)
                                                      0%  100%
```

### color_correction

| count | min | max | mean | p50 | p90 | p95 | p99 | p999 |
|---|---|---|---|---|---|---|---|---|
| 137 | 441 | 1255 | 827.6 | 811 | 1138 | 1170 | 1225 | 1255 |

```
[     441 ..     491.88 µs] █████▋                                 4  (  2.9%)
[    491.88 ..     542.75 µs] ███████████▏                           8  (  5.8%)
[    542.75 ..     593.62 µs] ████████████████████▉                 15  ( 10.9%)
[    593.62 ..     644.50 µs] ████████████████████████████████      23  ( 16.8%)
[    644.50 ..     695.38 µs] ███████████████████▌                  14  ( 10.2%)
[    695.38 ..     746.25 µs] ████▏                                  3  (  2.2%)
[    746.25 ..     797.12 µs] █▍                                     1  (  0.7%)
[    797.12 ..      848 µs] ████▏                                  3  (  2.2%)
[     848 ..     898.88 µs] ██▊                                    2  (  1.5%)
[    898.88 ..     949.75 µs] ████████▍                              6  (  4.4%)
[    949.75 ..    1000.62 µs] ██████████████████▏                   13  (  9.5%)
[   1000.62 ..    1051.50 µs] ████████████▌                          9  (  6.6%)
[   1051.50 ..    1102.38 µs] █████████████▉                        10  (  7.3%)
[   1102.38 ..    1153.25 µs] ███████████████████▌                  14  ( 10.2%)
[   1153.25 ..    1204.12 µs] █████████████▉                        10  (  7.3%)
[   1204.12 ..     1255 µs] ██▊                                    2  (  1.5%)
                                                      0%  100%
```

### controlbus_build

| count | min | max | mean | p50 | p90 | p95 | p99 | p999 |
|---|---|---|---|---|---|---|---|---|
| 52 | 3915 | 5250 | 4463.7 | 4385 | 4940 | 5082 | 5250 | 5250 |

```
[    3915 ..    3998.44 µs] ██████████████████████▉                5  (  9.6%)
[   3998.44 ..    4081.88 µs] █████████████▊                         3  (  5.8%)
[   4081.88 ..    4165.31 µs] ████████████████████████████████       7  ( 13.5%)
[   4165.31 ..    4248.75 µs] ██████████████████▎                    4  (  7.7%)
[   4248.75 ..    4332.19 µs] ██████████████████▎                    4  (  7.7%)
[   4332.19 ..    4415.62 µs] █████████████▊                         3  (  5.8%)
[   4415.62 ..    4499.06 µs] █████████▏                             2  (  3.8%)
[   4499.06 ..    4582.50 µs] ██████████████████▎                    4  (  7.7%)
[   4582.50 ..    4665.94 µs] █████████▏                             2  (  3.8%)
[   4665.94 ..    4749.38 µs] ██████████████████▎                    4  (  7.7%)
[   4749.38 ..    4832.81 µs] ██████████████████▎                    4  (  7.7%)
[   4832.81 ..    4916.25 µs] ██████████████████▎                    4  (  7.7%)
[   4916.25 ..    4999.69 µs] █████████████▊                         3  (  5.8%)
[   4999.69 ..    5083.12 µs] ████▋                                  1  (  1.9%)
[   5083.12 ..    5166.56 µs] ████▋                                  1  (  1.9%)
[   5166.56 ..     5250 µs] ████▋                                  1  (  1.9%)
                                                      0%  100%
```

### effect_render

| count | min | max | mean | p50 | p90 | p95 | p99 | p999 |
|---|---|---|---|---|---|---|---|---|
| 137 | 291 | 480 | 397.4 | 396 | 449 | 455 | 476 | 480 |

```
[     291 ..     302.81 µs] █████▋                                 4  (  2.9%)
[    302.81 ..     314.62 µs] ██▊                                    2  (  1.5%)
[    314.62 ..     326.44 µs] █▍                                     1  (  0.7%)
[    326.44 ..     338.25 µs] ███████                                5  (  3.6%)
[    338.25 ..     350.06 µs] ███████████▏                           8  (  5.8%)
[    350.06 ..     361.88 µs] ███████████████▎                      11  (  8.0%)
[    361.88 ..     373.69 µs] █████▋                                 4  (  2.9%)
[    373.69 ..     385.50 µs] ███████████████████▌                  14  ( 10.2%)
[    385.50 ..     397.31 µs] ████████████████████████████████      23  ( 16.8%)
[    397.31 ..     409.12 µs] ████████████████▊                     12  (  8.8%)
[    409.12 ..     420.94 µs] ████████████▌                          9  (  6.6%)
[    420.94 ..     432.75 µs] █████████▊                             7  (  5.1%)
[    432.75 ..     444.56 µs] ███████████████████████▋              17  ( 12.4%)
[    444.56 ..     456.38 µs] ███████████████████▌                  14  ( 10.2%)
[    456.38 ..     468.19 µs] █▍                                     1  (  0.7%)
[    468.19 ..      480 µs] ███████                                5  (  3.6%)
                                                      0%  100%
```

### fastled_rmt_show

| count | min | max | mean | p50 | p90 | p95 | p99 | p999 |
|---|---|---|---|---|---|---|---|---|
| 137 | 453 | 686 | 562.2 | 556 | 622 | 643 | 681 | 686 |

```
[     453 ..     467.56 µs] ██▌                                    2  (  1.5%)
[    467.56 ..     482.12 µs] █▎                                     1  (  0.7%)
[    482.12 ..     496.69 µs] ██▌                                    2  (  1.5%)
[    496.69 ..     511.25 µs] ███████▍                               6  (  4.4%)
[    511.25 ..     525.81 µs] ████████████▎                         10  (  7.3%)
[    525.81 ..     540.38 µs] ██████████████████████▏               18  ( 13.1%)
[    540.38 ..     554.94 µs] ████████████████████████████████      26  ( 19.0%)
[    554.94 ..     569.50 µs] ████████████████████████████████      26  ( 19.0%)
[    569.50 ..     584.06 µs] █████████████▌                        11  (  8.0%)
[    584.06 ..     598.62 µs] █████████▉                             8  (  5.8%)
[    598.62 ..     613.19 µs] ████████████▎                         10  (  7.3%)
[    613.19 ..     627.75 µs] ██████▏                                5  (  3.6%)
[    627.75 ..     642.31 µs] ██████▏                                5  (  3.6%)
[    642.31 ..     656.88 µs] ████▉                                  4  (  2.9%)
[    656.88 ..     671.44 µs] █▎                                     1  (  0.7%)
[    671.44 ..      686 µs] ██▌                                    2  (  1.5%)
                                                      0%  100%
```

### i2s_dma_read

| count | min | max | mean | p50 | p90 | p95 | p99 | p999 |
|---|---|---|---|---|---|---|---|---|
| 105 | 7024 | 9918 | 8343.4 | 8311 | 9207 | 9314 | 9722 | 9918 |

```
[    7024 ..    7204.88 µs] ████████████████                       7  (  6.7%)
[   7204.88 ..    7385.75 µs] ██████▉                                3  (  2.9%)
[   7385.75 ..    7566.62 µs] ████▋                                  2  (  1.9%)
[   7566.62 ..    7747.50 µs] █████████▏                             4  (  3.8%)
[   7747.50 ..    7928.38 µs] ███████████████████████████▍          12  ( 11.4%)
[   7928.38 ..    8109.25 µs] ████████████████████▋                  9  (  8.6%)
[   8109.25 ..    8290.12 µs] ████████████████████████████████      14  ( 13.3%)
[   8290.12 ..     8471 µs] ██████████████████████▉               10  (  9.5%)
[    8471 ..    8651.88 µs] █████████████████████████▏            11  ( 10.5%)
[   8651.88 ..    8832.75 µs] █████████▏                             4  (  3.8%)
[   8832.75 ..    9013.62 µs] ███████████████████████████▍          12  ( 11.4%)
[   9013.62 ..    9194.50 µs] █████████████▊                         6  (  5.7%)
[   9194.50 ..    9375.38 µs] █████████████▊                         6  (  5.7%)
[   9375.38 ..    9556.25 µs] ██████▉                                3  (  2.9%)
[   9556.25 ..    9737.12 µs] ██▎                                    1  (  1.0%)
[   9737.12 ..     9918 µs] ██▎                                    1  (  1.0%)
                                                      0%  100%
```

### onset_decision

| count | min | max | mean | p50 | p90 | p95 | p99 | p999 |
|---|---|---|---|---|---|---|---|---|
| 53 | 816 | 1467 | 963.5 | 926 | 1116 | 1227 | 1467 | 1467 |

```
[     816 ..     856.69 µs] ████████████████████████████████      17  ( 32.1%)
[    856.69 ..     897.38 µs] █████▋                                 3  (  5.7%)
[    897.38 ..     938.06 µs] █████████████▏                         7  ( 13.2%)
[    938.06 ..     978.75 µs] ███▊                                   2  (  3.8%)
[    978.75 ..    1019.44 µs] █████████▍                             5  (  9.4%)
[   1019.44 ..    1060.12 µs] ███████████████                        8  ( 15.1%)
[   1060.12 ..    1100.81 µs] ███████▌                               4  (  7.5%)
[   1100.81 ..    1141.50 µs] ███████▌                               4  (  7.5%)
[   1141.50 ..    1182.19 µs]                                        0  (  0.0%)
[   1182.19 ..    1222.88 µs]                                        0  (  0.0%)
[   1222.88 ..    1263.56 µs] █▉                                     1  (  1.9%)
[   1263.56 ..    1304.25 µs] █▉                                     1  (  1.9%)
[   1304.25 ..    1344.94 µs]                                        0  (  0.0%)
[   1344.94 ..    1385.62 µs]                                        0  (  0.0%)
[   1385.62 ..    1426.31 µs]                                        0  (  0.0%)
[   1426.31 ..     1467 µs] █▉                                     1  (  1.9%)
                                                      0%  100%
```

### onset_detect

| count | min | max | mean | p50 | p90 | p95 | p99 | p999 |
|---|---|---|---|---|---|---|---|---|
| 53 | 1716 | 2808 | 2044.9 | 1951 | 2538 | 2607 | 2808 | 2808 |

```
[    1716 ..    1784.25 µs] ████████████████████████████████      13  ( 24.5%)
[   1784.25 ..    1852.50 µs] ███████████████████▊                   8  ( 15.1%)
[   1852.50 ..    1920.75 µs] █████████▉                             4  (  7.5%)
[   1920.75 ..     1989 µs] ███████▍                               3  (  5.7%)
[    1989 ..    2057.25 µs] █████████▉                             4  (  7.5%)
[   2057.25 ..    2125.50 µs] █████████▉                             4  (  7.5%)
[   2125.50 ..    2193.75 µs] ████▉                                  2  (  3.8%)
[   2193.75 ..     2262 µs]                                        0  (  0.0%)
[    2262 ..    2330.25 µs] ███████▍                               3  (  5.7%)
[   2330.25 ..    2398.50 µs] ████▉                                  2  (  3.8%)
[   2398.50 ..    2466.75 µs] █████████▉                             4  (  7.5%)
[   2466.75 ..     2535 µs]                                        0  (  0.0%)
[    2535 ..    2603.25 µs] ███████▍                               3  (  5.7%)
[   2603.25 ..    2671.50 µs] ████▉                                  2  (  3.8%)
[   2671.50 ..    2739.75 µs]                                        0  (  0.0%)
[   2739.75 ..     2808 µs] ██▌                                    1  (  1.9%)
                                                      0%  100%
```

### onset_fft_frontend

| count | min | max | mean | p50 | p90 | p95 | p99 | p999 |
|---|---|---|---|---|---|---|---|---|
| 53 | 755 | 1323 | 928.5 | 832 | 1196 | 1286 | 1323 | 1323 |

```
[     755 ..     790.50 µs] ████████████████████████████████      17  ( 32.1%)
[    790.50 ..      826 µs] █████████████████                      9  ( 17.0%)
[     826 ..     861.50 µs] █████▋                                 3  (  5.7%)
[    861.50 ..      897 µs] █████▋                                 3  (  5.7%)
[     897 ..     932.50 µs]                                        0  (  0.0%)
[    932.50 ..      968 µs] ███▊                                   2  (  3.8%)
[     968 ..    1003.50 µs] █▉                                     1  (  1.9%)
[   1003.50 ..     1039 µs] █████▋                                 3  (  5.7%)
[    1039 ..    1074.50 µs]                                        0  (  0.0%)
[   1074.50 ..     1110 µs] █▉                                     1  (  1.9%)
[    1110 ..    1145.50 µs] ███████▌                               4  (  7.5%)
[   1145.50 ..     1181 µs] █████▋                                 3  (  5.7%)
[    1181 ..    1216.50 µs] █████▋                                 3  (  5.7%)
[   1216.50 ..     1252 µs] █▉                                     1  (  1.9%)
[    1252 ..    1287.50 µs] █▉                                     1  (  1.9%)
[   1287.50 ..     1323 µs] ███▊                                   2  (  3.8%)
                                                      0%  100%
```

### onset_flux

| count | min | max | mean | p50 | p90 | p95 | p99 | p999 |
|---|---|---|---|---|---|---|---|---|
| 53 | 741 | 1384 | 873.7 | 829 | 1035 | 1085 | 1384 | 1384 |

```
[     741 ..     781.19 µs] ████████████████████████████████      17  ( 32.1%)
[    781.19 ..     821.38 µs] █████████████████                      9  ( 17.0%)
[    821.38 ..     861.56 µs] █████▋                                 3  (  5.7%)
[    861.56 ..     901.75 µs] ███▊                                   2  (  3.8%)
[    901.75 ..     941.94 µs] ███████▌                               4  (  7.5%)
[    941.94 ..     982.12 µs] ██████████████████████▋               12  ( 22.6%)
[    982.12 ..    1022.31 µs]                                        0  (  0.0%)
[   1022.31 ..    1062.50 µs] █████▋                                 3  (  5.7%)
[   1062.50 ..    1102.69 µs] █▉                                     1  (  1.9%)
[   1102.69 ..    1142.88 µs]                                        0  (  0.0%)
[   1142.88 ..    1183.06 µs]                                        0  (  0.0%)
[   1183.06 ..    1223.25 µs]                                        0  (  0.0%)
[   1223.25 ..    1263.44 µs] █▉                                     1  (  1.9%)
[   1263.44 ..    1303.62 µs]                                        0  (  0.0%)
[   1303.62 ..    1343.81 µs]                                        0  (  0.0%)
[   1343.81 ..     1384 µs] █▉                                     1  (  1.9%)
                                                      0%  100%
```

### pre_show_yield

| count | min | max | mean | p50 | p90 | p95 | p99 | p999 |
|---|---|---|---|---|---|---|---|---|
| 136 | 12 | 31 | 14.7 | 14 | 17 | 19 | 21 | 31 |

```
[      12 ..      13.19 µs] ████████████████████████████████      50  ( 36.8%)
[     13.19 ..      14.38 µs] ███████████████▍                      24  ( 17.6%)
[     14.38 ..      15.56 µs] ████████████████                      25  ( 18.4%)
[     15.56 ..      16.75 µs] █████████▋                            15  ( 11.0%)
[     16.75 ..      17.94 µs] ███████▋                              12  (  8.8%)
[     17.94 ..      19.12 µs] ████▌                                  7  (  5.1%)
[     19.12 ..      20.31 µs] ▋                                      1  (  0.7%)
[     20.31 ..      21.50 µs] ▋                                      1  (  0.7%)
[     21.50 ..      22.69 µs]                                        0  (  0.0%)
[     22.69 ..      23.88 µs]                                        0  (  0.0%)
[     23.88 ..      25.06 µs]                                        0  (  0.0%)
[     25.06 ..      26.25 µs]                                        0  (  0.0%)
[     26.25 ..      27.44 µs]                                        0  (  0.0%)
[     27.44 ..      28.62 µs]                                        0  (  0.0%)
[     28.62 ..      29.81 µs]                                        0  (  0.0%)
[     29.81 ..       31 µs] ▋                                      1  (  0.7%)
                                                      0%  100%
```

### render_frame

| count | min | max | mean | p50 | p90 | p95 | p99 | p999 |
|---|---|---|---|---|---|---|---|---|
| 137 | 1025 | 1946 | 1501.9 | 1512 | 1747 | 1876 | 1921 | 1946 |

```
[    1025 ..    1082.56 µs] ████▍                                  3  (  2.2%)
[   1082.56 ..    1140.12 µs] █▌                                     1  (  0.7%)
[   1140.12 ..    1197.69 µs] ████▍                                  3  (  2.2%)
[   1197.69 ..    1255.25 µs] ███████████▋                           8  (  5.8%)
[   1255.25 ..    1312.81 µs] ███████████▋                           8  (  5.8%)
[   1312.81 ..    1370.38 µs] ████████████████                      11  (  8.0%)
[   1370.38 ..    1427.94 µs] ██████████████▌                       10  (  7.3%)
[   1427.94 ..    1485.50 µs] ████████████████████████▊             17  ( 12.4%)
[   1485.50 ..    1543.06 µs] ████████████████████████████████      22  ( 16.1%)
[   1543.06 ..    1600.62 µs] ███████████████████████████▋          19  ( 13.9%)
[   1600.62 ..    1658.19 µs] ████████████████                      11  (  8.0%)
[   1658.19 ..    1715.75 µs] ███████▎                               5  (  3.6%)
[   1715.75 ..    1773.31 µs] ████████▊                              6  (  4.4%)
[   1773.31 ..    1830.88 µs] ██▉                                    2  (  1.5%)
[   1830.88 ..    1888.44 µs] ███████▎                               5  (  3.6%)
[   1888.44 ..     1946 µs] ████████▊                              6  (  4.4%)
                                                      0%  100%
```

### show_leds

| count | min | max | mean | p50 | p90 | p95 | p99 | p999 |
|---|---|---|---|---|---|---|---|---|
| 137 | 626 | 960 | 787.9 | 792 | 873 | 900 | 938 | 960 |

```
[     626 ..     646.88 µs] ████▊                                  3  (  2.2%)
[    646.88 ..     667.75 µs] ██████▍                                4  (  2.9%)
[    667.75 ..     688.62 µs] ████▊                                  3  (  2.2%)
[    688.62 ..     709.50 µs] ████████████▊                          8  (  5.8%)
[    709.50 ..     730.38 µs] ████████████████                      10  (  7.3%)
[    730.38 ..     751.25 µs] █████████████████▋                    11  (  8.0%)
[    751.25 ..     772.12 µs] █████████████████████████▋            16  ( 11.7%)
[    772.12 ..      793 µs] ████████████████████████              15  ( 10.9%)
[     793 ..     813.88 µs] █████████████████████████▋            16  ( 11.7%)
[    813.88 ..     834.75 µs] ████████████████████████████████      20  ( 14.6%)
[    834.75 ..     855.62 µs] █████████████████▋                    11  (  8.0%)
[    855.62 ..     876.50 µs] ███████████▎                           7  (  5.1%)
[    876.50 ..     897.38 µs] ██████▍                                4  (  2.9%)
[    897.38 ..     918.25 µs] █████████▋                             6  (  4.4%)
[    918.25 ..     939.12 µs] ███▎                                   2  (  1.5%)
[    939.12 ..      960 µs] █▋                                     1  (  0.7%)
                                                      0%  100%
```

### snapshot_publish

| count | min | max | mean | p50 | p90 | p95 | p99 | p999 |
|---|---|---|---|---|---|---|---|---|
| 52 | 88 | 288 | 127.3 | 111 | 189 | 221 | 288 | 288 |

```
[      88 ..     100.50 µs] ████████████████████████████████      20  ( 38.5%)
[    100.50 ..      113 µs] ███████████▎                           7  ( 13.5%)
[     113 ..     125.50 µs] █████████████████▋                    11  ( 21.2%)
[    125.50 ..      138 µs] █▋                                     1  (  1.9%)
[     138 ..     150.50 µs] ███▎                                   2  (  3.8%)
[    150.50 ..      163 µs]                                        0  (  0.0%)
[     163 ..     175.50 µs] ████▊                                  3  (  5.8%)
[    175.50 ..      188 µs] █▋                                     1  (  1.9%)
[     188 ..     200.50 µs] ████▊                                  3  (  5.8%)
[    200.50 ..      213 µs] █▋                                     1  (  1.9%)
[     213 ..     225.50 µs] █▋                                     1  (  1.9%)
[    225.50 ..      238 µs]                                        0  (  0.0%)
[     238 ..     250.50 µs]                                        0  (  0.0%)
[    250.50 ..      263 µs]                                        0  (  0.0%)
[     263 ..     275.50 µs] █▋                                     1  (  1.9%)
[    275.50 ..      288 µs] █▋                                     1  (  1.9%)
                                                      0%  100%
```

## Instant frequency

| Name | Count | First ts (µs) | Last ts (µs) | Mean interarrival (µs) |
|---|---|---|---|---|
| BR_HIHAT | 2 | 197849762 | 198918829 | 1069067 |
| BR_KICK | 5 | 197945546 | 198918821 | 243319 |
| BR_SNARE | 3 | 197849755 | 198895309 | 522777 |
| ONSET_EVENT | 5 | 198151457 | 199009090 | 214408 |
| ONSET_HIHAT | 3 | 197872688 | 198918704 | 523008 |
| ONSET_KICK | 5 | 197896568 | 198918697 | 255532 |
| ONSET_SNARE | 3 | 197849656 | 198849580 | 499962 |
| bps_beat_unchanged | 2 | 197956793 | 198491854 | 535061 |
| bps_kick_fired | 13 | 197947737 | 198936797 | 82422 |
| bps_sprite_spawn | 13 | 197947762 | 198936816 | 82421 |
| render_frame_deadline_miss | 136 | 197803521 | 199006145 | 8908 |

---
_Tool: analyse_trace v1.0 | Input: `/Users/spectrasynq/Workspace_Management/Software/Lightwave-Ledstrip/firmware-v3/docs/research/phase1b_runtime_evidence_2026-04-27/reboot_clean_rerun/traces/tool_heavy_effect.json`_

STDERR:
